******************************************************************************
               TMS320C6x Linker PC v7.4.8                      
******************************************************************************
>> Linked Fri Feb 20 08:55:36 2015

OUTPUT FILE NAME:   <return_time_stamper.out>
ENTRY POINT SYMBOL: "_c_int00"  address: 0000b900


MEMORY CONFIGURATION

         name            origin    length      used     unused   attr    fill
----------------------  --------  ---------  --------  --------  ----  --------
  VECS                  00000000   00000200  00000200  00000000  RWIX
  IRAM                  00000200   0002fe00  00012448  0001d9b8  RWIX
  L2RAM                 00030000   00010000  00000000  00010000  RWIX
  EMIFCE0               80000000   10000000  00000000  10000000  RWIX
  EMIFCE1               90000000   10000000  00000000  10000000  RWIX
  EMIFCE2               a0000000   10000000  00000000  10000000  RWIX
  EMIFCE3               b0000000   10000000  00000000  10000000  RWIX


SECTION ALLOCATION MAP

 output                                  attributes/
section   page    origin      length       input sections
--------  ----  ----------  ----------   ----------------
vectors    0    00000000    00000200     
                  00000000    00000200     vectors.obj (vectors)

.pinit     0    00000200    00000000     UNINITIALIZED

.text      0    00000200    0000bba0     
                  00000200    00001420     time_stamper.obj (.text)
                  00001620    000007c0     time_stamper.obj (.text:retain)
                  00001de0    00000720     rts6700.lib : divd.obj (.text:__divd)
                  00002500    000006c0                 : _printfi.obj (.text:__getarg_diouxp)
                  00002bc0    00000640                 : _printfi.obj (.text:__setfield)
                  00003200    00000560                 : _printfi.obj (.text:__printfi)
                  00003760    000004c0                 : fputs.obj (.text:_fputs)
                  00003c20    00000480     dsk6713bsl.lib : dsk6713.obj (.text)
                  000040a0    00000420     rts6700.lib : _printfi.obj (.text:_fcvt)
                  000044c0    00000400                 : _printfi.obj (.text:__pproc_fge)
                  000048c0    00000400                 : _printfi.obj (.text:_ecvt)
                  00004cc0    00000380                 : imath64.obj (.text:__divull)
                  00005040    00000380                 : memory.obj (.text:_free)
                  000053c0    00000360                 : _printfi.obj (.text:__pconv_e)
                  00005720    00000360                 : _printfi.obj (.text:__pproc_fwp)
                  00005a80    00000340                 : cos.obj (.text:_cos)
                  00005dc0    00000300                 : _printfi.obj (.text:__pproc_diouxp)
                  000060c0    00000300     dsk6713bsl.lib : dsk6713_aic23_opencodec.obj (.text)
                  000063c0    000002e0     rts6700.lib : sin.obj (.text:_sin)
                  000066a0    000002c0                 : _printfi.obj (.text:__pproc_str)
                  00006960    000002c0                 : setvbuf.obj (.text:_setvbuf)
                  00006c20    000002a0                 : _printfi.obj (.text:__pconv_g)
                  00006ec0    000002a0                 : fputc.obj (.text:_fputc)
                  00007160    00000260                 : imath40.obj (.text:__divul)
                  000073c0    00000240                 : _printfi.obj (.text:__mcpy)
                  00007600    00000240                 : atan.obj (.text:_atan)
                  00007840    00000240                 : memory.obj (.text:_malloc)
                  00007a80    00000240                 : memcpy62.obj (.text:_memcpy)
                  00007cc0    00000220                 : trgdrv.obj (.text:_HOSTrename)
                  00007ee0    000001e0                 : lowlev.obj (.text:_getdevice)
                  000080c0    000001e0     dsk6713bsl.lib : dsk6713_led.obj (.text)
                  000082a0    000001c0     csl6713.lib : csl_irq.obj (.text:_IRQ_map)
                  00008460    000001c0     rts6700.lib : fseek.obj (.text:_fseek)
                  00008620    000001a0     csl6713.lib : csl_mcbsp.obj (.text:_MCBSP_reset)
                  000087c0    000001a0     rts6700.lib : _printfi.obj (.text:__ltostr)
                  00008960    000001a0                 : _printfi.obj (.text:__pproc_fflags)
                  00008b00    000001a0                 : atan2.obj (.text:_atan2)
                  00008ca0    00000160                 : trgdrv.obj (.text:_HOSTlseek)
                  00008e00    00000160                 : fclose.obj (.text:__closefile)
                  00008f60    00000140                 : trgdrv.obj (.text:_HOSTread)
                  000090a0    00000140                 : frcmpyd_div.obj (.text:__frcmpyd_div)
                  000091e0    00000140                 : atoi.obj (.text:_atoi)
                  00009320    00000140                 : ltoa.obj (.text:_ltoa)
                  00009460    00000140     dsk6713bsl.lib : dsk6713_aic23_registers.obj (.text)
                  000095a0    00000120     rts6700.lib : trgdrv.obj (.text:_HOSTopen)
                  000096c0    00000120                 : trgdrv.obj (.text:_HOSTwrite)
                  000097e0    00000120                 : _io_perm.obj (.text:__wrt_ok)
                  00009900    00000120                 : lowlev.obj (.text:_close)
                  00009a20    00000120                 : frexp.obj (.text:_frexp)
                  00009b40    00000120                 : memset.obj (.text:_memset)
                  00009c60    00000100                 : trgdrv.obj (.text:_HOSTclose)
                  00009d60    00000100                 : trgdrv.obj (.text:_HOSTunlink)
                  00009e60    00000100     csl6713.lib : csl_mcbsp.obj (.text:_MCBSP_open)
                  00009f60    00000100                 : csl_mcbsp.obj (.text:_MCBSP_start)
                  0000a060    00000100     rts6700.lib : autoinit.obj (.text:__auto_init)
                  0000a160    00000100                 : _printfi.obj (.text:__div)
                  0000a260    00000100                 : imath40.obj (.text:__divli)
                  0000a360    00000100                 : _printfi.obj (.text:__pconv_f)
                  0000a460    00000100                 : lowlev.obj (.text:_lseek)
                  0000a560    00000100                 : printf.obj (.text:_printf)
                  0000a660    00000100                 : lowlev.obj (.text:_write)
                  0000a760    000000e0                 : fopen.obj (.text:__cleanup)
                  0000a840    000000e0                 : fflush.obj (.text:__doflush)
                  0000a920    000000e0                 : _printfi.obj (.text:__ecpy)
                  0000aa00    000000e0                 : _printfi.obj (.text:__fcpy)
                  0000aae0    000000e0                 : round.obj (.text:__nround)
                  0000abc0    000000e0                 : strasg.obj (.text:__strasg)
                  0000aca0    000000e0                 : exit.obj (.text:_exit)
                  0000ad80    000000e0                 : memory.obj (.text:_minsert)
                  0000ae60    000000e0                 : modf.obj (.text:_modf)
                  0000af40    000000e0                 : memory.obj (.text:_mremove)
                  0000b020    000000c0                 : divu.obj (.text:__divu)
                  0000b0e0    000000c0                 : cpy_tbl.obj (.text:_copy_in)
                  0000b1a0    000000c0                 : lowlev.obj (.text:_finddevice)
                  0000b260    000000c0     dsk6713bsl.lib : dsk6713_aic23_setfreq.obj (.text)
                  0000b320    000000a0     rts6700.lib : fixdli.obj (.text:__fixdli)
                  0000b3c0    000000a0                 : mpyll.obj (.text:__mpyll)
                  0000b460    000000a0                 : imath40.obj (.text:__remli)
                  0000b500    000000a0                 : trgmsg.obj (.text:_readmsg)
                  0000b5a0    000000a0     csl6713.lib : csl_irq.obj (.text:_setMux)
                  0000b640    000000a0     rts6700.lib : lowlev.obj (.text:_unlink)
                  0000b6e0    000000a0                 : trgmsg.obj (.text:_writemsg)
                  0000b780    00000080                 : cpp_init.obj (.text:___TI_cpp_init)
                  0000b800    00000080                 : fltlid.obj (.text:__fltlid)
                  0000b880    00000080                 : llshift.obj (.text:__llshl)
                  0000b900    00000080                 : boot.obj (.text:_c_int00)
                  0000b980    00000080                 : memccpy.obj (.text:_memccpy)
                  0000ba00    00000060                 : isinf.obj (.text:___isinf)
                  0000ba60    00000060                 : llshift.obj (.text:__llshru)
                  0000bac0    00000060                 : imath64.obj (.text:__subcull)
                  0000bb20    00000040     csl6713.lib : csl_irq.obj (.text:_IRQ_enable)
                  0000bb60    00000040     rts6700.lib : _printfi.obj (.text:___isnan)
                  0000bba0    00000040                 : args_main.obj (.text:__args_main)
                  0000bbe0    00000040                 : trunc.obj (.text:__trunc)
                  0000bc20    00000020     csl6713.lib : csl_irq.obj (.text:_IRQ_globalDisable)
                  0000bc40    00000020                 : csl_irq.obj (.text:_IRQ_globalEnable)
                  0000bc60    00000020                 : csl_irq.obj (.text:_IRQ_nmiEnable)
                  0000bc80    00000020                 : csl_mcbsp.obj (.text:_MCBSP_read)
                  0000bca0    00000020                 : csl_mcbsp.obj (.text:_MCBSP_write)
                  0000bcc0    00000020     rts6700.lib : negll.obj (.text:__negll)
                  0000bce0    00000020                 : _lock.obj (.text:__nop)
                  0000bd00    00000020                 : printf.obj (.text:__outc)
                  0000bd20    00000020                 : printf.obj (.text:__outs)
                  0000bd40    00000020                 : exit.obj (.text:_abort)
                  0000bd60    00000020                 : remove.obj (.text:_remove)
                  0000bd80    00000020     csl6713.lib : csl_irq.obj (.text)

.bss       0    00000200    00000000     UNINITIALIZED

.data      0    00000200    00000000     UNINITIALIZED

.far       0    0000bda0    000058a4     UNINITIALIZED
                  0000bda0    000051d8     time_stamper.obj (.far)
                  00010f78    00000324     rts6700.lib : defs.obj (.far)
                  0001129c    0000011c                 : lowlev.obj (.far)
                  000113b8    000000f4     csl6713.lib : csl_irq.obj (.far)
                  000114ac    00000004     rts6700.lib : errno.obj (.far)
                  000114b0    00000060                 : atan.obj (.far)
                  00011510    00000040                 : cos.obj (.far)
                  00011550    00000040                 : sin.obj (.far)
                  00011590    00000038     csl6713.lib : csl_mcbsp.obj (.far)
                  000115c8    00000028     dsk6713bsl.lib : dsk6713_aic23_registers.obj (.far)
                  000115f0    00000020                    : dsk6713_aic23_setfreq.obj (.far)
                  00011610    0000000c     rts6700.lib : exit.obj (.far)
                  0001161c    00000008     dsk6713bsl.lib : dsk6713_aic23_opencodec.obj (.far)
                  00011624    00000008     rts6700.lib : _lock.obj (.far)
                  0001162c    00000008                 : memory.obj (.far)
                  00011634    00000008                 : trgdrv.obj (.far)
                  0001163c    00000004                 : fopen.obj (.far)
                  00011640    00000002     dsk6713bsl.lib : dsk6713.obj (.far)
                  00011642    00000002                    : dsk6713_led.obj (.far)

.cinit     0    00011648    00000554     
                  00011648    0000012c     csl6713.lib : csl_irq.obj (.cinit)
                  00011774    00000004     --HOLE-- [fill = 0]
                  00011778    00000110     time_stamper.obj (.cinit)
                  00011888    00000070     rts6700.lib : atan.obj (.cinit)
                  000118f8    0000005c                 : defs.obj (.cinit)
                  00011954    00000004     --HOLE-- [fill = 0]
                  00011958    0000005c                 : lowlev.obj (.cinit)
                  000119b4    00000004     --HOLE-- [fill = 0]
                  000119b8    00000054     csl6713.lib : csl_mcbsp.obj (.cinit)
                  00011a0c    00000004     --HOLE-- [fill = 0]
                  00011a10    00000048     rts6700.lib : cos.obj (.cinit)
                  00011a58    00000048                 : sin.obj (.cinit)
                  00011aa0    00000030     dsk6713bsl.lib : dsk6713_aic23_registers.obj (.cinit)
                  00011ad0    0000002c     rts6700.lib : exit.obj (.cinit)
                  00011afc    00000004     --HOLE-- [fill = 0]
                  00011b00    0000002c                 : memory.obj (.cinit)
                  00011b2c    00000004     --HOLE-- [fill = 0]
                  00011b30    00000028     dsk6713bsl.lib : dsk6713_aic23_setfreq.obj (.cinit)
                  00011b58    0000001c     rts6700.lib : _lock.obj (.cinit)
                  00011b74    00000004     --HOLE-- [fill = 0]
                  00011b78    0000000c                 : errno.obj (.cinit)
                  00011b84    00000004     --HOLE-- [fill = 0]
                  00011b88    0000000c                 : fopen.obj (.cinit)
                  00011b94    00000004     --HOLE-- [fill = 0]
                  00011b98    00000004     (.pad.cinit) [fill = 0]

.stack     0    00011ba0    00000400     UNINITIALIZED
                  00011ba0    00000008     rts6700.lib : boot.obj (.stack)
                  00011ba8    000003f8     --HOLE--

.sysmem    0    00011fa0    00000400     UNINITIALIZED
                  00011fa0    00000008     rts6700.lib : memory.obj (.sysmem)
                  00011fa8    000003f8     --HOLE--

.const     0    000123a0    00000190     
                  000123a0    00000101     rts6700.lib : ctype.obj (.const:.string:__ctypes_)
                  000124a1    00000002                 : fputs.obj (.const:.string)
                  000124a3    00000001     --HOLE-- [fill = 0]
                  000124a4    00000040     dsk6713bsl.lib : dsk6713_aic23_opencodec.obj (.const)
                  000124e4    00000023     rts6700.lib : _printfi.obj (.const:.string)
                  00012507    00000001     --HOLE-- [fill = 0]
                  00012508    00000020     dsk6713bsl.lib : dsk6713.obj (.const)
                  00012528    00000008     time_stamper.obj (.const:.string)

.cio       0    00012530    00000120     UNINITIALIZED
                  00012530    00000120     rts6700.lib : trgmsg.obj (.cio)


GLOBAL SYMBOLS: SORTED ALPHABETICALLY BY Name 

address    name
--------   ----
00000200   $bss
00000200   .bss
00000200   .data
00000200   .text
0000bd40   C$$EXIT
0000b758   C$$IO$$
0001161c   _DSK6713_AIC23_codeccontrolhandle
00011620   _DSK6713_AIC23_codecdatahandle
00009520   _DSK6713_AIC23_config
000060c0   _DSK6713_AIC23_openCodec
000094f8   _DSK6713_AIC23_rget
00009460   _DSK6713_AIC23_rset
0000b260   _DSK6713_AIC23_setFreq
000080c0   _DSK6713_LED_init
00008100   _DSK6713_LED_off
00008170   _DSK6713_LED_on
000081e0   _DSK6713_LED_toggle
00004034   _DSK6713_getVersion
00003c6c   _DSK6713_init
00003f88   _DSK6713_rget
00003f9c   _DSK6713_rset
00011640   _DSK6713_version
00003fb0   _DSK6713_wait
00004008   _DSK6713_waitusec
00009c60   _HOSTclose
00008ca0   _HOSTlseek
000095a0   _HOSTopen
00008f60   _HOSTread
00007cc0   _HOSTrename
00009d60   _HOSTunlink
000096c0   _HOSTwrite
00010f4a   _HighSample
0000bb20   _IRQ_enable
0000bc20   _IRQ_globalDisable
0000bc40   _IRQ_globalEnable
000082a0   _IRQ_map
0000bc60   _IRQ_nmiEnable
00009e60   _MCBSP_open
0000bc80   _MCBSP_read
00008620   _MCBSP_reset
00009f60   _MCBSP_start
0000bca0   _MCBSP_write
00012530   __CIOBUF_
000114a4   __IRQ_dispatchTable
000113e0   __IRQ_eventTable
0000bd80   __IRQ_hookFetchPacket
00011464   __IRQ_intTable
000115c0   __MCBSP_hDev0
000115c4   __MCBSP_hDev1
00011fa0   __STACK_END
00000400   __STACK_SIZE
00000400   __SYSMEM_SIZE
00000001   __TI_args_main
0000b780   ___TI_cpp_init
00011618   ___TI_enable_exit_profile_output
ffffffff   ___TI_pprof_out_hndl
ffffffff   ___TI_prof_data_size
ffffffff   ___TI_prof_data_start
ffffffff   ___binit__
00000200   ___bss__
ffffffff   ___c_args__
00011648   ___cinit__
00000200   ___data__
00000200   ___edata__
00000200   ___end__
0000bda0   ___etext__
0000ba00   ___isinf
ffffffff   ___pinit__
00000200   ___text__
0000bba0   __args_main
0000a060   __auto_init
0000b020   __c6xabi_divu
0000a760   __cleanup
00011610   __cleanup_ptr
00008e00   __closefile
000123a0   __ctypes_
00001de0   __divd
0000a260   __divli
0000b020   __divu
00007160   __divul
00004cc0   __divull
0000a840   __doflush
00011614   __dtors_ptr
0000b320   __fixdli
0000b800   __fltlid
000090a0   __frcmpyd_div
00011298   __ft_end
00010f78   __ftable
0000b880   __llshl
0000ba60   __llshru
00011624   __lock
0000b3c0   __mpyll
0000bcc0   __negll
0000bce0   __nop
0000aae0   __nround
00003200   __printfi
0000b460   __remli
00011ba0   __stack
0000abc0   __strasg
0000bac0   __subcull
00011fa0   __sys_memory
00011158   __tmpnams
0000bbe0   __trunc
00011628   __unlock
000097e0   __wrt_ok
0000bd40   _abort
00010f48   _amSending
00007600   _atan
00008b00   _atan2
000091e0   _atoi
0000c378   _bbsinc
0000bda0   _buf
0000c34e   _bufindex
0000b900   _c_int00
0001075c   _cde_index
00009900   _close
00010630   _coarse_delay_estimate
00010f50   _config
0000b0e0   _copy_in
0000bf8c   _corr_c
0000bf80   _corr_max
0000bf88   _corr_max_c
0000c34c   _corr_max_lag
0000bf84   _corr_max_s
0000c0cc   _corr_s
00005a80   _cos
000114ac   _errno
0000aca0   _exit
00010694   _fine_delay_estimate
00006ec0   _fputc
00003760   _fputs
00005040   _free
00009a20   _frexp
00008460   _fseek
00010f4c   _hCodec
0001076c   _halfSinc
0000c35c   _i
0000c35e   _j
0001075e   _local_carrier_phase
0000a460   _lseek
00009320   _ltoa
00000200   _main
00007840   _malloc
00010768   _max_samp
0000b980   _memccpy
00007a80   _memcpy
00009b40   _memset
0000be40   _mfc
0000bee0   _mfs
0000ae60   _modf
00010770   _outputBuf
00010760   _phase_correction_factor
0000a560   _printf
00006ec0   _putc
0001075f   _r
0000b500   _readmsg
0000d31c   _recbuf
0001062c   _recbuf_start_clock
000105bc   _recbufindex
0000bd60   _remove
00010f44   _response_buf_idx
00010f46   _response_buf_idx_max
00010f42   _response_done
0000c20c   _s
00001620   _serialPortRcvISR
00006960   _setvbuf
000063c0   _sin
000105c0   _state
0000c360   _t
0000b640   _unlink
000105c4   _vclock_counter
000105c8   _vir_clock_history
0001076a   _vir_clock_start
0000a660   _write
0000b6e0   _writemsg
0000c368   _x
0000c370   _y
0000e3fc   _yc
0000f4dc   _ys
0000c358   _z
0000c350   _zc
0000c354   _zs
ffffffff   binit
00011648   cinit
00000200   edata
00000200   end
0000bda0   etext
ffffffff   pinit


GLOBAL SYMBOLS: SORTED BY Symbol Address 

address    name
--------   ----
00000001   __TI_args_main
00000200   $bss
00000200   .bss
00000200   .data
00000200   .text
00000200   ___bss__
00000200   ___data__
00000200   ___edata__
00000200   ___end__
00000200   ___text__
00000200   _main
00000200   edata
00000200   end
00000400   __STACK_SIZE
00000400   __SYSMEM_SIZE
00001620   _serialPortRcvISR
00001de0   __divd
00003200   __printfi
00003760   _fputs
00003c6c   _DSK6713_init
00003f88   _DSK6713_rget
00003f9c   _DSK6713_rset
00003fb0   _DSK6713_wait
00004008   _DSK6713_waitusec
00004034   _DSK6713_getVersion
00004cc0   __divull
00005040   _free
00005a80   _cos
000060c0   _DSK6713_AIC23_openCodec
000063c0   _sin
00006960   _setvbuf
00006ec0   _fputc
00006ec0   _putc
00007160   __divul
00007600   _atan
00007840   _malloc
00007a80   _memcpy
00007cc0   _HOSTrename
000080c0   _DSK6713_LED_init
00008100   _DSK6713_LED_off
00008170   _DSK6713_LED_on
000081e0   _DSK6713_LED_toggle
000082a0   _IRQ_map
00008460   _fseek
00008620   _MCBSP_reset
00008b00   _atan2
00008ca0   _HOSTlseek
00008e00   __closefile
00008f60   _HOSTread
000090a0   __frcmpyd_div
000091e0   _atoi
00009320   _ltoa
00009460   _DSK6713_AIC23_rset
000094f8   _DSK6713_AIC23_rget
00009520   _DSK6713_AIC23_config
000095a0   _HOSTopen
000096c0   _HOSTwrite
000097e0   __wrt_ok
00009900   _close
00009a20   _frexp
00009b40   _memset
00009c60   _HOSTclose
00009d60   _HOSTunlink
00009e60   _MCBSP_open
00009f60   _MCBSP_start
0000a060   __auto_init
0000a260   __divli
0000a460   _lseek
0000a560   _printf
0000a660   _write
0000a760   __cleanup
0000a840   __doflush
0000aae0   __nround
0000abc0   __strasg
0000aca0   _exit
0000ae60   _modf
0000b020   __c6xabi_divu
0000b020   __divu
0000b0e0   _copy_in
0000b260   _DSK6713_AIC23_setFreq
0000b320   __fixdli
0000b3c0   __mpyll
0000b460   __remli
0000b500   _readmsg
0000b640   _unlink
0000b6e0   _writemsg
0000b758   C$$IO$$
0000b780   ___TI_cpp_init
0000b800   __fltlid
0000b880   __llshl
0000b900   _c_int00
0000b980   _memccpy
0000ba00   ___isinf
0000ba60   __llshru
0000bac0   __subcull
0000bb20   _IRQ_enable
0000bba0   __args_main
0000bbe0   __trunc
0000bc20   _IRQ_globalDisable
0000bc40   _IRQ_globalEnable
0000bc60   _IRQ_nmiEnable
0000bc80   _MCBSP_read
0000bca0   _MCBSP_write
0000bcc0   __negll
0000bce0   __nop
0000bd40   C$$EXIT
0000bd40   _abort
0000bd60   _remove
0000bd80   __IRQ_hookFetchPacket
0000bda0   ___etext__
0000bda0   _buf
0000bda0   etext
0000be40   _mfc
0000bee0   _mfs
0000bf80   _corr_max
0000bf84   _corr_max_s
0000bf88   _corr_max_c
0000bf8c   _corr_c
0000c0cc   _corr_s
0000c20c   _s
0000c34c   _corr_max_lag
0000c34e   _bufindex
0000c350   _zc
0000c354   _zs
0000c358   _z
0000c35c   _i
0000c35e   _j
0000c360   _t
0000c368   _x
0000c370   _y
0000c378   _bbsinc
0000d31c   _recbuf
0000e3fc   _yc
0000f4dc   _ys
000105bc   _recbufindex
000105c0   _state
000105c4   _vclock_counter
000105c8   _vir_clock_history
0001062c   _recbuf_start_clock
00010630   _coarse_delay_estimate
00010694   _fine_delay_estimate
0001075c   _cde_index
0001075e   _local_carrier_phase
0001075f   _r
00010760   _phase_correction_factor
00010768   _max_samp
0001076a   _vir_clock_start
0001076c   _halfSinc
00010770   _outputBuf
00010f42   _response_done
00010f44   _response_buf_idx
00010f46   _response_buf_idx_max
00010f48   _amSending
00010f4a   _HighSample
00010f4c   _hCodec
00010f50   _config
00010f78   __ftable
00011158   __tmpnams
00011298   __ft_end
000113e0   __IRQ_eventTable
00011464   __IRQ_intTable
000114a4   __IRQ_dispatchTable
000114ac   _errno
000115c0   __MCBSP_hDev0
000115c4   __MCBSP_hDev1
00011610   __cleanup_ptr
00011614   __dtors_ptr
00011618   ___TI_enable_exit_profile_output
0001161c   _DSK6713_AIC23_codeccontrolhandle
00011620   _DSK6713_AIC23_codecdatahandle
00011624   __lock
00011628   __unlock
00011640   _DSK6713_version
00011648   ___cinit__
00011648   cinit
00011ba0   __stack
00011fa0   __STACK_END
00011fa0   __sys_memory
000123a0   __ctypes_
00012530   __CIOBUF_
ffffffff   ___TI_pprof_out_hndl
ffffffff   ___TI_prof_data_size
ffffffff   ___TI_prof_data_start
ffffffff   ___binit__
ffffffff   ___c_args__
ffffffff   ___pinit__
ffffffff   binit
ffffffff   pinit

[188 symbols]
