******************************************************************************
               TMS320C6x Linker PC v7.4.8                      
******************************************************************************
>> Linked Thu Feb 12 11:31:09 2015

OUTPUT FILE NAME:   <return_time_stamper.out>
ENTRY POINT SYMBOL: "_c_int00"  address: 0000b840


MEMORY CONFIGURATION

         name            origin    length      used     unused   attr    fill
----------------------  --------  ---------  --------  --------  ----  --------
  VECS                  00000000   00000200  00000200  00000000  RWIX
  IRAM                  00000200   0002fe00  00012310  0001daf0  RWIX
  L2RAM                 00030000   00010000  00000000  00010000  RWIX
  EMIFCE0               80000000   10000000  00000000  10000000  RWIX
  EMIFCE1               90000000   10000000  00000000  10000000  RWIX
  EMIFCE2               a0000000   10000000  00000000  10000000  RWIX
  EMIFCE3               b0000000   10000000  00000000  10000000  RWIX


SECTION ALLOCATION MAP

 output                                  attributes/
section   page    origin      length       input sections
--------  ----  ----------  ----------   ----------------
vectors    0    00000000    00000200     
                  00000000    00000200     vectors.obj (vectors)

.pinit     0    00000200    00000000     UNINITIALIZED

.text      0    00000200    0000bae0     
                  00000200    00001320     time_stamper.obj (.text)
                  00001520    00000800     time_stamper.obj (.text:retain)
                  00001d20    00000720     rts6700.lib : divd.obj (.text:__divd)
                  00002440    000006c0                 : _printfi.obj (.text:__getarg_diouxp)
                  00002b00    00000640                 : _printfi.obj (.text:__setfield)
                  00003140    00000560                 : _printfi.obj (.text:__printfi)
                  000036a0    000004c0                 : fputs.obj (.text:_fputs)
                  00003b60    00000480     dsk6713bsl.lib : dsk6713.obj (.text)
                  00003fe0    00000420     rts6700.lib : _printfi.obj (.text:_fcvt)
                  00004400    00000400                 : _printfi.obj (.text:__pproc_fge)
                  00004800    00000400                 : _printfi.obj (.text:_ecvt)
                  00004c00    00000380                 : imath64.obj (.text:__divull)
                  00004f80    00000380                 : memory.obj (.text:_free)
                  00005300    00000360                 : _printfi.obj (.text:__pconv_e)
                  00005660    00000360                 : _printfi.obj (.text:__pproc_fwp)
                  000059c0    00000340                 : cos.obj (.text:_cos)
                  00005d00    00000300                 : _printfi.obj (.text:__pproc_diouxp)
                  00006000    00000300     dsk6713bsl.lib : dsk6713_aic23_opencodec.obj (.text)
                  00006300    000002e0     rts6700.lib : sin.obj (.text:_sin)
                  000065e0    000002c0                 : _printfi.obj (.text:__pproc_str)
                  000068a0    000002c0                 : setvbuf.obj (.text:_setvbuf)
                  00006b60    000002a0                 : _printfi.obj (.text:__pconv_g)
                  00006e00    000002a0                 : fputc.obj (.text:_fputc)
                  000070a0    00000260                 : imath40.obj (.text:__divul)
                  00007300    00000240                 : _printfi.obj (.text:__mcpy)
                  00007540    00000240                 : atan.obj (.text:_atan)
                  00007780    00000240                 : memory.obj (.text:_malloc)
                  000079c0    00000240                 : memcpy62.obj (.text:_memcpy)
                  00007c00    00000220                 : trgdrv.obj (.text:_HOSTrename)
                  00007e20    000001e0                 : lowlev.obj (.text:_getdevice)
                  00008000    000001e0     dsk6713bsl.lib : dsk6713_led.obj (.text)
                  000081e0    000001c0     csl6713.lib : csl_irq.obj (.text:_IRQ_map)
                  000083a0    000001c0     rts6700.lib : fseek.obj (.text:_fseek)
                  00008560    000001a0     csl6713.lib : csl_mcbsp.obj (.text:_MCBSP_reset)
                  00008700    000001a0     rts6700.lib : _printfi.obj (.text:__ltostr)
                  000088a0    000001a0                 : _printfi.obj (.text:__pproc_fflags)
                  00008a40    000001a0                 : atan2.obj (.text:_atan2)
                  00008be0    00000160                 : trgdrv.obj (.text:_HOSTlseek)
                  00008d40    00000160                 : fclose.obj (.text:__closefile)
                  00008ea0    00000140                 : trgdrv.obj (.text:_HOSTread)
                  00008fe0    00000140                 : frcmpyd_div.obj (.text:__frcmpyd_div)
                  00009120    00000140                 : atoi.obj (.text:_atoi)
                  00009260    00000140                 : ltoa.obj (.text:_ltoa)
                  000093a0    00000140     dsk6713bsl.lib : dsk6713_aic23_registers.obj (.text)
                  000094e0    00000120     rts6700.lib : trgdrv.obj (.text:_HOSTopen)
                  00009600    00000120                 : trgdrv.obj (.text:_HOSTwrite)
                  00009720    00000120                 : _io_perm.obj (.text:__wrt_ok)
                  00009840    00000120                 : lowlev.obj (.text:_close)
                  00009960    00000120                 : frexp.obj (.text:_frexp)
                  00009a80    00000120                 : memset.obj (.text:_memset)
                  00009ba0    00000100                 : trgdrv.obj (.text:_HOSTclose)
                  00009ca0    00000100                 : trgdrv.obj (.text:_HOSTunlink)
                  00009da0    00000100     csl6713.lib : csl_mcbsp.obj (.text:_MCBSP_open)
                  00009ea0    00000100                 : csl_mcbsp.obj (.text:_MCBSP_start)
                  00009fa0    00000100     rts6700.lib : autoinit.obj (.text:__auto_init)
                  0000a0a0    00000100                 : _printfi.obj (.text:__div)
                  0000a1a0    00000100                 : imath40.obj (.text:__divli)
                  0000a2a0    00000100                 : _printfi.obj (.text:__pconv_f)
                  0000a3a0    00000100                 : lowlev.obj (.text:_lseek)
                  0000a4a0    00000100                 : printf.obj (.text:_printf)
                  0000a5a0    00000100                 : lowlev.obj (.text:_write)
                  0000a6a0    000000e0                 : fopen.obj (.text:__cleanup)
                  0000a780    000000e0                 : fflush.obj (.text:__doflush)
                  0000a860    000000e0                 : _printfi.obj (.text:__ecpy)
                  0000a940    000000e0                 : _printfi.obj (.text:__fcpy)
                  0000aa20    000000e0                 : round.obj (.text:__nround)
                  0000ab00    000000e0                 : strasg.obj (.text:__strasg)
                  0000abe0    000000e0                 : exit.obj (.text:_exit)
                  0000acc0    000000e0                 : memory.obj (.text:_minsert)
                  0000ada0    000000e0                 : modf.obj (.text:_modf)
                  0000ae80    000000e0                 : memory.obj (.text:_mremove)
                  0000af60    000000c0                 : divu.obj (.text:__divu)
                  0000b020    000000c0                 : cpy_tbl.obj (.text:_copy_in)
                  0000b0e0    000000c0                 : lowlev.obj (.text:_finddevice)
                  0000b1a0    000000c0     dsk6713bsl.lib : dsk6713_aic23_setfreq.obj (.text)
                  0000b260    000000a0     rts6700.lib : fixdli.obj (.text:__fixdli)
                  0000b300    000000a0                 : mpyll.obj (.text:__mpyll)
                  0000b3a0    000000a0                 : imath40.obj (.text:__remli)
                  0000b440    000000a0                 : trgmsg.obj (.text:_readmsg)
                  0000b4e0    000000a0     csl6713.lib : csl_irq.obj (.text:_setMux)
                  0000b580    000000a0     rts6700.lib : lowlev.obj (.text:_unlink)
                  0000b620    000000a0                 : trgmsg.obj (.text:_writemsg)
                  0000b6c0    00000080                 : cpp_init.obj (.text:___TI_cpp_init)
                  0000b740    00000080                 : fltlid.obj (.text:__fltlid)
                  0000b7c0    00000080                 : llshift.obj (.text:__llshl)
                  0000b840    00000080                 : boot.obj (.text:_c_int00)
                  0000b8c0    00000080                 : memccpy.obj (.text:_memccpy)
                  0000b940    00000060                 : isinf.obj (.text:___isinf)
                  0000b9a0    00000060                 : llshift.obj (.text:__llshru)
                  0000ba00    00000060                 : imath64.obj (.text:__subcull)
                  0000ba60    00000040     csl6713.lib : csl_irq.obj (.text:_IRQ_enable)
                  0000baa0    00000040     rts6700.lib : _printfi.obj (.text:___isnan)
                  0000bae0    00000040                 : args_main.obj (.text:__args_main)
                  0000bb20    00000040                 : trunc.obj (.text:__trunc)
                  0000bb60    00000020     csl6713.lib : csl_irq.obj (.text:_IRQ_globalDisable)
                  0000bb80    00000020                 : csl_irq.obj (.text:_IRQ_globalEnable)
                  0000bba0    00000020                 : csl_irq.obj (.text:_IRQ_nmiEnable)
                  0000bbc0    00000020                 : csl_mcbsp.obj (.text:_MCBSP_read)
                  0000bbe0    00000020                 : csl_mcbsp.obj (.text:_MCBSP_write)
                  0000bc00    00000020     rts6700.lib : negll.obj (.text:__negll)
                  0000bc20    00000020                 : _lock.obj (.text:__nop)
                  0000bc40    00000020                 : printf.obj (.text:__outc)
                  0000bc60    00000020                 : printf.obj (.text:__outs)
                  0000bc80    00000020                 : exit.obj (.text:_abort)
                  0000bca0    00000020                 : remove.obj (.text:_remove)
                  0000bcc0    00000020     csl6713.lib : csl_irq.obj (.text)

.bss       0    00000200    00000000     UNINITIALIZED

.data      0    00000200    00000000     UNINITIALIZED

.far       0    0000bce0    0000583c     UNINITIALIZED
                  0000bce0    00005170     time_stamper.obj (.far)
                  00010e50    00000324     rts6700.lib : defs.obj (.far)
                  00011174    0000011c                 : lowlev.obj (.far)
                  00011290    000000f4     csl6713.lib : csl_irq.obj (.far)
                  00011384    00000004     rts6700.lib : errno.obj (.far)
                  00011388    00000060                 : atan.obj (.far)
                  000113e8    00000040                 : cos.obj (.far)
                  00011428    00000040                 : sin.obj (.far)
                  00011468    00000038     csl6713.lib : csl_mcbsp.obj (.far)
                  000114a0    00000028     dsk6713bsl.lib : dsk6713_aic23_registers.obj (.far)
                  000114c8    00000020                    : dsk6713_aic23_setfreq.obj (.far)
                  000114e8    0000000c     rts6700.lib : exit.obj (.far)
                  000114f4    00000008     dsk6713bsl.lib : dsk6713_aic23_opencodec.obj (.far)
                  000114fc    00000008     rts6700.lib : _lock.obj (.far)
                  00011504    00000008                 : memory.obj (.far)
                  0001150c    00000008                 : trgdrv.obj (.far)
                  00011514    00000004                 : fopen.obj (.far)
                  00011518    00000002     dsk6713bsl.lib : dsk6713.obj (.far)
                  0001151a    00000002                    : dsk6713_led.obj (.far)

.cinit     0    00011520    00000544     
                  00011520    0000012c     csl6713.lib : csl_irq.obj (.cinit)
                  0001164c    00000004     --HOLE-- [fill = 0]
                  00011650    00000100     time_stamper.obj (.cinit)
                  00011750    00000070     rts6700.lib : atan.obj (.cinit)
                  000117c0    0000005c                 : defs.obj (.cinit)
                  0001181c    00000004     --HOLE-- [fill = 0]
                  00011820    0000005c                 : lowlev.obj (.cinit)
                  0001187c    00000004     --HOLE-- [fill = 0]
                  00011880    00000054     csl6713.lib : csl_mcbsp.obj (.cinit)
                  000118d4    00000004     --HOLE-- [fill = 0]
                  000118d8    00000048     rts6700.lib : cos.obj (.cinit)
                  00011920    00000048                 : sin.obj (.cinit)
                  00011968    00000030     dsk6713bsl.lib : dsk6713_aic23_registers.obj (.cinit)
                  00011998    0000002c     rts6700.lib : exit.obj (.cinit)
                  000119c4    00000004     --HOLE-- [fill = 0]
                  000119c8    0000002c                 : memory.obj (.cinit)
                  000119f4    00000004     --HOLE-- [fill = 0]
                  000119f8    00000028     dsk6713bsl.lib : dsk6713_aic23_setfreq.obj (.cinit)
                  00011a20    0000001c     rts6700.lib : _lock.obj (.cinit)
                  00011a3c    00000004     --HOLE-- [fill = 0]
                  00011a40    0000000c                 : errno.obj (.cinit)
                  00011a4c    00000004     --HOLE-- [fill = 0]
                  00011a50    0000000c                 : fopen.obj (.cinit)
                  00011a5c    00000004     --HOLE-- [fill = 0]
                  00011a60    00000004     (.pad.cinit) [fill = 0]

.stack     0    00011a68    00000400     UNINITIALIZED
                  00011a68    00000008     rts6700.lib : boot.obj (.stack)
                  00011a70    000003f8     --HOLE--

.sysmem    0    00011e68    00000400     UNINITIALIZED
                  00011e68    00000008     rts6700.lib : memory.obj (.sysmem)
                  00011e70    000003f8     --HOLE--

.const     0    00012268    00000190     
                  00012268    00000101     rts6700.lib : ctype.obj (.const:.string:__ctypes_)
                  00012369    00000002                 : fputs.obj (.const:.string)
                  0001236b    00000001     --HOLE-- [fill = 0]
                  0001236c    00000040     dsk6713bsl.lib : dsk6713_aic23_opencodec.obj (.const)
                  000123ac    00000023     rts6700.lib : _printfi.obj (.const:.string)
                  000123cf    00000001     --HOLE-- [fill = 0]
                  000123d0    00000020     dsk6713bsl.lib : dsk6713.obj (.const)
                  000123f0    00000008     time_stamper.obj (.const:.string)

.cio       0    000123f8    00000120     UNINITIALIZED
                  000123f8    00000120     rts6700.lib : trgmsg.obj (.cio)


GLOBAL SYMBOLS: SORTED ALPHABETICALLY BY Name 

address    name
--------   ----
00000200   $bss
00000200   .bss
00000200   .data
00000200   .text
0000bc80   C$$EXIT
0000b698   C$$IO$$
000114f4   _DSK6713_AIC23_codeccontrolhandle
000114f8   _DSK6713_AIC23_codecdatahandle
00009460   _DSK6713_AIC23_config
00006000   _DSK6713_AIC23_openCodec
00009438   _DSK6713_AIC23_rget
000093a0   _DSK6713_AIC23_rset
0000b1a0   _DSK6713_AIC23_setFreq
00008000   _DSK6713_LED_init
00008040   _DSK6713_LED_off
000080b0   _DSK6713_LED_on
00008120   _DSK6713_LED_toggle
00003f74   _DSK6713_getVersion
00003bac   _DSK6713_init
00003ec8   _DSK6713_rget
00003edc   _DSK6713_rset
00011518   _DSK6713_version
00003ef0   _DSK6713_wait
00003f48   _DSK6713_waitusec
00009ba0   _HOSTclose
00008be0   _HOSTlseek
000094e0   _HOSTopen
00008ea0   _HOSTread
00007c00   _HOSTrename
00009ca0   _HOSTunlink
00009600   _HOSTwrite
0000ba60   _IRQ_enable
0000bb60   _IRQ_globalDisable
0000bb80   _IRQ_globalEnable
000081e0   _IRQ_map
0000bba0   _IRQ_nmiEnable
00009da0   _MCBSP_open
0000bbc0   _MCBSP_read
00008560   _MCBSP_reset
00009ea0   _MCBSP_start
0000bbe0   _MCBSP_write
000123f8   __CIOBUF_
0001137c   __IRQ_dispatchTable
000112b8   __IRQ_eventTable
0000bcc0   __IRQ_hookFetchPacket
0001133c   __IRQ_intTable
00011498   __MCBSP_hDev0
0001149c   __MCBSP_hDev1
00011e68   __STACK_END
00000400   __STACK_SIZE
00000400   __SYSMEM_SIZE
00000001   __TI_args_main
0000b6c0   ___TI_cpp_init
000114f0   ___TI_enable_exit_profile_output
ffffffff   ___TI_pprof_out_hndl
ffffffff   ___TI_prof_data_size
ffffffff   ___TI_prof_data_start
ffffffff   ___binit__
00000200   ___bss__
ffffffff   ___c_args__
00011520   ___cinit__
00000200   ___data__
00000200   ___edata__
00000200   ___end__
0000bce0   ___etext__
0000b940   ___isinf
ffffffff   ___pinit__
00000200   ___text__
0000bae0   __args_main
00009fa0   __auto_init
0000af60   __c6xabi_divu
0000a6a0   __cleanup
000114e8   __cleanup_ptr
00008d40   __closefile
00012268   __ctypes_
00001d20   __divd
0000a1a0   __divli
0000af60   __divu
000070a0   __divul
00004c00   __divull
0000a780   __doflush
000114ec   __dtors_ptr
0000b260   __fixdli
0000b740   __fltlid
00008fe0   __frcmpyd_div
00011170   __ft_end
00010e50   __ftable
0000b7c0   __llshl
0000b9a0   __llshru
000114fc   __lock
0000b300   __mpyll
0000bc00   __negll
0000bc20   __nop
0000aa20   __nround
00003140   __printfi
0000b3a0   __remli
00011a68   __stack
0000ab00   __strasg
0000ba00   __subcull
00011e68   __sys_memory
00011030   __tmpnams
0000bb20   __trunc
00011500   __unlock
00009720   __wrt_ok
0000bc80   _abort
00010e20   _amSending
00007540   _atan
00008a40   _atan2
00009120   _atoi
0000c2b8   _bbsinc
0000bce0   _buf
0000c28e   _bufindex
0000b840   _c_int00
00010634   _cde_index
00009840   _close
00010508   _coarse_delay_estimate
00010e28   _config
0000b020   _copy_in
0000becc   _corr_c
0000bec0   _corr_max
0000bec8   _corr_max_c
0000c28c   _corr_max_lag
0000bec4   _corr_max_s
0000c00c   _corr_s
000059c0   _cos
00011384   _errno
0000abe0   _exit
0001056c   _fine_delay_estimate
00006e00   _fputc
000036a0   _fputs
00004f80   _free
00009960   _frexp
000083a0   _fseek
00010e24   _hCodec
00010644   _halfSinc
0000c29c   _i
0000c29e   _j
00010636   _local_carrier_phase
0000a3a0   _lseek
00009260   _ltoa
00000200   _main
00007780   _malloc
00010640   _max_samp
0000b8c0   _memccpy
000079c0   _memcpy
00009a80   _memset
0000bd80   _mfc
0000be20   _mfs
0000ada0   _modf
00010648   _outputBuf
00010638   _phase_correction_factor
0000a4a0   _printf
00006e00   _putc
00010637   _r
0000b440   _readmsg
0000d25c   _recbuf
00010506   _recbuf_start_clock
000104fc   _recbufindex
0000bca0   _remove
00010e1c   _response_buf_idx
00010e1e   _response_buf_idx_max
00010e1a   _response_done
0000c14c   _s
00001520   _serialPortRcvISR
000068a0   _setvbuf
00006300   _sin
00010500   _state
0000c2a0   _t
0000b580   _unlink
00010504   _vclock_counter
00010642   _vir_clock_start
0000a5a0   _write
0000b620   _writemsg
0000c2a8   _x
0000c2b0   _y
0000e33c   _yc
0000f41c   _ys
0000c298   _z
0000c290   _zc
0000c294   _zs
ffffffff   binit
00011520   cinit
00000200   edata
00000200   end
0000bce0   etext
ffffffff   pinit


GLOBAL SYMBOLS: SORTED BY Symbol Address 

address    name
--------   ----
00000001   __TI_args_main
00000200   $bss
00000200   .bss
00000200   .data
00000200   .text
00000200   ___bss__
00000200   ___data__
00000200   ___edata__
00000200   ___end__
00000200   ___text__
00000200   _main
00000200   edata
00000200   end
00000400   __STACK_SIZE
00000400   __SYSMEM_SIZE
00001520   _serialPortRcvISR
00001d20   __divd
00003140   __printfi
000036a0   _fputs
00003bac   _DSK6713_init
00003ec8   _DSK6713_rget
00003edc   _DSK6713_rset
00003ef0   _DSK6713_wait
00003f48   _DSK6713_waitusec
00003f74   _DSK6713_getVersion
00004c00   __divull
00004f80   _free
000059c0   _cos
00006000   _DSK6713_AIC23_openCodec
00006300   _sin
000068a0   _setvbuf
00006e00   _fputc
00006e00   _putc
000070a0   __divul
00007540   _atan
00007780   _malloc
000079c0   _memcpy
00007c00   _HOSTrename
00008000   _DSK6713_LED_init
00008040   _DSK6713_LED_off
000080b0   _DSK6713_LED_on
00008120   _DSK6713_LED_toggle
000081e0   _IRQ_map
000083a0   _fseek
00008560   _MCBSP_reset
00008a40   _atan2
00008be0   _HOSTlseek
00008d40   __closefile
00008ea0   _HOSTread
00008fe0   __frcmpyd_div
00009120   _atoi
00009260   _ltoa
000093a0   _DSK6713_AIC23_rset
00009438   _DSK6713_AIC23_rget
00009460   _DSK6713_AIC23_config
000094e0   _HOSTopen
00009600   _HOSTwrite
00009720   __wrt_ok
00009840   _close
00009960   _frexp
00009a80   _memset
00009ba0   _HOSTclose
00009ca0   _HOSTunlink
00009da0   _MCBSP_open
00009ea0   _MCBSP_start
00009fa0   __auto_init
0000a1a0   __divli
0000a3a0   _lseek
0000a4a0   _printf
0000a5a0   _write
0000a6a0   __cleanup
0000a780   __doflush
0000aa20   __nround
0000ab00   __strasg
0000abe0   _exit
0000ada0   _modf
0000af60   __c6xabi_divu
0000af60   __divu
0000b020   _copy_in
0000b1a0   _DSK6713_AIC23_setFreq
0000b260   __fixdli
0000b300   __mpyll
0000b3a0   __remli
0000b440   _readmsg
0000b580   _unlink
0000b620   _writemsg
0000b698   C$$IO$$
0000b6c0   ___TI_cpp_init
0000b740   __fltlid
0000b7c0   __llshl
0000b840   _c_int00
0000b8c0   _memccpy
0000b940   ___isinf
0000b9a0   __llshru
0000ba00   __subcull
0000ba60   _IRQ_enable
0000bae0   __args_main
0000bb20   __trunc
0000bb60   _IRQ_globalDisable
0000bb80   _IRQ_globalEnable
0000bba0   _IRQ_nmiEnable
0000bbc0   _MCBSP_read
0000bbe0   _MCBSP_write
0000bc00   __negll
0000bc20   __nop
0000bc80   C$$EXIT
0000bc80   _abort
0000bca0   _remove
0000bcc0   __IRQ_hookFetchPacket
0000bce0   ___etext__
0000bce0   _buf
0000bce0   etext
0000bd80   _mfc
0000be20   _mfs
0000bec0   _corr_max
0000bec4   _corr_max_s
0000bec8   _corr_max_c
0000becc   _corr_c
0000c00c   _corr_s
0000c14c   _s
0000c28c   _corr_max_lag
0000c28e   _bufindex
0000c290   _zc
0000c294   _zs
0000c298   _z
0000c29c   _i
0000c29e   _j
0000c2a0   _t
0000c2a8   _x
0000c2b0   _y
0000c2b8   _bbsinc
0000d25c   _recbuf
0000e33c   _yc
0000f41c   _ys
000104fc   _recbufindex
00010500   _state
00010504   _vclock_counter
00010506   _recbuf_start_clock
00010508   _coarse_delay_estimate
0001056c   _fine_delay_estimate
00010634   _cde_index
00010636   _local_carrier_phase
00010637   _r
00010638   _phase_correction_factor
00010640   _max_samp
00010642   _vir_clock_start
00010644   _halfSinc
00010648   _outputBuf
00010e1a   _response_done
00010e1c   _response_buf_idx
00010e1e   _response_buf_idx_max
00010e20   _amSending
00010e24   _hCodec
00010e28   _config
00010e50   __ftable
00011030   __tmpnams
00011170   __ft_end
000112b8   __IRQ_eventTable
0001133c   __IRQ_intTable
0001137c   __IRQ_dispatchTable
00011384   _errno
00011498   __MCBSP_hDev0
0001149c   __MCBSP_hDev1
000114e8   __cleanup_ptr
000114ec   __dtors_ptr
000114f0   ___TI_enable_exit_profile_output
000114f4   _DSK6713_AIC23_codeccontrolhandle
000114f8   _DSK6713_AIC23_codecdatahandle
000114fc   __lock
00011500   __unlock
00011518   _DSK6713_version
00011520   ___cinit__
00011520   cinit
00011a68   __stack
00011e68   __STACK_END
00011e68   __sys_memory
00012268   __ctypes_
000123f8   __CIOBUF_
ffffffff   ___TI_pprof_out_hndl
ffffffff   ___TI_prof_data_size
ffffffff   ___TI_prof_data_start
ffffffff   ___binit__
ffffffff   ___c_args__
ffffffff   ___pinit__
ffffffff   binit
ffffffff   pinit

[186 symbols]
