******************************************************************************
               TMS320C6x Linker PC v7.4.8                      
******************************************************************************
>> Linked Sun Feb 15 20:00:41 2015

OUTPUT FILE NAME:   <return_time_stamper.out>
ENTRY POINT SYMBOL: "_c_int00"  address: 0000b860


MEMORY CONFIGURATION

         name            origin    length      used     unused   attr    fill
----------------------  --------  ---------  --------  --------  ----  --------
  VECS                  00000000   00000200  00000200  00000000  RWIX
  IRAM                  00000200   0002fe00  00012330  0001dad0  RWIX
  L2RAM                 00030000   00010000  00000000  00010000  RWIX
  EMIFCE0               80000000   10000000  00000000  10000000  RWIX
  EMIFCE1               90000000   10000000  00000000  10000000  RWIX
  EMIFCE2               a0000000   10000000  00000000  10000000  RWIX
  EMIFCE3               b0000000   10000000  00000000  10000000  RWIX


SECTION ALLOCATION MAP

 output                                  attributes/
section   page    origin      length       input sections
--------  ----  ----------  ----------   ----------------
vectors    0    00000000    00000200     
                  00000000    00000200     vectors.obj (vectors)

.pinit     0    00000200    00000000     UNINITIALIZED

.text      0    00000200    0000bb00     
                  00000200    00001340     time_stamper.obj (.text)
                  00001540    00000800     time_stamper.obj (.text:retain)
                  00001d40    00000720     rts6700.lib : divd.obj (.text:__divd)
                  00002460    000006c0                 : _printfi.obj (.text:__getarg_diouxp)
                  00002b20    00000640                 : _printfi.obj (.text:__setfield)
                  00003160    00000560                 : _printfi.obj (.text:__printfi)
                  000036c0    000004c0                 : fputs.obj (.text:_fputs)
                  00003b80    00000480     dsk6713bsl.lib : dsk6713.obj (.text)
                  00004000    00000420     rts6700.lib : _printfi.obj (.text:_fcvt)
                  00004420    00000400                 : _printfi.obj (.text:__pproc_fge)
                  00004820    00000400                 : _printfi.obj (.text:_ecvt)
                  00004c20    00000380                 : imath64.obj (.text:__divull)
                  00004fa0    00000380                 : memory.obj (.text:_free)
                  00005320    00000360                 : _printfi.obj (.text:__pconv_e)
                  00005680    00000360                 : _printfi.obj (.text:__pproc_fwp)
                  000059e0    00000340                 : cos.obj (.text:_cos)
                  00005d20    00000300                 : _printfi.obj (.text:__pproc_diouxp)
                  00006020    00000300     dsk6713bsl.lib : dsk6713_aic23_opencodec.obj (.text)
                  00006320    000002e0     rts6700.lib : sin.obj (.text:_sin)
                  00006600    000002c0                 : _printfi.obj (.text:__pproc_str)
                  000068c0    000002c0                 : setvbuf.obj (.text:_setvbuf)
                  00006b80    000002a0                 : _printfi.obj (.text:__pconv_g)
                  00006e20    000002a0                 : fputc.obj (.text:_fputc)
                  000070c0    00000260                 : imath40.obj (.text:__divul)
                  00007320    00000240                 : _printfi.obj (.text:__mcpy)
                  00007560    00000240                 : atan.obj (.text:_atan)
                  000077a0    00000240                 : memory.obj (.text:_malloc)
                  000079e0    00000240                 : memcpy62.obj (.text:_memcpy)
                  00007c20    00000220                 : trgdrv.obj (.text:_HOSTrename)
                  00007e40    000001e0                 : lowlev.obj (.text:_getdevice)
                  00008020    000001e0     dsk6713bsl.lib : dsk6713_led.obj (.text)
                  00008200    000001c0     csl6713.lib : csl_irq.obj (.text:_IRQ_map)
                  000083c0    000001c0     rts6700.lib : fseek.obj (.text:_fseek)
                  00008580    000001a0     csl6713.lib : csl_mcbsp.obj (.text:_MCBSP_reset)
                  00008720    000001a0     rts6700.lib : _printfi.obj (.text:__ltostr)
                  000088c0    000001a0                 : _printfi.obj (.text:__pproc_fflags)
                  00008a60    000001a0                 : atan2.obj (.text:_atan2)
                  00008c00    00000160                 : trgdrv.obj (.text:_HOSTlseek)
                  00008d60    00000160                 : fclose.obj (.text:__closefile)
                  00008ec0    00000140                 : trgdrv.obj (.text:_HOSTread)
                  00009000    00000140                 : frcmpyd_div.obj (.text:__frcmpyd_div)
                  00009140    00000140                 : atoi.obj (.text:_atoi)
                  00009280    00000140                 : ltoa.obj (.text:_ltoa)
                  000093c0    00000140     dsk6713bsl.lib : dsk6713_aic23_registers.obj (.text)
                  00009500    00000120     rts6700.lib : trgdrv.obj (.text:_HOSTopen)
                  00009620    00000120                 : trgdrv.obj (.text:_HOSTwrite)
                  00009740    00000120                 : _io_perm.obj (.text:__wrt_ok)
                  00009860    00000120                 : lowlev.obj (.text:_close)
                  00009980    00000120                 : frexp.obj (.text:_frexp)
                  00009aa0    00000120                 : memset.obj (.text:_memset)
                  00009bc0    00000100                 : trgdrv.obj (.text:_HOSTclose)
                  00009cc0    00000100                 : trgdrv.obj (.text:_HOSTunlink)
                  00009dc0    00000100     csl6713.lib : csl_mcbsp.obj (.text:_MCBSP_open)
                  00009ec0    00000100                 : csl_mcbsp.obj (.text:_MCBSP_start)
                  00009fc0    00000100     rts6700.lib : autoinit.obj (.text:__auto_init)
                  0000a0c0    00000100                 : _printfi.obj (.text:__div)
                  0000a1c0    00000100                 : imath40.obj (.text:__divli)
                  0000a2c0    00000100                 : _printfi.obj (.text:__pconv_f)
                  0000a3c0    00000100                 : lowlev.obj (.text:_lseek)
                  0000a4c0    00000100                 : printf.obj (.text:_printf)
                  0000a5c0    00000100                 : lowlev.obj (.text:_write)
                  0000a6c0    000000e0                 : fopen.obj (.text:__cleanup)
                  0000a7a0    000000e0                 : fflush.obj (.text:__doflush)
                  0000a880    000000e0                 : _printfi.obj (.text:__ecpy)
                  0000a960    000000e0                 : _printfi.obj (.text:__fcpy)
                  0000aa40    000000e0                 : round.obj (.text:__nround)
                  0000ab20    000000e0                 : strasg.obj (.text:__strasg)
                  0000ac00    000000e0                 : exit.obj (.text:_exit)
                  0000ace0    000000e0                 : memory.obj (.text:_minsert)
                  0000adc0    000000e0                 : modf.obj (.text:_modf)
                  0000aea0    000000e0                 : memory.obj (.text:_mremove)
                  0000af80    000000c0                 : divu.obj (.text:__divu)
                  0000b040    000000c0                 : cpy_tbl.obj (.text:_copy_in)
                  0000b100    000000c0                 : lowlev.obj (.text:_finddevice)
                  0000b1c0    000000c0     dsk6713bsl.lib : dsk6713_aic23_setfreq.obj (.text)
                  0000b280    000000a0     rts6700.lib : fixdli.obj (.text:__fixdli)
                  0000b320    000000a0                 : mpyll.obj (.text:__mpyll)
                  0000b3c0    000000a0                 : imath40.obj (.text:__remli)
                  0000b460    000000a0                 : trgmsg.obj (.text:_readmsg)
                  0000b500    000000a0     csl6713.lib : csl_irq.obj (.text:_setMux)
                  0000b5a0    000000a0     rts6700.lib : lowlev.obj (.text:_unlink)
                  0000b640    000000a0                 : trgmsg.obj (.text:_writemsg)
                  0000b6e0    00000080                 : cpp_init.obj (.text:___TI_cpp_init)
                  0000b760    00000080                 : fltlid.obj (.text:__fltlid)
                  0000b7e0    00000080                 : llshift.obj (.text:__llshl)
                  0000b860    00000080                 : boot.obj (.text:_c_int00)
                  0000b8e0    00000080                 : memccpy.obj (.text:_memccpy)
                  0000b960    00000060                 : isinf.obj (.text:___isinf)
                  0000b9c0    00000060                 : llshift.obj (.text:__llshru)
                  0000ba20    00000060                 : imath64.obj (.text:__subcull)
                  0000ba80    00000040     csl6713.lib : csl_irq.obj (.text:_IRQ_enable)
                  0000bac0    00000040     rts6700.lib : _printfi.obj (.text:___isnan)
                  0000bb00    00000040                 : args_main.obj (.text:__args_main)
                  0000bb40    00000040                 : trunc.obj (.text:__trunc)
                  0000bb80    00000020     csl6713.lib : csl_irq.obj (.text:_IRQ_globalDisable)
                  0000bba0    00000020                 : csl_irq.obj (.text:_IRQ_globalEnable)
                  0000bbc0    00000020                 : csl_irq.obj (.text:_IRQ_nmiEnable)
                  0000bbe0    00000020                 : csl_mcbsp.obj (.text:_MCBSP_read)
                  0000bc00    00000020                 : csl_mcbsp.obj (.text:_MCBSP_write)
                  0000bc20    00000020     rts6700.lib : negll.obj (.text:__negll)
                  0000bc40    00000020                 : _lock.obj (.text:__nop)
                  0000bc60    00000020                 : printf.obj (.text:__outc)
                  0000bc80    00000020                 : printf.obj (.text:__outs)
                  0000bca0    00000020                 : exit.obj (.text:_abort)
                  0000bcc0    00000020                 : remove.obj (.text:_remove)
                  0000bce0    00000020     csl6713.lib : csl_irq.obj (.text)

.bss       0    00000200    00000000     UNINITIALIZED

.data      0    00000200    00000000     UNINITIALIZED

.far       0    0000bd00    0000583c     UNINITIALIZED
                  0000bd00    00005170     time_stamper.obj (.far)
                  00010e70    00000324     rts6700.lib : defs.obj (.far)
                  00011194    0000011c                 : lowlev.obj (.far)
                  000112b0    000000f4     csl6713.lib : csl_irq.obj (.far)
                  000113a4    00000004     rts6700.lib : errno.obj (.far)
                  000113a8    00000060                 : atan.obj (.far)
                  00011408    00000040                 : cos.obj (.far)
                  00011448    00000040                 : sin.obj (.far)
                  00011488    00000038     csl6713.lib : csl_mcbsp.obj (.far)
                  000114c0    00000028     dsk6713bsl.lib : dsk6713_aic23_registers.obj (.far)
                  000114e8    00000020                    : dsk6713_aic23_setfreq.obj (.far)
                  00011508    0000000c     rts6700.lib : exit.obj (.far)
                  00011514    00000008     dsk6713bsl.lib : dsk6713_aic23_opencodec.obj (.far)
                  0001151c    00000008     rts6700.lib : _lock.obj (.far)
                  00011524    00000008                 : memory.obj (.far)
                  0001152c    00000008                 : trgdrv.obj (.far)
                  00011534    00000004                 : fopen.obj (.far)
                  00011538    00000002     dsk6713bsl.lib : dsk6713.obj (.far)
                  0001153a    00000002                    : dsk6713_led.obj (.far)

.cinit     0    00011540    00000544     
                  00011540    0000012c     csl6713.lib : csl_irq.obj (.cinit)
                  0001166c    00000004     --HOLE-- [fill = 0]
                  00011670    00000100     time_stamper.obj (.cinit)
                  00011770    00000070     rts6700.lib : atan.obj (.cinit)
                  000117e0    0000005c                 : defs.obj (.cinit)
                  0001183c    00000004     --HOLE-- [fill = 0]
                  00011840    0000005c                 : lowlev.obj (.cinit)
                  0001189c    00000004     --HOLE-- [fill = 0]
                  000118a0    00000054     csl6713.lib : csl_mcbsp.obj (.cinit)
                  000118f4    00000004     --HOLE-- [fill = 0]
                  000118f8    00000048     rts6700.lib : cos.obj (.cinit)
                  00011940    00000048                 : sin.obj (.cinit)
                  00011988    00000030     dsk6713bsl.lib : dsk6713_aic23_registers.obj (.cinit)
                  000119b8    0000002c     rts6700.lib : exit.obj (.cinit)
                  000119e4    00000004     --HOLE-- [fill = 0]
                  000119e8    0000002c                 : memory.obj (.cinit)
                  00011a14    00000004     --HOLE-- [fill = 0]
                  00011a18    00000028     dsk6713bsl.lib : dsk6713_aic23_setfreq.obj (.cinit)
                  00011a40    0000001c     rts6700.lib : _lock.obj (.cinit)
                  00011a5c    00000004     --HOLE-- [fill = 0]
                  00011a60    0000000c                 : errno.obj (.cinit)
                  00011a6c    00000004     --HOLE-- [fill = 0]
                  00011a70    0000000c                 : fopen.obj (.cinit)
                  00011a7c    00000004     --HOLE-- [fill = 0]
                  00011a80    00000004     (.pad.cinit) [fill = 0]

.stack     0    00011a88    00000400     UNINITIALIZED
                  00011a88    00000008     rts6700.lib : boot.obj (.stack)
                  00011a90    000003f8     --HOLE--

.sysmem    0    00011e88    00000400     UNINITIALIZED
                  00011e88    00000008     rts6700.lib : memory.obj (.sysmem)
                  00011e90    000003f8     --HOLE--

.const     0    00012288    00000190     
                  00012288    00000101     rts6700.lib : ctype.obj (.const:.string:__ctypes_)
                  00012389    00000002                 : fputs.obj (.const:.string)
                  0001238b    00000001     --HOLE-- [fill = 0]
                  0001238c    00000040     dsk6713bsl.lib : dsk6713_aic23_opencodec.obj (.const)
                  000123cc    00000023     rts6700.lib : _printfi.obj (.const:.string)
                  000123ef    00000001     --HOLE-- [fill = 0]
                  000123f0    00000020     dsk6713bsl.lib : dsk6713.obj (.const)
                  00012410    00000008     time_stamper.obj (.const:.string)

.cio       0    00012418    00000120     UNINITIALIZED
                  00012418    00000120     rts6700.lib : trgmsg.obj (.cio)


GLOBAL SYMBOLS: SORTED ALPHABETICALLY BY Name 

address    name
--------   ----
00000200   $bss
00000200   .bss
00000200   .data
00000200   .text
0000bca0   C$$EXIT
0000b6b8   C$$IO$$
00011514   _DSK6713_AIC23_codeccontrolhandle
00011518   _DSK6713_AIC23_codecdatahandle
00009480   _DSK6713_AIC23_config
00006020   _DSK6713_AIC23_openCodec
00009458   _DSK6713_AIC23_rget
000093c0   _DSK6713_AIC23_rset
0000b1c0   _DSK6713_AIC23_setFreq
00008020   _DSK6713_LED_init
00008060   _DSK6713_LED_off
000080d0   _DSK6713_LED_on
00008140   _DSK6713_LED_toggle
00003f94   _DSK6713_getVersion
00003bcc   _DSK6713_init
00003ee8   _DSK6713_rget
00003efc   _DSK6713_rset
00011538   _DSK6713_version
00003f10   _DSK6713_wait
00003f68   _DSK6713_waitusec
00009bc0   _HOSTclose
00008c00   _HOSTlseek
00009500   _HOSTopen
00008ec0   _HOSTread
00007c20   _HOSTrename
00009cc0   _HOSTunlink
00009620   _HOSTwrite
0000ba80   _IRQ_enable
0000bb80   _IRQ_globalDisable
0000bba0   _IRQ_globalEnable
00008200   _IRQ_map
0000bbc0   _IRQ_nmiEnable
00009dc0   _MCBSP_open
0000bbe0   _MCBSP_read
00008580   _MCBSP_reset
00009ec0   _MCBSP_start
0000bc00   _MCBSP_write
00012418   __CIOBUF_
0001139c   __IRQ_dispatchTable
000112d8   __IRQ_eventTable
0000bce0   __IRQ_hookFetchPacket
0001135c   __IRQ_intTable
000114b8   __MCBSP_hDev0
000114bc   __MCBSP_hDev1
00011e88   __STACK_END
00000400   __STACK_SIZE
00000400   __SYSMEM_SIZE
00000001   __TI_args_main
0000b6e0   ___TI_cpp_init
00011510   ___TI_enable_exit_profile_output
ffffffff   ___TI_pprof_out_hndl
ffffffff   ___TI_prof_data_size
ffffffff   ___TI_prof_data_start
ffffffff   ___binit__
00000200   ___bss__
ffffffff   ___c_args__
00011540   ___cinit__
00000200   ___data__
00000200   ___edata__
00000200   ___end__
0000bd00   ___etext__
0000b960   ___isinf
ffffffff   ___pinit__
00000200   ___text__
0000bb00   __args_main
00009fc0   __auto_init
0000af80   __c6xabi_divu
0000a6c0   __cleanup
00011508   __cleanup_ptr
00008d60   __closefile
00012288   __ctypes_
00001d40   __divd
0000a1c0   __divli
0000af80   __divu
000070c0   __divul
00004c20   __divull
0000a7a0   __doflush
0001150c   __dtors_ptr
0000b280   __fixdli
0000b760   __fltlid
00009000   __frcmpyd_div
00011190   __ft_end
00010e70   __ftable
0000b7e0   __llshl
0000b9c0   __llshru
0001151c   __lock
0000b320   __mpyll
0000bc20   __negll
0000bc40   __nop
0000aa40   __nround
00003160   __printfi
0000b3c0   __remli
00011a88   __stack
0000ab20   __strasg
0000ba20   __subcull
00011e88   __sys_memory
00011050   __tmpnams
0000bb40   __trunc
00011520   __unlock
00009740   __wrt_ok
0000bca0   _abort
00010e40   _amSending
00007560   _atan
00008a60   _atan2
00009140   _atoi
0000c2d8   _bbsinc
0000bd00   _buf
0000c2ae   _bufindex
0000b860   _c_int00
00010654   _cde_index
00009860   _close
00010528   _coarse_delay_estimate
00010e48   _config
0000b040   _copy_in
0000beec   _corr_c
0000bee0   _corr_max
0000bee8   _corr_max_c
0000c2ac   _corr_max_lag
0000bee4   _corr_max_s
0000c02c   _corr_s
000059e0   _cos
000113a4   _errno
0000ac00   _exit
0001058c   _fine_delay_estimate
00006e20   _fputc
000036c0   _fputs
00004fa0   _free
00009980   _frexp
000083c0   _fseek
00010e44   _hCodec
00010664   _halfSinc
0000c2bc   _i
0000c2be   _j
00010656   _local_carrier_phase
0000a3c0   _lseek
00009280   _ltoa
00000200   _main
000077a0   _malloc
00010660   _max_samp
0000b8e0   _memccpy
000079e0   _memcpy
00009aa0   _memset
0000bda0   _mfc
0000be40   _mfs
0000adc0   _modf
00010668   _outputBuf
00010658   _phase_correction_factor
0000a4c0   _printf
00006e20   _putc
00010657   _r
0000b460   _readmsg
0000d27c   _recbuf
00010526   _recbuf_start_clock
0001051c   _recbufindex
0000bcc0   _remove
00010e3c   _response_buf_idx
00010e3e   _response_buf_idx_max
00010e3a   _response_done
0000c16c   _s
00001540   _serialPortRcvISR
000068c0   _setvbuf
00006320   _sin
00010520   _state
0000c2c0   _t
0000b5a0   _unlink
00010524   _vclock_counter
00010662   _vir_clock_start
0000a5c0   _write
0000b640   _writemsg
0000c2c8   _x
0000c2d0   _y
0000e35c   _yc
0000f43c   _ys
0000c2b8   _z
0000c2b0   _zc
0000c2b4   _zs
ffffffff   binit
00011540   cinit
00000200   edata
00000200   end
0000bd00   etext
ffffffff   pinit


GLOBAL SYMBOLS: SORTED BY Symbol Address 

address    name
--------   ----
00000001   __TI_args_main
00000200   $bss
00000200   .bss
00000200   .data
00000200   .text
00000200   ___bss__
00000200   ___data__
00000200   ___edata__
00000200   ___end__
00000200   ___text__
00000200   _main
00000200   edata
00000200   end
00000400   __STACK_SIZE
00000400   __SYSMEM_SIZE
00001540   _serialPortRcvISR
00001d40   __divd
00003160   __printfi
000036c0   _fputs
00003bcc   _DSK6713_init
00003ee8   _DSK6713_rget
00003efc   _DSK6713_rset
00003f10   _DSK6713_wait
00003f68   _DSK6713_waitusec
00003f94   _DSK6713_getVersion
00004c20   __divull
00004fa0   _free
000059e0   _cos
00006020   _DSK6713_AIC23_openCodec
00006320   _sin
000068c0   _setvbuf
00006e20   _fputc
00006e20   _putc
000070c0   __divul
00007560   _atan
000077a0   _malloc
000079e0   _memcpy
00007c20   _HOSTrename
00008020   _DSK6713_LED_init
00008060   _DSK6713_LED_off
000080d0   _DSK6713_LED_on
00008140   _DSK6713_LED_toggle
00008200   _IRQ_map
000083c0   _fseek
00008580   _MCBSP_reset
00008a60   _atan2
00008c00   _HOSTlseek
00008d60   __closefile
00008ec0   _HOSTread
00009000   __frcmpyd_div
00009140   _atoi
00009280   _ltoa
000093c0   _DSK6713_AIC23_rset
00009458   _DSK6713_AIC23_rget
00009480   _DSK6713_AIC23_config
00009500   _HOSTopen
00009620   _HOSTwrite
00009740   __wrt_ok
00009860   _close
00009980   _frexp
00009aa0   _memset
00009bc0   _HOSTclose
00009cc0   _HOSTunlink
00009dc0   _MCBSP_open
00009ec0   _MCBSP_start
00009fc0   __auto_init
0000a1c0   __divli
0000a3c0   _lseek
0000a4c0   _printf
0000a5c0   _write
0000a6c0   __cleanup
0000a7a0   __doflush
0000aa40   __nround
0000ab20   __strasg
0000ac00   _exit
0000adc0   _modf
0000af80   __c6xabi_divu
0000af80   __divu
0000b040   _copy_in
0000b1c0   _DSK6713_AIC23_setFreq
0000b280   __fixdli
0000b320   __mpyll
0000b3c0   __remli
0000b460   _readmsg
0000b5a0   _unlink
0000b640   _writemsg
0000b6b8   C$$IO$$
0000b6e0   ___TI_cpp_init
0000b760   __fltlid
0000b7e0   __llshl
0000b860   _c_int00
0000b8e0   _memccpy
0000b960   ___isinf
0000b9c0   __llshru
0000ba20   __subcull
0000ba80   _IRQ_enable
0000bb00   __args_main
0000bb40   __trunc
0000bb80   _IRQ_globalDisable
0000bba0   _IRQ_globalEnable
0000bbc0   _IRQ_nmiEnable
0000bbe0   _MCBSP_read
0000bc00   _MCBSP_write
0000bc20   __negll
0000bc40   __nop
0000bca0   C$$EXIT
0000bca0   _abort
0000bcc0   _remove
0000bce0   __IRQ_hookFetchPacket
0000bd00   ___etext__
0000bd00   _buf
0000bd00   etext
0000bda0   _mfc
0000be40   _mfs
0000bee0   _corr_max
0000bee4   _corr_max_s
0000bee8   _corr_max_c
0000beec   _corr_c
0000c02c   _corr_s
0000c16c   _s
0000c2ac   _corr_max_lag
0000c2ae   _bufindex
0000c2b0   _zc
0000c2b4   _zs
0000c2b8   _z
0000c2bc   _i
0000c2be   _j
0000c2c0   _t
0000c2c8   _x
0000c2d0   _y
0000c2d8   _bbsinc
0000d27c   _recbuf
0000e35c   _yc
0000f43c   _ys
0001051c   _recbufindex
00010520   _state
00010524   _vclock_counter
00010526   _recbuf_start_clock
00010528   _coarse_delay_estimate
0001058c   _fine_delay_estimate
00010654   _cde_index
00010656   _local_carrier_phase
00010657   _r
00010658   _phase_correction_factor
00010660   _max_samp
00010662   _vir_clock_start
00010664   _halfSinc
00010668   _outputBuf
00010e3a   _response_done
00010e3c   _response_buf_idx
00010e3e   _response_buf_idx_max
00010e40   _amSending
00010e44   _hCodec
00010e48   _config
00010e70   __ftable
00011050   __tmpnams
00011190   __ft_end
000112d8   __IRQ_eventTable
0001135c   __IRQ_intTable
0001139c   __IRQ_dispatchTable
000113a4   _errno
000114b8   __MCBSP_hDev0
000114bc   __MCBSP_hDev1
00011508   __cleanup_ptr
0001150c   __dtors_ptr
00011510   ___TI_enable_exit_profile_output
00011514   _DSK6713_AIC23_codeccontrolhandle
00011518   _DSK6713_AIC23_codecdatahandle
0001151c   __lock
00011520   __unlock
00011538   _DSK6713_version
00011540   ___cinit__
00011540   cinit
00011a88   __stack
00011e88   __STACK_END
00011e88   __sys_memory
00012288   __ctypes_
00012418   __CIOBUF_
ffffffff   ___TI_pprof_out_hndl
ffffffff   ___TI_prof_data_size
ffffffff   ___TI_prof_data_start
ffffffff   ___binit__
ffffffff   ___c_args__
ffffffff   ___pinit__
ffffffff   binit
ffffffff   pinit

[186 symbols]
