******************************************************************************
               TMS320C6x Linker PC v7.4.8                      
******************************************************************************
>> Linked Mon Mar 02 12:11:33 2015

OUTPUT FILE NAME:   <time_stamper_master.out>
ENTRY POINT SYMBOL: "_c_int00"  address: 0000bc40


MEMORY CONFIGURATION

         name            origin    length      used     unused   attr    fill
----------------------  --------  ---------  --------  --------  ----  --------
  VECS                  00000000   00000200  00000200  00000000  RWIX
  IRAM                  00000200   0002fe00  00012de4  0001d01c  RWIX
  L2RAM                 00030000   00010000  00000000  00010000  RWIX
  EMIFCE0               80000000   10000000  00000000  10000000  RWIX
  EMIFCE1               90000000   10000000  00000000  10000000  RWIX
  EMIFCE2               a0000000   10000000  00000000  10000000  RWIX
  EMIFCE3               b0000000   10000000  00000000  10000000  RWIX


SECTION ALLOCATION MAP

 output                                  attributes/
section   page    origin      length       input sections
--------  ----  ----------  ----------   ----------------
vectors    0    00000000    00000200     
                  00000000    00000200     vectors.obj (vectors)

.pinit     0    00000200    00000000     UNINITIALIZED

.text      0    00000200    0000bee0     
                  00000200    00001c20     time_stamper_master.obj (.text)
                  00001e20    00000720     rts6700.lib : divd.obj (.text:__divd)
                  00002540    000006c0                 : _printfi.obj (.text:__getarg_diouxp)
                  00002c00    00000640                 : _printfi.obj (.text:__setfield)
                  00003240    00000560                 : _printfi.obj (.text:__printfi)
                  000037a0    000004c0                 : fputs.obj (.text:_fputs)
                  00003c60    00000480     dsk6713bsl.lib : dsk6713.obj (.text)
                  000040e0    00000420     rts6700.lib : _printfi.obj (.text:_fcvt)
                  00004500    00000400                 : _printfi.obj (.text:__pproc_fge)
                  00004900    00000400                 : _printfi.obj (.text:_ecvt)
                  00004d00    00000380                 : imath64.obj (.text:__divull)
                  00005080    00000380                 : memory.obj (.text:_free)
                  00005400    00000360                 : _printfi.obj (.text:__pconv_e)
                  00005760    00000360                 : _printfi.obj (.text:__pproc_fwp)
                  00005ac0    00000340                 : cos.obj (.text:_cos)
                  00005e00    00000300                 : _printfi.obj (.text:__pproc_diouxp)
                  00006100    00000300     dsk6713bsl.lib : dsk6713_aic23_opencodec.obj (.text)
                  00006400    00000300     time_stamper_master.obj (.text:retain)
                  00006700    000002e0     rts6700.lib : sin.obj (.text:_sin)
                  000069e0    000002c0                 : _printfi.obj (.text:__pproc_str)
                  00006ca0    000002c0                 : setvbuf.obj (.text:_setvbuf)
                  00006f60    000002a0                 : _printfi.obj (.text:__pconv_g)
                  00007200    000002a0                 : fputc.obj (.text:_fputc)
                  000074a0    00000260                 : imath40.obj (.text:__divul)
                  00007700    00000240                 : _printfi.obj (.text:__mcpy)
                  00007940    00000240                 : atan.obj (.text:_atan)
                  00007b80    00000240                 : memory.obj (.text:_malloc)
                  00007dc0    00000240                 : memcpy62.obj (.text:_memcpy)
                  00008000    00000220                 : trgdrv.obj (.text:_HOSTrename)
                  00008220    000001e0                 : lowlev.obj (.text:_getdevice)
                  00008400    000001e0     dsk6713bsl.lib : dsk6713_led.obj (.text)
                  000085e0    000001c0     csl6713.lib : csl_irq.obj (.text:_IRQ_map)
                  000087a0    000001c0     rts6700.lib : fseek.obj (.text:_fseek)
                  00008960    000001a0     csl6713.lib : csl_mcbsp.obj (.text:_MCBSP_reset)
                  00008b00    000001a0     rts6700.lib : _printfi.obj (.text:__ltostr)
                  00008ca0    000001a0                 : _printfi.obj (.text:__pproc_fflags)
                  00008e40    000001a0                 : atan2.obj (.text:_atan2)
                  00008fe0    00000160                 : trgdrv.obj (.text:_HOSTlseek)
                  00009140    00000160                 : fclose.obj (.text:__closefile)
                  000092a0    00000140                 : trgdrv.obj (.text:_HOSTread)
                  000093e0    00000140                 : frcmpyd_div.obj (.text:__frcmpyd_div)
                  00009520    00000140                 : atoi.obj (.text:_atoi)
                  00009660    00000140                 : ltoa.obj (.text:_ltoa)
                  000097a0    00000140     dsk6713bsl.lib : dsk6713_aic23_registers.obj (.text)
                  000098e0    00000120     rts6700.lib : trgdrv.obj (.text:_HOSTopen)
                  00009a00    00000120                 : trgdrv.obj (.text:_HOSTwrite)
                  00009b20    00000120                 : _io_perm.obj (.text:__wrt_ok)
                  00009c40    00000120                 : lowlev.obj (.text:_close)
                  00009d60    00000120                 : frexp.obj (.text:_frexp)
                  00009e80    00000120                 : memset.obj (.text:_memset)
                  00009fa0    00000100                 : trgdrv.obj (.text:_HOSTclose)
                  0000a0a0    00000100                 : trgdrv.obj (.text:_HOSTunlink)
                  0000a1a0    00000100     csl6713.lib : csl_mcbsp.obj (.text:_MCBSP_open)
                  0000a2a0    00000100                 : csl_mcbsp.obj (.text:_MCBSP_start)
                  0000a3a0    00000100     rts6700.lib : autoinit.obj (.text:__auto_init)
                  0000a4a0    00000100                 : _printfi.obj (.text:__div)
                  0000a5a0    00000100                 : imath40.obj (.text:__divli)
                  0000a6a0    00000100                 : _printfi.obj (.text:__pconv_f)
                  0000a7a0    00000100                 : lowlev.obj (.text:_lseek)
                  0000a8a0    00000100                 : printf.obj (.text:_printf)
                  0000a9a0    00000100                 : lowlev.obj (.text:_write)
                  0000aaa0    000000e0                 : fopen.obj (.text:__cleanup)
                  0000ab80    000000e0                 : fflush.obj (.text:__doflush)
                  0000ac60    000000e0                 : _printfi.obj (.text:__ecpy)
                  0000ad40    000000e0                 : _printfi.obj (.text:__fcpy)
                  0000ae20    000000e0                 : round.obj (.text:__nround)
                  0000af00    000000e0                 : strasg.obj (.text:__strasg)
                  0000afe0    000000e0                 : exit.obj (.text:_exit)
                  0000b0c0    000000e0                 : memory.obj (.text:_minsert)
                  0000b1a0    000000e0                 : modf.obj (.text:_modf)
                  0000b280    000000e0                 : memory.obj (.text:_mremove)
                  0000b360    000000c0                 : divu.obj (.text:__divu)
                  0000b420    000000c0                 : cpy_tbl.obj (.text:_copy_in)
                  0000b4e0    000000c0                 : lowlev.obj (.text:_finddevice)
                  0000b5a0    000000c0     dsk6713bsl.lib : dsk6713_aic23_setfreq.obj (.text)
                  0000b660    000000a0     rts6700.lib : fixdli.obj (.text:__fixdli)
                  0000b700    000000a0                 : mpyll.obj (.text:__mpyll)
                  0000b7a0    000000a0                 : imath40.obj (.text:__remli)
                  0000b840    000000a0                 : trgmsg.obj (.text:_readmsg)
                  0000b8e0    000000a0     csl6713.lib : csl_irq.obj (.text:_setMux)
                  0000b980    000000a0     rts6700.lib : lowlev.obj (.text:_unlink)
                  0000ba20    000000a0                 : trgmsg.obj (.text:_writemsg)
                  0000bac0    00000080                 : cpp_init.obj (.text:___TI_cpp_init)
                  0000bb40    00000080                 : fltlid.obj (.text:__fltlid)
                  0000bbc0    00000080                 : llshift.obj (.text:__llshl)
                  0000bc40    00000080                 : boot.obj (.text:_c_int00)
                  0000bcc0    00000080                 : memccpy.obj (.text:_memccpy)
                  0000bd40    00000060                 : isinf.obj (.text:___isinf)
                  0000bda0    00000060                 : llshift.obj (.text:__llshru)
                  0000be00    00000060                 : imath64.obj (.text:__subcull)
                  0000be60    00000040     csl6713.lib : csl_irq.obj (.text:_IRQ_enable)
                  0000bea0    00000040     rts6700.lib : _printfi.obj (.text:___isnan)
                  0000bee0    00000040                 : args_main.obj (.text:__args_main)
                  0000bf20    00000040                 : trunc.obj (.text:__trunc)
                  0000bf60    00000020     csl6713.lib : csl_irq.obj (.text:_IRQ_globalDisable)
                  0000bf80    00000020                 : csl_irq.obj (.text:_IRQ_globalEnable)
                  0000bfa0    00000020                 : csl_irq.obj (.text:_IRQ_nmiEnable)
                  0000bfc0    00000020                 : csl_mcbsp.obj (.text:_MCBSP_read)
                  0000bfe0    00000020                 : csl_mcbsp.obj (.text:_MCBSP_write)
                  0000c000    00000020     rts6700.lib : negll.obj (.text:__negll)
                  0000c020    00000020                 : _lock.obj (.text:__nop)
                  0000c040    00000020                 : printf.obj (.text:__outc)
                  0000c060    00000020                 : printf.obj (.text:__outs)
                  0000c080    00000020                 : exit.obj (.text:_abort)
                  0000c0a0    00000020                 : remove.obj (.text:_remove)
                  0000c0c0    00000020     csl6713.lib : csl_irq.obj (.text)

.bss       0    00000200    00000000     UNINITIALIZED

.data      0    00000200    00000000     UNINITIALIZED

.far       0    0000c0e0    00005ec0     UNINITIALIZED
                  0000c0e0    000057f4     time_stamper_master.obj (.far)
                  000118d4    00000324     rts6700.lib : defs.obj (.far)
                  00011bf8    0000011c                 : lowlev.obj (.far)
                  00011d14    000000f4     csl6713.lib : csl_irq.obj (.far)
                  00011e08    00000060     rts6700.lib : atan.obj (.far)
                  00011e68    00000040                 : cos.obj (.far)
                  00011ea8    00000040                 : sin.obj (.far)
                  00011ee8    00000038     csl6713.lib : csl_mcbsp.obj (.far)
                  00011f20    00000028     dsk6713bsl.lib : dsk6713_aic23_registers.obj (.far)
                  00011f48    00000020                    : dsk6713_aic23_setfreq.obj (.far)
                  00011f68    0000000c     rts6700.lib : exit.obj (.far)
                  00011f74    00000008     dsk6713bsl.lib : dsk6713_aic23_opencodec.obj (.far)
                  00011f7c    00000008     rts6700.lib : _lock.obj (.far)
                  00011f84    00000008                 : memory.obj (.far)
                  00011f8c    00000008                 : trgdrv.obj (.far)
                  00011f94    00000004                 : errno.obj (.far)
                  00011f98    00000004                 : fopen.obj (.far)
                  00011f9c    00000002     dsk6713bsl.lib : dsk6713.obj (.far)
                  00011f9e    00000002                    : dsk6713_led.obj (.far)

.cinit     0    00011fa0    00000594     
                  00011fa0    00000150     time_stamper_master.obj (.cinit)
                  000120f0    0000012c     csl6713.lib : csl_irq.obj (.cinit)
                  0001221c    00000004     --HOLE-- [fill = 0]
                  00012220    00000070     rts6700.lib : atan.obj (.cinit)
                  00012290    0000005c                 : defs.obj (.cinit)
                  000122ec    00000004     --HOLE-- [fill = 0]
                  000122f0    0000005c                 : lowlev.obj (.cinit)
                  0001234c    00000004     --HOLE-- [fill = 0]
                  00012350    00000054     csl6713.lib : csl_mcbsp.obj (.cinit)
                  000123a4    00000004     --HOLE-- [fill = 0]
                  000123a8    00000048     rts6700.lib : cos.obj (.cinit)
                  000123f0    00000048                 : sin.obj (.cinit)
                  00012438    00000030     dsk6713bsl.lib : dsk6713_aic23_registers.obj (.cinit)
                  00012468    0000002c     rts6700.lib : exit.obj (.cinit)
                  00012494    00000004     --HOLE-- [fill = 0]
                  00012498    0000002c                 : memory.obj (.cinit)
                  000124c4    00000004     --HOLE-- [fill = 0]
                  000124c8    00000028     dsk6713bsl.lib : dsk6713_aic23_setfreq.obj (.cinit)
                  000124f0    0000001c     rts6700.lib : _lock.obj (.cinit)
                  0001250c    00000004     --HOLE-- [fill = 0]
                  00012510    0000000c                 : errno.obj (.cinit)
                  0001251c    00000004     --HOLE-- [fill = 0]
                  00012520    0000000c                 : fopen.obj (.cinit)
                  0001252c    00000004     --HOLE-- [fill = 0]
                  00012530    00000004     (.pad.cinit) [fill = 0]

.stack     0    00012538    00000400     UNINITIALIZED
                  00012538    00000008     rts6700.lib : boot.obj (.stack)
                  00012540    000003f8     --HOLE--

.sysmem    0    00012938    00000400     UNINITIALIZED
                  00012938    00000008     rts6700.lib : memory.obj (.sysmem)
                  00012940    000003f8     --HOLE--

.const     0    00012d38    00000190     
                  00012d38    00000101     rts6700.lib : ctype.obj (.const:.string:__ctypes_)
                  00012e39    00000002                 : fputs.obj (.const:.string)
                  00012e3b    00000001     --HOLE-- [fill = 0]
                  00012e3c    00000040     dsk6713bsl.lib : dsk6713_aic23_opencodec.obj (.const)
                  00012e7c    00000023     rts6700.lib : _printfi.obj (.const:.string)
                  00012e9f    00000001     --HOLE-- [fill = 0]
                  00012ea0    00000020     dsk6713bsl.lib : dsk6713.obj (.const)
                  00012ec0    00000008     time_stamper_master.obj (.const:.string)

.cio       0    00012ec8    00000120     UNINITIALIZED
                  00012ec8    00000120     rts6700.lib : trgmsg.obj (.cio)


GLOBAL SYMBOLS: SORTED ALPHABETICALLY BY Name 

address    name
--------   ----
00000200   $bss
00000200   .bss
00000200   .data
00000200   .text
0000c080   C$$EXIT
0000ba98   C$$IO$$
00011892   _ClockPulse
00011084   _CurTime
00011f74   _DSK6713_AIC23_codeccontrolhandle
00011f78   _DSK6713_AIC23_codecdatahandle
00009860   _DSK6713_AIC23_config
00006100   _DSK6713_AIC23_openCodec
00009838   _DSK6713_AIC23_rget
000097a0   _DSK6713_AIC23_rset
0000b5a0   _DSK6713_AIC23_setFreq
00008400   _DSK6713_LED_init
00008440   _DSK6713_LED_off
000084b0   _DSK6713_LED_on
00008520   _DSK6713_LED_toggle
00004074   _DSK6713_getVersion
00003cac   _DSK6713_init
00003fc8   _DSK6713_rget
00003fdc   _DSK6713_rset
00011f9c   _DSK6713_version
00003ff0   _DSK6713_wait
00004048   _DSK6713_waitusec
00009fa0   _HOSTclose
00008fe0   _HOSTlseek
000098e0   _HOSTopen
000092a0   _HOSTread
00008000   _HOSTrename
0000a0a0   _HOSTunlink
00009a00   _HOSTwrite
0000be60   _IRQ_enable
0000bf60   _IRQ_globalDisable
0000bf80   _IRQ_globalEnable
000085e0   _IRQ_map
0000bfa0   _IRQ_nmiEnable
0000a1a0   _MCBSP_open
0000bfc0   _MCBSP_read
00008960   _MCBSP_reset
0000a2a0   _MCBSP_start
0000bfe0   _MCBSP_write
00011890   _MasterResponseSendingHuh
0000076c   _SetupReceiveBasebandSincPulseBuffer
000008f8   _SetupReceiveTrigonometricMatchedFilters
0000052c   _SetupTransmitModulatedSincPulseBuffer
00012ec8   __CIOBUF_
00011e00   __IRQ_dispatchTable
00011d3c   __IRQ_eventTable
0000c0c0   __IRQ_hookFetchPacket
00011dc0   __IRQ_intTable
00011f18   __MCBSP_hDev0
00011f1c   __MCBSP_hDev1
00012938   __STACK_END
00000400   __STACK_SIZE
00000400   __SYSMEM_SIZE
00000001   __TI_args_main
0000bac0   ___TI_cpp_init
00011f70   ___TI_enable_exit_profile_output
ffffffff   ___TI_pprof_out_hndl
ffffffff   ___TI_prof_data_size
ffffffff   ___TI_prof_data_start
ffffffff   ___binit__
00000200   ___bss__
ffffffff   ___c_args__
00011fa0   ___cinit__
00000200   ___data__
00000200   ___edata__
00000200   ___end__
0000c0e0   ___etext__
0000bd40   ___isinf
ffffffff   ___pinit__
00000200   ___text__
0000bee0   __args_main
0000a3a0   __auto_init
0000b360   __c6xabi_divu
0000aaa0   __cleanup
00011f68   __cleanup_ptr
00009140   __closefile
00012d38   __ctypes_
00001e20   __divd
0000a5a0   __divli
0000b360   __divu
000074a0   __divul
00004d00   __divull
0000ab80   __doflush
00011f6c   __dtors_ptr
0000b660   __fixdli
0000bb40   __fltlid
000093e0   __frcmpyd_div
00011bf4   __ft_end
000118d4   __ftable
0000bbc0   __llshl
0000bda0   __llshru
00011f7c   __lock
0000b700   __mpyll
0000c000   __negll
0000c020   __nop
0000ae20   __nround
00003240   __printfi
0000b7a0   __remli
00012538   __stack
0000af00   __strasg
0000be00   __subcull
00012938   __sys_memory
00011ab4   __tmpnams
0000bf20   __trunc
00011f80   __unlock
00009b20   __wrt_ok
0000c080   _abort
00007940   _atan
00008e40   _atan2
00009520   _atoi
0000c990   _bbsinc
0000c0e0   _buf
0000c95e   _bufindex
0000bc40   _c_int00
00011894   _calculation_done
0001106c   _cde_index
00009c40   _close
00010f40   _coarse_delay_estimate
000118ac   _config
0000b420   _copy_in
0000c3bc   _corr_c
0000c3b0   _corr_max
0000c3b8   _corr_max_c
0000c95c   _corr_max_lag
0000c3b4   _corr_max_s
0000c59c   _corr_s
00005ac0   _cos
00011f94   _errno
0000afe0   _exit
0001106e   _fde_index
00010fa4   _fine_delay_estimate
00007200   _fputc
000037a0   _fputs
00005080   _free
00009d60   _frexp
000087a0   _fseek
000118a8   _hCodec
00011086   _halfSinc
0000c96c   _i
0000c96e   _j
0000c970   _k
00011070   _local_carrier_phase
0000a7a0   _lseek
00009660   _ltoa
00000200   _main
00007b80   _malloc
0000c1d0   _matchedFilterCosine
0000c2c0   _matchedFilterSine
00011080   _max_samp
0000bcc0   _memccpy
00007dc0   _memcpy
00009e80   _memset
0000b1a0   _modf
00011078   _phase_correction_factor
0000a8a0   _printf
0001189e   _pulse_counter
00007200   _putc
00011071   _r
0000b840   _readmsg
0000d994   _recbuf
00010f3e   _recbuf_start_clock
00010f34   _recbufindex
0000c0a0   _remove
0001188c   _response_buf_idx
0001188e   _response_buf_idx_max
0001188a   _response_done
00001214   _runCalculationStateCodeISR
00000a94   _runMasterResponseSincPulseTimingControl
00001a78   _runReceivedPulseBufferDownmixing
00001300   _runReceviedSincPulseTimingAnalysis
0000116c   _runRecordingStateCodeISR
00001220   _runResponseStateCodeISR
00000dfc   _runSearchingStateCodeISR
0000c77c   _s
00006400   _serialPortRcvISR
00006ca0   _setvbuf
00006700   _sin
00010f38   _state
00001d68   _sumFloatArray
0000c978   _t
000118a4   _tempInput
000118a0   _tempOutput
00011088   _transmitSincPulseBuffer
0000b980   _unlink
00011898   _v_clk
00010f3c   _vclock_counter
00011082   _vir_clock_start
0000a9a0   _write
0000ba20   _writemsg
0000c980   _x
0000c988   _y
0000eb74   _yc
0000fd54   _ys
0000c968   _z
0000c960   _zc
0000c964   _zs
ffffffff   binit
00011fa0   cinit
00000200   edata
00000200   end
0000c0e0   etext
ffffffff   pinit


GLOBAL SYMBOLS: SORTED BY Symbol Address 

address    name
--------   ----
00000001   __TI_args_main
00000200   $bss
00000200   .bss
00000200   .data
00000200   .text
00000200   ___bss__
00000200   ___data__
00000200   ___edata__
00000200   ___end__
00000200   ___text__
00000200   _main
00000200   edata
00000200   end
00000400   __STACK_SIZE
00000400   __SYSMEM_SIZE
0000052c   _SetupTransmitModulatedSincPulseBuffer
0000076c   _SetupReceiveBasebandSincPulseBuffer
000008f8   _SetupReceiveTrigonometricMatchedFilters
00000a94   _runMasterResponseSincPulseTimingControl
00000dfc   _runSearchingStateCodeISR
0000116c   _runRecordingStateCodeISR
00001214   _runCalculationStateCodeISR
00001220   _runResponseStateCodeISR
00001300   _runReceviedSincPulseTimingAnalysis
00001a78   _runReceivedPulseBufferDownmixing
00001d68   _sumFloatArray
00001e20   __divd
00003240   __printfi
000037a0   _fputs
00003cac   _DSK6713_init
00003fc8   _DSK6713_rget
00003fdc   _DSK6713_rset
00003ff0   _DSK6713_wait
00004048   _DSK6713_waitusec
00004074   _DSK6713_getVersion
00004d00   __divull
00005080   _free
00005ac0   _cos
00006100   _DSK6713_AIC23_openCodec
00006400   _serialPortRcvISR
00006700   _sin
00006ca0   _setvbuf
00007200   _fputc
00007200   _putc
000074a0   __divul
00007940   _atan
00007b80   _malloc
00007dc0   _memcpy
00008000   _HOSTrename
00008400   _DSK6713_LED_init
00008440   _DSK6713_LED_off
000084b0   _DSK6713_LED_on
00008520   _DSK6713_LED_toggle
000085e0   _IRQ_map
000087a0   _fseek
00008960   _MCBSP_reset
00008e40   _atan2
00008fe0   _HOSTlseek
00009140   __closefile
000092a0   _HOSTread
000093e0   __frcmpyd_div
00009520   _atoi
00009660   _ltoa
000097a0   _DSK6713_AIC23_rset
00009838   _DSK6713_AIC23_rget
00009860   _DSK6713_AIC23_config
000098e0   _HOSTopen
00009a00   _HOSTwrite
00009b20   __wrt_ok
00009c40   _close
00009d60   _frexp
00009e80   _memset
00009fa0   _HOSTclose
0000a0a0   _HOSTunlink
0000a1a0   _MCBSP_open
0000a2a0   _MCBSP_start
0000a3a0   __auto_init
0000a5a0   __divli
0000a7a0   _lseek
0000a8a0   _printf
0000a9a0   _write
0000aaa0   __cleanup
0000ab80   __doflush
0000ae20   __nround
0000af00   __strasg
0000afe0   _exit
0000b1a0   _modf
0000b360   __c6xabi_divu
0000b360   __divu
0000b420   _copy_in
0000b5a0   _DSK6713_AIC23_setFreq
0000b660   __fixdli
0000b700   __mpyll
0000b7a0   __remli
0000b840   _readmsg
0000b980   _unlink
0000ba20   _writemsg
0000ba98   C$$IO$$
0000bac0   ___TI_cpp_init
0000bb40   __fltlid
0000bbc0   __llshl
0000bc40   _c_int00
0000bcc0   _memccpy
0000bd40   ___isinf
0000bda0   __llshru
0000be00   __subcull
0000be60   _IRQ_enable
0000bee0   __args_main
0000bf20   __trunc
0000bf60   _IRQ_globalDisable
0000bf80   _IRQ_globalEnable
0000bfa0   _IRQ_nmiEnable
0000bfc0   _MCBSP_read
0000bfe0   _MCBSP_write
0000c000   __negll
0000c020   __nop
0000c080   C$$EXIT
0000c080   _abort
0000c0a0   _remove
0000c0c0   __IRQ_hookFetchPacket
0000c0e0   ___etext__
0000c0e0   _buf
0000c0e0   etext
0000c1d0   _matchedFilterCosine
0000c2c0   _matchedFilterSine
0000c3b0   _corr_max
0000c3b4   _corr_max_s
0000c3b8   _corr_max_c
0000c3bc   _corr_c
0000c59c   _corr_s
0000c77c   _s
0000c95c   _corr_max_lag
0000c95e   _bufindex
0000c960   _zc
0000c964   _zs
0000c968   _z
0000c96c   _i
0000c96e   _j
0000c970   _k
0000c978   _t
0000c980   _x
0000c988   _y
0000c990   _bbsinc
0000d994   _recbuf
0000eb74   _yc
0000fd54   _ys
00010f34   _recbufindex
00010f38   _state
00010f3c   _vclock_counter
00010f3e   _recbuf_start_clock
00010f40   _coarse_delay_estimate
00010fa4   _fine_delay_estimate
0001106c   _cde_index
0001106e   _fde_index
00011070   _local_carrier_phase
00011071   _r
00011078   _phase_correction_factor
00011080   _max_samp
00011082   _vir_clock_start
00011084   _CurTime
00011086   _halfSinc
00011088   _transmitSincPulseBuffer
0001188a   _response_done
0001188c   _response_buf_idx
0001188e   _response_buf_idx_max
00011890   _MasterResponseSendingHuh
00011892   _ClockPulse
00011894   _calculation_done
00011898   _v_clk
0001189e   _pulse_counter
000118a0   _tempOutput
000118a4   _tempInput
000118a8   _hCodec
000118ac   _config
000118d4   __ftable
00011ab4   __tmpnams
00011bf4   __ft_end
00011d3c   __IRQ_eventTable
00011dc0   __IRQ_intTable
00011e00   __IRQ_dispatchTable
00011f18   __MCBSP_hDev0
00011f1c   __MCBSP_hDev1
00011f68   __cleanup_ptr
00011f6c   __dtors_ptr
00011f70   ___TI_enable_exit_profile_output
00011f74   _DSK6713_AIC23_codeccontrolhandle
00011f78   _DSK6713_AIC23_codecdatahandle
00011f7c   __lock
00011f80   __unlock
00011f94   _errno
00011f9c   _DSK6713_version
00011fa0   ___cinit__
00011fa0   cinit
00012538   __stack
00012938   __STACK_END
00012938   __sys_memory
00012d38   __ctypes_
00012ec8   __CIOBUF_
ffffffff   ___TI_pprof_out_hndl
ffffffff   ___TI_prof_data_size
ffffffff   ___TI_prof_data_start
ffffffff   ___binit__
ffffffff   ___c_args__
ffffffff   ___pinit__
ffffffff   binit
ffffffff   pinit

[206 symbols]
