******************************************************************************
               TMS320C6x Linker PC v7.4.8                      
******************************************************************************
>> Linked Tue Apr 14 17:06:55 2015

OUTPUT FILE NAME:   <time_stamper_master_old.out>
ENTRY POINT SYMBOL: "_c_int00"  address: 00024b00


MEMORY CONFIGURATION

         name            origin    length      used     unused   attr    fill
----------------------  --------  ---------  --------  --------  ----  --------
  VECS                  00000000   00000200  00000200  00000000  RWIX
  IRAM                  00000200   0002fe00  00027c28  000081d8  RWIX
  L2RAM                 00030000   00010000  00000000  00010000  RWIX
  EMIFCE0               80000000   10000000  000320c8  0ffcdf38  RWIX
  EMIFCE1               90000000   10000000  00000000  10000000  RWIX
  EMIFCE2               a0000000   10000000  00000000  10000000  RWIX
  EMIFCE3               b0000000   10000000  00000000  10000000  RWIX


SECTION ALLOCATION MAP

 output                                  attributes/
section   page    origin      length       input sections
--------  ----  ----------  ----------   ----------------
vectors    0    00000000    00000200     
                  00000000    00000200     vectors.obj (vectors)

.pinit     0    00000200    00000000     UNINITIALIZED

.bss       0    00000200    00000000     UNINITIALIZED

.data      0    00000200    00000000     UNINITIALIZED

.far       0    00000200    00017a68     UNINITIALIZED
                  00000200    00017378     time_stamper_master.obj (.far)
                  00017578    00000324     rts6700.lib : defs.obj (.far)
                  0001789c    0000011c                 : lowlev.obj (.far)
                  000179b8    000000f4     csl6713.lib : csl_irq.obj (.far)
                  00017aac    00000004     rts6700.lib : errno.obj (.far)
                  00017ab0    00000060                 : atan.obj (.far)
                  00017b10    00000040                 : cos.obj (.far)
                  00017b50    00000040                 : sin.obj (.far)
                  00017b90    00000038     csl6713.lib : csl_mcbsp.obj (.far)
                  00017bc8    00000028     dsk6713bsl.lib : dsk6713_aic23_registers.obj (.far)
                  00017bf0    00000024     csl6713.lib : csl_gpio.obj (.far)
                  00017c14    00000020     dsk6713bsl.lib : dsk6713_aic23_setfreq.obj (.far)
                  00017c34    0000000c     rts6700.lib : exit.obj (.far)
                  00017c40    00000008     dsk6713bsl.lib : dsk6713_aic23_opencodec.obj (.far)
                  00017c48    00000008     rts6700.lib : _lock.obj (.far)
                  00017c50    00000008                 : memory.obj (.far)
                  00017c58    00000008                 : trgdrv.obj (.far)
                  00017c60    00000004                 : fopen.obj (.far)
                  00017c64    00000002     dsk6713bsl.lib : dsk6713.obj (.far)
                  00017c66    00000002                    : dsk6713_led.obj (.far)

.text      0    00017c80    0000d400     
                  00017c80    000028c0     time_stamper_master.obj (.text)
                  0001a540    00000720     rts6700.lib : divd.obj (.text:__divd)
                  0001ac60    000006c0                 : _printfi.obj (.text:__getarg_diouxp)
                  0001b320    00000660     time_stamper_master.obj (.text:retain)
                  0001b980    00000640     rts6700.lib : _printfi.obj (.text:__setfield)
                  0001bfc0    00000560                 : _printfi.obj (.text:__printfi)
                  0001c520    000004c0                 : fputs.obj (.text:_fputs)
                  0001c9e0    00000480     dsk6713bsl.lib : dsk6713.obj (.text)
                  0001ce60    00000420     rts6700.lib : _printfi.obj (.text:_fcvt)
                  0001d280    00000400                 : _printfi.obj (.text:__pproc_fge)
                  0001d680    00000400                 : _printfi.obj (.text:_ecvt)
                  0001da80    00000380                 : imath64.obj (.text:__divull)
                  0001de00    00000380                 : memory.obj (.text:_free)
                  0001e180    00000360                 : _printfi.obj (.text:__pconv_e)
                  0001e4e0    00000360                 : _printfi.obj (.text:__pproc_fwp)
                  0001e840    00000340                 : cos.obj (.text:_cos)
                  0001eb80    00000300                 : _printfi.obj (.text:__pproc_diouxp)
                  0001ee80    00000300     dsk6713bsl.lib : dsk6713_aic23_opencodec.obj (.text)
                  0001f180    000002e0     rts6700.lib : sin.obj (.text:_sin)
                  0001f460    000002c0                 : _printfi.obj (.text:__pproc_str)
                  0001f720    000002c0                 : setvbuf.obj (.text:_setvbuf)
                  0001f9e0    000002a0                 : _printfi.obj (.text:__pconv_g)
                  0001fc80    000002a0                 : fputc.obj (.text:_fputc)
                  0001ff20    00000260                 : imath40.obj (.text:__divul)
                  00020180    00000240                 : _printfi.obj (.text:__mcpy)
                  000203c0    00000240                 : atan.obj (.text:_atan)
                  00020600    00000240                 : memory.obj (.text:_malloc)
                  00020840    00000240                 : memcpy62.obj (.text:_memcpy)
                  00020a80    00000220                 : trgdrv.obj (.text:_HOSTrename)
                  00020ca0    000001e0                 : lowlev.obj (.text:_getdevice)
                  00020e80    000001e0     dsk6713bsl.lib : dsk6713_led.obj (.text)
                  00021060    000001c0     csl6713.lib : csl_irq.obj (.text:_IRQ_map)
                  00021220    000001c0     rts6700.lib : fseek.obj (.text:_fseek)
                  000213e0    000001a0     csl6713.lib : csl_mcbsp.obj (.text:_MCBSP_reset)
                  00021580    000001a0     rts6700.lib : _printfi.obj (.text:__ltostr)
                  00021720    000001a0                 : _printfi.obj (.text:__pproc_fflags)
                  000218c0    000001a0                 : atan2.obj (.text:_atan2)
                  00021a60    00000160                 : trgdrv.obj (.text:_HOSTlseek)
                  00021bc0    00000160                 : fclose.obj (.text:__closefile)
                  00021d20    00000140                 : trgdrv.obj (.text:_HOSTread)
                  00021e60    00000140                 : frcmpyd_div.obj (.text:__frcmpyd_div)
                  00021fa0    00000140                 : strasg.obj (.text:__strasgi)
                  000220e0    00000140                 : atoi.obj (.text:_atoi)
                  00022220    00000140                 : ltoa.obj (.text:_ltoa)
                  00022360    00000140     dsk6713bsl.lib : dsk6713_aic23_registers.obj (.text)
                  000224a0    00000120     rts6700.lib : trgdrv.obj (.text:_HOSTopen)
                  000225c0    00000120                 : trgdrv.obj (.text:_HOSTwrite)
                  000226e0    00000120                 : _io_perm.obj (.text:__wrt_ok)
                  00022800    00000120                 : lowlev.obj (.text:_close)
                  00022920    00000120                 : frexp.obj (.text:_frexp)
                  00022a40    00000120                 : memset.obj (.text:_memset)
                  00022b60    00000100                 : trgdrv.obj (.text:_HOSTclose)
                  00022c60    00000100                 : trgdrv.obj (.text:_HOSTunlink)
                  00022d60    00000100     csl6713.lib : csl_mcbsp.obj (.text:_MCBSP_open)
                  00022e60    00000100                 : csl_mcbsp.obj (.text:_MCBSP_start)
                  00022f60    00000100     rts6700.lib : autoinit.obj (.text:__auto_init)
                  00023060    00000100                 : _printfi.obj (.text:__div)
                  00023160    00000100                 : imath40.obj (.text:__divli)
                  00023260    00000100                 : _printfi.obj (.text:__pconv_f)
                  00023360    00000100                 : remi.obj (.text:__remi)
                  00023460    00000100                 : lowlev.obj (.text:_lseek)
                  00023560    00000100                 : printf.obj (.text:_printf)
                  00023660    00000100                 : lowlev.obj (.text:_write)
                  00023760    000000e0                 : fopen.obj (.text:__cleanup)
                  00023840    000000e0                 : fflush.obj (.text:__doflush)
                  00023920    000000e0                 : _printfi.obj (.text:__ecpy)
                  00023a00    000000e0                 : _printfi.obj (.text:__fcpy)
                  00023ae0    000000e0                 : round.obj (.text:__nround)
                  00023bc0    000000e0                 : strasg.obj (.text:__strasg)
                  00023ca0    000000e0                 : exit.obj (.text:_exit)
                  00023d80    000000e0                 : memory.obj (.text:_minsert)
                  00023e60    000000e0                 : modf.obj (.text:_modf)
                  00023f40    000000e0                 : memory.obj (.text:_mremove)
                  00024020    000000c0     csl6713.lib : csl_gpio.obj (.text:_GPIO_open)
                  000240e0    000000c0                 : csl_gpio.obj (.text:_GPIO_reset)
                  000241a0    000000c0     rts6700.lib : divu.obj (.text:__divu)
                  00024260    000000c0                 : cpy_tbl.obj (.text:_copy_in)
                  00024320    000000c0                 : lowlev.obj (.text:_finddevice)
                  000243e0    000000c0     dsk6713bsl.lib : dsk6713_aic23_setfreq.obj (.text)
                  000244a0    000000a0     rts6700.lib : fixdli.obj (.text:__fixdli)
                  00024540    000000a0                 : mpyll.obj (.text:__mpyll)
                  000245e0    000000a0                 : imath40.obj (.text:__remli)
                  00024680    000000a0                 : trgmsg.obj (.text:_readmsg)
                  00024720    000000a0     csl6713.lib : csl_irq.obj (.text:_setMux)
                  000247c0    000000a0     rts6700.lib : lowlev.obj (.text:_unlink)
                  00024860    000000a0                 : trgmsg.obj (.text:_writemsg)
                  00024900    00000080     csl6713.lib : csl_gpio.obj (.text:_GPIO_config)
                  00024980    00000080     rts6700.lib : cpp_init.obj (.text:___TI_cpp_init)
                  00024a00    00000080                 : fltlid.obj (.text:__fltlid)
                  00024a80    00000080                 : llshift.obj (.text:__llshl)
                  00024b00    00000080                 : boot.obj (.text:_c_int00)
                  00024b80    00000080                 : memccpy.obj (.text:_memccpy)
                  00024c00    00000060     csl6713.lib : csl_gpio.obj (.text:_GPIO_pinDirection)
                  00024c60    00000060     rts6700.lib : isinf.obj (.text:___isinf)
                  00024cc0    00000060                 : llshift.obj (.text:__llshru)
                  00024d20    00000060                 : imath64.obj (.text:__subcull)
                  00024d80    00000040     csl6713.lib : csl_gpio.obj (.text:_GPIO_pinEnable)
                  00024dc0    00000040                 : csl_gpio.obj (.text:_GPIO_pinWrite)
                  00024e00    00000040                 : csl_irq.obj (.text:_IRQ_enable)
                  00024e40    00000040     rts6700.lib : _printfi.obj (.text:___isnan)
                  00024e80    00000040                 : args_main.obj (.text:__args_main)
                  00024ec0    00000040                 : trunc.obj (.text:__trunc)
                  00024f00    00000020     csl6713.lib : csl_irq.obj (.text:_IRQ_globalDisable)
                  00024f20    00000020                 : csl_irq.obj (.text:_IRQ_globalEnable)
                  00024f40    00000020                 : csl_irq.obj (.text:_IRQ_nmiEnable)
                  00024f60    00000020                 : csl_mcbsp.obj (.text:_MCBSP_read)
                  00024f80    00000020                 : csl_mcbsp.obj (.text:_MCBSP_write)
                  00024fa0    00000020     rts6700.lib : negll.obj (.text:__negll)
                  00024fc0    00000020                 : _lock.obj (.text:__nop)
                  00024fe0    00000020                 : printf.obj (.text:__outc)
                  00025000    00000020                 : printf.obj (.text:__outs)
                  00025020    00000020                 : exit.obj (.text:_abort)
                  00025040    00000020                 : remove.obj (.text:_remove)
                  00025060    00000020     csl6713.lib : csl_irq.obj (.text)

.stack     0    00025080    00002000     UNINITIALIZED
                  00025080    00000008     rts6700.lib : boot.obj (.stack)
                  00025088    00001ff8     --HOLE--

.cinit     0    00027080    000006f4     
                  00027080    00000264     time_stamper_master.obj (.cinit)
                  000272e4    00000004     --HOLE-- [fill = 0]
                  000272e8    0000012c     csl6713.lib : csl_irq.obj (.cinit)
                  00027414    00000004     --HOLE-- [fill = 0]
                  00027418    00000070     rts6700.lib : atan.obj (.cinit)
                  00027488    0000005c                 : defs.obj (.cinit)
                  000274e4    00000004     --HOLE-- [fill = 0]
                  000274e8    0000005c                 : lowlev.obj (.cinit)
                  00027544    00000004     --HOLE-- [fill = 0]
                  00027548    00000054     csl6713.lib : csl_mcbsp.obj (.cinit)
                  0002759c    00000004     --HOLE-- [fill = 0]
                  000275a0    00000048     rts6700.lib : cos.obj (.cinit)
                  000275e8    00000048                 : sin.obj (.cinit)
                  00027630    00000044     csl6713.lib : csl_gpio.obj (.cinit)
                  00027674    00000004     --HOLE-- [fill = 0]
                  00027678    00000030     dsk6713bsl.lib : dsk6713_aic23_registers.obj (.cinit)
                  000276a8    0000002c     rts6700.lib : exit.obj (.cinit)
                  000276d4    00000004     --HOLE-- [fill = 0]
                  000276d8    0000002c                 : memory.obj (.cinit)
                  00027704    00000004     --HOLE-- [fill = 0]
                  00027708    00000028     dsk6713bsl.lib : dsk6713_aic23_setfreq.obj (.cinit)
                  00027730    0000001c     rts6700.lib : _lock.obj (.cinit)
                  0002774c    00000004     --HOLE-- [fill = 0]
                  00027750    0000000c                 : errno.obj (.cinit)
                  0002775c    00000004     --HOLE-- [fill = 0]
                  00027760    0000000c                 : fopen.obj (.cinit)
                  0002776c    00000004     --HOLE-- [fill = 0]
                  00027770    00000004     (.pad.cinit) [fill = 0]

.sysmem    0    00027778    00000400     UNINITIALIZED
                  00027778    00000008     rts6700.lib : memory.obj (.sysmem)
                  00027780    000003f8     --HOLE--

.const     0    00027b78    000001ac     
                  00027b78    00000101     rts6700.lib : ctype.obj (.const:.string:__ctypes_)
                  00027c79    00000002                 : fputs.obj (.const:.string)
                  00027c7b    00000001     --HOLE-- [fill = 0]
                  00027c7c    00000040     dsk6713bsl.lib : dsk6713_aic23_opencodec.obj (.const)
                  00027cbc    00000023     rts6700.lib : _printfi.obj (.const:.string)
                  00027cdf    00000001     --HOLE-- [fill = 0]
                  00027ce0    00000020     dsk6713bsl.lib : dsk6713.obj (.const)
                  00027d00    0000001c     time_stamper_master.obj (.const)
                  00027d1c    00000008     time_stamper_master.obj (.const:.string)

.cio       0    00027d24    00000120     UNINITIALIZED
                  00027d24    00000120     rts6700.lib : trgmsg.obj (.cio)

.mydata    0    80000000    000320c8     UNINITIALIZED
                  80000000    000320c8     time_stamper_master.obj (.mydata)


GLOBAL SYMBOLS: SORTED ALPHABETICALLY BY Name 

address    name
--------   ----
00000200   $bss
00000200   .bss
00000200   .data
00017c80   .text
00025020   C$$EXIT
000248d8   C$$IO$$
000171ea   _ClockPulse
000151c4   _CurTime
00017c40   _DSK6713_AIC23_codeccontrolhandle
00017c44   _DSK6713_AIC23_codecdatahandle
00022420   _DSK6713_AIC23_config
0001ee80   _DSK6713_AIC23_openCodec
000223f8   _DSK6713_AIC23_rget
00022360   _DSK6713_AIC23_rset
000243e0   _DSK6713_AIC23_setFreq
00020e80   _DSK6713_LED_init
00020ec0   _DSK6713_LED_off
00020f30   _DSK6713_LED_on
00020fa0   _DSK6713_LED_toggle
0001cdf4   _DSK6713_getVersion
0001ca2c   _DSK6713_init
0001cd48   _DSK6713_rget
0001cd5c   _DSK6713_rset
00017c64   _DSK6713_version
0001cd70   _DSK6713_wait
0001cdc8   _DSK6713_waitusec
00024900   _GPIO_config
00024020   _GPIO_open
00024c00   _GPIO_pinDirection
00024d80   _GPIO_pinEnable
00024dc0   _GPIO_pinWrite
000240e0   _GPIO_reset
00022b60   _HOSTclose
00021a60   _HOSTlseek
000224a0   _HOSTopen
00021d20   _HOSTread
00020a80   _HOSTrename
00022c60   _HOSTunlink
000225c0   _HOSTwrite
00024e00   _IRQ_enable
00024f00   _IRQ_globalDisable
00024f20   _IRQ_globalEnable
00021060   _IRQ_map
00024f40   _IRQ_nmiEnable
00022d60   _MCBSP_open
00024f60   _MCBSP_read
000213e0   _MCBSP_reset
00022e60   _MCBSP_start
00024f80   _MCBSP_write
000051bc   _ML
0000d1bc   _MR
00018ad0   _SetupReceiveBasebandSincPulseBuffer
00018c60   _SetupReceiveTrigonometricMatchedFilters
00018214   _SetupTransmitModulatedSincPulseBuffer
0001844c   _SetupTransmitModulatedSincPulseBufferDelayed
00018874   _SetupTransmitModulatedSincPulseBufferDelayedFine
0001a370   _ToggleDebugGPIO
00027d24   __CIOBUF_
00017bfc   __GPIO_intTable
00017aa4   __IRQ_dispatchTable
000179e0   __IRQ_eventTable
00025060   __IRQ_hookFetchPacket
00017a64   __IRQ_intTable
00017bc0   __MCBSP_hDev0
00017bc4   __MCBSP_hDev1
00027080   __STACK_END
00002000   __STACK_SIZE
00000400   __SYSMEM_SIZE
00000001   __TI_args_main
00024980   ___TI_cpp_init
00017c3c   ___TI_enable_exit_profile_output
ffffffff   ___TI_pprof_out_hndl
ffffffff   ___TI_prof_data_size
ffffffff   ___TI_prof_data_start
ffffffff   ___binit__
00000200   ___bss__
ffffffff   ___c_args__
00027080   ___cinit__
00000200   ___data__
00000200   ___edata__
00000200   ___end__
00025080   ___etext__
00024c60   ___isinf
ffffffff   ___pinit__
00017c80   ___text__
00024e80   __args_main
00022f60   __auto_init
000241a0   __c6xabi_divu
00023360   __c6xabi_remi
00021fa0   __c6xabi_strasgi
00023760   __cleanup
00017c34   __cleanup_ptr
00021bc0   __closefile
00027b78   __ctypes_
0001a540   __divd
00023160   __divli
000241a0   __divu
0001ff20   __divul
0001da80   __divull
00023840   __doflush
00017c38   __dtors_ptr
000244a0   __fixdli
00024a00   __fltlid
00021e60   __frcmpyd_div
00017898   __ft_end
00017578   __ftable
00017c10   __hGpioDev0
00024a80   __llshl
00024cc0   __llshru
00017c48   __lock
00024540   __mpyll
00024fa0   __negll
00024fc0   __nop
00023ae0   __nround
0001bfc0   __printfi
00023360   __remi
000245e0   __remli
00025080   __stack
00023bc0   __strasg
00021fa0   __strasgi
00024d20   __subcull
00027778   __sys_memory
00017758   __tmpnams
00024ec0   __trunc
00017c4c   __unlock
000226e0   __wrt_ok
00025020   _abort
00017518   _age
80000000   _allMyDelayedWaveforms
000171e0   _amSending
000171e2   _amWaiting
000203c0   _atan
000218c0   _atan2
000220e0   _atoi
00000abc   _basebandSincRef
00000200   _buf
00000a7e   _bufindex
00024b00   _c_int00
000151c0   _calc_head
000171ec   _calculation_done
000051a8   _cde_index
000171f6   _clk_flag
00022800   _close
0000507c   _coarse_delay_estimate
00017528   _config
00024260   _copy_in
00000a80   _corrSumCosine
00000a88   _corrSumIncoherent
00000a84   _corrSumSine
000004dc   _corr_c
000004d0   _corr_max
000004d8   _corr_max_c
00000a7c   _corr_max_lag
000004d4   _corr_max_s
000006bc   _corr_s
0001e840   _cos
000171f8   _debug_history
00005078   _dedicated_clk
000159cc   _delayedWaveformBuffer
00002ca0   _downMixedCosine
00003e80   _downMixedSine
00017aac   _errno
000171d6   _even
00023ca0   _exit
000051aa   _fde_index
000050e0   _fine_delay_estimate
000173d8   _float_history
0001fc80   _fputc
0001c520   _fputs
0001de00   _free
00022920   _frexp
00021220   _fseek
0001a0d0   _gpioInit
0001a230   _gpioToggle
00017558   _gpio_config
00017554   _gpio_handle
00017524   _hCodec
00017550   _hGpio
000151c6   _halfSinc
00000a8c   _i
00017298   _index_history
0001a348   _isSincInSameWindowHuh
00000a8e   _j
00000a90   _k
00017574   _led_prev
000051ac   _local_carrier_phase
00023460   _lseek
00022220   _ltoa
00017d00   _main
00020600   _malloc
000002f0   _matchedFilterCosine
000003e0   _matchedFilterSine
0000506c   _max_recbuf
000051b8   _max_samp
00024b80   _memccpy
00020840   _memcpy
00022a40   _memset
00023e60   _modf
00005074   _myage
000051b0   _phase_correction_factor
0001929c   _playRecordingStateCodeISR
0000506e   _playback_scale
00023560   _printf
0001fc80   _putc
000051ad   _r
00024680   _readmsg
00001ac0   _recbuf
0000507a   _recbuf_start_clock
00005060   _recbufindex
00025040   _remove
000171da   _response_buf_idx
000171dc   _response_buf_idx_clk
000171de   _response_buf_idx_max
000171d8   _response_done
00019358   _runCalculationStateCodeISR
00019de8   _runReceivedPulseBufferDownmixing
00019528   _runReceviedSincPulseTimingAnalysis
000191b0   _runRecordingStateCodeISR
00019498   _runResponseClkSinc
00019360   _runResponseStateCodeISR
00018dfc   _runSearchingStateCodeISR
000151bc   _run_head
000151be   _run_head_sl
0000089c   _s
0001b320   _serialPortRcvISR
00018664   _setupTransmitBuffer
0001f720   _setvbuf
0001f180   _sin
000171e4   _sinc_launch
000171e6   _sinc_roundtrip_time
000151c8   _standardWaveformBuffer
00005064   _state
00000a98   _t
000161d0   _tModulatedSincPulse
000169d4   _tModulatedSincPulse_delayed
00017520   _tempInput
0001751c   _tempOutput
00000ab0   _tf
00017c80   _toggle_LED
000247c0   _unlink
000171f0   _v_clk
0000506a   _vclock_complement
00005068   _vclock_counter
000171e8   _vclock_offset
000151c2   _vir_clock_start
00005070   _wait_count
00023660   _write
00024860   _writemsg
00000aa0   _x
00000ab4   _xf
00000aa8   _y
00000ab8   _yf
ffffffff   binit
00027080   cinit
00000200   edata
00000200   end
00025080   etext
ffffffff   pinit


GLOBAL SYMBOLS: SORTED BY Symbol Address 

address    name
--------   ----
00000001   __TI_args_main
00000200   $bss
00000200   .bss
00000200   .data
00000200   ___bss__
00000200   ___data__
00000200   ___edata__
00000200   ___end__
00000200   _buf
00000200   edata
00000200   end
000002f0   _matchedFilterCosine
000003e0   _matchedFilterSine
00000400   __SYSMEM_SIZE
000004d0   _corr_max
000004d4   _corr_max_s
000004d8   _corr_max_c
000004dc   _corr_c
000006bc   _corr_s
0000089c   _s
00000a7c   _corr_max_lag
00000a7e   _bufindex
00000a80   _corrSumCosine
00000a84   _corrSumSine
00000a88   _corrSumIncoherent
00000a8c   _i
00000a8e   _j
00000a90   _k
00000a98   _t
00000aa0   _x
00000aa8   _y
00000ab0   _tf
00000ab4   _xf
00000ab8   _yf
00000abc   _basebandSincRef
00001ac0   _recbuf
00002000   __STACK_SIZE
00002ca0   _downMixedCosine
00003e80   _downMixedSine
00005060   _recbufindex
00005064   _state
00005068   _vclock_counter
0000506a   _vclock_complement
0000506c   _max_recbuf
0000506e   _playback_scale
00005070   _wait_count
00005074   _myage
00005078   _dedicated_clk
0000507a   _recbuf_start_clock
0000507c   _coarse_delay_estimate
000050e0   _fine_delay_estimate
000051a8   _cde_index
000051aa   _fde_index
000051ac   _local_carrier_phase
000051ad   _r
000051b0   _phase_correction_factor
000051b8   _max_samp
000051bc   _ML
0000d1bc   _MR
000151bc   _run_head
000151be   _run_head_sl
000151c0   _calc_head
000151c2   _vir_clock_start
000151c4   _CurTime
000151c6   _halfSinc
000151c8   _standardWaveformBuffer
000159cc   _delayedWaveformBuffer
000161d0   _tModulatedSincPulse
000169d4   _tModulatedSincPulse_delayed
000171d6   _even
000171d8   _response_done
000171da   _response_buf_idx
000171dc   _response_buf_idx_clk
000171de   _response_buf_idx_max
000171e0   _amSending
000171e2   _amWaiting
000171e4   _sinc_launch
000171e6   _sinc_roundtrip_time
000171e8   _vclock_offset
000171ea   _ClockPulse
000171ec   _calculation_done
000171f0   _v_clk
000171f6   _clk_flag
000171f8   _debug_history
00017298   _index_history
000173d8   _float_history
00017518   _age
0001751c   _tempOutput
00017520   _tempInput
00017524   _hCodec
00017528   _config
00017550   _hGpio
00017554   _gpio_handle
00017558   _gpio_config
00017574   _led_prev
00017578   __ftable
00017758   __tmpnams
00017898   __ft_end
000179e0   __IRQ_eventTable
00017a64   __IRQ_intTable
00017aa4   __IRQ_dispatchTable
00017aac   _errno
00017bc0   __MCBSP_hDev0
00017bc4   __MCBSP_hDev1
00017bfc   __GPIO_intTable
00017c10   __hGpioDev0
00017c34   __cleanup_ptr
00017c38   __dtors_ptr
00017c3c   ___TI_enable_exit_profile_output
00017c40   _DSK6713_AIC23_codeccontrolhandle
00017c44   _DSK6713_AIC23_codecdatahandle
00017c48   __lock
00017c4c   __unlock
00017c64   _DSK6713_version
00017c80   .text
00017c80   ___text__
00017c80   _toggle_LED
00017d00   _main
00018214   _SetupTransmitModulatedSincPulseBuffer
0001844c   _SetupTransmitModulatedSincPulseBufferDelayed
00018664   _setupTransmitBuffer
00018874   _SetupTransmitModulatedSincPulseBufferDelayedFine
00018ad0   _SetupReceiveBasebandSincPulseBuffer
00018c60   _SetupReceiveTrigonometricMatchedFilters
00018dfc   _runSearchingStateCodeISR
000191b0   _runRecordingStateCodeISR
0001929c   _playRecordingStateCodeISR
00019358   _runCalculationStateCodeISR
00019360   _runResponseStateCodeISR
00019498   _runResponseClkSinc
00019528   _runReceviedSincPulseTimingAnalysis
00019de8   _runReceivedPulseBufferDownmixing
0001a0d0   _gpioInit
0001a230   _gpioToggle
0001a348   _isSincInSameWindowHuh
0001a370   _ToggleDebugGPIO
0001a540   __divd
0001b320   _serialPortRcvISR
0001bfc0   __printfi
0001c520   _fputs
0001ca2c   _DSK6713_init
0001cd48   _DSK6713_rget
0001cd5c   _DSK6713_rset
0001cd70   _DSK6713_wait
0001cdc8   _DSK6713_waitusec
0001cdf4   _DSK6713_getVersion
0001da80   __divull
0001de00   _free
0001e840   _cos
0001ee80   _DSK6713_AIC23_openCodec
0001f180   _sin
0001f720   _setvbuf
0001fc80   _fputc
0001fc80   _putc
0001ff20   __divul
000203c0   _atan
00020600   _malloc
00020840   _memcpy
00020a80   _HOSTrename
00020e80   _DSK6713_LED_init
00020ec0   _DSK6713_LED_off
00020f30   _DSK6713_LED_on
00020fa0   _DSK6713_LED_toggle
00021060   _IRQ_map
00021220   _fseek
000213e0   _MCBSP_reset
000218c0   _atan2
00021a60   _HOSTlseek
00021bc0   __closefile
00021d20   _HOSTread
00021e60   __frcmpyd_div
00021fa0   __c6xabi_strasgi
00021fa0   __strasgi
000220e0   _atoi
00022220   _ltoa
00022360   _DSK6713_AIC23_rset
000223f8   _DSK6713_AIC23_rget
00022420   _DSK6713_AIC23_config
000224a0   _HOSTopen
000225c0   _HOSTwrite
000226e0   __wrt_ok
00022800   _close
00022920   _frexp
00022a40   _memset
00022b60   _HOSTclose
00022c60   _HOSTunlink
00022d60   _MCBSP_open
00022e60   _MCBSP_start
00022f60   __auto_init
00023160   __divli
00023360   __c6xabi_remi
00023360   __remi
00023460   _lseek
00023560   _printf
00023660   _write
00023760   __cleanup
00023840   __doflush
00023ae0   __nround
00023bc0   __strasg
00023ca0   _exit
00023e60   _modf
00024020   _GPIO_open
000240e0   _GPIO_reset
000241a0   __c6xabi_divu
000241a0   __divu
00024260   _copy_in
000243e0   _DSK6713_AIC23_setFreq
000244a0   __fixdli
00024540   __mpyll
000245e0   __remli
00024680   _readmsg
000247c0   _unlink
00024860   _writemsg
000248d8   C$$IO$$
00024900   _GPIO_config
00024980   ___TI_cpp_init
00024a00   __fltlid
00024a80   __llshl
00024b00   _c_int00
00024b80   _memccpy
00024c00   _GPIO_pinDirection
00024c60   ___isinf
00024cc0   __llshru
00024d20   __subcull
00024d80   _GPIO_pinEnable
00024dc0   _GPIO_pinWrite
00024e00   _IRQ_enable
00024e80   __args_main
00024ec0   __trunc
00024f00   _IRQ_globalDisable
00024f20   _IRQ_globalEnable
00024f40   _IRQ_nmiEnable
00024f60   _MCBSP_read
00024f80   _MCBSP_write
00024fa0   __negll
00024fc0   __nop
00025020   C$$EXIT
00025020   _abort
00025040   _remove
00025060   __IRQ_hookFetchPacket
00025080   ___etext__
00025080   __stack
00025080   etext
00027080   __STACK_END
00027080   ___cinit__
00027080   cinit
00027778   __sys_memory
00027b78   __ctypes_
00027d24   __CIOBUF_
80000000   _allMyDelayedWaveforms
ffffffff   ___TI_pprof_out_hndl
ffffffff   ___TI_prof_data_size
ffffffff   ___TI_prof_data_start
ffffffff   ___binit__
ffffffff   ___c_args__
ffffffff   ___pinit__
ffffffff   binit
ffffffff   pinit

[258 symbols]
