******************************************************************************
               TMS320C6x Linker PC v7.4.8                      
******************************************************************************
>> Linked Wed Feb 25 08:49:51 2015

OUTPUT FILE NAME:   <time_stamper_master.out>
ENTRY POINT SYMBOL: "_c_int00"  address: 0000b8c0


MEMORY CONFIGURATION

         name            origin    length      used     unused   attr    fill
----------------------  --------  ---------  --------  --------  ----  --------
  VECS                  00000000   00000200  00000200  00000000  RWIX
  IRAM                  00000200   0002fe00  00012408  0001d9f8  RWIX
  L2RAM                 00030000   00010000  00000000  00010000  RWIX
  EMIFCE0               80000000   10000000  00000000  10000000  RWIX
  EMIFCE1               90000000   10000000  00000000  10000000  RWIX
  EMIFCE2               a0000000   10000000  00000000  10000000  RWIX
  EMIFCE3               b0000000   10000000  00000000  10000000  RWIX


SECTION ALLOCATION MAP

 output                                  attributes/
section   page    origin      length       input sections
--------  ----  ----------  ----------   ----------------
vectors    0    00000000    00000200     
                  00000000    00000200     vectors.obj (vectors)

.pinit     0    00000200    00000000     UNINITIALIZED

.text      0    00000200    0000bb60     
                  00000200    000013e0     time_stamper_master.obj (.text)
                  000015e0    000007c0     time_stamper_master.obj (.text:retain)
                  00001da0    00000720     rts6700.lib : divd.obj (.text:__divd)
                  000024c0    000006c0                 : _printfi.obj (.text:__getarg_diouxp)
                  00002b80    00000640                 : _printfi.obj (.text:__setfield)
                  000031c0    00000560                 : _printfi.obj (.text:__printfi)
                  00003720    000004c0                 : fputs.obj (.text:_fputs)
                  00003be0    00000480     dsk6713bsl.lib : dsk6713.obj (.text)
                  00004060    00000420     rts6700.lib : _printfi.obj (.text:_fcvt)
                  00004480    00000400                 : _printfi.obj (.text:__pproc_fge)
                  00004880    00000400                 : _printfi.obj (.text:_ecvt)
                  00004c80    00000380                 : imath64.obj (.text:__divull)
                  00005000    00000380                 : memory.obj (.text:_free)
                  00005380    00000360                 : _printfi.obj (.text:__pconv_e)
                  000056e0    00000360                 : _printfi.obj (.text:__pproc_fwp)
                  00005a40    00000340                 : cos.obj (.text:_cos)
                  00005d80    00000300                 : _printfi.obj (.text:__pproc_diouxp)
                  00006080    00000300     dsk6713bsl.lib : dsk6713_aic23_opencodec.obj (.text)
                  00006380    000002e0     rts6700.lib : sin.obj (.text:_sin)
                  00006660    000002c0                 : _printfi.obj (.text:__pproc_str)
                  00006920    000002c0                 : setvbuf.obj (.text:_setvbuf)
                  00006be0    000002a0                 : _printfi.obj (.text:__pconv_g)
                  00006e80    000002a0                 : fputc.obj (.text:_fputc)
                  00007120    00000260                 : imath40.obj (.text:__divul)
                  00007380    00000240                 : _printfi.obj (.text:__mcpy)
                  000075c0    00000240                 : atan.obj (.text:_atan)
                  00007800    00000240                 : memory.obj (.text:_malloc)
                  00007a40    00000240                 : memcpy62.obj (.text:_memcpy)
                  00007c80    00000220                 : trgdrv.obj (.text:_HOSTrename)
                  00007ea0    000001e0                 : lowlev.obj (.text:_getdevice)
                  00008080    000001e0     dsk6713bsl.lib : dsk6713_led.obj (.text)
                  00008260    000001c0     csl6713.lib : csl_irq.obj (.text:_IRQ_map)
                  00008420    000001c0     rts6700.lib : fseek.obj (.text:_fseek)
                  000085e0    000001a0     csl6713.lib : csl_mcbsp.obj (.text:_MCBSP_reset)
                  00008780    000001a0     rts6700.lib : _printfi.obj (.text:__ltostr)
                  00008920    000001a0                 : _printfi.obj (.text:__pproc_fflags)
                  00008ac0    000001a0                 : atan2.obj (.text:_atan2)
                  00008c60    00000160                 : trgdrv.obj (.text:_HOSTlseek)
                  00008dc0    00000160                 : fclose.obj (.text:__closefile)
                  00008f20    00000140                 : trgdrv.obj (.text:_HOSTread)
                  00009060    00000140                 : frcmpyd_div.obj (.text:__frcmpyd_div)
                  000091a0    00000140                 : atoi.obj (.text:_atoi)
                  000092e0    00000140                 : ltoa.obj (.text:_ltoa)
                  00009420    00000140     dsk6713bsl.lib : dsk6713_aic23_registers.obj (.text)
                  00009560    00000120     rts6700.lib : trgdrv.obj (.text:_HOSTopen)
                  00009680    00000120                 : trgdrv.obj (.text:_HOSTwrite)
                  000097a0    00000120                 : _io_perm.obj (.text:__wrt_ok)
                  000098c0    00000120                 : lowlev.obj (.text:_close)
                  000099e0    00000120                 : frexp.obj (.text:_frexp)
                  00009b00    00000120                 : memset.obj (.text:_memset)
                  00009c20    00000100                 : trgdrv.obj (.text:_HOSTclose)
                  00009d20    00000100                 : trgdrv.obj (.text:_HOSTunlink)
                  00009e20    00000100     csl6713.lib : csl_mcbsp.obj (.text:_MCBSP_open)
                  00009f20    00000100                 : csl_mcbsp.obj (.text:_MCBSP_start)
                  0000a020    00000100     rts6700.lib : autoinit.obj (.text:__auto_init)
                  0000a120    00000100                 : _printfi.obj (.text:__div)
                  0000a220    00000100                 : imath40.obj (.text:__divli)
                  0000a320    00000100                 : _printfi.obj (.text:__pconv_f)
                  0000a420    00000100                 : lowlev.obj (.text:_lseek)
                  0000a520    00000100                 : printf.obj (.text:_printf)
                  0000a620    00000100                 : lowlev.obj (.text:_write)
                  0000a720    000000e0                 : fopen.obj (.text:__cleanup)
                  0000a800    000000e0                 : fflush.obj (.text:__doflush)
                  0000a8e0    000000e0                 : _printfi.obj (.text:__ecpy)
                  0000a9c0    000000e0                 : _printfi.obj (.text:__fcpy)
                  0000aaa0    000000e0                 : round.obj (.text:__nround)
                  0000ab80    000000e0                 : strasg.obj (.text:__strasg)
                  0000ac60    000000e0                 : exit.obj (.text:_exit)
                  0000ad40    000000e0                 : memory.obj (.text:_minsert)
                  0000ae20    000000e0                 : modf.obj (.text:_modf)
                  0000af00    000000e0                 : memory.obj (.text:_mremove)
                  0000afe0    000000c0                 : divu.obj (.text:__divu)
                  0000b0a0    000000c0                 : cpy_tbl.obj (.text:_copy_in)
                  0000b160    000000c0                 : lowlev.obj (.text:_finddevice)
                  0000b220    000000c0     dsk6713bsl.lib : dsk6713_aic23_setfreq.obj (.text)
                  0000b2e0    000000a0     rts6700.lib : fixdli.obj (.text:__fixdli)
                  0000b380    000000a0                 : mpyll.obj (.text:__mpyll)
                  0000b420    000000a0                 : imath40.obj (.text:__remli)
                  0000b4c0    000000a0                 : trgmsg.obj (.text:_readmsg)
                  0000b560    000000a0     csl6713.lib : csl_irq.obj (.text:_setMux)
                  0000b600    000000a0     rts6700.lib : lowlev.obj (.text:_unlink)
                  0000b6a0    000000a0                 : trgmsg.obj (.text:_writemsg)
                  0000b740    00000080                 : cpp_init.obj (.text:___TI_cpp_init)
                  0000b7c0    00000080                 : fltlid.obj (.text:__fltlid)
                  0000b840    00000080                 : llshift.obj (.text:__llshl)
                  0000b8c0    00000080                 : boot.obj (.text:_c_int00)
                  0000b940    00000080                 : memccpy.obj (.text:_memccpy)
                  0000b9c0    00000060                 : isinf.obj (.text:___isinf)
                  0000ba20    00000060                 : llshift.obj (.text:__llshru)
                  0000ba80    00000060                 : imath64.obj (.text:__subcull)
                  0000bae0    00000040     csl6713.lib : csl_irq.obj (.text:_IRQ_enable)
                  0000bb20    00000040     rts6700.lib : _printfi.obj (.text:___isnan)
                  0000bb60    00000040                 : args_main.obj (.text:__args_main)
                  0000bba0    00000040                 : trunc.obj (.text:__trunc)
                  0000bbe0    00000020     csl6713.lib : csl_irq.obj (.text:_IRQ_globalDisable)
                  0000bc00    00000020                 : csl_irq.obj (.text:_IRQ_globalEnable)
                  0000bc20    00000020                 : csl_irq.obj (.text:_IRQ_nmiEnable)
                  0000bc40    00000020                 : csl_mcbsp.obj (.text:_MCBSP_read)
                  0000bc60    00000020                 : csl_mcbsp.obj (.text:_MCBSP_write)
                  0000bc80    00000020     rts6700.lib : negll.obj (.text:__negll)
                  0000bca0    00000020                 : _lock.obj (.text:__nop)
                  0000bcc0    00000020                 : printf.obj (.text:__outc)
                  0000bce0    00000020                 : printf.obj (.text:__outs)
                  0000bd00    00000020                 : exit.obj (.text:_abort)
                  0000bd20    00000020                 : remove.obj (.text:_remove)
                  0000bd40    00000020     csl6713.lib : csl_irq.obj (.text)

.bss       0    00000200    00000000     UNINITIALIZED

.data      0    00000200    00000000     UNINITIALIZED

.far       0    0000bd60    000058a4     UNINITIALIZED
                  0000bd60    000051d8     time_stamper_master.obj (.far)
                  00010f38    00000324     rts6700.lib : defs.obj (.far)
                  0001125c    0000011c                 : lowlev.obj (.far)
                  00011378    000000f4     csl6713.lib : csl_irq.obj (.far)
                  0001146c    00000004     rts6700.lib : errno.obj (.far)
                  00011470    00000060                 : atan.obj (.far)
                  000114d0    00000040                 : cos.obj (.far)
                  00011510    00000040                 : sin.obj (.far)
                  00011550    00000038     csl6713.lib : csl_mcbsp.obj (.far)
                  00011588    00000028     dsk6713bsl.lib : dsk6713_aic23_registers.obj (.far)
                  000115b0    00000020                    : dsk6713_aic23_setfreq.obj (.far)
                  000115d0    0000000c     rts6700.lib : exit.obj (.far)
                  000115dc    00000008     dsk6713bsl.lib : dsk6713_aic23_opencodec.obj (.far)
                  000115e4    00000008     rts6700.lib : _lock.obj (.far)
                  000115ec    00000008                 : memory.obj (.far)
                  000115f4    00000008                 : trgdrv.obj (.far)
                  000115fc    00000004                 : fopen.obj (.far)
                  00011600    00000002     dsk6713bsl.lib : dsk6713.obj (.far)
                  00011602    00000002                    : dsk6713_led.obj (.far)

.cinit     0    00011608    00000554     
                  00011608    0000012c     csl6713.lib : csl_irq.obj (.cinit)
                  00011734    00000004     --HOLE-- [fill = 0]
                  00011738    00000110     time_stamper_master.obj (.cinit)
                  00011848    00000070     rts6700.lib : atan.obj (.cinit)
                  000118b8    0000005c                 : defs.obj (.cinit)
                  00011914    00000004     --HOLE-- [fill = 0]
                  00011918    0000005c                 : lowlev.obj (.cinit)
                  00011974    00000004     --HOLE-- [fill = 0]
                  00011978    00000054     csl6713.lib : csl_mcbsp.obj (.cinit)
                  000119cc    00000004     --HOLE-- [fill = 0]
                  000119d0    00000048     rts6700.lib : cos.obj (.cinit)
                  00011a18    00000048                 : sin.obj (.cinit)
                  00011a60    00000030     dsk6713bsl.lib : dsk6713_aic23_registers.obj (.cinit)
                  00011a90    0000002c     rts6700.lib : exit.obj (.cinit)
                  00011abc    00000004     --HOLE-- [fill = 0]
                  00011ac0    0000002c                 : memory.obj (.cinit)
                  00011aec    00000004     --HOLE-- [fill = 0]
                  00011af0    00000028     dsk6713bsl.lib : dsk6713_aic23_setfreq.obj (.cinit)
                  00011b18    0000001c     rts6700.lib : _lock.obj (.cinit)
                  00011b34    00000004     --HOLE-- [fill = 0]
                  00011b38    0000000c                 : errno.obj (.cinit)
                  00011b44    00000004     --HOLE-- [fill = 0]
                  00011b48    0000000c                 : fopen.obj (.cinit)
                  00011b54    00000004     --HOLE-- [fill = 0]
                  00011b58    00000004     (.pad.cinit) [fill = 0]

.stack     0    00011b60    00000400     UNINITIALIZED
                  00011b60    00000008     rts6700.lib : boot.obj (.stack)
                  00011b68    000003f8     --HOLE--

.sysmem    0    00011f60    00000400     UNINITIALIZED
                  00011f60    00000008     rts6700.lib : memory.obj (.sysmem)
                  00011f68    000003f8     --HOLE--

.const     0    00012360    00000190     
                  00012360    00000101     rts6700.lib : ctype.obj (.const:.string:__ctypes_)
                  00012461    00000002                 : fputs.obj (.const:.string)
                  00012463    00000001     --HOLE-- [fill = 0]
                  00012464    00000040     dsk6713bsl.lib : dsk6713_aic23_opencodec.obj (.const)
                  000124a4    00000023     rts6700.lib : _printfi.obj (.const:.string)
                  000124c7    00000001     --HOLE-- [fill = 0]
                  000124c8    00000020     dsk6713bsl.lib : dsk6713.obj (.const)
                  000124e8    00000008     time_stamper_master.obj (.const:.string)

.cio       0    000124f0    00000120     UNINITIALIZED
                  000124f0    00000120     rts6700.lib : trgmsg.obj (.cio)


GLOBAL SYMBOLS: SORTED ALPHABETICALLY BY Name 

address    name
--------   ----
00000200   $bss
00000200   .bss
00000200   .data
00000200   .text
0000bd00   C$$EXIT
0000b718   C$$IO$$
000115dc   _DSK6713_AIC23_codeccontrolhandle
000115e0   _DSK6713_AIC23_codecdatahandle
000094e0   _DSK6713_AIC23_config
00006080   _DSK6713_AIC23_openCodec
000094b8   _DSK6713_AIC23_rget
00009420   _DSK6713_AIC23_rset
0000b220   _DSK6713_AIC23_setFreq
00008080   _DSK6713_LED_init
000080c0   _DSK6713_LED_off
00008130   _DSK6713_LED_on
000081a0   _DSK6713_LED_toggle
00003ff4   _DSK6713_getVersion
00003c2c   _DSK6713_init
00003f48   _DSK6713_rget
00003f5c   _DSK6713_rset
00011600   _DSK6713_version
00003f70   _DSK6713_wait
00003fc8   _DSK6713_waitusec
00009c20   _HOSTclose
00008c60   _HOSTlseek
00009560   _HOSTopen
00008f20   _HOSTread
00007c80   _HOSTrename
00009d20   _HOSTunlink
00009680   _HOSTwrite
00010f0a   _HighSample
0000bae0   _IRQ_enable
0000bbe0   _IRQ_globalDisable
0000bc00   _IRQ_globalEnable
00008260   _IRQ_map
0000bc20   _IRQ_nmiEnable
00009e20   _MCBSP_open
0000bc40   _MCBSP_read
000085e0   _MCBSP_reset
00009f20   _MCBSP_start
0000bc60   _MCBSP_write
000124f0   __CIOBUF_
00011464   __IRQ_dispatchTable
000113a0   __IRQ_eventTable
0000bd40   __IRQ_hookFetchPacket
00011424   __IRQ_intTable
00011580   __MCBSP_hDev0
00011584   __MCBSP_hDev1
00011f60   __STACK_END
00000400   __STACK_SIZE
00000400   __SYSMEM_SIZE
00000001   __TI_args_main
0000b740   ___TI_cpp_init
000115d8   ___TI_enable_exit_profile_output
ffffffff   ___TI_pprof_out_hndl
ffffffff   ___TI_prof_data_size
ffffffff   ___TI_prof_data_start
ffffffff   ___binit__
00000200   ___bss__
ffffffff   ___c_args__
00011608   ___cinit__
00000200   ___data__
00000200   ___edata__
00000200   ___end__
0000bd60   ___etext__
0000b9c0   ___isinf
ffffffff   ___pinit__
00000200   ___text__
0000bb60   __args_main
0000a020   __auto_init
0000afe0   __c6xabi_divu
0000a720   __cleanup
000115d0   __cleanup_ptr
00008dc0   __closefile
00012360   __ctypes_
00001da0   __divd
0000a220   __divli
0000afe0   __divu
00007120   __divul
00004c80   __divull
0000a800   __doflush
000115d4   __dtors_ptr
0000b2e0   __fixdli
0000b7c0   __fltlid
00009060   __frcmpyd_div
00011258   __ft_end
00010f38   __ftable
0000b840   __llshl
0000ba20   __llshru
000115e4   __lock
0000b380   __mpyll
0000bc80   __negll
0000bca0   __nop
0000aaa0   __nround
000031c0   __printfi
0000b420   __remli
00011b60   __stack
0000ab80   __strasg
0000ba80   __subcull
00011f60   __sys_memory
00011118   __tmpnams
0000bba0   __trunc
000115e8   __unlock
000097a0   __wrt_ok
0000bd00   _abort
00010f08   _amSending
000075c0   _atan
00008ac0   _atan2
000091a0   _atoi
0000c338   _bbsinc
0000bd60   _buf
0000c30e   _bufindex
0000b8c0   _c_int00
0001071c   _cde_index
000098c0   _close
000105f0   _coarse_delay_estimate
00010f10   _config
0000b0a0   _copy_in
0000bf4c   _corr_c
0000bf40   _corr_max
0000bf48   _corr_max_c
0000c30c   _corr_max_lag
0000bf44   _corr_max_s
0000c08c   _corr_s
00005a40   _cos
0001146c   _errno
0000ac60   _exit
00010654   _fine_delay_estimate
00006e80   _fputc
00003720   _fputs
00005000   _free
000099e0   _frexp
00008420   _fseek
00010f0c   _hCodec
0001072c   _halfSinc
0000c31c   _i
0000c31e   _j
0001071e   _local_carrier_phase
0000a420   _lseek
000092e0   _ltoa
00000200   _main
00007800   _malloc
00010728   _max_samp
0000b940   _memccpy
00007a40   _memcpy
00009b00   _memset
0000be00   _mfc
0000bea0   _mfs
0000ae20   _modf
00010730   _outputBuf
00010720   _phase_correction_factor
0000a520   _printf
00006e80   _putc
0001071f   _r
0000b4c0   _readmsg
0000d2dc   _recbuf
000105ec   _recbuf_start_clock
0001057c   _recbufindex
0000bd20   _remove
00010f04   _response_buf_idx
00010f06   _response_buf_idx_max
00010f02   _response_done
0000c1cc   _s
000015e0   _serialPortRcvISR
00006920   _setvbuf
00006380   _sin
00010580   _state
0000c320   _t
0000b600   _unlink
00010584   _vclock_counter
00010588   _vir_clock_history
0001072a   _vir_clock_start
0000a620   _write
0000b6a0   _writemsg
0000c328   _x
0000c330   _y
0000e3bc   _yc
0000f49c   _ys
0000c318   _z
0000c310   _zc
0000c314   _zs
ffffffff   binit
00011608   cinit
00000200   edata
00000200   end
0000bd60   etext
ffffffff   pinit


GLOBAL SYMBOLS: SORTED BY Symbol Address 

address    name
--------   ----
00000001   __TI_args_main
00000200   $bss
00000200   .bss
00000200   .data
00000200   .text
00000200   ___bss__
00000200   ___data__
00000200   ___edata__
00000200   ___end__
00000200   ___text__
00000200   _main
00000200   edata
00000200   end
00000400   __STACK_SIZE
00000400   __SYSMEM_SIZE
000015e0   _serialPortRcvISR
00001da0   __divd
000031c0   __printfi
00003720   _fputs
00003c2c   _DSK6713_init
00003f48   _DSK6713_rget
00003f5c   _DSK6713_rset
00003f70   _DSK6713_wait
00003fc8   _DSK6713_waitusec
00003ff4   _DSK6713_getVersion
00004c80   __divull
00005000   _free
00005a40   _cos
00006080   _DSK6713_AIC23_openCodec
00006380   _sin
00006920   _setvbuf
00006e80   _fputc
00006e80   _putc
00007120   __divul
000075c0   _atan
00007800   _malloc
00007a40   _memcpy
00007c80   _HOSTrename
00008080   _DSK6713_LED_init
000080c0   _DSK6713_LED_off
00008130   _DSK6713_LED_on
000081a0   _DSK6713_LED_toggle
00008260   _IRQ_map
00008420   _fseek
000085e0   _MCBSP_reset
00008ac0   _atan2
00008c60   _HOSTlseek
00008dc0   __closefile
00008f20   _HOSTread
00009060   __frcmpyd_div
000091a0   _atoi
000092e0   _ltoa
00009420   _DSK6713_AIC23_rset
000094b8   _DSK6713_AIC23_rget
000094e0   _DSK6713_AIC23_config
00009560   _HOSTopen
00009680   _HOSTwrite
000097a0   __wrt_ok
000098c0   _close
000099e0   _frexp
00009b00   _memset
00009c20   _HOSTclose
00009d20   _HOSTunlink
00009e20   _MCBSP_open
00009f20   _MCBSP_start
0000a020   __auto_init
0000a220   __divli
0000a420   _lseek
0000a520   _printf
0000a620   _write
0000a720   __cleanup
0000a800   __doflush
0000aaa0   __nround
0000ab80   __strasg
0000ac60   _exit
0000ae20   _modf
0000afe0   __c6xabi_divu
0000afe0   __divu
0000b0a0   _copy_in
0000b220   _DSK6713_AIC23_setFreq
0000b2e0   __fixdli
0000b380   __mpyll
0000b420   __remli
0000b4c0   _readmsg
0000b600   _unlink
0000b6a0   _writemsg
0000b718   C$$IO$$
0000b740   ___TI_cpp_init
0000b7c0   __fltlid
0000b840   __llshl
0000b8c0   _c_int00
0000b940   _memccpy
0000b9c0   ___isinf
0000ba20   __llshru
0000ba80   __subcull
0000bae0   _IRQ_enable
0000bb60   __args_main
0000bba0   __trunc
0000bbe0   _IRQ_globalDisable
0000bc00   _IRQ_globalEnable
0000bc20   _IRQ_nmiEnable
0000bc40   _MCBSP_read
0000bc60   _MCBSP_write
0000bc80   __negll
0000bca0   __nop
0000bd00   C$$EXIT
0000bd00   _abort
0000bd20   _remove
0000bd40   __IRQ_hookFetchPacket
0000bd60   ___etext__
0000bd60   _buf
0000bd60   etext
0000be00   _mfc
0000bea0   _mfs
0000bf40   _corr_max
0000bf44   _corr_max_s
0000bf48   _corr_max_c
0000bf4c   _corr_c
0000c08c   _corr_s
0000c1cc   _s
0000c30c   _corr_max_lag
0000c30e   _bufindex
0000c310   _zc
0000c314   _zs
0000c318   _z
0000c31c   _i
0000c31e   _j
0000c320   _t
0000c328   _x
0000c330   _y
0000c338   _bbsinc
0000d2dc   _recbuf
0000e3bc   _yc
0000f49c   _ys
0001057c   _recbufindex
00010580   _state
00010584   _vclock_counter
00010588   _vir_clock_history
000105ec   _recbuf_start_clock
000105f0   _coarse_delay_estimate
00010654   _fine_delay_estimate
0001071c   _cde_index
0001071e   _local_carrier_phase
0001071f   _r
00010720   _phase_correction_factor
00010728   _max_samp
0001072a   _vir_clock_start
0001072c   _halfSinc
00010730   _outputBuf
00010f02   _response_done
00010f04   _response_buf_idx
00010f06   _response_buf_idx_max
00010f08   _amSending
00010f0a   _HighSample
00010f0c   _hCodec
00010f10   _config
00010f38   __ftable
00011118   __tmpnams
00011258   __ft_end
000113a0   __IRQ_eventTable
00011424   __IRQ_intTable
00011464   __IRQ_dispatchTable
0001146c   _errno
00011580   __MCBSP_hDev0
00011584   __MCBSP_hDev1
000115d0   __cleanup_ptr
000115d4   __dtors_ptr
000115d8   ___TI_enable_exit_profile_output
000115dc   _DSK6713_AIC23_codeccontrolhandle
000115e0   _DSK6713_AIC23_codecdatahandle
000115e4   __lock
000115e8   __unlock
00011600   _DSK6713_version
00011608   ___cinit__
00011608   cinit
00011b60   __stack
00011f60   __STACK_END
00011f60   __sys_memory
00012360   __ctypes_
000124f0   __CIOBUF_
ffffffff   ___TI_pprof_out_hndl
ffffffff   ___TI_prof_data_size
ffffffff   ___TI_prof_data_start
ffffffff   ___binit__
ffffffff   ___c_args__
ffffffff   ___pinit__
ffffffff   binit
ffffffff   pinit

[188 symbols]
