******************************************************************************
               TMS320C6x Linker PC v7.4.12                     
******************************************************************************
>> Linked Tue Apr 07 14:54:15 2015

OUTPUT FILE NAME:   <time_stamper_master.out>
ENTRY POINT SYMBOL: "_c_int00"  address: 00011f20


MEMORY CONFIGURATION

         name            origin    length      used     unused   attr    fill
----------------------  --------  ---------  --------  --------  ----  --------
  VECS                  00000000   00000200  00000200  00000000  RWIX
  IRAM                  00000200   0002fe00  00012cb8  0001d148  RWIX
  L2RAM                 00030000   00010000  00000000  00010000  RWIX
  EMIFCE0               80000000   10000000  00000000  10000000  RWIX
  EMIFCE1               90000000   10000000  00000000  10000000  RWIX
  EMIFCE2               a0000000   10000000  00000000  10000000  RWIX
  EMIFCE3               b0000000   10000000  00000000  10000000  RWIX


SECTION ALLOCATION MAP

 output                                  attributes/
section   page    origin      length       input sections
--------  ----  ----------  ----------   ----------------
.pinit     0    00000200    00000000     UNINITIALIZED

vectors    0    00000000    00000200     
                  00000000    00000200     vectors.obj (vectors)

.bss       0    00000200    00000000     UNINITIALIZED

.data      0    00000200    00000000     UNINITIALIZED

.far       0    00000200    0000d0f0     UNINITIALIZED
                  00000200    00008e68     MathCalculations.obj (.far)
                  00009068    00004054     time_stamper_master.obj (.far)
                  0000d0bc    000000f4     csl6713.lib : csl_irq.obj (.far)
                  0000d1b0    00000040     rts6700.lib : cos.obj (.far)
                  0000d1f0    00000040                 : sin.obj (.far)
                  0000d230    00000038     csl6713.lib : csl_mcbsp.obj (.far)
                  0000d268    00000028     dsk6713bsl.lib : dsk6713_aic23_registers.obj (.far)
                  0000d290    00000024     csl6713.lib : csl_gpio.obj (.far)
                  0000d2b4    00000020     dsk6713bsl.lib : dsk6713_aic23_setfreq.obj (.far)
                  0000d2d4    0000000c     rts6700.lib : exit.obj (.far)
                  0000d2e0    00000008     dsk6713bsl.lib : dsk6713_aic23_opencodec.obj (.far)
                  0000d2e8    00000004     DebugTools.obj (.far)
                  0000d2ec    00000002     dsk6713bsl.lib : dsk6713.obj (.far)
                  0000d2ee    00000002                    : dsk6713_led.obj (.far)

.text      0    0000d300    00004f80     
                  0000d300    00001180     MathCalculations.obj (.text)
                  0000e480    00000720     rts6700.lib : divd.obj (.text:__divd)
                  0000eba0    00000580     DebugTools.obj (.text)
                  0000f120    00000480     dsk6713bsl.lib : dsk6713.obj (.text)
                  0000f5a0    00000400     time_stamper_master.obj (.text)
                  0000f9a0    00000340     rts6700.lib : cos.obj (.text:_cos)
                  0000fce0    00000300                 : divf.obj (.text:__divf)
                  0000ffe0    00000300     dsk6713bsl.lib : dsk6713_aic23_opencodec.obj (.text)
                  000102e0    000002e0     rts6700.lib : sin.obj (.text:_sin)
                  000105c0    00000260     time_stamper_master.obj (.text:retain)
                  00010820    00000240     rts6700.lib : memcpy62.obj (.text:_memcpy)
                  00010a60    000001e0     dsk6713bsl.lib : dsk6713_led.obj (.text)
                  00010c40    000001c0     csl6713.lib : csl_irq.obj (.text:_IRQ_map)
                  00010e00    000001a0                 : csl_mcbsp.obj (.text:_MCBSP_reset)
                  00010fa0    00000140     rts6700.lib : frcmpyd_div.obj (.text:__frcmpyd_div)
                  000110e0    00000140                 : strasg.obj (.text:__strasgi)
                  00011220    00000140     dsk6713bsl.lib : dsk6713_aic23_registers.obj (.text)
                  00011360    00000100     csl6713.lib : csl_mcbsp.obj (.text:_MCBSP_open)
                  00011460    00000100                 : csl_mcbsp.obj (.text:_MCBSP_start)
                  00011560    00000100     rts6700.lib : autoinit.obj (.text:__auto_init)
                  00011660    000000e0                 : round.obj (.text:__nround)
                  00011740    000000e0                 : strasg.obj (.text:__strasg)
                  00011820    000000e0                 : exit.obj (.text:_exit)
                  00011900    000000e0                 : modf.obj (.text:_modf)
                  000119e0    000000c0     csl6713.lib : csl_gpio.obj (.text:_GPIO_open)
                  00011aa0    000000c0                 : csl_gpio.obj (.text:_GPIO_reset)
                  00011b60    000000c0     rts6700.lib : cpy_tbl.obj (.text:_copy_in)
                  00011c20    000000c0     dsk6713bsl.lib : dsk6713_aic23_setfreq.obj (.text)
                  00011ce0    000000a0     rts6700.lib : mpyll.obj (.text:__mpyll)
                  00011d80    000000a0     csl6713.lib : csl_irq.obj (.text:_setMux)
                  00011e20    00000080                 : csl_gpio.obj (.text:_GPIO_config)
                  00011ea0    00000080     rts6700.lib : cpp_init.obj (.text:___TI_cpp_init)
                  00011f20    00000080                 : boot.obj (.text:_c_int00)
                  00011fa0    00000060     csl6713.lib : csl_gpio.obj (.text:_GPIO_pinDirection)
                  00012000    00000060     rts6700.lib : llshift.obj (.text:__llshru)
                  00012060    00000040     csl6713.lib : csl_gpio.obj (.text:_GPIO_pinEnable)
                  000120a0    00000040                 : csl_gpio.obj (.text:_GPIO_pinWrite)
                  000120e0    00000040                 : csl_irq.obj (.text:_IRQ_enable)
                  00012120    00000040     rts6700.lib : args_main.obj (.text:__args_main)
                  00012160    00000040                 : trunc.obj (.text:__trunc)
                  000121a0    00000020     csl6713.lib : csl_irq.obj (.text:_IRQ_globalDisable)
                  000121c0    00000020                 : csl_irq.obj (.text:_IRQ_globalEnable)
                  000121e0    00000020                 : csl_irq.obj (.text:_IRQ_nmiEnable)
                  00012200    00000020                 : csl_mcbsp.obj (.text:_MCBSP_read)
                  00012220    00000020                 : csl_mcbsp.obj (.text:_MCBSP_write)
                  00012240    00000020     rts6700.lib : exit.obj (.text:_abort)
                  00012260    00000020     csl6713.lib : csl_irq.obj (.text)

.stack     0    00012280    00000800     UNINITIALIZED
                  00012280    00000008     rts6700.lib : boot.obj (.stack)
                  00012288    000007f8     --HOLE--

.cinit     0    00012a80    000003cc     
                  00012a80    0000012c     csl6713.lib : csl_irq.obj (.cinit)
                  00012bac    00000004     --HOLE-- [fill = 0]
                  00012bb0    00000080     time_stamper_master.obj (.cinit)
                  00012c30    0000005c     MathCalculations.obj (.cinit)
                  00012c8c    00000004     --HOLE-- [fill = 0]
                  00012c90    00000054     csl6713.lib : csl_mcbsp.obj (.cinit)
                  00012ce4    00000004     --HOLE-- [fill = 0]
                  00012ce8    00000048     rts6700.lib : cos.obj (.cinit)
                  00012d30    00000048                 : sin.obj (.cinit)
                  00012d78    00000044     csl6713.lib : csl_gpio.obj (.cinit)
                  00012dbc    00000004     --HOLE-- [fill = 0]
                  00012dc0    00000030     dsk6713bsl.lib : dsk6713_aic23_registers.obj (.cinit)
                  00012df0    0000002c     rts6700.lib : exit.obj (.cinit)
                  00012e1c    00000004     --HOLE-- [fill = 0]
                  00012e20    00000028     dsk6713bsl.lib : dsk6713_aic23_setfreq.obj (.cinit)
                  00012e48    00000004     --HOLE-- [fill = 0]

.const     0    00012e4c    0000007c     
                  00012e4c    00000040     dsk6713bsl.lib : dsk6713_aic23_opencodec.obj (.const)
                  00012e8c    00000020                    : dsk6713.obj (.const)
                  00012eac    0000001c     DebugTools.obj (.const)


GLOBAL SYMBOLS: SORTED ALPHABETICALLY BY Name 

address    name
--------   ----
00000200   $bss
00000200   .bss
00000200   .data
0000d300   .text
00012240   C$$EXIT
0000d2e0   _DSK6713_AIC23_codeccontrolhandle
0000d2e4   _DSK6713_AIC23_codecdatahandle
000112e0   _DSK6713_AIC23_config
0000ffe0   _DSK6713_AIC23_openCodec
000112b8   _DSK6713_AIC23_rget
00011220   _DSK6713_AIC23_rset
00011c20   _DSK6713_AIC23_setFreq
00010a60   _DSK6713_LED_init
00010aa0   _DSK6713_LED_off
00010b10   _DSK6713_LED_on
00010b80   _DSK6713_LED_toggle
0000f534   _DSK6713_getVersion
0000f16c   _DSK6713_init
0000f488   _DSK6713_rget
0000f49c   _DSK6713_rset
0000d2ec   _DSK6713_version
0000f4b0   _DSK6713_wait
0000f508   _DSK6713_waitusec
00011e20   _GPIO_config
000119e0   _GPIO_open
00011fa0   _GPIO_pinDirection
00012060   _GPIO_pinEnable
000120a0   _GPIO_pinWrite
00011aa0   _GPIO_reset
0000e1ac   _GetPulseIndex
000120e0   _IRQ_enable
000121a0   _IRQ_globalDisable
000121c0   _IRQ_globalEnable
00010c40   _IRQ_map
000121e0   _IRQ_nmiEnable
00011360   _MCBSP_open
00012200   _MCBSP_read
00010e00   _MCBSP_reset
00011460   _MCBSP_start
00012220   _MCBSP_write
0000ee68   _ToggleDebugGPIO
0000d29c   __GPIO_intTable
0000d1a8   __IRQ_dispatchTable
0000d0e4   __IRQ_eventTable
00012260   __IRQ_hookFetchPacket
0000d168   __IRQ_intTable
0000d260   __MCBSP_hDev0
0000d264   __MCBSP_hDev1
00012a80   __STACK_END
00000800   __STACK_SIZE
00000001   __TI_args_main
00011ea0   ___TI_cpp_init
0000d2dc   ___TI_enable_exit_profile_output
ffffffff   ___TI_pprof_out_hndl
ffffffff   ___TI_prof_data_size
ffffffff   ___TI_prof_data_start
ffffffff   ___binit__
00000200   ___bss__
ffffffff   ___c_args__
00012a80   ___cinit__
00000200   ___data__
00000200   ___edata__
00000200   ___end__
00012280   ___etext__
ffffffff   ___pinit__
0000d300   ___text__
00012120   __args_main
00011560   __auto_init
000110e0   __c6xabi_strasgi
0000d2d4   __cleanup_ptr
0000e480   __divd
0000fce0   __divf
0000d2d8   __dtors_ptr
00010fa0   __frcmpyd_div
0000d2b0   __hGpioDev0
00012000   __llshru
00011ce0   __mpyll
00011660   __nround
00012280   __stack
00011740   __strasg
000110e0   __strasgi
00012160   __trunc
00012240   _abort
0000a07c   _allMyDelayedWaveforms
00000ab0   _basebandSincRef
0000da1c   _bringIntoArgRange
00000200   _buf
00000a7e   _bufindex
00011f20   _c_int00
0000e394   _calculateNewResponseBufferMaster
0000e174   _calculateNewResponseTimeMaster
0000e378   _calculateNewResponseTimeMasterCoarse
0000e3d4   _calculateNewResponseTimeMasterFine
0000e190   _calculateNewSynchronizationTimeSlave
0000e35c   _calculateNewSynchronizationTimeSlaveCoarse
0000e3f4   _calculateNewSynchronizationTimeSlaveFine
0000e3b4   _calculateNewVerifBufferSlave
0000d094   _config
0000ddac   _copyTransmitBuffer
00011b60   _copy_in
00000a80   _corrSumCosine
00000a88   _corrSumIncoherent
00000a84   _corrSumSine
000004dc   _corr_c
000004d0   _corr_max
000004d8   _corr_max_c
00000a7c   _corr_max_lag
000004d4   _corr_max_s
000006bc   _corr_s
0000f9a0   _cos
0000dc78   _cos_lookup
0000906c   _delayIndex
00009878   _delayedWaveformBuffer
00002c94   _downMixedCosine
00003e74   _downMixedSine
00011820   _exit
00009070   _fineDelayIndex
0000e414   _getMasterDelayLevelFromResponseTime
0000e448   _getMasterIntegerResponseTime
0000eba0   _gpioInit
0000ed60   _gpioToggle
0000d090   _hCodec
0000d2e8   _hGpio
00000a8c   _i
00000a8e   _j
00000a90   _k
00005056   _local_carrier_phase
0000f5a0   _main
000002f0   _matchedFilterCosine
000003e0   _matchedFilterSine
00005060   _max_samp
00010820   _memcpy
00011900   _modf
00005058   _phase_correction_factor
0000d300   _quarterWavePulseDownmix
00005057   _r
00001ab4   _recbuf
00005064   _recbuf_start_clock
00005054   _recbufindex
0000d088   _runningDelay
0000089c   _s
000105c0   _serialPortRcvISR
0000de2c   _setupBasebandSincBuffer
0000dfc8   _setupQuadratureCarrierWaveFilterBuffer
0000d5e0   _setupTransmitBuffer
0000d7dc   _setupTransmitBufferTest
0000dcd8   _setupTrigLookupTables
000102e0   _sin
0000daec   _sin_lookup
00005068   _sin_lookup_table
00009074   _standardWaveformBuffer
0000d08c   _state
0000e220   _sumFloatArray
0000e2bc   _sumIntArray
00000a98   _t
00009068   _vclock_counter
00000aa0   _x
00000aa8   _y
ffffffff   binit
00012a80   cinit
00000200   edata
00000200   end
00012280   etext
ffffffff   pinit


GLOBAL SYMBOLS: SORTED BY Symbol Address 

address    name
--------   ----
00000001   __TI_args_main
00000200   $bss
00000200   .bss
00000200   .data
00000200   ___bss__
00000200   ___data__
00000200   ___edata__
00000200   ___end__
00000200   _buf
00000200   edata
00000200   end
000002f0   _matchedFilterCosine
000003e0   _matchedFilterSine
000004d0   _corr_max
000004d4   _corr_max_s
000004d8   _corr_max_c
000004dc   _corr_c
000006bc   _corr_s
00000800   __STACK_SIZE
0000089c   _s
00000a7c   _corr_max_lag
00000a7e   _bufindex
00000a80   _corrSumCosine
00000a84   _corrSumSine
00000a88   _corrSumIncoherent
00000a8c   _i
00000a8e   _j
00000a90   _k
00000a98   _t
00000aa0   _x
00000aa8   _y
00000ab0   _basebandSincRef
00001ab4   _recbuf
00002c94   _downMixedCosine
00003e74   _downMixedSine
00005054   _recbufindex
00005056   _local_carrier_phase
00005057   _r
00005058   _phase_correction_factor
00005060   _max_samp
00005064   _recbuf_start_clock
00005068   _sin_lookup_table
00009068   _vclock_counter
0000906c   _delayIndex
00009070   _fineDelayIndex
00009074   _standardWaveformBuffer
00009878   _delayedWaveformBuffer
0000a07c   _allMyDelayedWaveforms
0000d088   _runningDelay
0000d08c   _state
0000d090   _hCodec
0000d094   _config
0000d0e4   __IRQ_eventTable
0000d168   __IRQ_intTable
0000d1a8   __IRQ_dispatchTable
0000d260   __MCBSP_hDev0
0000d264   __MCBSP_hDev1
0000d29c   __GPIO_intTable
0000d2b0   __hGpioDev0
0000d2d4   __cleanup_ptr
0000d2d8   __dtors_ptr
0000d2dc   ___TI_enable_exit_profile_output
0000d2e0   _DSK6713_AIC23_codeccontrolhandle
0000d2e4   _DSK6713_AIC23_codecdatahandle
0000d2e8   _hGpio
0000d2ec   _DSK6713_version
0000d300   .text
0000d300   ___text__
0000d300   _quarterWavePulseDownmix
0000d5e0   _setupTransmitBuffer
0000d7dc   _setupTransmitBufferTest
0000da1c   _bringIntoArgRange
0000daec   _sin_lookup
0000dc78   _cos_lookup
0000dcd8   _setupTrigLookupTables
0000ddac   _copyTransmitBuffer
0000de2c   _setupBasebandSincBuffer
0000dfc8   _setupQuadratureCarrierWaveFilterBuffer
0000e174   _calculateNewResponseTimeMaster
0000e190   _calculateNewSynchronizationTimeSlave
0000e1ac   _GetPulseIndex
0000e220   _sumFloatArray
0000e2bc   _sumIntArray
0000e35c   _calculateNewSynchronizationTimeSlaveCoarse
0000e378   _calculateNewResponseTimeMasterCoarse
0000e394   _calculateNewResponseBufferMaster
0000e3b4   _calculateNewVerifBufferSlave
0000e3d4   _calculateNewResponseTimeMasterFine
0000e3f4   _calculateNewSynchronizationTimeSlaveFine
0000e414   _getMasterDelayLevelFromResponseTime
0000e448   _getMasterIntegerResponseTime
0000e480   __divd
0000eba0   _gpioInit
0000ed60   _gpioToggle
0000ee68   _ToggleDebugGPIO
0000f16c   _DSK6713_init
0000f488   _DSK6713_rget
0000f49c   _DSK6713_rset
0000f4b0   _DSK6713_wait
0000f508   _DSK6713_waitusec
0000f534   _DSK6713_getVersion
0000f5a0   _main
0000f9a0   _cos
0000fce0   __divf
0000ffe0   _DSK6713_AIC23_openCodec
000102e0   _sin
000105c0   _serialPortRcvISR
00010820   _memcpy
00010a60   _DSK6713_LED_init
00010aa0   _DSK6713_LED_off
00010b10   _DSK6713_LED_on
00010b80   _DSK6713_LED_toggle
00010c40   _IRQ_map
00010e00   _MCBSP_reset
00010fa0   __frcmpyd_div
000110e0   __c6xabi_strasgi
000110e0   __strasgi
00011220   _DSK6713_AIC23_rset
000112b8   _DSK6713_AIC23_rget
000112e0   _DSK6713_AIC23_config
00011360   _MCBSP_open
00011460   _MCBSP_start
00011560   __auto_init
00011660   __nround
00011740   __strasg
00011820   _exit
00011900   _modf
000119e0   _GPIO_open
00011aa0   _GPIO_reset
00011b60   _copy_in
00011c20   _DSK6713_AIC23_setFreq
00011ce0   __mpyll
00011e20   _GPIO_config
00011ea0   ___TI_cpp_init
00011f20   _c_int00
00011fa0   _GPIO_pinDirection
00012000   __llshru
00012060   _GPIO_pinEnable
000120a0   _GPIO_pinWrite
000120e0   _IRQ_enable
00012120   __args_main
00012160   __trunc
000121a0   _IRQ_globalDisable
000121c0   _IRQ_globalEnable
000121e0   _IRQ_nmiEnable
00012200   _MCBSP_read
00012220   _MCBSP_write
00012240   C$$EXIT
00012240   _abort
00012260   __IRQ_hookFetchPacket
00012280   ___etext__
00012280   __stack
00012280   etext
00012a80   __STACK_END
00012a80   ___cinit__
00012a80   cinit
ffffffff   ___TI_pprof_out_hndl
ffffffff   ___TI_prof_data_size
ffffffff   ___TI_prof_data_start
ffffffff   ___binit__
ffffffff   ___c_args__
ffffffff   ___pinit__
ffffffff   binit
ffffffff   pinit

[164 symbols]
