******************************************************************************
               TMS320C6x Linker PC v7.4.8                      
******************************************************************************
>> Linked Tue Apr 14 17:23:21 2015

OUTPUT FILE NAME:   <time_stamper_master_only.out>
ENTRY POINT SYMBOL: "_c_int00"  address: 00003920


MEMORY CONFIGURATION

         name            origin    length      used     unused   attr    fill
----------------------  --------  ---------  --------  --------  ----  --------
  VECS                  00000000   00000200  00000200  00000000  RWIX
  IRAM                  00000200   0002fe00  00008e3c  00026fc4  RWIX
  L2RAM                 00030000   00010000  00000000  00010000  RWIX
  EMIFCE0               80000000   10000000  00000000  10000000  RWIX
  EMIFCE1               90000000   10000000  00000000  10000000  RWIX
  EMIFCE2               a0000000   10000000  00000000  10000000  RWIX
  EMIFCE3               b0000000   10000000  00000000  10000000  RWIX


SECTION ALLOCATION MAP

 output                                  attributes/
section   page    origin      length       input sections
--------  ----  ----------  ----------   ----------------
vectors    0    00000000    00000200     
                  00000000    00000200     vectors.obj (vectors)

.pinit     0    00000200    00000000     UNINITIALIZED

.text      0    00000200    000039a0     
                  00000200    000008e0     time_stamper_master.obj (.text:retain)
                  00000ae0    00000720     rts6700.lib : divd.obj (.text:__divd)
                  00001200    000005c0     time_stamper_master.obj (.text)
                  000017c0    00000480     dsk6713bsl.lib : dsk6713.obj (.text)
                  00001c40    00000340     rts6700.lib : cos.obj (.text:_cos)
                  00001f80    00000300     dsk6713bsl.lib : dsk6713_aic23_opencodec.obj (.text)
                  00002280    000002e0     rts6700.lib : sin.obj (.text:_sin)
                  00002560    00000240                 : memcpy62.obj (.text:_memcpy)
                  000027a0    000001e0     dsk6713bsl.lib : dsk6713_led.obj (.text)
                  00002980    000001c0     csl6713.lib : csl_irq.obj (.text:_IRQ_map)
                  00002b40    000001a0                 : csl_mcbsp.obj (.text:_MCBSP_reset)
                  00002ce0    00000140     rts6700.lib : frcmpyd_div.obj (.text:__frcmpyd_div)
                  00002e20    00000140     dsk6713bsl.lib : dsk6713_aic23_registers.obj (.text)
                  00002f60    00000100     csl6713.lib : csl_mcbsp.obj (.text:_MCBSP_open)
                  00003060    00000100                 : csl_mcbsp.obj (.text:_MCBSP_start)
                  00003160    00000100     rts6700.lib : autoinit.obj (.text:__auto_init)
                  00003260    000000e0                 : round.obj (.text:__nround)
                  00003340    000000e0                 : strasg.obj (.text:__strasg)
                  00003420    000000e0                 : exit.obj (.text:_exit)
                  00003500    000000e0                 : modf.obj (.text:_modf)
                  000035e0    000000c0                 : cpy_tbl.obj (.text:_copy_in)
                  000036a0    000000c0     dsk6713bsl.lib : dsk6713_aic23_setfreq.obj (.text)
                  00003760    000000a0     rts6700.lib : mpyll.obj (.text:__mpyll)
                  00003800    000000a0     csl6713.lib : csl_irq.obj (.text:_setMux)
                  000038a0    00000080     rts6700.lib : cpp_init.obj (.text:___TI_cpp_init)
                  00003920    00000080                 : boot.obj (.text:_c_int00)
                  000039a0    00000060                 : llshift.obj (.text:__llshru)
                  00003a00    00000040     csl6713.lib : csl_irq.obj (.text:_IRQ_enable)
                  00003a40    00000040     rts6700.lib : args_main.obj (.text:__args_main)
                  00003a80    00000040                 : trunc.obj (.text:__trunc)
                  00003ac0    00000020     csl6713.lib : csl_irq.obj (.text:_IRQ_globalDisable)
                  00003ae0    00000020                 : csl_irq.obj (.text:_IRQ_globalEnable)
                  00003b00    00000020                 : csl_irq.obj (.text:_IRQ_nmiEnable)
                  00003b20    00000020                 : csl_mcbsp.obj (.text:_MCBSP_read)
                  00003b40    00000020                 : csl_mcbsp.obj (.text:_MCBSP_write)
                  00003b60    00000020     rts6700.lib : exit.obj (.text:_abort)
                  00003b80    00000020     csl6713.lib : csl_irq.obj (.text)

.bss       0    00000200    00000000     UNINITIALIZED

.data      0    00000200    00000000     UNINITIALIZED

.far       0    00003ba0    000030c8     UNINITIALIZED
                  00003ba0    00002ebc     time_stamper_master.obj (.far)
                  00006a5c    000000f4     csl6713.lib : csl_irq.obj (.far)
                  00006b50    00000040     rts6700.lib : cos.obj (.far)
                  00006b90    00000040                 : sin.obj (.far)
                  00006bd0    00000038     csl6713.lib : csl_mcbsp.obj (.far)
                  00006c08    00000028     dsk6713bsl.lib : dsk6713_aic23_registers.obj (.far)
                  00006c30    00000020                    : dsk6713_aic23_setfreq.obj (.far)
                  00006c50    0000000c     rts6700.lib : exit.obj (.far)
                  00006c5c    00000008     dsk6713bsl.lib : dsk6713_aic23_opencodec.obj (.far)
                  00006c64    00000002                    : dsk6713.obj (.far)
                  00006c66    00000002                    : dsk6713_led.obj (.far)

.stack     0    00006c68    00002000     UNINITIALIZED
                  00006c68    00000008     rts6700.lib : boot.obj (.stack)
                  00006c70    00001ff8     --HOLE--

.cinit     0    00008c68    00000374     
                  00008c68    0000012c     csl6713.lib : csl_irq.obj (.cinit)
                  00008d94    00000004     --HOLE-- [fill = 0]
                  00008d98    000000d0     time_stamper_master.obj (.cinit)
                  00008e68    00000054     csl6713.lib : csl_mcbsp.obj (.cinit)
                  00008ebc    00000004     --HOLE-- [fill = 0]
                  00008ec0    00000048     rts6700.lib : cos.obj (.cinit)
                  00008f08    00000048                 : sin.obj (.cinit)
                  00008f50    00000030     dsk6713bsl.lib : dsk6713_aic23_registers.obj (.cinit)
                  00008f80    0000002c     rts6700.lib : exit.obj (.cinit)
                  00008fac    00000004     --HOLE-- [fill = 0]
                  00008fb0    00000028     dsk6713bsl.lib : dsk6713_aic23_setfreq.obj (.cinit)
                  00008fd8    00000004     --HOLE-- [fill = 0]

.const     0    00008fdc    00000060     
                  00008fdc    00000040     dsk6713bsl.lib : dsk6713_aic23_opencodec.obj (.const)
                  0000901c    00000020                    : dsk6713.obj (.const)


GLOBAL SYMBOLS: SORTED ALPHABETICALLY BY Name 

address    name
--------   ----
00000200   $bss
00000200   .bss
00000200   .data
00000200   .text
00003b60   C$$EXIT
00006c5c   _DSK6713_AIC23_codeccontrolhandle
00006c60   _DSK6713_AIC23_codecdatahandle
00002ee0   _DSK6713_AIC23_config
00001f80   _DSK6713_AIC23_openCodec
00002eb8   _DSK6713_AIC23_rget
00002e20   _DSK6713_AIC23_rset
000036a0   _DSK6713_AIC23_setFreq
000027a0   _DSK6713_LED_init
000027e0   _DSK6713_LED_off
00002850   _DSK6713_LED_on
000028c0   _DSK6713_LED_toggle
00001bd4   _DSK6713_getVersion
0000180c   _DSK6713_init
00001b28   _DSK6713_rget
00001b3c   _DSK6713_rset
00006c64   _DSK6713_version
00001b50   _DSK6713_wait
00001ba8   _DSK6713_waitusec
00003a00   _IRQ_enable
00003ac0   _IRQ_globalDisable
00003ae0   _IRQ_globalEnable
00002980   _IRQ_map
00003b00   _IRQ_nmiEnable
00002f60   _MCBSP_open
00003b20   _MCBSP_read
00002b40   _MCBSP_reset
00003060   _MCBSP_start
00003b40   _MCBSP_write
00006b48   __IRQ_dispatchTable
00006a84   __IRQ_eventTable
00003b80   __IRQ_hookFetchPacket
00006b08   __IRQ_intTable
00006c00   __MCBSP_hDev0
00006c04   __MCBSP_hDev1
00008c68   __STACK_END
00002000   __STACK_SIZE
00000001   __TI_args_main
000038a0   ___TI_cpp_init
00006c58   ___TI_enable_exit_profile_output
ffffffff   ___TI_pprof_out_hndl
ffffffff   ___TI_prof_data_size
ffffffff   ___TI_prof_data_start
ffffffff   ___binit__
00000200   ___bss__
ffffffff   ___c_args__
00008c68   ___cinit__
00000200   ___data__
00000200   ___edata__
00000200   ___end__
00003ba0   ___etext__
ffffffff   ___pinit__
00000200   ___text__
00003a40   __args_main
00003160   __auto_init
00006c50   __cleanup_ptr
00000ae0   __divd
00006c54   __dtors_ptr
00002ce0   __frcmpyd_div
000039a0   __llshru
00003760   __mpyll
00003260   __nround
00006c68   __stack
00003340   __strasg
00003a80   __trunc
00003b60   _abort
00003ba0   _buf
0000414e   _bufindex
00003920   _c_int00
0000417c   _clockbuf
00006a34   _config
000035e0   _copy_in
00003d8c   _corr_c
00003d80   _corr_max
00003d88   _corr_max_c
0000414c   _corr_max_lag
00003d84   _corr_max_s
00003ecc   _corr_s
00001c40   _cos
00003420   _exit
00006a30   _hCodec
00004150   _i
00004152   _j
00001200   _main
00006a1e   _max_recbuf
00006a2e   _max_samp
00002560   _memcpy
00003c40   _mfc
00003ce0   _mfs
00003500   _modf
00006a20   _playback_scale
00006a2c   _r
0000617c   _recbuf
00006a2a   _recbuf_start_clock
00006a1c   _recbufindex
0000400c   _s
00000200   _serialPortRcvISR
00002280   _sin
00006a24   _state
00004160   _t
00006a28   _vclock_counter
00004178   _wait_count
00004168   _x
00004170   _y
0000415c   _z
00004154   _zc
00004158   _zs
ffffffff   binit
00008c68   cinit
00000200   edata
00000200   end
00003ba0   etext
ffffffff   pinit


GLOBAL SYMBOLS: SORTED BY Symbol Address 

address    name
--------   ----
00000001   __TI_args_main
00000200   $bss
00000200   .bss
00000200   .data
00000200   .text
00000200   ___bss__
00000200   ___data__
00000200   ___edata__
00000200   ___end__
00000200   ___text__
00000200   _serialPortRcvISR
00000200   edata
00000200   end
00000ae0   __divd
00001200   _main
0000180c   _DSK6713_init
00001b28   _DSK6713_rget
00001b3c   _DSK6713_rset
00001b50   _DSK6713_wait
00001ba8   _DSK6713_waitusec
00001bd4   _DSK6713_getVersion
00001c40   _cos
00001f80   _DSK6713_AIC23_openCodec
00002000   __STACK_SIZE
00002280   _sin
00002560   _memcpy
000027a0   _DSK6713_LED_init
000027e0   _DSK6713_LED_off
00002850   _DSK6713_LED_on
000028c0   _DSK6713_LED_toggle
00002980   _IRQ_map
00002b40   _MCBSP_reset
00002ce0   __frcmpyd_div
00002e20   _DSK6713_AIC23_rset
00002eb8   _DSK6713_AIC23_rget
00002ee0   _DSK6713_AIC23_config
00002f60   _MCBSP_open
00003060   _MCBSP_start
00003160   __auto_init
00003260   __nround
00003340   __strasg
00003420   _exit
00003500   _modf
000035e0   _copy_in
000036a0   _DSK6713_AIC23_setFreq
00003760   __mpyll
000038a0   ___TI_cpp_init
00003920   _c_int00
000039a0   __llshru
00003a00   _IRQ_enable
00003a40   __args_main
00003a80   __trunc
00003ac0   _IRQ_globalDisable
00003ae0   _IRQ_globalEnable
00003b00   _IRQ_nmiEnable
00003b20   _MCBSP_read
00003b40   _MCBSP_write
00003b60   C$$EXIT
00003b60   _abort
00003b80   __IRQ_hookFetchPacket
00003ba0   ___etext__
00003ba0   _buf
00003ba0   etext
00003c40   _mfc
00003ce0   _mfs
00003d80   _corr_max
00003d84   _corr_max_s
00003d88   _corr_max_c
00003d8c   _corr_c
00003ecc   _corr_s
0000400c   _s
0000414c   _corr_max_lag
0000414e   _bufindex
00004150   _i
00004152   _j
00004154   _zc
00004158   _zs
0000415c   _z
00004160   _t
00004168   _x
00004170   _y
00004178   _wait_count
0000417c   _clockbuf
0000617c   _recbuf
00006a1c   _recbufindex
00006a1e   _max_recbuf
00006a20   _playback_scale
00006a24   _state
00006a28   _vclock_counter
00006a2a   _recbuf_start_clock
00006a2c   _r
00006a2e   _max_samp
00006a30   _hCodec
00006a34   _config
00006a84   __IRQ_eventTable
00006b08   __IRQ_intTable
00006b48   __IRQ_dispatchTable
00006c00   __MCBSP_hDev0
00006c04   __MCBSP_hDev1
00006c50   __cleanup_ptr
00006c54   __dtors_ptr
00006c58   ___TI_enable_exit_profile_output
00006c5c   _DSK6713_AIC23_codeccontrolhandle
00006c60   _DSK6713_AIC23_codecdatahandle
00006c64   _DSK6713_version
00006c68   __stack
00008c68   __STACK_END
00008c68   ___cinit__
00008c68   cinit
ffffffff   ___TI_pprof_out_hndl
ffffffff   ___TI_prof_data_size
ffffffff   ___TI_prof_data_start
ffffffff   ___binit__
ffffffff   ___c_args__
ffffffff   ___pinit__
ffffffff   binit
ffffffff   pinit

[117 symbols]
