******************************************************************************
               TMS320C6x Linker PC v7.4.12                     
******************************************************************************
>> Linked Wed Apr 01 17:18:22 2015

OUTPUT FILE NAME:   <time_stamper_master.out>
ENTRY POINT SYMBOL: "_c_int00"  address: 0000d920


MEMORY CONFIGURATION

         name            origin    length      used     unused   attr    fill
----------------------  --------  ---------  --------  --------  ----  --------
  VECS                  00000000   00000200  00000200  00000000  RWIX
  IRAM                  00000200   0002fe00  0000fea4  0001ff5c  RWIX
  L2RAM                 00030000   00010000  00000000  00010000  RWIX
  EMIFCE0               80000000   10000000  00000000  10000000  RWIX
  EMIFCE1               90000000   10000000  00000000  10000000  RWIX
  EMIFCE2               a0000000   10000000  00000000  10000000  RWIX
  EMIFCE3               b0000000   10000000  00000000  10000000  RWIX


SECTION ALLOCATION MAP

 output                                  attributes/
section   page    origin      length       input sections
--------  ----  ----------  ----------   ----------------
.pinit     0    00000200    00000000     UNINITIALIZED

vectors    0    00000000    00000200     
                  00000000    00000200     vectors.obj (vectors)

.bss       0    00000200    00000000     UNINITIALIZED

.data      0    00000200    00000000     UNINITIALIZED

.far       0    00000200    000090ec     UNINITIALIZED
                  00000200    00004e68     MathCalculations.obj (.far)
                  00005068    00004050     time_stamper_master.obj (.far)
                  000090b8    000000f4     csl6713.lib : csl_irq.obj (.far)
                  000091ac    00000004     DebugTools.obj (.far)
                  000091b0    00000040     rts6700.lib : cos.obj (.far)
                  000091f0    00000040                 : sin.obj (.far)
                  00009230    00000038     csl6713.lib : csl_mcbsp.obj (.far)
                  00009268    00000028     dsk6713bsl.lib : dsk6713_aic23_registers.obj (.far)
                  00009290    00000024     csl6713.lib : csl_gpio.obj (.far)
                  000092b4    00000020     dsk6713bsl.lib : dsk6713_aic23_setfreq.obj (.far)
                  000092d4    0000000c     rts6700.lib : exit.obj (.far)
                  000092e0    00000008     dsk6713bsl.lib : dsk6713_aic23_opencodec.obj (.far)
                  000092e8    00000002                    : dsk6713.obj (.far)
                  000092ea    00000002                    : dsk6713_led.obj (.far)

.text      0    00009300    00004980     
                  00009300    00000bc0     MathCalculations.obj (.text)
                  00009ec0    00000720     rts6700.lib : divd.obj (.text:__divd)
                  0000a5e0    00000580     DebugTools.obj (.text)
                  0000ab60    00000480     dsk6713bsl.lib : dsk6713.obj (.text)
                  0000afe0    000003c0     time_stamper_master.obj (.text)
                  0000b3a0    00000340     rts6700.lib : cos.obj (.text:_cos)
                  0000b6e0    00000300                 : divf.obj (.text:__divf)
                  0000b9e0    00000300     dsk6713bsl.lib : dsk6713_aic23_opencodec.obj (.text)
                  0000bce0    000002e0     rts6700.lib : sin.obj (.text:_sin)
                  0000bfc0    00000260     time_stamper_master.obj (.text:retain)
                  0000c220    00000240     rts6700.lib : memcpy62.obj (.text:_memcpy)
                  0000c460    000001e0     dsk6713bsl.lib : dsk6713_led.obj (.text)
                  0000c640    000001c0     csl6713.lib : csl_irq.obj (.text:_IRQ_map)
                  0000c800    000001a0                 : csl_mcbsp.obj (.text:_MCBSP_reset)
                  0000c9a0    00000140     rts6700.lib : frcmpyd_div.obj (.text:__frcmpyd_div)
                  0000cae0    00000140                 : strasg.obj (.text:__strasgi)
                  0000cc20    00000140     dsk6713bsl.lib : dsk6713_aic23_registers.obj (.text)
                  0000cd60    00000100     csl6713.lib : csl_mcbsp.obj (.text:_MCBSP_open)
                  0000ce60    00000100                 : csl_mcbsp.obj (.text:_MCBSP_start)
                  0000cf60    00000100     rts6700.lib : autoinit.obj (.text:__auto_init)
                  0000d060    000000e0                 : round.obj (.text:__nround)
                  0000d140    000000e0                 : strasg.obj (.text:__strasg)
                  0000d220    000000e0                 : exit.obj (.text:_exit)
                  0000d300    000000e0                 : modf.obj (.text:_modf)
                  0000d3e0    000000c0     csl6713.lib : csl_gpio.obj (.text:_GPIO_open)
                  0000d4a0    000000c0                 : csl_gpio.obj (.text:_GPIO_reset)
                  0000d560    000000c0     rts6700.lib : cpy_tbl.obj (.text:_copy_in)
                  0000d620    000000c0     dsk6713bsl.lib : dsk6713_aic23_setfreq.obj (.text)
                  0000d6e0    000000a0     rts6700.lib : mpyll.obj (.text:__mpyll)
                  0000d780    000000a0     csl6713.lib : csl_irq.obj (.text:_setMux)
                  0000d820    00000080                 : csl_gpio.obj (.text:_GPIO_config)
                  0000d8a0    00000080     rts6700.lib : cpp_init.obj (.text:___TI_cpp_init)
                  0000d920    00000080                 : boot.obj (.text:_c_int00)
                  0000d9a0    00000060     csl6713.lib : csl_gpio.obj (.text:_GPIO_pinDirection)
                  0000da00    00000060     rts6700.lib : llshift.obj (.text:__llshru)
                  0000da60    00000040     csl6713.lib : csl_gpio.obj (.text:_GPIO_pinEnable)
                  0000daa0    00000040                 : csl_gpio.obj (.text:_GPIO_pinWrite)
                  0000dae0    00000040                 : csl_irq.obj (.text:_IRQ_enable)
                  0000db20    00000040     rts6700.lib : args_main.obj (.text:__args_main)
                  0000db60    00000040                 : trunc.obj (.text:__trunc)
                  0000dba0    00000020     csl6713.lib : csl_irq.obj (.text:_IRQ_globalDisable)
                  0000dbc0    00000020                 : csl_irq.obj (.text:_IRQ_globalEnable)
                  0000dbe0    00000020                 : csl_irq.obj (.text:_IRQ_nmiEnable)
                  0000dc00    00000020                 : csl_mcbsp.obj (.text:_MCBSP_read)
                  0000dc20    00000020                 : csl_mcbsp.obj (.text:_MCBSP_write)
                  0000dc40    00000020     rts6700.lib : exit.obj (.text:_abort)
                  0000dc60    00000020     csl6713.lib : csl_irq.obj (.text)

.stack     0    0000dc80    00002000     UNINITIALIZED
                  0000dc80    00000008     rts6700.lib : boot.obj (.stack)
                  0000dc88    00001ff8     --HOLE--

.cinit     0    0000fc80    000003bc     
                  0000fc80    0000012c     csl6713.lib : csl_irq.obj (.cinit)
                  0000fdac    00000004     --HOLE-- [fill = 0]
                  0000fdb0    00000070     time_stamper_master.obj (.cinit)
                  0000fe20    0000005c     MathCalculations.obj (.cinit)
                  0000fe7c    00000004     --HOLE-- [fill = 0]
                  0000fe80    00000054     csl6713.lib : csl_mcbsp.obj (.cinit)
                  0000fed4    00000004     --HOLE-- [fill = 0]
                  0000fed8    00000048     rts6700.lib : cos.obj (.cinit)
                  0000ff20    00000048                 : sin.obj (.cinit)
                  0000ff68    00000044     csl6713.lib : csl_gpio.obj (.cinit)
                  0000ffac    00000004     --HOLE-- [fill = 0]
                  0000ffb0    00000030     dsk6713bsl.lib : dsk6713_aic23_registers.obj (.cinit)
                  0000ffe0    0000002c     rts6700.lib : exit.obj (.cinit)
                  0001000c    00000004     --HOLE-- [fill = 0]
                  00010010    00000028     dsk6713bsl.lib : dsk6713_aic23_setfreq.obj (.cinit)
                  00010038    00000004     --HOLE-- [fill = 0]

.const     0    0001003c    0000007c     
                  0001003c    00000040     dsk6713bsl.lib : dsk6713_aic23_opencodec.obj (.const)
                  0001007c    00000020                    : dsk6713.obj (.const)
                  0001009c    0000001c     DebugTools.obj (.const)


GLOBAL SYMBOLS: SORTED ALPHABETICALLY BY Name 

address    name
--------   ----
00000200   $bss
00000200   .bss
00000200   .data
00009300   .text
0000dc40   C$$EXIT
000092e0   _DSK6713_AIC23_codeccontrolhandle
000092e4   _DSK6713_AIC23_codecdatahandle
0000cce0   _DSK6713_AIC23_config
0000b9e0   _DSK6713_AIC23_openCodec
0000ccb8   _DSK6713_AIC23_rget
0000cc20   _DSK6713_AIC23_rset
0000d620   _DSK6713_AIC23_setFreq
0000c460   _DSK6713_LED_init
0000c4a0   _DSK6713_LED_off
0000c510   _DSK6713_LED_on
0000c580   _DSK6713_LED_toggle
0000af74   _DSK6713_getVersion
0000abac   _DSK6713_init
0000aec8   _DSK6713_rget
0000aedc   _DSK6713_rset
000092e8   _DSK6713_version
0000aef0   _DSK6713_wait
0000af48   _DSK6713_waitusec
0000d820   _GPIO_config
0000d3e0   _GPIO_open
0000d9a0   _GPIO_pinDirection
0000da60   _GPIO_pinEnable
0000daa0   _GPIO_pinWrite
0000d4a0   _GPIO_reset
00009bf0   _GetPulseIndex
0000dae0   _IRQ_enable
0000dba0   _IRQ_globalDisable
0000dbc0   _IRQ_globalEnable
0000c640   _IRQ_map
0000dbe0   _IRQ_nmiEnable
0000cd60   _MCBSP_open
0000dc00   _MCBSP_read
0000c800   _MCBSP_reset
0000ce60   _MCBSP_start
0000dc20   _MCBSP_write
0000a8a8   _ToggleDebugGPIO
0000929c   __GPIO_intTable
000091a4   __IRQ_dispatchTable
000090e0   __IRQ_eventTable
0000dc60   __IRQ_hookFetchPacket
00009164   __IRQ_intTable
00009260   __MCBSP_hDev0
00009264   __MCBSP_hDev1
0000fc80   __STACK_END
00002000   __STACK_SIZE
00000001   __TI_args_main
0000d8a0   ___TI_cpp_init
000092dc   ___TI_enable_exit_profile_output
ffffffff   ___TI_pprof_out_hndl
ffffffff   ___TI_prof_data_size
ffffffff   ___TI_prof_data_start
ffffffff   ___binit__
00000200   ___bss__
ffffffff   ___c_args__
0000fc80   ___cinit__
00000200   ___data__
00000200   ___edata__
00000200   ___end__
0000dc80   ___etext__
ffffffff   ___pinit__
00009300   ___text__
0000db20   __args_main
0000cf60   __auto_init
0000cae0   __c6xabi_strasgi
000092d4   __cleanup_ptr
00009ec0   __divd
0000b6e0   __divf
000092d8   __dtors_ptr
0000c9a0   __frcmpyd_div
000092b0   __hGpioDev0
0000da00   __llshru
0000d6e0   __mpyll
0000d060   __nround
0000dc80   __stack
0000d140   __strasg
0000cae0   __strasgi
0000db60   __trunc
0000dc40   _abort
00006078   _allMyDelayedWaveforms
00000ab0   _basebandSincRef
00000200   _buf
00000a7e   _bufindex
0000d920   _c_int00
00009dd8   _calculateNewResponseBufferMaster
00009bb8   _calculateNewResponseTimeMaster
00009dbc   _calculateNewResponseTimeMasterCoarse
00009e18   _calculateNewResponseTimeMasterFine
00009bd4   _calculateNewSynchronizationTimeSlave
00009da0   _calculateNewSynchronizationTimeSlaveCoarse
00009e38   _calculateNewSynchronizationTimeSlaveFine
00009df8   _calculateNewVerifBufferSlave
00009090   _config
000097f4   _copyTransmitBuffer
0000d560   _copy_in
00000a80   _corrSumCosine
00000a88   _corrSumIncoherent
00000a84   _corrSumSine
000004dc   _corr_c
000004d0   _corr_max
000004d8   _corr_max_c
00000a7c   _corr_max_lag
000004d4   _corr_max_s
000006bc   _corr_s
0000b3a0   _cos
0000506c   _delayIndex
00005874   _delayedWaveformBuffer
00002c94   _downMixedCosine
00003e74   _downMixedSine
0000d220   _exit
00009e58   _getMasterDelayLevelFromResponseTime
00009e8c   _getMasterIntegerResponseTime
0000a5e0   _gpioInit
0000a7a0   _gpioToggle
0000908c   _hCodec
000091ac   _hGpio
00000a8c   _i
00000a8e   _j
00000a90   _k
00005056   _local_carrier_phase
0000afe0   _main
000002f0   _matchedFilterCosine
000003e0   _matchedFilterSine
00005060   _max_samp
0000c220   _memcpy
0000d300   _modf
00005058   _phase_correction_factor
00009300   _quarterWavePulseDownmix
00005057   _r
00001ab4   _recbuf
00005064   _recbuf_start_clock
00005054   _recbufindex
00009084   _runningDelay
0000089c   _s
0000bfc0   _serialPortRcvISR
00009874   _setupBasebandSincBuffer
00009a0c   _setupQuadratureCarrierWaveFilterBuffer
000095e0   _setupTransmitBuffer
0000bce0   _sin
00005070   _standardWaveformBuffer
00009088   _state
00009c64   _sumFloatArray
00009d00   _sumIntArray
00000a98   _t
00005068   _vclock_counter
00000aa0   _x
00000aa8   _y
ffffffff   binit
0000fc80   cinit
00000200   edata
00000200   end
0000dc80   etext
ffffffff   pinit


GLOBAL SYMBOLS: SORTED BY Symbol Address 

address    name
--------   ----
00000001   __TI_args_main
00000200   $bss
00000200   .bss
00000200   .data
00000200   ___bss__
00000200   ___data__
00000200   ___edata__
00000200   ___end__
00000200   _buf
00000200   edata
00000200   end
000002f0   _matchedFilterCosine
000003e0   _matchedFilterSine
000004d0   _corr_max
000004d4   _corr_max_s
000004d8   _corr_max_c
000004dc   _corr_c
000006bc   _corr_s
0000089c   _s
00000a7c   _corr_max_lag
00000a7e   _bufindex
00000a80   _corrSumCosine
00000a84   _corrSumSine
00000a88   _corrSumIncoherent
00000a8c   _i
00000a8e   _j
00000a90   _k
00000a98   _t
00000aa0   _x
00000aa8   _y
00000ab0   _basebandSincRef
00001ab4   _recbuf
00002000   __STACK_SIZE
00002c94   _downMixedCosine
00003e74   _downMixedSine
00005054   _recbufindex
00005056   _local_carrier_phase
00005057   _r
00005058   _phase_correction_factor
00005060   _max_samp
00005064   _recbuf_start_clock
00005068   _vclock_counter
0000506c   _delayIndex
00005070   _standardWaveformBuffer
00005874   _delayedWaveformBuffer
00006078   _allMyDelayedWaveforms
00009084   _runningDelay
00009088   _state
0000908c   _hCodec
00009090   _config
000090e0   __IRQ_eventTable
00009164   __IRQ_intTable
000091a4   __IRQ_dispatchTable
000091ac   _hGpio
00009260   __MCBSP_hDev0
00009264   __MCBSP_hDev1
0000929c   __GPIO_intTable
000092b0   __hGpioDev0
000092d4   __cleanup_ptr
000092d8   __dtors_ptr
000092dc   ___TI_enable_exit_profile_output
000092e0   _DSK6713_AIC23_codeccontrolhandle
000092e4   _DSK6713_AIC23_codecdatahandle
000092e8   _DSK6713_version
00009300   .text
00009300   ___text__
00009300   _quarterWavePulseDownmix
000095e0   _setupTransmitBuffer
000097f4   _copyTransmitBuffer
00009874   _setupBasebandSincBuffer
00009a0c   _setupQuadratureCarrierWaveFilterBuffer
00009bb8   _calculateNewResponseTimeMaster
00009bd4   _calculateNewSynchronizationTimeSlave
00009bf0   _GetPulseIndex
00009c64   _sumFloatArray
00009d00   _sumIntArray
00009da0   _calculateNewSynchronizationTimeSlaveCoarse
00009dbc   _calculateNewResponseTimeMasterCoarse
00009dd8   _calculateNewResponseBufferMaster
00009df8   _calculateNewVerifBufferSlave
00009e18   _calculateNewResponseTimeMasterFine
00009e38   _calculateNewSynchronizationTimeSlaveFine
00009e58   _getMasterDelayLevelFromResponseTime
00009e8c   _getMasterIntegerResponseTime
00009ec0   __divd
0000a5e0   _gpioInit
0000a7a0   _gpioToggle
0000a8a8   _ToggleDebugGPIO
0000abac   _DSK6713_init
0000aec8   _DSK6713_rget
0000aedc   _DSK6713_rset
0000aef0   _DSK6713_wait
0000af48   _DSK6713_waitusec
0000af74   _DSK6713_getVersion
0000afe0   _main
0000b3a0   _cos
0000b6e0   __divf
0000b9e0   _DSK6713_AIC23_openCodec
0000bce0   _sin
0000bfc0   _serialPortRcvISR
0000c220   _memcpy
0000c460   _DSK6713_LED_init
0000c4a0   _DSK6713_LED_off
0000c510   _DSK6713_LED_on
0000c580   _DSK6713_LED_toggle
0000c640   _IRQ_map
0000c800   _MCBSP_reset
0000c9a0   __frcmpyd_div
0000cae0   __c6xabi_strasgi
0000cae0   __strasgi
0000cc20   _DSK6713_AIC23_rset
0000ccb8   _DSK6713_AIC23_rget
0000cce0   _DSK6713_AIC23_config
0000cd60   _MCBSP_open
0000ce60   _MCBSP_start
0000cf60   __auto_init
0000d060   __nround
0000d140   __strasg
0000d220   _exit
0000d300   _modf
0000d3e0   _GPIO_open
0000d4a0   _GPIO_reset
0000d560   _copy_in
0000d620   _DSK6713_AIC23_setFreq
0000d6e0   __mpyll
0000d820   _GPIO_config
0000d8a0   ___TI_cpp_init
0000d920   _c_int00
0000d9a0   _GPIO_pinDirection
0000da00   __llshru
0000da60   _GPIO_pinEnable
0000daa0   _GPIO_pinWrite
0000dae0   _IRQ_enable
0000db20   __args_main
0000db60   __trunc
0000dba0   _IRQ_globalDisable
0000dbc0   _IRQ_globalEnable
0000dbe0   _IRQ_nmiEnable
0000dc00   _MCBSP_read
0000dc20   _MCBSP_write
0000dc40   C$$EXIT
0000dc40   _abort
0000dc60   __IRQ_hookFetchPacket
0000dc80   ___etext__
0000dc80   __stack
0000dc80   etext
0000fc80   __STACK_END
0000fc80   ___cinit__
0000fc80   cinit
ffffffff   ___TI_pprof_out_hndl
ffffffff   ___TI_prof_data_size
ffffffff   ___TI_prof_data_start
ffffffff   ___binit__
ffffffff   ___c_args__
ffffffff   ___pinit__
ffffffff   binit
ffffffff   pinit

[157 symbols]
