******************************************************************************
               TMS320C6x Linker PC v7.4.8                      
******************************************************************************
>> Linked Wed Mar 25 12:05:09 2015

OUTPUT FILE NAME:   <time_stamper_master.out>
ENTRY POINT SYMBOL: "_c_int00"  address: 0000c600


MEMORY CONFIGURATION

         name            origin    length      used     unused   attr    fill
----------------------  --------  ---------  --------  --------  ----  --------
  VECS                  00000000   00000200  00000200  00000000  RWIX
  IRAM                  00000200   0002fe00  0001482c  0001b5d4  RWIX
  L2RAM                 00030000   00010000  00000000  00010000  RWIX
  EMIFCE0               80000000   10000000  00000000  10000000  RWIX
  EMIFCE1               90000000   10000000  00000000  10000000  RWIX
  EMIFCE2               a0000000   10000000  00000000  10000000  RWIX
  EMIFCE3               b0000000   10000000  00000000  10000000  RWIX


SECTION ALLOCATION MAP

 output                                  attributes/
section   page    origin      length       input sections
--------  ----  ----------  ----------   ----------------
vectors    0    00000000    00000200     
                  00000000    00000200     vectors.obj (vectors)

.pinit     0    00000200    00000000     UNINITIALIZED

.text      0    00000200    0000c980     
                  00000200    000014c0     MathCalculations.obj (.text)
                  000016c0    000008c0     time_stamper_master.obj (.text)
                  00001f80    00000720     rts6700.lib : divd.obj (.text:__divd)
                  000026a0    000006c0                 : _printfi.obj (.text:__getarg_diouxp)
                  00002d60    00000640                 : _printfi.obj (.text:__setfield)
                  000033a0    00000580     DebugTools.obj (.text)
                  00003920    00000560     rts6700.lib : _printfi.obj (.text:__printfi)
                  00003e80    000004c0                 : fputs.obj (.text:_fputs)
                  00004340    00000480     dsk6713bsl.lib : dsk6713.obj (.text)
                  000047c0    00000420     rts6700.lib : _printfi.obj (.text:_fcvt)
                  00004be0    00000400                 : _printfi.obj (.text:__pproc_fge)
                  00004fe0    00000400                 : _printfi.obj (.text:_ecvt)
                  000053e0    00000380                 : imath64.obj (.text:__divull)
                  00005760    00000380                 : memory.obj (.text:_free)
                  00005ae0    00000360                 : _printfi.obj (.text:__pconv_e)
                  00005e40    00000360                 : _printfi.obj (.text:__pproc_fwp)
                  000061a0    00000340                 : cos.obj (.text:_cos)
                  000064e0    00000300                 : _printfi.obj (.text:__pproc_diouxp)
                  000067e0    00000300     dsk6713bsl.lib : dsk6713_aic23_opencodec.obj (.text)
                  00006ae0    000002e0     rts6700.lib : sin.obj (.text:_sin)
                  00006dc0    000002c0                 : _printfi.obj (.text:__pproc_str)
                  00007080    000002c0                 : setvbuf.obj (.text:_setvbuf)
                  00007340    000002a0                 : _printfi.obj (.text:__pconv_g)
                  000075e0    000002a0                 : fputc.obj (.text:_fputc)
                  00007880    000002a0     time_stamper_master.obj (.text:retain)
                  00007b20    00000260     rts6700.lib : imath40.obj (.text:__divul)
                  00007d80    00000240                 : _printfi.obj (.text:__mcpy)
                  00007fc0    00000240                 : atan.obj (.text:_atan)
                  00008200    00000240                 : memory.obj (.text:_malloc)
                  00008440    00000240                 : memcpy62.obj (.text:_memcpy)
                  00008680    00000220                 : trgdrv.obj (.text:_HOSTrename)
                  000088a0    000001e0                 : lowlev.obj (.text:_getdevice)
                  00008a80    000001e0     dsk6713bsl.lib : dsk6713_led.obj (.text)
                  00008c60    000001c0     csl6713.lib : csl_irq.obj (.text:_IRQ_map)
                  00008e20    000001c0     rts6700.lib : fseek.obj (.text:_fseek)
                  00008fe0    000001a0     csl6713.lib : csl_mcbsp.obj (.text:_MCBSP_reset)
                  00009180    000001a0     rts6700.lib : _printfi.obj (.text:__ltostr)
                  00009320    000001a0                 : _printfi.obj (.text:__pproc_fflags)
                  000094c0    000001a0                 : atan2.obj (.text:_atan2)
                  00009660    00000160                 : trgdrv.obj (.text:_HOSTlseek)
                  000097c0    00000160                 : fclose.obj (.text:__closefile)
                  00009920    00000140                 : trgdrv.obj (.text:_HOSTread)
                  00009a60    00000140                 : frcmpyd_div.obj (.text:__frcmpyd_div)
                  00009ba0    00000140                 : strasg.obj (.text:__strasgi)
                  00009ce0    00000140                 : atoi.obj (.text:_atoi)
                  00009e20    00000140                 : ltoa.obj (.text:_ltoa)
                  00009f60    00000140     dsk6713bsl.lib : dsk6713_aic23_registers.obj (.text)
                  0000a0a0    00000120     rts6700.lib : trgdrv.obj (.text:_HOSTopen)
                  0000a1c0    00000120                 : trgdrv.obj (.text:_HOSTwrite)
                  0000a2e0    00000120                 : _io_perm.obj (.text:__wrt_ok)
                  0000a400    00000120                 : lowlev.obj (.text:_close)
                  0000a520    00000120                 : frexp.obj (.text:_frexp)
                  0000a640    00000120                 : memset.obj (.text:_memset)
                  0000a760    00000100                 : trgdrv.obj (.text:_HOSTclose)
                  0000a860    00000100                 : trgdrv.obj (.text:_HOSTunlink)
                  0000a960    00000100     csl6713.lib : csl_mcbsp.obj (.text:_MCBSP_open)
                  0000aa60    00000100                 : csl_mcbsp.obj (.text:_MCBSP_start)
                  0000ab60    00000100     rts6700.lib : autoinit.obj (.text:__auto_init)
                  0000ac60    00000100                 : _printfi.obj (.text:__div)
                  0000ad60    00000100                 : imath40.obj (.text:__divli)
                  0000ae60    00000100                 : _printfi.obj (.text:__pconv_f)
                  0000af60    00000100                 : lowlev.obj (.text:_lseek)
                  0000b060    00000100                 : printf.obj (.text:_printf)
                  0000b160    00000100                 : lowlev.obj (.text:_write)
                  0000b260    000000e0                 : fopen.obj (.text:__cleanup)
                  0000b340    000000e0                 : fflush.obj (.text:__doflush)
                  0000b420    000000e0                 : _printfi.obj (.text:__ecpy)
                  0000b500    000000e0                 : _printfi.obj (.text:__fcpy)
                  0000b5e0    000000e0                 : round.obj (.text:__nround)
                  0000b6c0    000000e0                 : strasg.obj (.text:__strasg)
                  0000b7a0    000000e0                 : exit.obj (.text:_exit)
                  0000b880    000000e0                 : memory.obj (.text:_minsert)
                  0000b960    000000e0                 : modf.obj (.text:_modf)
                  0000ba40    000000e0                 : memory.obj (.text:_mremove)
                  0000bb20    000000c0     csl6713.lib : csl_gpio.obj (.text:_GPIO_open)
                  0000bbe0    000000c0                 : csl_gpio.obj (.text:_GPIO_reset)
                  0000bca0    000000c0     rts6700.lib : divu.obj (.text:__divu)
                  0000bd60    000000c0                 : cpy_tbl.obj (.text:_copy_in)
                  0000be20    000000c0                 : lowlev.obj (.text:_finddevice)
                  0000bee0    000000c0     dsk6713bsl.lib : dsk6713_aic23_setfreq.obj (.text)
                  0000bfa0    000000a0     rts6700.lib : fixdli.obj (.text:__fixdli)
                  0000c040    000000a0                 : mpyll.obj (.text:__mpyll)
                  0000c0e0    000000a0                 : imath40.obj (.text:__remli)
                  0000c180    000000a0                 : trgmsg.obj (.text:_readmsg)
                  0000c220    000000a0     csl6713.lib : csl_irq.obj (.text:_setMux)
                  0000c2c0    000000a0     rts6700.lib : lowlev.obj (.text:_unlink)
                  0000c360    000000a0                 : trgmsg.obj (.text:_writemsg)
                  0000c400    00000080     csl6713.lib : csl_gpio.obj (.text:_GPIO_config)
                  0000c480    00000080     rts6700.lib : cpp_init.obj (.text:___TI_cpp_init)
                  0000c500    00000080                 : fltlid.obj (.text:__fltlid)
                  0000c580    00000080                 : llshift.obj (.text:__llshl)
                  0000c600    00000080                 : boot.obj (.text:_c_int00)
                  0000c680    00000080                 : memccpy.obj (.text:_memccpy)
                  0000c700    00000060     csl6713.lib : csl_gpio.obj (.text:_GPIO_pinDirection)
                  0000c760    00000060     rts6700.lib : isinf.obj (.text:___isinf)
                  0000c7c0    00000060                 : llshift.obj (.text:__llshru)
                  0000c820    00000060                 : imath64.obj (.text:__subcull)
                  0000c880    00000040     csl6713.lib : csl_gpio.obj (.text:_GPIO_pinEnable)
                  0000c8c0    00000040                 : csl_gpio.obj (.text:_GPIO_pinWrite)
                  0000c900    00000040                 : csl_irq.obj (.text:_IRQ_enable)
                  0000c940    00000040     rts6700.lib : _printfi.obj (.text:___isnan)
                  0000c980    00000040                 : args_main.obj (.text:__args_main)
                  0000c9c0    00000040                 : trunc.obj (.text:__trunc)
                  0000ca00    00000020     csl6713.lib : csl_irq.obj (.text:_IRQ_globalDisable)
                  0000ca20    00000020                 : csl_irq.obj (.text:_IRQ_globalEnable)
                  0000ca40    00000020                 : csl_irq.obj (.text:_IRQ_nmiEnable)
                  0000ca60    00000020                 : csl_mcbsp.obj (.text:_MCBSP_read)
                  0000ca80    00000020                 : csl_mcbsp.obj (.text:_MCBSP_write)
                  0000caa0    00000020     rts6700.lib : negll.obj (.text:__negll)
                  0000cac0    00000020                 : _lock.obj (.text:__nop)
                  0000cae0    00000020                 : printf.obj (.text:__outc)
                  0000cb00    00000020                 : printf.obj (.text:__outs)
                  0000cb20    00000020                 : exit.obj (.text:_abort)
                  0000cb40    00000020                 : remove.obj (.text:_remove)
                  0000cb60    00000020     csl6713.lib : csl_irq.obj (.text)

.bss       0    00000200    00000000     UNINITIALIZED

.data      0    00000200    00000000     UNINITIALIZED

.far       0    0000cb80    00006e34     UNINITIALIZED
                  0000cb80    00004e68     MathCalculations.obj (.far)
                  000119e8    000018d8     time_stamper_master.obj (.far)
                  000132c0    00000324     rts6700.lib : defs.obj (.far)
                  000135e4    0000011c                 : lowlev.obj (.far)
                  00013700    000000f4     csl6713.lib : csl_irq.obj (.far)
                  000137f4    00000004     DebugTools.obj (.far)
                  000137f8    00000060     rts6700.lib : atan.obj (.far)
                  00013858    00000040                 : cos.obj (.far)
                  00013898    00000040                 : sin.obj (.far)
                  000138d8    00000038     csl6713.lib : csl_mcbsp.obj (.far)
                  00013910    00000028     dsk6713bsl.lib : dsk6713_aic23_registers.obj (.far)
                  00013938    00000024     csl6713.lib : csl_gpio.obj (.far)
                  0001395c    00000020     dsk6713bsl.lib : dsk6713_aic23_setfreq.obj (.far)
                  0001397c    0000000c     rts6700.lib : exit.obj (.far)
                  00013988    00000008     dsk6713bsl.lib : dsk6713_aic23_opencodec.obj (.far)
                  00013990    00000008     rts6700.lib : _lock.obj (.far)
                  00013998    00000008                 : memory.obj (.far)
                  000139a0    00000008                 : trgdrv.obj (.far)
                  000139a8    00000004                 : errno.obj (.far)
                  000139ac    00000004                 : fopen.obj (.far)
                  000139b0    00000002     dsk6713bsl.lib : dsk6713.obj (.far)
                  000139b2    00000002                    : dsk6713_led.obj (.far)

.cinit     0    000139b8    000005ac     
                  000139b8    0000012c     csl6713.lib : csl_irq.obj (.cinit)
                  00013ae4    00000004     --HOLE-- [fill = 0]
                  00013ae8    000000c0     time_stamper_master.obj (.cinit)
                  00013ba8    00000070     rts6700.lib : atan.obj (.cinit)
                  00013c18    0000005c     MathCalculations.obj (.cinit)
                  00013c74    00000004     --HOLE-- [fill = 0]
                  00013c78    0000005c     rts6700.lib : defs.obj (.cinit)
                  00013cd4    00000004     --HOLE-- [fill = 0]
                  00013cd8    0000005c                 : lowlev.obj (.cinit)
                  00013d34    00000004     --HOLE-- [fill = 0]
                  00013d38    00000054     csl6713.lib : csl_mcbsp.obj (.cinit)
                  00013d8c    00000004     --HOLE-- [fill = 0]
                  00013d90    00000048     rts6700.lib : cos.obj (.cinit)
                  00013dd8    00000048                 : sin.obj (.cinit)
                  00013e20    00000044     csl6713.lib : csl_gpio.obj (.cinit)
                  00013e64    00000004     --HOLE-- [fill = 0]
                  00013e68    00000030     dsk6713bsl.lib : dsk6713_aic23_registers.obj (.cinit)
                  00013e98    0000002c     rts6700.lib : exit.obj (.cinit)
                  00013ec4    00000004     --HOLE-- [fill = 0]
                  00013ec8    0000002c                 : memory.obj (.cinit)
                  00013ef4    00000004     --HOLE-- [fill = 0]
                  00013ef8    00000028     dsk6713bsl.lib : dsk6713_aic23_setfreq.obj (.cinit)
                  00013f20    0000001c     rts6700.lib : _lock.obj (.cinit)
                  00013f3c    00000004     --HOLE-- [fill = 0]
                  00013f40    0000000c                 : errno.obj (.cinit)
                  00013f4c    00000004     --HOLE-- [fill = 0]
                  00013f50    0000000c                 : fopen.obj (.cinit)
                  00013f5c    00000004     --HOLE-- [fill = 0]
                  00013f60    00000004     (.pad.cinit) [fill = 0]

.stack     0    00013f68    00000400     UNINITIALIZED
                  00013f68    00000008     rts6700.lib : boot.obj (.stack)
                  00013f70    000003f8     --HOLE--

.sysmem    0    00014368    00000400     UNINITIALIZED
                  00014368    00000008     rts6700.lib : memory.obj (.sysmem)
                  00014370    000003f8     --HOLE--

.const     0    00014768    000001ac     
                  00014768    00000101     rts6700.lib : ctype.obj (.const:.string:__ctypes_)
                  00014869    00000002                 : fputs.obj (.const:.string)
                  0001486b    00000001     --HOLE-- [fill = 0]
                  0001486c    00000040     dsk6713bsl.lib : dsk6713_aic23_opencodec.obj (.const)
                  000148ac    00000023     rts6700.lib : _printfi.obj (.const:.string)
                  000148cf    00000001     --HOLE-- [fill = 0]
                  000148d0    00000020     dsk6713bsl.lib : dsk6713.obj (.const)
                  000148f0    0000001c     DebugTools.obj (.const)
                  0001490c    00000008     MathCalculations.obj (.const:.string)

.cio       0    00014914    00000120     UNINITIALIZED
                  00014914    00000120     rts6700.lib : trgmsg.obj (.cio)


GLOBAL SYMBOLS: SORTED ALPHABETICALLY BY Name 

address    name
--------   ----
00000200   $bss
00000200   .bss
00000200   .data
00000200   .text
0000cb20   C$$EXIT
0000c3d8   C$$IO$$
00013988   _DSK6713_AIC23_codeccontrolhandle
0001398c   _DSK6713_AIC23_codecdatahandle
0000a020   _DSK6713_AIC23_config
000067e0   _DSK6713_AIC23_openCodec
00009ff8   _DSK6713_AIC23_rget
00009f60   _DSK6713_AIC23_rset
0000bee0   _DSK6713_AIC23_setFreq
00008a80   _DSK6713_LED_init
00008ac0   _DSK6713_LED_off
00008b30   _DSK6713_LED_on
00008ba0   _DSK6713_LED_toggle
00004754   _DSK6713_getVersion
0000438c   _DSK6713_init
000046a8   _DSK6713_rget
000046bc   _DSK6713_rset
000139b0   _DSK6713_version
000046d0   _DSK6713_wait
00004728   _DSK6713_waitusec
0000c400   _GPIO_config
0000bb20   _GPIO_open
0000c700   _GPIO_pinDirection
0000c880   _GPIO_pinEnable
0000c8c0   _GPIO_pinWrite
0000bbe0   _GPIO_reset
000014a4   _GetSincPulseIndex
000014b0   _GetVerifPulseIndex
0000a760   _HOSTclose
00009660   _HOSTlseek
0000a0a0   _HOSTopen
00009920   _HOSTread
00008680   _HOSTrename
0000a860   _HOSTunlink
0000a1c0   _HOSTwrite
0000c900   _IRQ_enable
0000ca00   _IRQ_globalDisable
0000ca20   _IRQ_globalEnable
00008c60   _IRQ_map
0000ca40   _IRQ_nmiEnable
0000a960   _MCBSP_open
0000ca60   _MCBSP_read
00008fe0   _MCBSP_reset
0000aa60   _MCBSP_start
0000ca80   _MCBSP_write
00001144   _SetupReceiveBasebandSincPulseBuffer
000012d0   _SetupReceiveTrigonometricMatchedFilters
00000ccc   _SetupTransmitModulatedSincPulseBuffer
00003668   _ToggleDebugGPIO
00014914   __CIOBUF_
00013944   __GPIO_intTable
000137ec   __IRQ_dispatchTable
00013728   __IRQ_eventTable
0000cb60   __IRQ_hookFetchPacket
000137ac   __IRQ_intTable
00013908   __MCBSP_hDev0
0001390c   __MCBSP_hDev1
00014368   __STACK_END
00000400   __STACK_SIZE
00000400   __SYSMEM_SIZE
00000001   __TI_args_main
0000c480   ___TI_cpp_init
00013984   ___TI_enable_exit_profile_output
ffffffff   ___TI_pprof_out_hndl
ffffffff   ___TI_prof_data_size
ffffffff   ___TI_prof_data_start
ffffffff   ___binit__
00000200   ___bss__
ffffffff   ___c_args__
000139b8   ___cinit__
00000200   ___data__
00000200   ___edata__
00000200   ___end__
0000cb80   ___etext__
0000c760   ___isinf
ffffffff   ___pinit__
00000200   ___text__
0000c980   __args_main
0000ab60   __auto_init
0000bca0   __c6xabi_divu
00009ba0   __c6xabi_strasgi
0000b260   __cleanup
0001397c   __cleanup_ptr
000097c0   __closefile
00014768   __ctypes_
00001f80   __divd
0000ad60   __divli
0000bca0   __divu
00007b20   __divul
000053e0   __divull
0000b340   __doflush
00013980   __dtors_ptr
0000bfa0   __fixdli
0000c500   __fltlid
00009a60   __frcmpyd_div
000135e0   __ft_end
000132c0   __ftable
00013958   __hGpioDev0
0000c580   __llshl
0000c7c0   __llshru
00013990   __lock
0000c040   __mpyll
0000caa0   __negll
0000cac0   __nop
0000b5e0   __nround
00003920   __printfi
0000c0e0   __remli
00013f68   __stack
0000b6c0   __strasg
00009ba0   __strasgi
0000c820   __subcull
00014368   __sys_memory
000134a0   __tmpnams
0000c9c0   __trunc
00013994   __unlock
0000a2e0   __wrt_ok
0000cb20   _abort
00007fc0   _atan
000094c0   _atan2
00009ce0   _atoi
0000d430   _basebandSincRef
0000cb80   _buf
0000d3fe   _bufindex
0000c600   _c_int00
00001634   _calculateNewResponseBufferMaster
0000146c   _calculateNewResponseTimeMaster
00001618   _calculateNewResponseTimeMasterCoarse
00001674   _calculateNewResponseTimeMasterFine
00001488   _calculateNewSynchronizationTimeSlave
000015fc   _calculateNewSynchronizationTimeSlaveCoarse
00001694   _calculateNewSynchronizationTimeSlaveFine
00001654   _calculateNewVerifBufferSlave
00013284   _cde_index
0000a400   _close
00013204   _coarse_delay_estimate
00013298   _config
0000bd60   _copy_in
0000d400   _corrSumCosine
0000d408   _corrSumIncoherent
0000d404   _corrSumSine
0000ce5c   _corr_c
0000ce50   _corr_max
0000ce58   _corr_max_c
0000d3fc   _corr_max_lag
0000ce54   _corr_max_s
0000d03c   _corr_s
000061a0   _cos
0000f614   _downMixedCosine
000107f4   _downMixedSine
000139a8   _errno
0000b7a0   _exit
00013286   _fde_index
00013244   _fine_delay_estimate
000075e0   _fputc
00003e80   _fputs
00005760   _free
0000a520   _frexp
00008e20   _fseek
000033a0   _gpioInit
00003560   _gpioToggle
00013294   _hCodec
000137f4   _hGpio
0000d40c   _i
0000d40e   _j
0000d410   _k
000119d6   _local_carrier_phase
0000af60   _lseek
00009e20   _ltoa
000016c0   _main
00008200   _malloc
0000cc70   _matchedFilterCosine
0000cd60   _matchedFilterSine
000119e0   _max_samp
0000c680   _memccpy
00008440   _memcpy
0000a640   _memset
0000b960   _modf
000119d8   _phase_correction_factor
0000b060   _printf
000075e0   _putc
000119d7   _r
0000c180   _readmsg
0000e434   _recbuf
000119e4   _recbuf_start_clock
000119d4   _recbufindex
0000cb40   _remove
00001dcc   _runCalculationStateCodeISR
000009e0   _runReceivedPulseBufferDownmixing
00000200   _runReceviedSincPulseTimingAnalysis
00001d44   _runRecordingStateCodeISR
000019f4   _runSearchingStateCodeISR
00001dd4   _runSincPulseTransmitISR
00001e8c   _runVerifyPulseTransmitISR
0000d21c   _s
00007880   _serialPortRcvISR
00007080   _setvbuf
00006ae0   _sin
00013288   _state
000014bc   _sumFloatArray
00001558   _sumIntArray
0000d418   _t
000119ec   _tClockSincPulse
000131f6   _tCoarseVerifSincePulseFlag
000121f0   _tVerifSincPulse
000129f4   _tVerifSincPulsePhased
00013290   _tempInput
0001328c   _tempOutput
0000c2c0   _unlink
000119e8   _vclock_counter
000131f8   _virClockTransmitCenterSinc
00013200   _virClockTransmitCenterSincIndex
000131fc   _virClockTransmitCenterVerify
00013202   _virClockTransmitCenterVerifyIndex
0000b160   _write
0000c360   _writemsg
0000d420   _x
0000d428   _y
ffffffff   binit
000139b8   cinit
00000200   edata
00000200   end
0000cb80   etext
ffffffff   pinit


GLOBAL SYMBOLS: SORTED BY Symbol Address 

address    name
--------   ----
00000001   __TI_args_main
00000200   $bss
00000200   .bss
00000200   .data
00000200   .text
00000200   ___bss__
00000200   ___data__
00000200   ___edata__
00000200   ___end__
00000200   ___text__
00000200   _runReceviedSincPulseTimingAnalysis
00000200   edata
00000200   end
00000400   __STACK_SIZE
00000400   __SYSMEM_SIZE
000009e0   _runReceivedPulseBufferDownmixing
00000ccc   _SetupTransmitModulatedSincPulseBuffer
00001144   _SetupReceiveBasebandSincPulseBuffer
000012d0   _SetupReceiveTrigonometricMatchedFilters
0000146c   _calculateNewResponseTimeMaster
00001488   _calculateNewSynchronizationTimeSlave
000014a4   _GetSincPulseIndex
000014b0   _GetVerifPulseIndex
000014bc   _sumFloatArray
00001558   _sumIntArray
000015fc   _calculateNewSynchronizationTimeSlaveCoarse
00001618   _calculateNewResponseTimeMasterCoarse
00001634   _calculateNewResponseBufferMaster
00001654   _calculateNewVerifBufferSlave
00001674   _calculateNewResponseTimeMasterFine
00001694   _calculateNewSynchronizationTimeSlaveFine
000016c0   _main
000019f4   _runSearchingStateCodeISR
00001d44   _runRecordingStateCodeISR
00001dcc   _runCalculationStateCodeISR
00001dd4   _runSincPulseTransmitISR
00001e8c   _runVerifyPulseTransmitISR
00001f80   __divd
000033a0   _gpioInit
00003560   _gpioToggle
00003668   _ToggleDebugGPIO
00003920   __printfi
00003e80   _fputs
0000438c   _DSK6713_init
000046a8   _DSK6713_rget
000046bc   _DSK6713_rset
000046d0   _DSK6713_wait
00004728   _DSK6713_waitusec
00004754   _DSK6713_getVersion
000053e0   __divull
00005760   _free
000061a0   _cos
000067e0   _DSK6713_AIC23_openCodec
00006ae0   _sin
00007080   _setvbuf
000075e0   _fputc
000075e0   _putc
00007880   _serialPortRcvISR
00007b20   __divul
00007fc0   _atan
00008200   _malloc
00008440   _memcpy
00008680   _HOSTrename
00008a80   _DSK6713_LED_init
00008ac0   _DSK6713_LED_off
00008b30   _DSK6713_LED_on
00008ba0   _DSK6713_LED_toggle
00008c60   _IRQ_map
00008e20   _fseek
00008fe0   _MCBSP_reset
000094c0   _atan2
00009660   _HOSTlseek
000097c0   __closefile
00009920   _HOSTread
00009a60   __frcmpyd_div
00009ba0   __c6xabi_strasgi
00009ba0   __strasgi
00009ce0   _atoi
00009e20   _ltoa
00009f60   _DSK6713_AIC23_rset
00009ff8   _DSK6713_AIC23_rget
0000a020   _DSK6713_AIC23_config
0000a0a0   _HOSTopen
0000a1c0   _HOSTwrite
0000a2e0   __wrt_ok
0000a400   _close
0000a520   _frexp
0000a640   _memset
0000a760   _HOSTclose
0000a860   _HOSTunlink
0000a960   _MCBSP_open
0000aa60   _MCBSP_start
0000ab60   __auto_init
0000ad60   __divli
0000af60   _lseek
0000b060   _printf
0000b160   _write
0000b260   __cleanup
0000b340   __doflush
0000b5e0   __nround
0000b6c0   __strasg
0000b7a0   _exit
0000b960   _modf
0000bb20   _GPIO_open
0000bbe0   _GPIO_reset
0000bca0   __c6xabi_divu
0000bca0   __divu
0000bd60   _copy_in
0000bee0   _DSK6713_AIC23_setFreq
0000bfa0   __fixdli
0000c040   __mpyll
0000c0e0   __remli
0000c180   _readmsg
0000c2c0   _unlink
0000c360   _writemsg
0000c3d8   C$$IO$$
0000c400   _GPIO_config
0000c480   ___TI_cpp_init
0000c500   __fltlid
0000c580   __llshl
0000c600   _c_int00
0000c680   _memccpy
0000c700   _GPIO_pinDirection
0000c760   ___isinf
0000c7c0   __llshru
0000c820   __subcull
0000c880   _GPIO_pinEnable
0000c8c0   _GPIO_pinWrite
0000c900   _IRQ_enable
0000c980   __args_main
0000c9c0   __trunc
0000ca00   _IRQ_globalDisable
0000ca20   _IRQ_globalEnable
0000ca40   _IRQ_nmiEnable
0000ca60   _MCBSP_read
0000ca80   _MCBSP_write
0000caa0   __negll
0000cac0   __nop
0000cb20   C$$EXIT
0000cb20   _abort
0000cb40   _remove
0000cb60   __IRQ_hookFetchPacket
0000cb80   ___etext__
0000cb80   _buf
0000cb80   etext
0000cc70   _matchedFilterCosine
0000cd60   _matchedFilterSine
0000ce50   _corr_max
0000ce54   _corr_max_s
0000ce58   _corr_max_c
0000ce5c   _corr_c
0000d03c   _corr_s
0000d21c   _s
0000d3fc   _corr_max_lag
0000d3fe   _bufindex
0000d400   _corrSumCosine
0000d404   _corrSumSine
0000d408   _corrSumIncoherent
0000d40c   _i
0000d40e   _j
0000d410   _k
0000d418   _t
0000d420   _x
0000d428   _y
0000d430   _basebandSincRef
0000e434   _recbuf
0000f614   _downMixedCosine
000107f4   _downMixedSine
000119d4   _recbufindex
000119d6   _local_carrier_phase
000119d7   _r
000119d8   _phase_correction_factor
000119e0   _max_samp
000119e4   _recbuf_start_clock
000119e8   _vclock_counter
000119ec   _tClockSincPulse
000121f0   _tVerifSincPulse
000129f4   _tVerifSincPulsePhased
000131f6   _tCoarseVerifSincePulseFlag
000131f8   _virClockTransmitCenterSinc
000131fc   _virClockTransmitCenterVerify
00013200   _virClockTransmitCenterSincIndex
00013202   _virClockTransmitCenterVerifyIndex
00013204   _coarse_delay_estimate
00013244   _fine_delay_estimate
00013284   _cde_index
00013286   _fde_index
00013288   _state
0001328c   _tempOutput
00013290   _tempInput
00013294   _hCodec
00013298   _config
000132c0   __ftable
000134a0   __tmpnams
000135e0   __ft_end
00013728   __IRQ_eventTable
000137ac   __IRQ_intTable
000137ec   __IRQ_dispatchTable
000137f4   _hGpio
00013908   __MCBSP_hDev0
0001390c   __MCBSP_hDev1
00013944   __GPIO_intTable
00013958   __hGpioDev0
0001397c   __cleanup_ptr
00013980   __dtors_ptr
00013984   ___TI_enable_exit_profile_output
00013988   _DSK6713_AIC23_codeccontrolhandle
0001398c   _DSK6713_AIC23_codecdatahandle
00013990   __lock
00013994   __unlock
000139a8   _errno
000139b0   _DSK6713_version
000139b8   ___cinit__
000139b8   cinit
00013f68   __stack
00014368   __STACK_END
00014368   __sys_memory
00014768   __ctypes_
00014914   __CIOBUF_
ffffffff   ___TI_pprof_out_hndl
ffffffff   ___TI_prof_data_size
ffffffff   ___TI_prof_data_start
ffffffff   ___binit__
ffffffff   ___c_args__
ffffffff   ___pinit__
ffffffff   binit
ffffffff   pinit

[227 symbols]
