******************************************************************************
               TMS320C6x Linker PC v7.4.8                      
******************************************************************************
>> Linked Sun Mar 01 14:27:48 2015

OUTPUT FILE NAME:   <time_stamper_master.out>
ENTRY POINT SYMBOL: "_c_int00"  address: 0000b940


MEMORY CONFIGURATION

         name            origin    length      used     unused   attr    fill
----------------------  --------  ---------  --------  --------  ----  --------
  VECS                  00000000   00000200  00000200  00000000  RWIX
  IRAM                  00000200   0002fe00  00012b08  0001d2f8  RWIX
  L2RAM                 00030000   00010000  00000000  00010000  RWIX
  EMIFCE0               80000000   10000000  00000000  10000000  RWIX
  EMIFCE1               90000000   10000000  00000000  10000000  RWIX
  EMIFCE2               a0000000   10000000  00000000  10000000  RWIX
  EMIFCE3               b0000000   10000000  00000000  10000000  RWIX


SECTION ALLOCATION MAP

 output                                  attributes/
section   page    origin      length       input sections
--------  ----  ----------  ----------   ----------------
vectors    0    00000000    00000200     
                  00000000    00000200     vectors.obj (vectors)

.pinit     0    00000200    00000000     UNINITIALIZED

.text      0    00000200    0000bbe0     
                  00000200    00001500     time_stamper_master.obj (.text)
                  00001700    00000720     rts6700.lib : divd.obj (.text:__divd)
                  00001e20    00000720     time_stamper_master.obj (.text:retain)
                  00002540    000006c0     rts6700.lib : _printfi.obj (.text:__getarg_diouxp)
                  00002c00    00000640                 : _printfi.obj (.text:__setfield)
                  00003240    00000560                 : _printfi.obj (.text:__printfi)
                  000037a0    000004c0                 : fputs.obj (.text:_fputs)
                  00003c60    00000480     dsk6713bsl.lib : dsk6713.obj (.text)
                  000040e0    00000420     rts6700.lib : _printfi.obj (.text:_fcvt)
                  00004500    00000400                 : _printfi.obj (.text:__pproc_fge)
                  00004900    00000400                 : _printfi.obj (.text:_ecvt)
                  00004d00    00000380                 : imath64.obj (.text:__divull)
                  00005080    00000380                 : memory.obj (.text:_free)
                  00005400    00000360                 : _printfi.obj (.text:__pconv_e)
                  00005760    00000360                 : _printfi.obj (.text:__pproc_fwp)
                  00005ac0    00000340                 : cos.obj (.text:_cos)
                  00005e00    00000300                 : _printfi.obj (.text:__pproc_diouxp)
                  00006100    00000300     dsk6713bsl.lib : dsk6713_aic23_opencodec.obj (.text)
                  00006400    000002e0     rts6700.lib : sin.obj (.text:_sin)
                  000066e0    000002c0                 : _printfi.obj (.text:__pproc_str)
                  000069a0    000002c0                 : setvbuf.obj (.text:_setvbuf)
                  00006c60    000002a0                 : _printfi.obj (.text:__pconv_g)
                  00006f00    000002a0                 : fputc.obj (.text:_fputc)
                  000071a0    00000260                 : imath40.obj (.text:__divul)
                  00007400    00000240                 : _printfi.obj (.text:__mcpy)
                  00007640    00000240                 : atan.obj (.text:_atan)
                  00007880    00000240                 : memory.obj (.text:_malloc)
                  00007ac0    00000240                 : memcpy62.obj (.text:_memcpy)
                  00007d00    00000220                 : trgdrv.obj (.text:_HOSTrename)
                  00007f20    000001e0                 : lowlev.obj (.text:_getdevice)
                  00008100    000001e0     dsk6713bsl.lib : dsk6713_led.obj (.text)
                  000082e0    000001c0     csl6713.lib : csl_irq.obj (.text:_IRQ_map)
                  000084a0    000001c0     rts6700.lib : fseek.obj (.text:_fseek)
                  00008660    000001a0     csl6713.lib : csl_mcbsp.obj (.text:_MCBSP_reset)
                  00008800    000001a0     rts6700.lib : _printfi.obj (.text:__ltostr)
                  000089a0    000001a0                 : _printfi.obj (.text:__pproc_fflags)
                  00008b40    000001a0                 : atan2.obj (.text:_atan2)
                  00008ce0    00000160                 : trgdrv.obj (.text:_HOSTlseek)
                  00008e40    00000160                 : fclose.obj (.text:__closefile)
                  00008fa0    00000140                 : trgdrv.obj (.text:_HOSTread)
                  000090e0    00000140                 : frcmpyd_div.obj (.text:__frcmpyd_div)
                  00009220    00000140                 : atoi.obj (.text:_atoi)
                  00009360    00000140                 : ltoa.obj (.text:_ltoa)
                  000094a0    00000140     dsk6713bsl.lib : dsk6713_aic23_registers.obj (.text)
                  000095e0    00000120     rts6700.lib : trgdrv.obj (.text:_HOSTopen)
                  00009700    00000120                 : trgdrv.obj (.text:_HOSTwrite)
                  00009820    00000120                 : _io_perm.obj (.text:__wrt_ok)
                  00009940    00000120                 : lowlev.obj (.text:_close)
                  00009a60    00000120                 : frexp.obj (.text:_frexp)
                  00009b80    00000120                 : memset.obj (.text:_memset)
                  00009ca0    00000100                 : trgdrv.obj (.text:_HOSTclose)
                  00009da0    00000100                 : trgdrv.obj (.text:_HOSTunlink)
                  00009ea0    00000100     csl6713.lib : csl_mcbsp.obj (.text:_MCBSP_open)
                  00009fa0    00000100                 : csl_mcbsp.obj (.text:_MCBSP_start)
                  0000a0a0    00000100     rts6700.lib : autoinit.obj (.text:__auto_init)
                  0000a1a0    00000100                 : _printfi.obj (.text:__div)
                  0000a2a0    00000100                 : imath40.obj (.text:__divli)
                  0000a3a0    00000100                 : _printfi.obj (.text:__pconv_f)
                  0000a4a0    00000100                 : lowlev.obj (.text:_lseek)
                  0000a5a0    00000100                 : printf.obj (.text:_printf)
                  0000a6a0    00000100                 : lowlev.obj (.text:_write)
                  0000a7a0    000000e0                 : fopen.obj (.text:__cleanup)
                  0000a880    000000e0                 : fflush.obj (.text:__doflush)
                  0000a960    000000e0                 : _printfi.obj (.text:__ecpy)
                  0000aa40    000000e0                 : _printfi.obj (.text:__fcpy)
                  0000ab20    000000e0                 : round.obj (.text:__nround)
                  0000ac00    000000e0                 : strasg.obj (.text:__strasg)
                  0000ace0    000000e0                 : exit.obj (.text:_exit)
                  0000adc0    000000e0                 : memory.obj (.text:_minsert)
                  0000aea0    000000e0                 : modf.obj (.text:_modf)
                  0000af80    000000e0                 : memory.obj (.text:_mremove)
                  0000b060    000000c0                 : divu.obj (.text:__divu)
                  0000b120    000000c0                 : cpy_tbl.obj (.text:_copy_in)
                  0000b1e0    000000c0                 : lowlev.obj (.text:_finddevice)
                  0000b2a0    000000c0     dsk6713bsl.lib : dsk6713_aic23_setfreq.obj (.text)
                  0000b360    000000a0     rts6700.lib : fixdli.obj (.text:__fixdli)
                  0000b400    000000a0                 : mpyll.obj (.text:__mpyll)
                  0000b4a0    000000a0                 : imath40.obj (.text:__remli)
                  0000b540    000000a0                 : trgmsg.obj (.text:_readmsg)
                  0000b5e0    000000a0     csl6713.lib : csl_irq.obj (.text:_setMux)
                  0000b680    000000a0     rts6700.lib : lowlev.obj (.text:_unlink)
                  0000b720    000000a0                 : trgmsg.obj (.text:_writemsg)
                  0000b7c0    00000080                 : cpp_init.obj (.text:___TI_cpp_init)
                  0000b840    00000080                 : fltlid.obj (.text:__fltlid)
                  0000b8c0    00000080                 : llshift.obj (.text:__llshl)
                  0000b940    00000080                 : boot.obj (.text:_c_int00)
                  0000b9c0    00000080                 : memccpy.obj (.text:_memccpy)
                  0000ba40    00000060                 : isinf.obj (.text:___isinf)
                  0000baa0    00000060                 : llshift.obj (.text:__llshru)
                  0000bb00    00000060                 : imath64.obj (.text:__subcull)
                  0000bb60    00000040     csl6713.lib : csl_irq.obj (.text:_IRQ_enable)
                  0000bba0    00000040     rts6700.lib : _printfi.obj (.text:___isnan)
                  0000bbe0    00000040                 : args_main.obj (.text:__args_main)
                  0000bc20    00000040                 : trunc.obj (.text:__trunc)
                  0000bc60    00000020     csl6713.lib : csl_irq.obj (.text:_IRQ_globalDisable)
                  0000bc80    00000020                 : csl_irq.obj (.text:_IRQ_globalEnable)
                  0000bca0    00000020                 : csl_irq.obj (.text:_IRQ_nmiEnable)
                  0000bcc0    00000020                 : csl_mcbsp.obj (.text:_MCBSP_read)
                  0000bce0    00000020                 : csl_mcbsp.obj (.text:_MCBSP_write)
                  0000bd00    00000020     rts6700.lib : negll.obj (.text:__negll)
                  0000bd20    00000020                 : _lock.obj (.text:__nop)
                  0000bd40    00000020                 : printf.obj (.text:__outc)
                  0000bd60    00000020                 : printf.obj (.text:__outs)
                  0000bd80    00000020                 : exit.obj (.text:_abort)
                  0000bda0    00000020                 : remove.obj (.text:_remove)
                  0000bdc0    00000020     csl6713.lib : csl_irq.obj (.text)

.bss       0    00000200    00000000     UNINITIALIZED

.data      0    00000200    00000000     UNINITIALIZED

.far       0    0000bde0    00005f14     UNINITIALIZED
                  0000bde0    00005848     time_stamper_master.obj (.far)
                  00011628    00000324     rts6700.lib : defs.obj (.far)
                  0001194c    0000011c                 : lowlev.obj (.far)
                  00011a68    000000f4     csl6713.lib : csl_irq.obj (.far)
                  00011b5c    00000004     rts6700.lib : errno.obj (.far)
                  00011b60    00000060                 : atan.obj (.far)
                  00011bc0    00000040                 : cos.obj (.far)
                  00011c00    00000040                 : sin.obj (.far)
                  00011c40    00000038     csl6713.lib : csl_mcbsp.obj (.far)
                  00011c78    00000028     dsk6713bsl.lib : dsk6713_aic23_registers.obj (.far)
                  00011ca0    00000020                    : dsk6713_aic23_setfreq.obj (.far)
                  00011cc0    0000000c     rts6700.lib : exit.obj (.far)
                  00011ccc    00000008     dsk6713bsl.lib : dsk6713_aic23_opencodec.obj (.far)
                  00011cd4    00000008     rts6700.lib : _lock.obj (.far)
                  00011cdc    00000008                 : memory.obj (.far)
                  00011ce4    00000008                 : trgdrv.obj (.far)
                  00011cec    00000004                 : fopen.obj (.far)
                  00011cf0    00000002     dsk6713bsl.lib : dsk6713.obj (.far)
                  00011cf2    00000002                    : dsk6713_led.obj (.far)

.cinit     0    00011cf8    00000564     
                  00011cf8    0000012c     csl6713.lib : csl_irq.obj (.cinit)
                  00011e24    00000004     --HOLE-- [fill = 0]
                  00011e28    00000120     time_stamper_master.obj (.cinit)
                  00011f48    00000070     rts6700.lib : atan.obj (.cinit)
                  00011fb8    0000005c                 : defs.obj (.cinit)
                  00012014    00000004     --HOLE-- [fill = 0]
                  00012018    0000005c                 : lowlev.obj (.cinit)
                  00012074    00000004     --HOLE-- [fill = 0]
                  00012078    00000054     csl6713.lib : csl_mcbsp.obj (.cinit)
                  000120cc    00000004     --HOLE-- [fill = 0]
                  000120d0    00000048     rts6700.lib : cos.obj (.cinit)
                  00012118    00000048                 : sin.obj (.cinit)
                  00012160    00000030     dsk6713bsl.lib : dsk6713_aic23_registers.obj (.cinit)
                  00012190    0000002c     rts6700.lib : exit.obj (.cinit)
                  000121bc    00000004     --HOLE-- [fill = 0]
                  000121c0    0000002c                 : memory.obj (.cinit)
                  000121ec    00000004     --HOLE-- [fill = 0]
                  000121f0    00000028     dsk6713bsl.lib : dsk6713_aic23_setfreq.obj (.cinit)
                  00012218    0000001c     rts6700.lib : _lock.obj (.cinit)
                  00012234    00000004     --HOLE-- [fill = 0]
                  00012238    0000000c                 : errno.obj (.cinit)
                  00012244    00000004     --HOLE-- [fill = 0]
                  00012248    0000000c                 : fopen.obj (.cinit)
                  00012254    00000004     --HOLE-- [fill = 0]
                  00012258    00000004     (.pad.cinit) [fill = 0]

.stack     0    00012260    00000400     UNINITIALIZED
                  00012260    00000008     rts6700.lib : boot.obj (.stack)
                  00012268    000003f8     --HOLE--

.sysmem    0    00012660    00000400     UNINITIALIZED
                  00012660    00000008     rts6700.lib : memory.obj (.sysmem)
                  00012668    000003f8     --HOLE--

.const     0    00012a60    00000190     
                  00012a60    00000101     rts6700.lib : ctype.obj (.const:.string:__ctypes_)
                  00012b61    00000002                 : fputs.obj (.const:.string)
                  00012b63    00000001     --HOLE-- [fill = 0]
                  00012b64    00000040     dsk6713bsl.lib : dsk6713_aic23_opencodec.obj (.const)
                  00012ba4    00000023     rts6700.lib : _printfi.obj (.const:.string)
                  00012bc7    00000001     --HOLE-- [fill = 0]
                  00012bc8    00000020     dsk6713bsl.lib : dsk6713.obj (.const)
                  00012be8    00000008     time_stamper_master.obj (.const:.string)

.cio       0    00012bf0    00000120     UNINITIALIZED
                  00012bf0    00000120     rts6700.lib : trgmsg.obj (.cio)


GLOBAL SYMBOLS: SORTED ALPHABETICALLY BY Name 

address    name
--------   ----
00000200   $bss
00000200   .bss
00000200   .data
00000200   .text
0000bd80   C$$EXIT
0000b798   C$$IO$$
000115fa   _ClockPulse
00011ccc   _DSK6713_AIC23_codeccontrolhandle
00011cd0   _DSK6713_AIC23_codecdatahandle
00009560   _DSK6713_AIC23_config
00006100   _DSK6713_AIC23_openCodec
00009538   _DSK6713_AIC23_rget
000094a0   _DSK6713_AIC23_rset
0000b2a0   _DSK6713_AIC23_setFreq
00008100   _DSK6713_LED_init
00008140   _DSK6713_LED_off
000081b0   _DSK6713_LED_on
00008220   _DSK6713_LED_toggle
00004074   _DSK6713_getVersion
00003cac   _DSK6713_init
00003fc8   _DSK6713_rget
00003fdc   _DSK6713_rset
00011cf0   _DSK6713_version
00003ff0   _DSK6713_wait
00004048   _DSK6713_waitusec
00009ca0   _HOSTclose
00008ce0   _HOSTlseek
000095e0   _HOSTopen
00008fa0   _HOSTread
00007d00   _HOSTrename
00009da0   _HOSTunlink
00009700   _HOSTwrite
0000bb60   _IRQ_enable
0000bc60   _IRQ_globalDisable
0000bc80   _IRQ_globalEnable
000082e0   _IRQ_map
0000bca0   _IRQ_nmiEnable
00009ea0   _MCBSP_open
0000bcc0   _MCBSP_read
00008660   _MCBSP_reset
00009fa0   _MCBSP_start
0000bce0   _MCBSP_write
000115f8   _MasterResponseSendingHuh
000013b8   _SetupReceiveBasebandSincPulseBuffer
00001550   _SetupReceiveTrigonometricMatchedFilters
0000117c   _SetupTransmitModulatedSincPulseBuffer
00012bf0   __CIOBUF_
00011b54   __IRQ_dispatchTable
00011a90   __IRQ_eventTable
0000bdc0   __IRQ_hookFetchPacket
00011b14   __IRQ_intTable
00011c70   __MCBSP_hDev0
00011c74   __MCBSP_hDev1
00012660   __STACK_END
00000400   __STACK_SIZE
00000400   __SYSMEM_SIZE
00000001   __TI_args_main
0000b7c0   ___TI_cpp_init
00011cc8   ___TI_enable_exit_profile_output
ffffffff   ___TI_pprof_out_hndl
ffffffff   ___TI_prof_data_size
ffffffff   ___TI_prof_data_start
ffffffff   ___binit__
00000200   ___bss__
ffffffff   ___c_args__
00011cf8   ___cinit__
00000200   ___data__
00000200   ___edata__
00000200   ___end__
0000bde0   ___etext__
0000ba40   ___isinf
ffffffff   ___pinit__
00000200   ___text__
0000bbe0   __args_main
0000a0a0   __auto_init
0000b060   __c6xabi_divu
0000a7a0   __cleanup
00011cc0   __cleanup_ptr
00008e40   __closefile
00012a60   __ctypes_
00001700   __divd
0000a2a0   __divli
0000b060   __divu
000071a0   __divul
00004d00   __divull
0000a880   __doflush
00011cc4   __dtors_ptr
0000b360   __fixdli
0000b840   __fltlid
000090e0   __frcmpyd_div
00011948   __ft_end
00011628   __ftable
0000b8c0   __llshl
0000baa0   __llshru
00011cd4   __lock
0000b400   __mpyll
0000bd00   __negll
0000bd20   __nop
0000ab20   __nround
00003240   __printfi
0000b4a0   __remli
00012260   __stack
0000ac00   __strasg
0000bb00   __subcull
00012660   __sys_memory
00011808   __tmpnams
0000bc20   __trunc
00011cd8   __unlock
00009820   __wrt_ok
0000bd80   _abort
00007640   _atan
00008b40   _atan2
00009220   _atoi
0000c690   _bbsinc
0000bde0   _buf
0000c65e   _bufindex
0000b940   _c_int00
00010dd4   _cde_index
00009940   _close
00010ca8   _coarse_delay_estimate
00011600   _config
0000b120   _copy_in
0000c0bc   _corr_c
0000c0b0   _corr_max
0000c0b8   _corr_max_c
0000c65c   _corr_max_lag
0000c0b4   _corr_max_s
0000c29c   _corr_s
00005ac0   _cos
00011b5c   _errno
0000ace0   _exit
00010dd6   _fde_index
00010d0c   _fine_delay_estimate
00006f00   _fputc
000037a0   _fputs
00005080   _free
00009a60   _frexp
000084a0   _fseek
000115fc   _hCodec
00010dec   _halfSinc
0000c66c   _i
0000c66e   _j
0000c670   _k
00010dd8   _local_carrier_phase
0000a4a0   _lseek
00009360   _ltoa
00000200   _main
00007880   _malloc
0000bed0   _matchedFilterCosine
0000bfc0   _matchedFilterSine
00010de8   _max_samp
0000b9c0   _memccpy
00007ac0   _memcpy
00009b80   _memset
0000aea0   _modf
00010de0   _phase_correction_factor
0000a5a0   _printf
00006f00   _putc
00010dd9   _r
0000b540   _readmsg
0000d694   _recbuf
00010ca4   _recbuf_start_clock
00010c34   _recbufindex
0000bda0   _remove
000115f4   _response_buf_idx
000115f6   _response_buf_idx_max
000115f2   _response_done
0000c47c   _s
00001e20   _serialPortRcvISR
000069a0   _setvbuf
00006400   _sin
00010c38   _state
0000c678   _t
00010df0   _transmitSincPulseBuffer
0000b680   _unlink
00010c3c   _vclock_counter
00010c40   _vir_clock_history
00010dea   _vir_clock_start
0000a6a0   _write
0000b720   _writemsg
0000c680   _x
0000c688   _y
0000e874   _yc
0000fa54   _ys
0000c668   _z
0000c660   _zc
0000c664   _zs
ffffffff   binit
00011cf8   cinit
00000200   edata
00000200   end
0000bde0   etext
ffffffff   pinit


GLOBAL SYMBOLS: SORTED BY Symbol Address 

address    name
--------   ----
00000001   __TI_args_main
00000200   $bss
00000200   .bss
00000200   .data
00000200   .text
00000200   ___bss__
00000200   ___data__
00000200   ___edata__
00000200   ___end__
00000200   ___text__
00000200   _main
00000200   edata
00000200   end
00000400   __STACK_SIZE
00000400   __SYSMEM_SIZE
0000117c   _SetupTransmitModulatedSincPulseBuffer
000013b8   _SetupReceiveBasebandSincPulseBuffer
00001550   _SetupReceiveTrigonometricMatchedFilters
00001700   __divd
00001e20   _serialPortRcvISR
00003240   __printfi
000037a0   _fputs
00003cac   _DSK6713_init
00003fc8   _DSK6713_rget
00003fdc   _DSK6713_rset
00003ff0   _DSK6713_wait
00004048   _DSK6713_waitusec
00004074   _DSK6713_getVersion
00004d00   __divull
00005080   _free
00005ac0   _cos
00006100   _DSK6713_AIC23_openCodec
00006400   _sin
000069a0   _setvbuf
00006f00   _fputc
00006f00   _putc
000071a0   __divul
00007640   _atan
00007880   _malloc
00007ac0   _memcpy
00007d00   _HOSTrename
00008100   _DSK6713_LED_init
00008140   _DSK6713_LED_off
000081b0   _DSK6713_LED_on
00008220   _DSK6713_LED_toggle
000082e0   _IRQ_map
000084a0   _fseek
00008660   _MCBSP_reset
00008b40   _atan2
00008ce0   _HOSTlseek
00008e40   __closefile
00008fa0   _HOSTread
000090e0   __frcmpyd_div
00009220   _atoi
00009360   _ltoa
000094a0   _DSK6713_AIC23_rset
00009538   _DSK6713_AIC23_rget
00009560   _DSK6713_AIC23_config
000095e0   _HOSTopen
00009700   _HOSTwrite
00009820   __wrt_ok
00009940   _close
00009a60   _frexp
00009b80   _memset
00009ca0   _HOSTclose
00009da0   _HOSTunlink
00009ea0   _MCBSP_open
00009fa0   _MCBSP_start
0000a0a0   __auto_init
0000a2a0   __divli
0000a4a0   _lseek
0000a5a0   _printf
0000a6a0   _write
0000a7a0   __cleanup
0000a880   __doflush
0000ab20   __nround
0000ac00   __strasg
0000ace0   _exit
0000aea0   _modf
0000b060   __c6xabi_divu
0000b060   __divu
0000b120   _copy_in
0000b2a0   _DSK6713_AIC23_setFreq
0000b360   __fixdli
0000b400   __mpyll
0000b4a0   __remli
0000b540   _readmsg
0000b680   _unlink
0000b720   _writemsg
0000b798   C$$IO$$
0000b7c0   ___TI_cpp_init
0000b840   __fltlid
0000b8c0   __llshl
0000b940   _c_int00
0000b9c0   _memccpy
0000ba40   ___isinf
0000baa0   __llshru
0000bb00   __subcull
0000bb60   _IRQ_enable
0000bbe0   __args_main
0000bc20   __trunc
0000bc60   _IRQ_globalDisable
0000bc80   _IRQ_globalEnable
0000bca0   _IRQ_nmiEnable
0000bcc0   _MCBSP_read
0000bce0   _MCBSP_write
0000bd00   __negll
0000bd20   __nop
0000bd80   C$$EXIT
0000bd80   _abort
0000bda0   _remove
0000bdc0   __IRQ_hookFetchPacket
0000bde0   ___etext__
0000bde0   _buf
0000bde0   etext
0000bed0   _matchedFilterCosine
0000bfc0   _matchedFilterSine
0000c0b0   _corr_max
0000c0b4   _corr_max_s
0000c0b8   _corr_max_c
0000c0bc   _corr_c
0000c29c   _corr_s
0000c47c   _s
0000c65c   _corr_max_lag
0000c65e   _bufindex
0000c660   _zc
0000c664   _zs
0000c668   _z
0000c66c   _i
0000c66e   _j
0000c670   _k
0000c678   _t
0000c680   _x
0000c688   _y
0000c690   _bbsinc
0000d694   _recbuf
0000e874   _yc
0000fa54   _ys
00010c34   _recbufindex
00010c38   _state
00010c3c   _vclock_counter
00010c40   _vir_clock_history
00010ca4   _recbuf_start_clock
00010ca8   _coarse_delay_estimate
00010d0c   _fine_delay_estimate
00010dd4   _cde_index
00010dd6   _fde_index
00010dd8   _local_carrier_phase
00010dd9   _r
00010de0   _phase_correction_factor
00010de8   _max_samp
00010dea   _vir_clock_start
00010dec   _halfSinc
00010df0   _transmitSincPulseBuffer
000115f2   _response_done
000115f4   _response_buf_idx
000115f6   _response_buf_idx_max
000115f8   _MasterResponseSendingHuh
000115fa   _ClockPulse
000115fc   _hCodec
00011600   _config
00011628   __ftable
00011808   __tmpnams
00011948   __ft_end
00011a90   __IRQ_eventTable
00011b14   __IRQ_intTable
00011b54   __IRQ_dispatchTable
00011b5c   _errno
00011c70   __MCBSP_hDev0
00011c74   __MCBSP_hDev1
00011cc0   __cleanup_ptr
00011cc4   __dtors_ptr
00011cc8   ___TI_enable_exit_profile_output
00011ccc   _DSK6713_AIC23_codeccontrolhandle
00011cd0   _DSK6713_AIC23_codecdatahandle
00011cd4   __lock
00011cd8   __unlock
00011cf0   _DSK6713_version
00011cf8   ___cinit__
00011cf8   cinit
00012260   __stack
00012660   __STACK_END
00012660   __sys_memory
00012a60   __ctypes_
00012bf0   __CIOBUF_
ffffffff   ___TI_pprof_out_hndl
ffffffff   ___TI_prof_data_size
ffffffff   ___TI_prof_data_start
ffffffff   ___binit__
ffffffff   ___c_args__
ffffffff   ___pinit__
ffffffff   binit
ffffffff   pinit

[193 symbols]
