******************************************************************************
               TMS320C6x Linker PC v7.4.8                      
******************************************************************************
>> Linked Fri May 01 09:49:55 2015

OUTPUT FILE NAME:   <time_stamper_slave_only.out>
ENTRY POINT SYMBOL: "_c_int00"  address: 00018100


MEMORY CONFIGURATION

         name            origin    length      used     unused   attr    fill
----------------------  --------  ---------  --------  --------  ----  --------
  VECS                  00000000   00000200  00000200  00000000  RWIX
  IRAM                  00000200   0002fe00  000196de  00016722  RWIX
  L2RAM                 00030000   00010000  00000000  00010000  RWIX
  EMIFCE0               80000000   10000000  000320c8  0ffcdf38  RWIX
  EMIFCE1               90000000   10000000  00000000  10000000  RWIX
  EMIFCE2               a0000000   10000000  00000000  10000000  RWIX
  EMIFCE3               b0000000   10000000  00000000  10000000  RWIX


SECTION ALLOCATION MAP

 output                                  attributes/
section   page    origin      length       input sections
--------  ----  ----------  ----------   ----------------
vectors    0    00000000    00000200     
                  00000000    00000200     vectors.obj (vectors)

.pinit     0    00000200    00000000     UNINITIALIZED

.bss       0    00000200    00000000     UNINITIALIZED

.data      0    00000200    00000000     UNINITIALIZED

.far       0    00000200    000127ca     UNINITIALIZED
                  00000200    0001255a     time_stamper_slave.obj (.far)
                  0001275a    00000002     dsk6713bsl.lib : dsk6713.obj (.far)
                  0001275c    000000f4     csl6713.lib : csl_irq.obj (.far)
                  00012850    00000060     rts6700.lib : atan.obj (.far)
                  000128b0    00000040                 : cos.obj (.far)
                  000128f0    00000040                 : sin.obj (.far)
                  00012930    00000038     csl6713.lib : csl_mcbsp.obj (.far)
                  00012968    00000028     dsk6713bsl.lib : dsk6713_aic23_registers.obj (.far)
                  00012990    00000020                    : dsk6713_aic23_setfreq.obj (.far)
                  000129b0    0000000c     rts6700.lib : exit.obj (.far)
                  000129bc    00000008     dsk6713bsl.lib : dsk6713_aic23_opencodec.obj (.far)
                  000129c4    00000004     rts6700.lib : errno.obj (.far)
                  000129c8    00000002     dsk6713bsl.lib : dsk6713_led.obj (.far)

.text      0    000129e0    000059e0     
                  000129e0    00001d80     time_stamper_slave.obj (.text)
                  00014760    00000820     time_stamper_slave.obj (.text:retain)
                  00014f80    00000720     rts6700.lib : divd.obj (.text:__divd)
                  000156a0    00000480     dsk6713bsl.lib : dsk6713.obj (.text)
                  00015b20    00000340     rts6700.lib : cos.obj (.text:_cos)
                  00015e60    00000300                 : divf.obj (.text:__divf)
                  00016160    00000300     dsk6713bsl.lib : dsk6713_aic23_opencodec.obj (.text)
                  00016460    000002e0     rts6700.lib : sin.obj (.text:_sin)
                  00016740    00000240                 : atan.obj (.text:_atan)
                  00016980    00000240                 : memcpy62.obj (.text:_memcpy)
                  00016bc0    000001e0     dsk6713bsl.lib : dsk6713_led.obj (.text)
                  00016da0    000001c0     csl6713.lib : csl_irq.obj (.text:_IRQ_map)
                  00016f60    000001a0                 : csl_mcbsp.obj (.text:_MCBSP_reset)
                  00017100    000001a0     rts6700.lib : atan2.obj (.text:_atan2)
                  000172a0    00000140                 : frcmpyd_div.obj (.text:__frcmpyd_div)
                  000173e0    00000140     dsk6713bsl.lib : dsk6713_aic23_registers.obj (.text)
                  00017520    00000120     rts6700.lib : frexp.obj (.text:_frexp)
                  00017640    00000100     csl6713.lib : csl_mcbsp.obj (.text:_MCBSP_open)
                  00017740    00000100                 : csl_mcbsp.obj (.text:_MCBSP_start)
                  00017840    00000100     rts6700.lib : autoinit.obj (.text:__auto_init)
                  00017940    00000100                 : remi.obj (.text:__remi)
                  00017a40    000000e0                 : round.obj (.text:__nround)
                  00017b20    000000e0                 : strasg.obj (.text:__strasg)
                  00017c00    000000e0                 : exit.obj (.text:_exit)
                  00017ce0    000000e0                 : modf.obj (.text:_modf)
                  00017dc0    000000c0                 : cpy_tbl.obj (.text:_copy_in)
                  00017e80    000000c0     dsk6713bsl.lib : dsk6713_aic23_setfreq.obj (.text)
                  00017f40    000000a0     rts6700.lib : mpyll.obj (.text:__mpyll)
                  00017fe0    000000a0     csl6713.lib : csl_irq.obj (.text:_setMux)
                  00018080    00000080     rts6700.lib : cpp_init.obj (.text:___TI_cpp_init)
                  00018100    00000080                 : boot.obj (.text:_c_int00)
                  00018180    00000060                 : llshift.obj (.text:__llshru)
                  000181e0    00000040     csl6713.lib : csl_irq.obj (.text:_IRQ_enable)
                  00018220    00000040     rts6700.lib : isnanf.obj (.text:___isnanf)
                  00018260    00000040                 : args_main.obj (.text:__args_main)
                  000182a0    00000040                 : trunc.obj (.text:__trunc)
                  000182e0    00000020     csl6713.lib : csl_irq.obj (.text:_IRQ_globalDisable)
                  00018300    00000020                 : csl_irq.obj (.text:_IRQ_globalEnable)
                  00018320    00000020                 : csl_irq.obj (.text:_IRQ_nmiEnable)
                  00018340    00000020                 : csl_mcbsp.obj (.text:_MCBSP_read)
                  00018360    00000020                 : csl_mcbsp.obj (.text:_MCBSP_write)
                  00018380    00000020     rts6700.lib : exit.obj (.text:_abort)
                  000183a0    00000020     csl6713.lib : csl_irq.obj (.text)

.stack     0    000183c0    00001000     UNINITIALIZED
                  000183c0    00000008     rts6700.lib : boot.obj (.stack)
                  000183c8    00000ff8     --HOLE--

.cinit     0    000193c0    000004d4     
                  000193c0    000001aa     time_stamper_slave.obj (.cinit)
                  0001956a    00000006     --HOLE-- [fill = 0]
                  00019570    0000012c     csl6713.lib : csl_irq.obj (.cinit)
                  0001969c    00000004     --HOLE-- [fill = 0]
                  000196a0    00000070     rts6700.lib : atan.obj (.cinit)
                  00019710    00000054     csl6713.lib : csl_mcbsp.obj (.cinit)
                  00019764    00000004     --HOLE-- [fill = 0]
                  00019768    00000048     rts6700.lib : cos.obj (.cinit)
                  000197b0    00000048                 : sin.obj (.cinit)
                  000197f8    00000030     dsk6713bsl.lib : dsk6713_aic23_registers.obj (.cinit)
                  00019828    0000002c     rts6700.lib : exit.obj (.cinit)
                  00019854    00000004     --HOLE-- [fill = 0]
                  00019858    00000028     dsk6713bsl.lib : dsk6713_aic23_setfreq.obj (.cinit)
                  00019880    0000000c     rts6700.lib : errno.obj (.cinit)
                  0001988c    00000004     --HOLE-- [fill = 0]
                  00019890    00000004     (.pad.cinit) [fill = 0]

.const     0    00019894    00000060     
                  00019894    00000040     dsk6713bsl.lib : dsk6713_aic23_opencodec.obj (.const)
                  000198d4    00000020                    : dsk6713.obj (.const)

.mydata    0    80000000    000320c8     UNINITIALIZED
                  80000000    000320c8     time_stamper_slave.obj (.mydata)


GLOBAL SYMBOLS: SORTED ALPHABETICALLY BY Name 

address    name
--------   ----
00000200   $bss
00000200   .bss
00000200   .data
000129e0   .text
00018380   C$$EXIT
000129bc   _DSK6713_AIC23_codeccontrolhandle
000129c0   _DSK6713_AIC23_codecdatahandle
000174a0   _DSK6713_AIC23_config
00016160   _DSK6713_AIC23_openCodec
00017478   _DSK6713_AIC23_rget
000173e0   _DSK6713_AIC23_rset
00017e80   _DSK6713_AIC23_setFreq
00016bc0   _DSK6713_LED_init
00016c00   _DSK6713_LED_off
00016c70   _DSK6713_LED_on
00016ce0   _DSK6713_LED_toggle
00015ab4   _DSK6713_getVersion
000156ec   _DSK6713_init
00015a08   _DSK6713_rget
00015a1c   _DSK6713_rset
0001275a   _DSK6713_version
00015a30   _DSK6713_wait
00015a88   _DSK6713_waitusec
000181e0   _IRQ_enable
000182e0   _IRQ_globalDisable
00018300   _IRQ_globalEnable
00016da0   _IRQ_map
00018320   _IRQ_nmiEnable
000142d8   _LinearRegressionExtrapolation
00017640   _MCBSP_open
00018340   _MCBSP_read
00016f60   _MCBSP_reset
00017740   _MCBSP_start
00018360   _MCBSP_write
000130a8   _SetupBuffers
000138f8   _SystemInit
00012848   __IRQ_dispatchTable
00012784   __IRQ_eventTable
000183a0   __IRQ_hookFetchPacket
00012808   __IRQ_intTable
00012960   __MCBSP_hDev0
00012964   __MCBSP_hDev1
000193c0   __STACK_END
00001000   __STACK_SIZE
00000001   __TI_args_main
00018080   ___TI_cpp_init
000129b8   ___TI_enable_exit_profile_output
ffffffff   ___TI_pprof_out_hndl
ffffffff   ___TI_prof_data_size
ffffffff   ___TI_prof_data_start
ffffffff   ___binit__
00000200   ___bss__
ffffffff   ___c_args__
000193c0   ___cinit__
00000200   ___data__
00000200   ___edata__
00000200   ___end__
000183c0   ___etext__
00018220   ___isnanf
ffffffff   ___pinit__
000129e0   ___text__
00018260   __args_main
00017840   __auto_init
00017940   __c6xabi_remi
000129b0   __cleanup_ptr
00014f80   __divd
00015e60   __divf
000129b4   __dtors_ptr
000172a0   __frcmpyd_div
00018180   __llshru
00017f40   __mpyll
00017a40   __nround
00017940   __remi
000183c0   __stack
00017b20   __strasg
000182a0   __trunc
00018380   _abort
00004178   _adjustedclockoffset
80000000   _allMyDelayedWaveforms
00016740   _atan
00017100   _atan2
00000200   _buf
0000416a   _buffer_swap_index
000007ae   _bufindex
00018100   _c_int00
0000394e   _cde
0000395c   _clockOffset
00003960   _clockOffset_save
00003d60   _clockOffset_tick_save
0000458c   _clockUpdateDebug
0000471c   _clockUpdateDebug_index
0000471e   _clockUpdateFlag
0000c758   _clockbuf
0000e758   _clockbuf_shifted
00004730   _config
00017dc0   _copy_in
000003ec   _corr_c
000003e0   _corr_max
000003e8   _corr_max_c
000007ac   _corr_max_lag
000003e4   _corr_max_s
0000052c   _corr_s
00015b20   _cos
00012758   _current_clockbuf
000007b8   _ell
000129c4   _errno
00017c00   _exit
00003954   _fde
00004180   _fractionalShift
00017520   _frexp
0000472c   _hCodec
000007b0   _i
000007b4   _imax
00004720   _infiniteClockTick
00003958   _integerOffset
000007b2   _j
000007b6   _k
00004724   _lastInfiniteClockTick
000129e0   _main
0000393c   _max_recbuf
0000394c   _max_samp
00016980   _memcpy
000002a0   _mfc
00000340   _mfs
00017ce0   _modf
00004729   _needNewShiftedBufferFlag
00004728   _newDelayEstimationFlag
00004170   _one_over_beta
00003950   _pcf
00004160   _ppm_estimate
000007f0   _recbuf
0000393a   _recbuf_start_clock
00003938   _recbufindex
0000418c   _regressionSave
00004188   _regression_index
00013a70   _runSystemOffsetCalculations
0000066c   _s
00013ee4   _saveClockOffsetCalcs
00004168   _save_index
00014760   _serialPortRcvISR
00012e94   _setupTransmitBuffer
00001930   _si
00016460   _sin
00004758   _sincpulsebuf
00003948   _sincpulsebuf_counter
00002934   _sq
00003940   _state
000007d8   _t
00014018   _updateOutputBufferWClockOffset
00003944   _vclock_counter
000007e0   _x
000007e8   _y
000007c4   _z
000007bc   _zc
000007c8   _zi
000007d0   _zmax
000007cc   _zq
000007c0   _zs
ffffffff   binit
000193c0   cinit
00000200   edata
00000200   end
000183c0   etext
ffffffff   pinit


GLOBAL SYMBOLS: SORTED BY Symbol Address 

address    name
--------   ----
00000001   __TI_args_main
00000200   $bss
00000200   .bss
00000200   .data
00000200   ___bss__
00000200   ___data__
00000200   ___edata__
00000200   ___end__
00000200   _buf
00000200   edata
00000200   end
000002a0   _mfc
00000340   _mfs
000003e0   _corr_max
000003e4   _corr_max_s
000003e8   _corr_max_c
000003ec   _corr_c
0000052c   _corr_s
0000066c   _s
000007ac   _corr_max_lag
000007ae   _bufindex
000007b0   _i
000007b2   _j
000007b4   _imax
000007b6   _k
000007b8   _ell
000007bc   _zc
000007c0   _zs
000007c4   _z
000007c8   _zi
000007cc   _zq
000007d0   _zmax
000007d8   _t
000007e0   _x
000007e8   _y
000007f0   _recbuf
00001000   __STACK_SIZE
00001930   _si
00002934   _sq
00003938   _recbufindex
0000393a   _recbuf_start_clock
0000393c   _max_recbuf
00003940   _state
00003944   _vclock_counter
00003948   _sincpulsebuf_counter
0000394c   _max_samp
0000394e   _cde
00003950   _pcf
00003954   _fde
00003958   _integerOffset
0000395c   _clockOffset
00003960   _clockOffset_save
00003d60   _clockOffset_tick_save
00004160   _ppm_estimate
00004168   _save_index
0000416a   _buffer_swap_index
00004170   _one_over_beta
00004178   _adjustedclockoffset
00004180   _fractionalShift
00004188   _regression_index
0000418c   _regressionSave
0000458c   _clockUpdateDebug
0000471c   _clockUpdateDebug_index
0000471e   _clockUpdateFlag
00004720   _infiniteClockTick
00004724   _lastInfiniteClockTick
00004728   _newDelayEstimationFlag
00004729   _needNewShiftedBufferFlag
0000472c   _hCodec
00004730   _config
00004758   _sincpulsebuf
0000c758   _clockbuf
0000e758   _clockbuf_shifted
00012758   _current_clockbuf
0001275a   _DSK6713_version
00012784   __IRQ_eventTable
00012808   __IRQ_intTable
00012848   __IRQ_dispatchTable
00012960   __MCBSP_hDev0
00012964   __MCBSP_hDev1
000129b0   __cleanup_ptr
000129b4   __dtors_ptr
000129b8   ___TI_enable_exit_profile_output
000129bc   _DSK6713_AIC23_codeccontrolhandle
000129c0   _DSK6713_AIC23_codecdatahandle
000129c4   _errno
000129e0   .text
000129e0   ___text__
000129e0   _main
00012e94   _setupTransmitBuffer
000130a8   _SetupBuffers
000138f8   _SystemInit
00013a70   _runSystemOffsetCalculations
00013ee4   _saveClockOffsetCalcs
00014018   _updateOutputBufferWClockOffset
000142d8   _LinearRegressionExtrapolation
00014760   _serialPortRcvISR
00014f80   __divd
000156ec   _DSK6713_init
00015a08   _DSK6713_rget
00015a1c   _DSK6713_rset
00015a30   _DSK6713_wait
00015a88   _DSK6713_waitusec
00015ab4   _DSK6713_getVersion
00015b20   _cos
00015e60   __divf
00016160   _DSK6713_AIC23_openCodec
00016460   _sin
00016740   _atan
00016980   _memcpy
00016bc0   _DSK6713_LED_init
00016c00   _DSK6713_LED_off
00016c70   _DSK6713_LED_on
00016ce0   _DSK6713_LED_toggle
00016da0   _IRQ_map
00016f60   _MCBSP_reset
00017100   _atan2
000172a0   __frcmpyd_div
000173e0   _DSK6713_AIC23_rset
00017478   _DSK6713_AIC23_rget
000174a0   _DSK6713_AIC23_config
00017520   _frexp
00017640   _MCBSP_open
00017740   _MCBSP_start
00017840   __auto_init
00017940   __c6xabi_remi
00017940   __remi
00017a40   __nround
00017b20   __strasg
00017c00   _exit
00017ce0   _modf
00017dc0   _copy_in
00017e80   _DSK6713_AIC23_setFreq
00017f40   __mpyll
00018080   ___TI_cpp_init
00018100   _c_int00
00018180   __llshru
000181e0   _IRQ_enable
00018220   ___isnanf
00018260   __args_main
000182a0   __trunc
000182e0   _IRQ_globalDisable
00018300   _IRQ_globalEnable
00018320   _IRQ_nmiEnable
00018340   _MCBSP_read
00018360   _MCBSP_write
00018380   C$$EXIT
00018380   _abort
000183a0   __IRQ_hookFetchPacket
000183c0   ___etext__
000183c0   __stack
000183c0   etext
000193c0   __STACK_END
000193c0   ___cinit__
000193c0   cinit
80000000   _allMyDelayedWaveforms
ffffffff   ___TI_pprof_out_hndl
ffffffff   ___TI_prof_data_size
ffffffff   ___TI_prof_data_start
ffffffff   ___binit__
ffffffff   ___c_args__
ffffffff   ___pinit__
ffffffff   binit
ffffffff   pinit

[164 symbols]
