<?xml version="1.0"?>
<link_info>
   <banner>TMS320C6x Linker PC v7.4.8</banner>
   <copyright>Copyright (c) 1996-2014 Texas Instruments Incorporated</copyright>
   <link_time>0x55072035</link_time>
   <output_file>time_stamper_master.out</output_file>
   <entry_point>
      <name>_c_int00</name>
      <address>0xc360</address>
   </entry_point>
   <input_file_list>
      <input_file id="fl-2">
         <path>.\</path>
         <kind>object</kind>
         <file>DebugTools.obj</file>
         <name>DebugTools.obj</name>
      </input_file>
      <input_file id="fl-3">
         <path>.\</path>
         <kind>object</kind>
         <file>MathCalculations.obj</file>
         <name>MathCalculations.obj</name>
      </input_file>
      <input_file id="fl-4">
         <path>.\</path>
         <kind>object</kind>
         <file>time_stamper_master.obj</file>
         <name>time_stamper_master.obj</name>
      </input_file>
      <input_file id="fl-5">
         <path>.\</path>
         <kind>object</kind>
         <file>vectors.obj</file>
         <name>vectors.obj</name>
      </input_file>
      <input_file id="fl-82">
         <path>C:\TI_DSK\ccsv6\tools\compiler\c6000_7.4.8\lib\</path>
         <kind>archive</kind>
         <file>rts6700.lib</file>
         <name>atan2.obj</name>
      </input_file>
      <input_file id="fl-83">
         <path>C:\TI_DSK\ccsv6\tools\compiler\c6000_7.4.8\lib\</path>
         <kind>archive</kind>
         <file>rts6700.lib</file>
         <name>boot.obj</name>
      </input_file>
      <input_file id="fl-84">
         <path>C:\TI_DSK\ccsv6\tools\compiler\c6000_7.4.8\lib\</path>
         <kind>archive</kind>
         <file>rts6700.lib</file>
         <name>cos.obj</name>
      </input_file>
      <input_file id="fl-85">
         <path>C:\TI_DSK\ccsv6\tools\compiler\c6000_7.4.8\lib\</path>
         <kind>archive</kind>
         <file>rts6700.lib</file>
         <name>divd.obj</name>
      </input_file>
      <input_file id="fl-86">
         <path>C:\TI_DSK\ccsv6\tools\compiler\c6000_7.4.8\lib\</path>
         <kind>archive</kind>
         <file>rts6700.lib</file>
         <name>errno.obj</name>
      </input_file>
      <input_file id="fl-87">
         <path>C:\TI_DSK\ccsv6\tools\compiler\c6000_7.4.8\lib\</path>
         <kind>archive</kind>
         <file>rts6700.lib</file>
         <name>exit.obj</name>
      </input_file>
      <input_file id="fl-88">
         <path>C:\TI_DSK\ccsv6\tools\compiler\c6000_7.4.8\lib\</path>
         <kind>archive</kind>
         <file>rts6700.lib</file>
         <name>frcmpyd_div.obj</name>
      </input_file>
      <input_file id="fl-89">
         <path>C:\TI_DSK\ccsv6\tools\compiler\c6000_7.4.8\lib\</path>
         <kind>archive</kind>
         <file>rts6700.lib</file>
         <name>frexp.obj</name>
      </input_file>
      <input_file id="fl-8a">
         <path>C:\TI_DSK\ccsv6\tools\compiler\c6000_7.4.8\lib\</path>
         <kind>archive</kind>
         <file>rts6700.lib</file>
         <name>llshift.obj</name>
      </input_file>
      <input_file id="fl-8b">
         <path>C:\TI_DSK\ccsv6\tools\compiler\c6000_7.4.8\lib\</path>
         <kind>archive</kind>
         <file>rts6700.lib</file>
         <name>modf.obj</name>
      </input_file>
      <input_file id="fl-8c">
         <path>C:\TI_DSK\ccsv6\tools\compiler\c6000_7.4.8\lib\</path>
         <kind>archive</kind>
         <file>rts6700.lib</file>
         <name>mpyll.obj</name>
      </input_file>
      <input_file id="fl-8d">
         <path>C:\TI_DSK\ccsv6\tools\compiler\c6000_7.4.8\lib\</path>
         <kind>archive</kind>
         <file>rts6700.lib</file>
         <name>printf.obj</name>
      </input_file>
      <input_file id="fl-8e">
         <path>C:\TI_DSK\ccsv6\tools\compiler\c6000_7.4.8\lib\</path>
         <kind>archive</kind>
         <file>rts6700.lib</file>
         <name>round.obj</name>
      </input_file>
      <input_file id="fl-8f">
         <path>C:\TI_DSK\ccsv6\tools\compiler\c6000_7.4.8\lib\</path>
         <kind>archive</kind>
         <file>rts6700.lib</file>
         <name>sin.obj</name>
      </input_file>
      <input_file id="fl-90">
         <path>C:\TI_DSK\ccsv6\tools\compiler\c6000_7.4.8\lib\</path>
         <kind>archive</kind>
         <file>rts6700.lib</file>
         <name>strasg.obj</name>
      </input_file>
      <input_file id="fl-91">
         <path>C:\TI_DSK\ccsv6\tools\compiler\c6000_7.4.8\lib\</path>
         <kind>archive</kind>
         <file>rts6700.lib</file>
         <name>trunc.obj</name>
      </input_file>
      <input_file id="fl-92">
         <path>C:\TI_DSK\ccsv6\tools\compiler\c6000_7.4.8\lib\</path>
         <kind>archive</kind>
         <file>rts6700.lib</file>
         <name>_lock.obj</name>
      </input_file>
      <input_file id="fl-93">
         <path>C:\TI_DSK\ccsv6\tools\compiler\c6000_7.4.8\lib\</path>
         <kind>archive</kind>
         <file>rts6700.lib</file>
         <name>_printfi.obj</name>
      </input_file>
      <input_file id="fl-94">
         <path>C:\TI_DSK\ccsv6\tools\compiler\c6000_7.4.8\lib\</path>
         <kind>archive</kind>
         <file>rts6700.lib</file>
         <name>args_main.obj</name>
      </input_file>
      <input_file id="fl-95">
         <path>C:\TI_DSK\ccsv6\tools\compiler\c6000_7.4.8\lib\</path>
         <kind>archive</kind>
         <file>rts6700.lib</file>
         <name>atan.obj</name>
      </input_file>
      <input_file id="fl-96">
         <path>C:\TI_DSK\ccsv6\tools\compiler\c6000_7.4.8\lib\</path>
         <kind>archive</kind>
         <file>rts6700.lib</file>
         <name>atoi.obj</name>
      </input_file>
      <input_file id="fl-97">
         <path>C:\TI_DSK\ccsv6\tools\compiler\c6000_7.4.8\lib\</path>
         <kind>archive</kind>
         <file>rts6700.lib</file>
         <name>autoinit.obj</name>
      </input_file>
      <input_file id="fl-98">
         <path>C:\TI_DSK\ccsv6\tools\compiler\c6000_7.4.8\lib\</path>
         <kind>archive</kind>
         <file>rts6700.lib</file>
         <name>cpp_init.obj</name>
      </input_file>
      <input_file id="fl-99">
         <path>C:\TI_DSK\ccsv6\tools\compiler\c6000_7.4.8\lib\</path>
         <kind>archive</kind>
         <file>rts6700.lib</file>
         <name>cpy_tbl.obj</name>
      </input_file>
      <input_file id="fl-9a">
         <path>C:\TI_DSK\ccsv6\tools\compiler\c6000_7.4.8\lib\</path>
         <kind>archive</kind>
         <file>rts6700.lib</file>
         <name>ctype.obj</name>
      </input_file>
      <input_file id="fl-9b">
         <path>C:\TI_DSK\ccsv6\tools\compiler\c6000_7.4.8\lib\</path>
         <kind>archive</kind>
         <file>rts6700.lib</file>
         <name>defs.obj</name>
      </input_file>
      <input_file id="fl-9c">
         <path>C:\TI_DSK\ccsv6\tools\compiler\c6000_7.4.8\lib\</path>
         <kind>archive</kind>
         <file>rts6700.lib</file>
         <name>divu.obj</name>
      </input_file>
      <input_file id="fl-9d">
         <path>C:\TI_DSK\ccsv6\tools\compiler\c6000_7.4.8\lib\</path>
         <kind>archive</kind>
         <file>rts6700.lib</file>
         <name>fixdli.obj</name>
      </input_file>
      <input_file id="fl-9e">
         <path>C:\TI_DSK\ccsv6\tools\compiler\c6000_7.4.8\lib\</path>
         <kind>archive</kind>
         <file>rts6700.lib</file>
         <name>fltlid.obj</name>
      </input_file>
      <input_file id="fl-9f">
         <path>C:\TI_DSK\ccsv6\tools\compiler\c6000_7.4.8\lib\</path>
         <kind>archive</kind>
         <file>rts6700.lib</file>
         <name>fputc.obj</name>
      </input_file>
      <input_file id="fl-a0">
         <path>C:\TI_DSK\ccsv6\tools\compiler\c6000_7.4.8\lib\</path>
         <kind>archive</kind>
         <file>rts6700.lib</file>
         <name>fputs.obj</name>
      </input_file>
      <input_file id="fl-a1">
         <path>C:\TI_DSK\ccsv6\tools\compiler\c6000_7.4.8\lib\</path>
         <kind>archive</kind>
         <file>rts6700.lib</file>
         <name>imath40.obj</name>
      </input_file>
      <input_file id="fl-a2">
         <path>C:\TI_DSK\ccsv6\tools\compiler\c6000_7.4.8\lib\</path>
         <kind>archive</kind>
         <file>rts6700.lib</file>
         <name>imath64.obj</name>
      </input_file>
      <input_file id="fl-a3">
         <path>C:\TI_DSK\ccsv6\tools\compiler\c6000_7.4.8\lib\</path>
         <kind>archive</kind>
         <file>rts6700.lib</file>
         <name>isinf.obj</name>
      </input_file>
      <input_file id="fl-a4">
         <path>C:\TI_DSK\ccsv6\tools\compiler\c6000_7.4.8\lib\</path>
         <kind>archive</kind>
         <file>rts6700.lib</file>
         <name>lowlev.obj</name>
      </input_file>
      <input_file id="fl-a5">
         <path>C:\TI_DSK\ccsv6\tools\compiler\c6000_7.4.8\lib\</path>
         <kind>archive</kind>
         <file>rts6700.lib</file>
         <name>ltoa.obj</name>
      </input_file>
      <input_file id="fl-a6">
         <path>C:\TI_DSK\ccsv6\tools\compiler\c6000_7.4.8\lib\</path>
         <kind>archive</kind>
         <file>rts6700.lib</file>
         <name>memccpy.obj</name>
      </input_file>
      <input_file id="fl-a7">
         <path>C:\TI_DSK\ccsv6\tools\compiler\c6000_7.4.8\lib\</path>
         <kind>archive</kind>
         <file>rts6700.lib</file>
         <name>memcpy62.obj</name>
      </input_file>
      <input_file id="fl-a8">
         <path>C:\TI_DSK\ccsv6\tools\compiler\c6000_7.4.8\lib\</path>
         <kind>archive</kind>
         <file>rts6700.lib</file>
         <name>memset.obj</name>
      </input_file>
      <input_file id="fl-a9">
         <path>C:\TI_DSK\ccsv6\tools\compiler\c6000_7.4.8\lib\</path>
         <kind>archive</kind>
         <file>rts6700.lib</file>
         <name>negll.obj</name>
      </input_file>
      <input_file id="fl-aa">
         <path>C:\TI_DSK\ccsv6\tools\compiler\c6000_7.4.8\lib\</path>
         <kind>archive</kind>
         <file>rts6700.lib</file>
         <name>trgdrv.obj</name>
      </input_file>
      <input_file id="fl-ab">
         <path>C:\TI_DSK\ccsv6\tools\compiler\c6000_7.4.8\lib\</path>
         <kind>archive</kind>
         <file>rts6700.lib</file>
         <name>trgmsg.obj</name>
      </input_file>
      <input_file id="fl-ac">
         <path>C:\TI_DSK\ccsv6\tools\compiler\c6000_7.4.8\lib\</path>
         <kind>archive</kind>
         <file>rts6700.lib</file>
         <name>_io_perm.obj</name>
      </input_file>
      <input_file id="fl-ad">
         <path>C:\TI_DSK\ccsv6\tools\compiler\c6000_7.4.8\lib\</path>
         <kind>archive</kind>
         <file>rts6700.lib</file>
         <name>abs.obj</name>
      </input_file>
      <input_file id="fl-ae">
         <path>C:\TI_DSK\ccsv6\tools\compiler\c6000_7.4.8\lib\</path>
         <kind>archive</kind>
         <file>rts6700.lib</file>
         <name>fflush.obj</name>
      </input_file>
      <input_file id="fl-af">
         <path>C:\TI_DSK\ccsv6\tools\compiler\c6000_7.4.8\lib\</path>
         <kind>archive</kind>
         <file>rts6700.lib</file>
         <name>fseek.obj</name>
      </input_file>
      <input_file id="fl-b0">
         <path>C:\TI_DSK\ccsv6\tools\compiler\c6000_7.4.8\lib\</path>
         <kind>archive</kind>
         <file>rts6700.lib</file>
         <name>setvbuf.obj</name>
      </input_file>
      <input_file id="fl-b1">
         <path>C:\TI_DSK\ccsv6\tools\compiler\c6000_7.4.8\lib\</path>
         <kind>archive</kind>
         <file>rts6700.lib</file>
         <name>fopen.obj</name>
      </input_file>
      <input_file id="fl-b2">
         <path>C:\TI_DSK\ccsv6\tools\compiler\c6000_7.4.8\lib\</path>
         <kind>archive</kind>
         <file>rts6700.lib</file>
         <name>memory.obj</name>
      </input_file>
      <input_file id="fl-b3">
         <path>C:\TI_DSK\ccsv6\tools\compiler\c6000_7.4.8\lib\</path>
         <kind>archive</kind>
         <file>rts6700.lib</file>
         <name>fclose.obj</name>
      </input_file>
      <input_file id="fl-b4">
         <path>C:\TI_DSK\ccsv6\tools\compiler\c6000_7.4.8\lib\</path>
         <kind>archive</kind>
         <file>rts6700.lib</file>
         <name>remove.obj</name>
      </input_file>
      <input_file id="fl-b5">
         <path>C:\Program Files\C6xCSL\lib_3x\</path>
         <kind>archive</kind>
         <file>csl6713.lib</file>
         <name>csl_gpio.obj</name>
      </input_file>
      <input_file id="fl-b6">
         <path>C:\Program Files\C6xCSL\lib_3x\</path>
         <kind>archive</kind>
         <file>csl6713.lib</file>
         <name>csl_irq.obj</name>
      </input_file>
      <input_file id="fl-b7">
         <path>C:\Program Files\C6xCSL\lib_3x\</path>
         <kind>archive</kind>
         <file>csl6713.lib</file>
         <name>csl_mcbsp.obj</name>
      </input_file>
      <input_file id="fl-b8">
         <path>C:\TI_DSK\dsk6713revc_files\CCStudio\c6000\dsk6713\lib\</path>
         <kind>archive</kind>
         <file>dsk6713bsl.lib</file>
         <name>dsk6713.obj</name>
      </input_file>
      <input_file id="fl-b9">
         <path>C:\TI_DSK\dsk6713revc_files\CCStudio\c6000\dsk6713\lib\</path>
         <kind>archive</kind>
         <file>dsk6713bsl.lib</file>
         <name>dsk6713_aic23_opencodec.obj</name>
      </input_file>
      <input_file id="fl-ba">
         <path>C:\TI_DSK\dsk6713revc_files\CCStudio\c6000\dsk6713\lib\</path>
         <kind>archive</kind>
         <file>dsk6713bsl.lib</file>
         <name>dsk6713_aic23_registers.obj</name>
      </input_file>
      <input_file id="fl-bb">
         <path>C:\TI_DSK\dsk6713revc_files\CCStudio\c6000\dsk6713\lib\</path>
         <kind>archive</kind>
         <file>dsk6713bsl.lib</file>
         <name>dsk6713_aic23_setfreq.obj</name>
      </input_file>
      <input_file id="fl-bc">
         <path>C:\TI_DSK\dsk6713revc_files\CCStudio\c6000\dsk6713\lib\</path>
         <kind>archive</kind>
         <file>dsk6713bsl.lib</file>
         <name>dsk6713_led.obj</name>
      </input_file>
   </input_file_list>
   <object_component_list>
      <object_component id="oc-2d">
         <name>vectors</name>
         <load_address>0x0</load_address>
         <run_address>0x0</run_address>
         <size>0x200</size>
         <input_file_ref idref="fl-5"/>
      </object_component>
      <object_component id="oc-113">
         <name>.text</name>
         <load_address>0x200</load_address>
         <run_address>0x200</run_address>
         <size>0xee0</size>
         <input_file_ref idref="fl-4"/>
      </object_component>
      <object_component id="oc-12f">
         <name>.text</name>
         <load_address>0x10e0</load_address>
         <run_address>0x10e0</run_address>
         <size>0xc00</size>
         <input_file_ref idref="fl-3"/>
      </object_component>
      <object_component id="oc-131">
         <name>.text:__divd</name>
         <load_address>0x1ce0</load_address>
         <run_address>0x1ce0</run_address>
         <size>0x720</size>
         <input_file_ref idref="fl-85"/>
      </object_component>
      <object_component id="oc-15b">
         <name>.text:__getarg_diouxp</name>
         <load_address>0x2400</load_address>
         <run_address>0x2400</run_address>
         <size>0x6c0</size>
         <input_file_ref idref="fl-93"/>
      </object_component>
      <object_component id="oc-149">
         <name>.text:__setfield</name>
         <load_address>0x2ac0</load_address>
         <run_address>0x2ac0</run_address>
         <size>0x640</size>
         <input_file_ref idref="fl-93"/>
      </object_component>
      <object_component id="oc-112">
         <name>.text</name>
         <load_address>0x3100</load_address>
         <run_address>0x3100</run_address>
         <size>0x580</size>
         <input_file_ref idref="fl-2"/>
      </object_component>
      <object_component id="oc-143">
         <name>.text:__printfi</name>
         <load_address>0x3680</load_address>
         <run_address>0x3680</run_address>
         <size>0x560</size>
         <input_file_ref idref="fl-93"/>
      </object_component>
      <object_component id="oc-145">
         <name>.text:_fputs</name>
         <load_address>0x3be0</load_address>
         <run_address>0x3be0</run_address>
         <size>0x4c0</size>
         <input_file_ref idref="fl-a0"/>
      </object_component>
      <object_component id="oc-f1">
         <name>.text</name>
         <load_address>0x40a0</load_address>
         <run_address>0x40a0</run_address>
         <size>0x480</size>
         <input_file_ref idref="fl-b8"/>
      </object_component>
      <object_component id="oc-165">
         <name>.text:_fcvt</name>
         <load_address>0x4520</load_address>
         <run_address>0x4520</run_address>
         <size>0x420</size>
         <input_file_ref idref="fl-93"/>
      </object_component>
      <object_component id="oc-150">
         <name>.text:__pproc_fge</name>
         <load_address>0x4940</load_address>
         <run_address>0x4940</run_address>
         <size>0x400</size>
         <input_file_ref idref="fl-93"/>
      </object_component>
      <object_component id="oc-162">
         <name>.text:_ecvt</name>
         <load_address>0x4d40</load_address>
         <run_address>0x4d40</run_address>
         <size>0x400</size>
         <input_file_ref idref="fl-93"/>
      </object_component>
      <object_component id="oc-170">
         <name>.text:__divull</name>
         <load_address>0x5140</load_address>
         <run_address>0x5140</run_address>
         <size>0x380</size>
         <input_file_ref idref="fl-a2"/>
      </object_component>
      <object_component id="oc-15f">
         <name>.text:_free</name>
         <load_address>0x54c0</load_address>
         <run_address>0x54c0</run_address>
         <size>0x380</size>
         <input_file_ref idref="fl-b2"/>
      </object_component>
      <object_component id="oc-15a">
         <name>.text:__pconv_e</name>
         <load_address>0x5840</load_address>
         <run_address>0x5840</run_address>
         <size>0x360</size>
         <input_file_ref idref="fl-93"/>
      </object_component>
      <object_component id="oc-148">
         <name>.text:__pproc_fwp</name>
         <load_address>0x5ba0</load_address>
         <run_address>0x5ba0</run_address>
         <size>0x360</size>
         <input_file_ref idref="fl-93"/>
      </object_component>
      <object_component id="oc-132">
         <name>.text:_cos</name>
         <load_address>0x5f00</load_address>
         <run_address>0x5f00</run_address>
         <size>0x340</size>
         <input_file_ref idref="fl-84"/>
      </object_component>
      <object_component id="oc-151">
         <name>.text:__pproc_diouxp</name>
         <load_address>0x6240</load_address>
         <run_address>0x6240</run_address>
         <size>0x300</size>
         <input_file_ref idref="fl-93"/>
      </object_component>
      <object_component id="oc-f7">
         <name>.text</name>
         <load_address>0x6540</load_address>
         <run_address>0x6540</run_address>
         <size>0x300</size>
         <input_file_ref idref="fl-b9"/>
      </object_component>
      <object_component id="oc-130">
         <name>.text:_sin</name>
         <load_address>0x6840</load_address>
         <run_address>0x6840</run_address>
         <size>0x2e0</size>
         <input_file_ref idref="fl-8f"/>
      </object_component>
      <object_component id="oc-14a">
         <name>.text:__pproc_str</name>
         <load_address>0x6b20</load_address>
         <run_address>0x6b20</run_address>
         <size>0x2c0</size>
         <input_file_ref idref="fl-93"/>
      </object_component>
      <object_component id="oc-154">
         <name>.text:_setvbuf</name>
         <load_address>0x6de0</load_address>
         <run_address>0x6de0</run_address>
         <size>0x2c0</size>
         <input_file_ref idref="fl-b0"/>
      </object_component>
      <object_component id="oc-158">
         <name>.text:__pconv_g</name>
         <load_address>0x70a0</load_address>
         <run_address>0x70a0</run_address>
         <size>0x2a0</size>
         <input_file_ref idref="fl-93"/>
      </object_component>
      <object_component id="oc-146">
         <name>.text:_fputc</name>
         <load_address>0x7340</load_address>
         <run_address>0x7340</run_address>
         <size>0x2a0</size>
         <input_file_ref idref="fl-9f"/>
      </object_component>
      <object_component id="oc-29">
         <name>.text:retain</name>
         <load_address>0x75e0</load_address>
         <run_address>0x75e0</run_address>
         <size>0x2a0</size>
         <input_file_ref idref="fl-4"/>
      </object_component>
      <object_component id="oc-16f">
         <name>.text:__divul</name>
         <load_address>0x7880</load_address>
         <run_address>0x7880</run_address>
         <size>0x260</size>
         <input_file_ref idref="fl-a1"/>
      </object_component>
      <object_component id="oc-164">
         <name>.text:__mcpy</name>
         <load_address>0x7ae0</load_address>
         <run_address>0x7ae0</run_address>
         <size>0x240</size>
         <input_file_ref idref="fl-93"/>
      </object_component>
      <object_component id="oc-140">
         <name>.text:_atan</name>
         <load_address>0x7d20</load_address>
         <run_address>0x7d20</run_address>
         <size>0x240</size>
         <input_file_ref idref="fl-95"/>
      </object_component>
      <object_component id="oc-160">
         <name>.text:_malloc</name>
         <load_address>0x7f60</load_address>
         <run_address>0x7f60</run_address>
         <size>0x240</size>
         <input_file_ref idref="fl-b2"/>
      </object_component>
      <object_component id="oc-121">
         <name>.text:_memcpy</name>
         <load_address>0x81a0</load_address>
         <run_address>0x81a0</run_address>
         <size>0x240</size>
         <input_file_ref idref="fl-a7"/>
      </object_component>
      <object_component id="oc-11c">
         <name>.text:_HOSTrename</name>
         <load_address>0x83e0</load_address>
         <run_address>0x83e0</run_address>
         <size>0x220</size>
         <input_file_ref idref="fl-aa"/>
      </object_component>
      <object_component id="oc-178">
         <name>.text:_getdevice</name>
         <load_address>0x8600</load_address>
         <run_address>0x8600</run_address>
         <size>0x1e0</size>
         <input_file_ref idref="fl-a4"/>
      </object_component>
      <object_component id="oc-109">
         <name>.text</name>
         <load_address>0x87e0</load_address>
         <run_address>0x87e0</run_address>
         <size>0x1e0</size>
         <input_file_ref idref="fl-bc"/>
      </object_component>
      <object_component id="oc-12c">
         <name>.text:_IRQ_map</name>
         <load_address>0x89c0</load_address>
         <run_address>0x89c0</run_address>
         <size>0x1c0</size>
         <input_file_ref idref="fl-b6"/>
      </object_component>
      <object_component id="oc-153">
         <name>.text:_fseek</name>
         <load_address>0x8b80</load_address>
         <run_address>0x8b80</run_address>
         <size>0x1c0</size>
         <input_file_ref idref="fl-af"/>
      </object_component>
      <object_component id="oc-135">
         <name>.text:_MCBSP_reset</name>
         <load_address>0x8d40</load_address>
         <run_address>0x8d40</run_address>
         <size>0x1a0</size>
         <input_file_ref idref="fl-b7"/>
      </object_component>
      <object_component id="oc-15d">
         <name>.text:__ltostr</name>
         <load_address>0x8ee0</load_address>
         <run_address>0x8ee0</run_address>
         <size>0x1a0</size>
         <input_file_ref idref="fl-93"/>
      </object_component>
      <object_component id="oc-147">
         <name>.text:__pproc_fflags</name>
         <load_address>0x9080</load_address>
         <run_address>0x9080</run_address>
         <size>0x1a0</size>
         <input_file_ref idref="fl-93"/>
      </object_component>
      <object_component id="oc-138">
         <name>.text:_atan2</name>
         <load_address>0x9220</load_address>
         <run_address>0x9220</run_address>
         <size>0x1a0</size>
         <input_file_ref idref="fl-82"/>
      </object_component>
      <object_component id="oc-11a">
         <name>.text:_HOSTlseek</name>
         <load_address>0x93c0</load_address>
         <run_address>0x93c0</run_address>
         <size>0x160</size>
         <input_file_ref idref="fl-aa"/>
      </object_component>
      <object_component id="oc-16a">
         <name>.text:__closefile</name>
         <load_address>0x9520</load_address>
         <run_address>0x9520</run_address>
         <size>0x160</size>
         <input_file_ref idref="fl-b3"/>
      </object_component>
      <object_component id="oc-118">
         <name>.text:_HOSTread</name>
         <load_address>0x9680</load_address>
         <run_address>0x9680</run_address>
         <size>0x140</size>
         <input_file_ref idref="fl-aa"/>
      </object_component>
      <object_component id="oc-13e">
         <name>.text:__frcmpyd_div</name>
         <load_address>0x97c0</load_address>
         <run_address>0x97c0</run_address>
         <size>0x140</size>
         <input_file_ref idref="fl-88"/>
      </object_component>
      <object_component id="oc-124">
         <name>.text:__strasgi</name>
         <load_address>0x9900</load_address>
         <run_address>0x9900</run_address>
         <size>0x140</size>
         <input_file_ref idref="fl-90"/>
      </object_component>
      <object_component id="oc-14f">
         <name>.text:_atoi</name>
         <load_address>0x9a40</load_address>
         <run_address>0x9a40</run_address>
         <size>0x140</size>
         <input_file_ref idref="fl-96"/>
      </object_component>
      <object_component id="oc-16c">
         <name>.text:_ltoa</name>
         <load_address>0x9b80</load_address>
         <run_address>0x9b80</run_address>
         <size>0x140</size>
         <input_file_ref idref="fl-a5"/>
      </object_component>
      <object_component id="oc-fd">
         <name>.text</name>
         <load_address>0x9cc0</load_address>
         <run_address>0x9cc0</run_address>
         <size>0x140</size>
         <input_file_ref idref="fl-ba"/>
      </object_component>
      <object_component id="oc-116">
         <name>.text:_HOSTopen</name>
         <load_address>0x9e00</load_address>
         <run_address>0x9e00</run_address>
         <size>0x120</size>
         <input_file_ref idref="fl-aa"/>
      </object_component>
      <object_component id="oc-119">
         <name>.text:_HOSTwrite</name>
         <load_address>0x9f20</load_address>
         <run_address>0x9f20</run_address>
         <size>0x120</size>
         <input_file_ref idref="fl-aa"/>
      </object_component>
      <object_component id="oc-14b">
         <name>.text:__wrt_ok</name>
         <load_address>0xa040</load_address>
         <run_address>0xa040</run_address>
         <size>0x120</size>
         <input_file_ref idref="fl-ac"/>
      </object_component>
      <object_component id="oc-171">
         <name>.text:_close</name>
         <load_address>0xa160</load_address>
         <run_address>0xa160</run_address>
         <size>0x120</size>
         <input_file_ref idref="fl-a4"/>
      </object_component>
      <object_component id="oc-13f">
         <name>.text:_frexp</name>
         <load_address>0xa280</load_address>
         <run_address>0xa280</run_address>
         <size>0x120</size>
         <input_file_ref idref="fl-89"/>
      </object_component>
      <object_component id="oc-14e">
         <name>.text:_memset</name>
         <load_address>0xa3a0</load_address>
         <run_address>0xa3a0</run_address>
         <size>0x120</size>
         <input_file_ref idref="fl-a8"/>
      </object_component>
      <object_component id="oc-117">
         <name>.text:_HOSTclose</name>
         <load_address>0xa4c0</load_address>
         <run_address>0xa4c0</run_address>
         <size>0x100</size>
         <input_file_ref idref="fl-aa"/>
      </object_component>
      <object_component id="oc-11b">
         <name>.text:_HOSTunlink</name>
         <load_address>0xa5c0</load_address>
         <run_address>0xa5c0</run_address>
         <size>0x100</size>
         <input_file_ref idref="fl-aa"/>
      </object_component>
      <object_component id="oc-11e">
         <name>.text:_MCBSP_open</name>
         <load_address>0xa6c0</load_address>
         <run_address>0xa6c0</run_address>
         <size>0x100</size>
         <input_file_ref idref="fl-b7"/>
      </object_component>
      <object_component id="oc-11f">
         <name>.text:_MCBSP_start</name>
         <load_address>0xa7c0</load_address>
         <run_address>0xa7c0</run_address>
         <size>0x100</size>
         <input_file_ref idref="fl-b7"/>
      </object_component>
      <object_component id="oc-10e">
         <name>.text:__auto_init</name>
         <load_address>0xa8c0</load_address>
         <run_address>0xa8c0</run_address>
         <size>0x100</size>
         <input_file_ref idref="fl-97"/>
      </object_component>
      <object_component id="oc-167">
         <name>.text:__div</name>
         <load_address>0xa9c0</load_address>
         <run_address>0xa9c0</run_address>
         <size>0x100</size>
         <input_file_ref idref="fl-93"/>
      </object_component>
      <object_component id="oc-174">
         <name>.text:__divli</name>
         <load_address>0xaac0</load_address>
         <run_address>0xaac0</run_address>
         <size>0x100</size>
         <input_file_ref idref="fl-a1"/>
      </object_component>
      <object_component id="oc-159">
         <name>.text:__pconv_f</name>
         <load_address>0xabc0</load_address>
         <run_address>0xabc0</run_address>
         <size>0x100</size>
         <input_file_ref idref="fl-93"/>
      </object_component>
      <object_component id="oc-15e">
         <name>.text:_lseek</name>
         <load_address>0xacc0</load_address>
         <run_address>0xacc0</run_address>
         <size>0x100</size>
         <input_file_ref idref="fl-a4"/>
      </object_component>
      <object_component id="oc-139">
         <name>.text:_printf</name>
         <load_address>0xadc0</load_address>
         <run_address>0xadc0</run_address>
         <size>0x100</size>
         <input_file_ref idref="fl-8d"/>
      </object_component>
      <object_component id="oc-14d">
         <name>.text:_write</name>
         <load_address>0xaec0</load_address>
         <run_address>0xaec0</run_address>
         <size>0x100</size>
         <input_file_ref idref="fl-a4"/>
      </object_component>
      <object_component id="oc-161">
         <name>.text:__cleanup</name>
         <load_address>0xafc0</load_address>
         <run_address>0xafc0</run_address>
         <size>0xe0</size>
         <input_file_ref idref="fl-b1"/>
      </object_component>
      <object_component id="oc-14c">
         <name>.text:__doflush</name>
         <load_address>0xb0a0</load_address>
         <run_address>0xb0a0</run_address>
         <size>0xe0</size>
         <input_file_ref idref="fl-ae"/>
      </object_component>
      <object_component id="oc-163">
         <name>.text:__ecpy</name>
         <load_address>0xb180</load_address>
         <run_address>0xb180</run_address>
         <size>0xe0</size>
         <input_file_ref idref="fl-93"/>
      </object_component>
      <object_component id="oc-166">
         <name>.text:__fcpy</name>
         <load_address>0xb260</load_address>
         <run_address>0xb260</run_address>
         <size>0xe0</size>
         <input_file_ref idref="fl-93"/>
      </object_component>
      <object_component id="oc-13b">
         <name>.text:__nround</name>
         <load_address>0xb340</load_address>
         <run_address>0xb340</run_address>
         <size>0xe0</size>
         <input_file_ref idref="fl-8e"/>
      </object_component>
      <object_component id="oc-11d">
         <name>.text:__strasg</name>
         <load_address>0xb420</load_address>
         <run_address>0xb420</run_address>
         <size>0xe0</size>
         <input_file_ref idref="fl-90"/>
      </object_component>
      <object_component id="oc-110">
         <name>.text:_exit</name>
         <load_address>0xb500</load_address>
         <run_address>0xb500</run_address>
         <size>0xe0</size>
         <input_file_ref idref="fl-87"/>
      </object_component>
      <object_component id="oc-169">
         <name>.text:_minsert</name>
         <load_address>0xb5e0</load_address>
         <run_address>0xb5e0</run_address>
         <size>0xe0</size>
         <input_file_ref idref="fl-b2"/>
      </object_component>
      <object_component id="oc-13c">
         <name>.text:_modf</name>
         <load_address>0xb6c0</load_address>
         <run_address>0xb6c0</run_address>
         <size>0xe0</size>
         <input_file_ref idref="fl-8b"/>
      </object_component>
      <object_component id="oc-168">
         <name>.text:_mremove</name>
         <load_address>0xb7a0</load_address>
         <run_address>0xb7a0</run_address>
         <size>0xe0</size>
         <input_file_ref idref="fl-b2"/>
      </object_component>
      <object_component id="oc-125">
         <name>.text:_GPIO_open</name>
         <load_address>0xb880</load_address>
         <run_address>0xb880</run_address>
         <size>0xc0</size>
         <input_file_ref idref="fl-b5"/>
      </object_component>
      <object_component id="oc-136">
         <name>.text:_GPIO_reset</name>
         <load_address>0xb940</load_address>
         <run_address>0xb940</run_address>
         <size>0xc0</size>
         <input_file_ref idref="fl-b5"/>
      </object_component>
      <object_component id="oc-16e">
         <name>.text:__divu</name>
         <load_address>0xba00</load_address>
         <run_address>0xba00</run_address>
         <size>0xc0</size>
         <input_file_ref idref="fl-9c"/>
      </object_component>
      <object_component id="oc-120">
         <name>.text:_copy_in</name>
         <load_address>0xbac0</load_address>
         <run_address>0xbac0</run_address>
         <size>0xc0</size>
         <input_file_ref idref="fl-99"/>
      </object_component>
      <object_component id="oc-179">
         <name>.text:_finddevice</name>
         <load_address>0xbb80</load_address>
         <run_address>0xbb80</run_address>
         <size>0xc0</size>
         <input_file_ref idref="fl-a4"/>
      </object_component>
      <object_component id="oc-103">
         <name>.text</name>
         <load_address>0xbc40</load_address>
         <run_address>0xbc40</run_address>
         <size>0xc0</size>
         <input_file_ref idref="fl-bb"/>
      </object_component>
      <object_component id="oc-16b">
         <name>.text:__fixdli</name>
         <load_address>0xbd00</load_address>
         <run_address>0xbd00</run_address>
         <size>0xa0</size>
         <input_file_ref idref="fl-9d"/>
      </object_component>
      <object_component id="oc-144">
         <name>.text:__mpyll</name>
         <load_address>0xbda0</load_address>
         <run_address>0xbda0</run_address>
         <size>0xa0</size>
         <input_file_ref idref="fl-8c"/>
      </object_component>
      <object_component id="oc-173">
         <name>.text:__remli</name>
         <load_address>0xbe40</load_address>
         <run_address>0xbe40</run_address>
         <size>0xa0</size>
         <input_file_ref idref="fl-a1"/>
      </object_component>
      <object_component id="oc-134">
         <name>.text:_readmsg</name>
         <load_address>0xbee0</load_address>
         <run_address>0xbee0</run_address>
         <size>0xa0</size>
         <input_file_ref idref="fl-ab"/>
      </object_component>
      <object_component id="oc-137">
         <name>.text:_setMux</name>
         <load_address>0xbf80</load_address>
         <run_address>0xbf80</run_address>
         <size>0xa0</size>
         <input_file_ref idref="fl-b6"/>
      </object_component>
      <object_component id="oc-177">
         <name>.text:_unlink</name>
         <load_address>0xc020</load_address>
         <run_address>0xc020</run_address>
         <size>0xa0</size>
         <input_file_ref idref="fl-a4"/>
      </object_component>
      <object_component id="oc-133">
         <name>.text:_writemsg</name>
         <load_address>0xc0c0</load_address>
         <run_address>0xc0c0</run_address>
         <size>0xa0</size>
         <input_file_ref idref="fl-ab"/>
      </object_component>
      <object_component id="oc-126">
         <name>.text:_GPIO_config</name>
         <load_address>0xc160</load_address>
         <run_address>0xc160</run_address>
         <size>0x80</size>
         <input_file_ref idref="fl-b5"/>
      </object_component>
      <object_component id="oc-122">
         <name>.text:___TI_cpp_init</name>
         <load_address>0xc1e0</load_address>
         <run_address>0xc1e0</run_address>
         <size>0x80</size>
         <input_file_ref idref="fl-98"/>
      </object_component>
      <object_component id="oc-16d">
         <name>.text:__fltlid</name>
         <load_address>0xc260</load_address>
         <run_address>0xc260</run_address>
         <size>0x80</size>
         <input_file_ref idref="fl-9e"/>
      </object_component>
      <object_component id="oc-175">
         <name>.text:__llshl</name>
         <load_address>0xc2e0</load_address>
         <run_address>0xc2e0</run_address>
         <size>0x80</size>
         <input_file_ref idref="fl-8a"/>
      </object_component>
      <object_component id="oc-18">
         <name>.text:_c_int00</name>
         <load_address>0xc360</load_address>
         <run_address>0xc360</run_address>
         <size>0x80</size>
         <input_file_ref idref="fl-83"/>
      </object_component>
      <object_component id="oc-152">
         <name>.text:_memccpy</name>
         <load_address>0xc3e0</load_address>
         <run_address>0xc3e0</run_address>
         <size>0x80</size>
         <input_file_ref idref="fl-a6"/>
      </object_component>
      <object_component id="oc-128">
         <name>.text:_GPIO_pinDirection</name>
         <load_address>0xc460</load_address>
         <run_address>0xc460</run_address>
         <size>0x60</size>
         <input_file_ref idref="fl-b5"/>
      </object_component>
      <object_component id="oc-157">
         <name>.text:___isinf</name>
         <load_address>0xc4c0</load_address>
         <run_address>0xc4c0</run_address>
         <size>0x60</size>
         <input_file_ref idref="fl-a3"/>
      </object_component>
      <object_component id="oc-13d">
         <name>.text:__llshru</name>
         <load_address>0xc520</load_address>
         <run_address>0xc520</run_address>
         <size>0x60</size>
         <input_file_ref idref="fl-8a"/>
      </object_component>
      <object_component id="oc-176">
         <name>.text:__subcull</name>
         <load_address>0xc580</load_address>
         <run_address>0xc580</run_address>
         <size>0x60</size>
         <input_file_ref idref="fl-a2"/>
      </object_component>
      <object_component id="oc-127">
         <name>.text:_GPIO_pinEnable</name>
         <load_address>0xc5e0</load_address>
         <run_address>0xc5e0</run_address>
         <size>0x40</size>
         <input_file_ref idref="fl-b5"/>
      </object_component>
      <object_component id="oc-129">
         <name>.text:_GPIO_pinWrite</name>
         <load_address>0xc620</load_address>
         <run_address>0xc620</run_address>
         <size>0x40</size>
         <input_file_ref idref="fl-b5"/>
      </object_component>
      <object_component id="oc-12d">
         <name>.text:_IRQ_enable</name>
         <load_address>0xc660</load_address>
         <run_address>0xc660</run_address>
         <size>0x40</size>
         <input_file_ref idref="fl-b6"/>
      </object_component>
      <object_component id="oc-156">
         <name>.text:___isnan</name>
         <load_address>0xc6a0</load_address>
         <run_address>0xc6a0</run_address>
         <size>0x40</size>
         <input_file_ref idref="fl-93"/>
      </object_component>
      <object_component id="oc-10f">
         <name>.text:__args_main</name>
         <load_address>0xc6e0</load_address>
         <run_address>0xc6e0</run_address>
         <size>0x40</size>
         <input_file_ref idref="fl-94"/>
      </object_component>
      <object_component id="oc-13a">
         <name>.text:__trunc</name>
         <load_address>0xc720</load_address>
         <run_address>0xc720</run_address>
         <size>0x40</size>
         <input_file_ref idref="fl-91"/>
      </object_component>
      <object_component id="oc-12a">
         <name>.text:_IRQ_globalDisable</name>
         <load_address>0xc760</load_address>
         <run_address>0xc760</run_address>
         <size>0x20</size>
         <input_file_ref idref="fl-b6"/>
      </object_component>
      <object_component id="oc-12e">
         <name>.text:_IRQ_globalEnable</name>
         <load_address>0xc780</load_address>
         <run_address>0xc780</run_address>
         <size>0x20</size>
         <input_file_ref idref="fl-b6"/>
      </object_component>
      <object_component id="oc-12b">
         <name>.text:_IRQ_nmiEnable</name>
         <load_address>0xc7a0</load_address>
         <run_address>0xc7a0</run_address>
         <size>0x20</size>
         <input_file_ref idref="fl-b6"/>
      </object_component>
      <object_component id="oc-111">
         <name>.text:_MCBSP_read</name>
         <load_address>0xc7c0</load_address>
         <run_address>0xc7c0</run_address>
         <size>0x20</size>
         <input_file_ref idref="fl-b7"/>
      </object_component>
      <object_component id="oc-114">
         <name>.text:_MCBSP_write</name>
         <load_address>0xc7e0</load_address>
         <run_address>0xc7e0</run_address>
         <size>0x20</size>
         <input_file_ref idref="fl-b7"/>
      </object_component>
      <object_component id="oc-15c">
         <name>.text:__negll</name>
         <load_address>0xc800</load_address>
         <run_address>0xc800</run_address>
         <size>0x20</size>
         <input_file_ref idref="fl-a9"/>
      </object_component>
      <object_component id="oc-115">
         <name>.text:__nop</name>
         <load_address>0xc820</load_address>
         <run_address>0xc820</run_address>
         <size>0x20</size>
         <input_file_ref idref="fl-92"/>
      </object_component>
      <object_component id="oc-142">
         <name>.text:__outc</name>
         <load_address>0xc840</load_address>
         <run_address>0xc840</run_address>
         <size>0x20</size>
         <input_file_ref idref="fl-8d"/>
      </object_component>
      <object_component id="oc-141">
         <name>.text:__outs</name>
         <load_address>0xc860</load_address>
         <run_address>0xc860</run_address>
         <size>0x20</size>
         <input_file_ref idref="fl-8d"/>
      </object_component>
      <object_component id="oc-123">
         <name>.text:_abort</name>
         <load_address>0xc880</load_address>
         <run_address>0xc880</run_address>
         <size>0x20</size>
         <input_file_ref idref="fl-87"/>
      </object_component>
      <object_component id="oc-172">
         <name>.text:_remove</name>
         <load_address>0xc8a0</load_address>
         <run_address>0xc8a0</run_address>
         <size>0x20</size>
         <input_file_ref idref="fl-b4"/>
      </object_component>
      <object_component id="oc-e6">
         <name>.text</name>
         <load_address>0xc8c0</load_address>
         <run_address>0xc8c0</run_address>
         <size>0x20</size>
         <input_file_ref idref="fl-b6"/>
      </object_component>
      <object_component id="oc-35">
         <name>.stack</name>
         <uninitialized>true</uninitialized>
         <run_address>0x134b0</run_address>
         <size>0x8</size>
         <input_file_ref idref="fl-83"/>
      </object_component>
      <object_component id="oc-199">
         <name>.stack</name>
         <uninitialized>true</uninitialized>
         <run_address>0x134b0</run_address>
         <size>0x0</size>
      </object_component>
      <object_component id="oc-be">
         <name>.cio</name>
         <uninitialized>true</uninitialized>
         <run_address>0x13e5c</run_address>
         <size>0x120</size>
         <input_file_ref idref="fl-ab"/>
      </object_component>
      <object_component id="oc-155">
         <name>.const:.string:__ctypes_</name>
         <load_address>0x13cb0</load_address>
         <run_address>0x13cb0</run_address>
         <size>0x101</size>
         <input_file_ref idref="fl-9a"/>
      </object_component>
      <object_component id="oc-99">
         <name>.const:.string</name>
         <load_address>0x13db1</load_address>
         <run_address>0x13db1</run_address>
         <size>0x2</size>
         <input_file_ref idref="fl-a0"/>
      </object_component>
      <object_component id="oc-f9">
         <name>.const</name>
         <load_address>0x13db4</load_address>
         <run_address>0x13db4</run_address>
         <size>0x40</size>
         <input_file_ref idref="fl-b9"/>
      </object_component>
      <object_component id="oc-6f">
         <name>.const:.string</name>
         <load_address>0x13df4</load_address>
         <run_address>0x13df4</run_address>
         <size>0x23</size>
         <input_file_ref idref="fl-93"/>
      </object_component>
      <object_component id="oc-f3">
         <name>.const</name>
         <load_address>0x13e18</load_address>
         <run_address>0x13e18</run_address>
         <size>0x20</size>
         <input_file_ref idref="fl-b8"/>
      </object_component>
      <object_component id="oc-1b">
         <name>.const</name>
         <load_address>0x13e38</load_address>
         <run_address>0x13e38</run_address>
         <size>0x1c</size>
         <input_file_ref idref="fl-2"/>
      </object_component>
      <object_component id="oc-22">
         <name>.const:.string</name>
         <load_address>0x13e54</load_address>
         <run_address>0x13e54</run_address>
         <size>0x8</size>
         <input_file_ref idref="fl-3"/>
      </object_component>
      <object_component id="oc-d8">
         <name>.sysmem</name>
         <uninitialized>true</uninitialized>
         <run_address>0x138b0</run_address>
         <size>0x8</size>
         <input_file_ref idref="fl-b2"/>
      </object_component>
      <object_component id="oc-19a">
         <name>.sysmem</name>
         <uninitialized>true</uninitialized>
         <run_address>0x138b0</run_address>
         <size>0x0</size>
      </object_component>
      <object_component id="oc-1a">
         <name>.far</name>
         <uninitialized>true</uninitialized>
         <run_address>0x12d2c</run_address>
         <size>0x4</size>
         <input_file_ref idref="fl-2"/>
      </object_component>
      <object_component id="oc-21">
         <name>.far</name>
         <uninitialized>true</uninitialized>
         <run_address>0xc8e0</run_address>
         <size>0x4e64</size>
         <input_file_ref idref="fl-3"/>
      </object_component>
      <object_component id="oc-28">
         <name>.far</name>
         <uninitialized>true</uninitialized>
         <run_address>0x11744</run_address>
         <size>0x10b4</size>
         <input_file_ref idref="fl-4"/>
      </object_component>
      <object_component id="oc-3a">
         <name>.far</name>
         <uninitialized>true</uninitialized>
         <run_address>0x12d90</run_address>
         <size>0x40</size>
         <input_file_ref idref="fl-84"/>
      </object_component>
      <object_component id="oc-42">
         <name>.far</name>
         <uninitialized>true</uninitialized>
         <run_address>0x12ee0</run_address>
         <size>0x4</size>
         <input_file_ref idref="fl-86"/>
      </object_component>
      <object_component id="oc-46">
         <name>.far</name>
         <uninitialized>true</uninitialized>
         <run_address>0x12eb4</run_address>
         <size>0xc</size>
         <input_file_ref idref="fl-87"/>
      </object_component>
      <object_component id="oc-60">
         <name>.far</name>
         <uninitialized>true</uninitialized>
         <run_address>0x12dd0</run_address>
         <size>0x40</size>
         <input_file_ref idref="fl-8f"/>
      </object_component>
      <object_component id="oc-6b">
         <name>.far</name>
         <uninitialized>true</uninitialized>
         <run_address>0x12ec8</run_address>
         <size>0x8</size>
         <input_file_ref idref="fl-92"/>
      </object_component>
      <object_component id="oc-77">
         <name>.far</name>
         <uninitialized>true</uninitialized>
         <run_address>0x12d30</run_address>
         <size>0x60</size>
         <input_file_ref idref="fl-95"/>
      </object_component>
      <object_component id="oc-8a">
         <name>.far</name>
         <uninitialized>true</uninitialized>
         <run_address>0x127f8</run_address>
         <size>0x324</size>
         <input_file_ref idref="fl-9b"/>
      </object_component>
      <object_component id="oc-a7">
         <name>.far</name>
         <uninitialized>true</uninitialized>
         <run_address>0x12b1c</run_address>
         <size>0x11c</size>
         <input_file_ref idref="fl-a4"/>
      </object_component>
      <object_component id="oc-ba">
         <name>.far</name>
         <uninitialized>true</uninitialized>
         <run_address>0x12ed8</run_address>
         <size>0x8</size>
         <input_file_ref idref="fl-aa"/>
      </object_component>
      <object_component id="oc-d2">
         <name>.far</name>
         <uninitialized>true</uninitialized>
         <run_address>0x12ee4</run_address>
         <size>0x4</size>
         <input_file_ref idref="fl-b1"/>
      </object_component>
      <object_component id="oc-d7">
         <name>.far</name>
         <uninitialized>true</uninitialized>
         <run_address>0x12ed0</run_address>
         <size>0x8</size>
         <input_file_ref idref="fl-b2"/>
      </object_component>
      <object_component id="oc-e2">
         <name>.far</name>
         <uninitialized>true</uninitialized>
         <run_address>0x12e70</run_address>
         <size>0x24</size>
         <input_file_ref idref="fl-b5"/>
      </object_component>
      <object_component id="oc-e8">
         <name>.far</name>
         <uninitialized>true</uninitialized>
         <run_address>0x12c38</run_address>
         <size>0xf4</size>
         <input_file_ref idref="fl-b6"/>
      </object_component>
      <object_component id="oc-ed">
         <name>.far</name>
         <uninitialized>true</uninitialized>
         <run_address>0x12e10</run_address>
         <size>0x38</size>
         <input_file_ref idref="fl-b7"/>
      </object_component>
      <object_component id="oc-f2">
         <name>.far</name>
         <uninitialized>true</uninitialized>
         <run_address>0x12ee8</run_address>
         <size>0x2</size>
         <input_file_ref idref="fl-b8"/>
      </object_component>
      <object_component id="oc-f8">
         <name>.far</name>
         <uninitialized>true</uninitialized>
         <run_address>0x12ec0</run_address>
         <size>0x8</size>
         <input_file_ref idref="fl-b9"/>
      </object_component>
      <object_component id="oc-ff">
         <name>.far</name>
         <uninitialized>true</uninitialized>
         <run_address>0x12e48</run_address>
         <size>0x28</size>
         <input_file_ref idref="fl-ba"/>
      </object_component>
      <object_component id="oc-105">
         <name>.far</name>
         <uninitialized>true</uninitialized>
         <run_address>0x12e94</run_address>
         <size>0x20</size>
         <input_file_ref idref="fl-bb"/>
      </object_component>
      <object_component id="oc-10a">
         <name>.far</name>
         <uninitialized>true</uninitialized>
         <run_address>0x12eea</run_address>
         <size>0x2</size>
         <input_file_ref idref="fl-bc"/>
      </object_component>
      <object_component id="oc-e7">
         <name>.cinit</name>
         <load_address>0x12ef0</load_address>
         <run_address>0x12ef0</run_address>
         <size>0x12c</size>
         <input_file_ref idref="fl-b6"/>
      </object_component>
      <object_component id="oc-27">
         <name>.cinit</name>
         <load_address>0x13020</load_address>
         <run_address>0x13020</run_address>
         <size>0xd0</size>
         <input_file_ref idref="fl-4"/>
      </object_component>
      <object_component id="oc-76">
         <name>.cinit</name>
         <load_address>0x130f0</load_address>
         <run_address>0x130f0</run_address>
         <size>0x70</size>
         <input_file_ref idref="fl-95"/>
      </object_component>
      <object_component id="oc-89">
         <name>.cinit</name>
         <load_address>0x13160</load_address>
         <run_address>0x13160</run_address>
         <size>0x5c</size>
         <input_file_ref idref="fl-9b"/>
      </object_component>
      <object_component id="oc-a6">
         <name>.cinit</name>
         <load_address>0x131c0</load_address>
         <run_address>0x131c0</run_address>
         <size>0x5c</size>
         <input_file_ref idref="fl-a4"/>
      </object_component>
      <object_component id="oc-20">
         <name>.cinit</name>
         <load_address>0x13220</load_address>
         <run_address>0x13220</run_address>
         <size>0x5a</size>
         <input_file_ref idref="fl-3"/>
      </object_component>
      <object_component id="oc-ec">
         <name>.cinit</name>
         <load_address>0x13280</load_address>
         <run_address>0x13280</run_address>
         <size>0x54</size>
         <input_file_ref idref="fl-b7"/>
      </object_component>
      <object_component id="oc-39">
         <name>.cinit</name>
         <load_address>0x132d8</load_address>
         <run_address>0x132d8</run_address>
         <size>0x48</size>
         <input_file_ref idref="fl-84"/>
      </object_component>
      <object_component id="oc-5f">
         <name>.cinit</name>
         <load_address>0x13320</load_address>
         <run_address>0x13320</run_address>
         <size>0x48</size>
         <input_file_ref idref="fl-8f"/>
      </object_component>
      <object_component id="oc-e1">
         <name>.cinit</name>
         <load_address>0x13368</load_address>
         <run_address>0x13368</run_address>
         <size>0x44</size>
         <input_file_ref idref="fl-b5"/>
      </object_component>
      <object_component id="oc-fe">
         <name>.cinit</name>
         <load_address>0x133b0</load_address>
         <run_address>0x133b0</run_address>
         <size>0x30</size>
         <input_file_ref idref="fl-ba"/>
      </object_component>
      <object_component id="oc-45">
         <name>.cinit</name>
         <load_address>0x133e0</load_address>
         <run_address>0x133e0</run_address>
         <size>0x2c</size>
         <input_file_ref idref="fl-87"/>
      </object_component>
      <object_component id="oc-d6">
         <name>.cinit</name>
         <load_address>0x13410</load_address>
         <run_address>0x13410</run_address>
         <size>0x2c</size>
         <input_file_ref idref="fl-b2"/>
      </object_component>
      <object_component id="oc-104">
         <name>.cinit</name>
         <load_address>0x13440</load_address>
         <run_address>0x13440</run_address>
         <size>0x28</size>
         <input_file_ref idref="fl-bb"/>
      </object_component>
      <object_component id="oc-6a">
         <name>.cinit</name>
         <load_address>0x13468</load_address>
         <run_address>0x13468</run_address>
         <size>0x1c</size>
         <input_file_ref idref="fl-92"/>
      </object_component>
      <object_component id="oc-41">
         <name>.cinit</name>
         <load_address>0x13488</load_address>
         <run_address>0x13488</run_address>
         <size>0xc</size>
         <input_file_ref idref="fl-86"/>
      </object_component>
      <object_component id="oc-d1">
         <name>.cinit</name>
         <load_address>0x13498</load_address>
         <run_address>0x13498</run_address>
         <size>0xc</size>
         <input_file_ref idref="fl-b1"/>
      </object_component>
      <object_component id="oc-19">
         <name>.debug_info</name>
         <load_address>0x0</load_address>
         <run_address>0x0</run_address>
         <size>0xc77</size>
         <input_file_ref idref="fl-2"/>
      </object_component>
      <object_component id="oc-1f">
         <name>.debug_info</name>
         <load_address>0xc77</load_address>
         <run_address>0xc77</run_address>
         <size>0x14a5</size>
         <input_file_ref idref="fl-3"/>
      </object_component>
      <object_component id="oc-26">
         <name>.debug_info</name>
         <load_address>0x211c</load_address>
         <run_address>0x211c</run_address>
         <size>0x1dcd</size>
         <input_file_ref idref="fl-4"/>
      </object_component>
      <object_component id="oc-2e">
         <name>.debug_info</name>
         <load_address>0x3ee9</load_address>
         <run_address>0x3ee9</run_address>
         <size>0xd3</size>
         <input_file_ref idref="fl-5"/>
      </object_component>
      <object_component id="oc-31">
         <name>.debug_info</name>
         <load_address>0x3fbc</load_address>
         <run_address>0x3fbc</run_address>
         <size>0x6b6</size>
         <input_file_ref idref="fl-82"/>
      </object_component>
      <object_component id="oc-34">
         <name>.debug_info</name>
         <load_address>0x4672</load_address>
         <run_address>0x4672</run_address>
         <size>0x70b</size>
         <input_file_ref idref="fl-83"/>
      </object_component>
      <object_component id="oc-38">
         <name>.debug_info</name>
         <load_address>0x4d7d</load_address>
         <run_address>0x4d7d</run_address>
         <size>0x715</size>
         <input_file_ref idref="fl-84"/>
      </object_component>
      <object_component id="oc-3d">
         <name>.debug_info</name>
         <load_address>0x5492</load_address>
         <run_address>0x5492</run_address>
         <size>0x982</size>
         <input_file_ref idref="fl-85"/>
      </object_component>
      <object_component id="oc-40">
         <name>.debug_info</name>
         <load_address>0x5e14</load_address>
         <run_address>0x5e14</run_address>
         <size>0x5e2</size>
         <input_file_ref idref="fl-86"/>
      </object_component>
      <object_component id="oc-44">
         <name>.debug_info</name>
         <load_address>0x63f6</load_address>
         <run_address>0x63f6</run_address>
         <size>0x7fd</size>
         <input_file_ref idref="fl-87"/>
      </object_component>
      <object_component id="oc-49">
         <name>.debug_info</name>
         <load_address>0x6bf3</load_address>
         <run_address>0x6bf3</run_address>
         <size>0x6a4</size>
         <input_file_ref idref="fl-88"/>
      </object_component>
      <object_component id="oc-4c">
         <name>.debug_info</name>
         <load_address>0x7297</load_address>
         <run_address>0x7297</run_address>
         <size>0x69b</size>
         <input_file_ref idref="fl-89"/>
      </object_component>
      <object_component id="oc-4f">
         <name>.debug_info</name>
         <load_address>0x7932</load_address>
         <run_address>0x7932</run_address>
         <size>0x701</size>
         <input_file_ref idref="fl-8a"/>
      </object_component>
      <object_component id="oc-52">
         <name>.debug_info</name>
         <load_address>0x8033</load_address>
         <run_address>0x8033</run_address>
         <size>0x680</size>
         <input_file_ref idref="fl-8b"/>
      </object_component>
      <object_component id="oc-55">
         <name>.debug_info</name>
         <load_address>0x86b3</load_address>
         <run_address>0x86b3</run_address>
         <size>0x6b7</size>
         <input_file_ref idref="fl-8c"/>
      </object_component>
      <object_component id="oc-58">
         <name>.debug_info</name>
         <load_address>0x8d6a</load_address>
         <run_address>0x8d6a</run_address>
         <size>0x902</size>
         <input_file_ref idref="fl-8d"/>
      </object_component>
      <object_component id="oc-5b">
         <name>.debug_info</name>
         <load_address>0x966c</load_address>
         <run_address>0x966c</run_address>
         <size>0x659</size>
         <input_file_ref idref="fl-8e"/>
      </object_component>
      <object_component id="oc-5e">
         <name>.debug_info</name>
         <load_address>0x9cc5</load_address>
         <run_address>0x9cc5</run_address>
         <size>0x715</size>
         <input_file_ref idref="fl-8f"/>
      </object_component>
      <object_component id="oc-63">
         <name>.debug_info</name>
         <load_address>0xa3da</load_address>
         <run_address>0xa3da</run_address>
         <size>0x110</size>
         <input_file_ref idref="fl-90"/>
      </object_component>
      <object_component id="oc-66">
         <name>.debug_info</name>
         <load_address>0xa4ea</load_address>
         <run_address>0xa4ea</run_address>
         <size>0x651</size>
         <input_file_ref idref="fl-91"/>
      </object_component>
      <object_component id="oc-69">
         <name>.debug_info</name>
         <load_address>0xab3b</load_address>
         <run_address>0xab3b</run_address>
         <size>0x64c</size>
         <input_file_ref idref="fl-92"/>
      </object_component>
      <object_component id="oc-6e">
         <name>.debug_info</name>
         <load_address>0xb187</load_address>
         <run_address>0xb187</run_address>
         <size>0x2b9f</size>
         <input_file_ref idref="fl-93"/>
      </object_component>
      <object_component id="oc-72">
         <name>.debug_info</name>
         <load_address>0xdd26</load_address>
         <run_address>0xdd26</run_address>
         <size>0x6e1</size>
         <input_file_ref idref="fl-94"/>
      </object_component>
      <object_component id="oc-75">
         <name>.debug_info</name>
         <load_address>0xe407</load_address>
         <run_address>0xe407</run_address>
         <size>0x6a7</size>
         <input_file_ref idref="fl-95"/>
      </object_component>
      <object_component id="oc-7a">
         <name>.debug_info</name>
         <load_address>0xeaae</load_address>
         <run_address>0xeaae</run_address>
         <size>0x71e</size>
         <input_file_ref idref="fl-96"/>
      </object_component>
      <object_component id="oc-7d">
         <name>.debug_info</name>
         <load_address>0xf1cc</load_address>
         <run_address>0xf1cc</run_address>
         <size>0x86f</size>
         <input_file_ref idref="fl-97"/>
      </object_component>
      <object_component id="oc-80">
         <name>.debug_info</name>
         <load_address>0xfa3b</load_address>
         <run_address>0xfa3b</run_address>
         <size>0x6e7</size>
         <input_file_ref idref="fl-98"/>
      </object_component>
      <object_component id="oc-83">
         <name>.debug_info</name>
         <load_address>0x10122</load_address>
         <run_address>0x10122</run_address>
         <size>0x7dd</size>
         <input_file_ref idref="fl-99"/>
      </object_component>
      <object_component id="oc-86">
         <name>.debug_info</name>
         <load_address>0x108ff</load_address>
         <run_address>0x108ff</run_address>
         <size>0x5fa</size>
         <input_file_ref idref="fl-9a"/>
      </object_component>
      <object_component id="oc-88">
         <name>.debug_info</name>
         <load_address>0x10ef9</load_address>
         <run_address>0x10ef9</run_address>
         <size>0x6e7</size>
         <input_file_ref idref="fl-9b"/>
      </object_component>
      <object_component id="oc-8c">
         <name>.debug_info</name>
         <load_address>0x115e0</load_address>
         <run_address>0x115e0</run_address>
         <size>0xd2</size>
         <input_file_ref idref="fl-9c"/>
      </object_component>
      <object_component id="oc-8f">
         <name>.debug_info</name>
         <load_address>0x116b2</load_address>
         <run_address>0x116b2</run_address>
         <size>0x691</size>
         <input_file_ref idref="fl-9d"/>
      </object_component>
      <object_component id="oc-92">
         <name>.debug_info</name>
         <load_address>0x11d43</load_address>
         <run_address>0x11d43</run_address>
         <size>0x6aa</size>
         <input_file_ref idref="fl-9e"/>
      </object_component>
      <object_component id="oc-95">
         <name>.debug_info</name>
         <load_address>0x123ed</load_address>
         <run_address>0x123ed</run_address>
         <size>0x82a</size>
         <input_file_ref idref="fl-9f"/>
      </object_component>
      <object_component id="oc-98">
         <name>.debug_info</name>
         <load_address>0x12c17</load_address>
         <run_address>0x12c17</run_address>
         <size>0xb89</size>
         <input_file_ref idref="fl-a0"/>
      </object_component>
      <object_component id="oc-9c">
         <name>.debug_info</name>
         <load_address>0x137a0</load_address>
         <run_address>0x137a0</run_address>
         <size>0x7bb</size>
         <input_file_ref idref="fl-a1"/>
      </object_component>
      <object_component id="oc-9f">
         <name>.debug_info</name>
         <load_address>0x13f5b</load_address>
         <run_address>0x13f5b</run_address>
         <size>0x7b6</size>
         <input_file_ref idref="fl-a2"/>
      </object_component>
      <object_component id="oc-a2">
         <name>.debug_info</name>
         <load_address>0x14711</load_address>
         <run_address>0x14711</run_address>
         <size>0x816</size>
         <input_file_ref idref="fl-a3"/>
      </object_component>
      <object_component id="oc-a5">
         <name>.debug_info</name>
         <load_address>0x14f27</load_address>
         <run_address>0x14f27</run_address>
         <size>0xf61</size>
         <input_file_ref idref="fl-a4"/>
      </object_component>
      <object_component id="oc-aa">
         <name>.debug_info</name>
         <load_address>0x15e88</load_address>
         <run_address>0x15e88</run_address>
         <size>0x746</size>
         <input_file_ref idref="fl-a5"/>
      </object_component>
      <object_component id="oc-ad">
         <name>.debug_info</name>
         <load_address>0x165ce</load_address>
         <run_address>0x165ce</run_address>
         <size>0x6ea</size>
         <input_file_ref idref="fl-a6"/>
      </object_component>
      <object_component id="oc-b0">
         <name>.debug_info</name>
         <load_address>0x16cb8</load_address>
         <run_address>0x16cb8</run_address>
         <size>0x78e</size>
         <input_file_ref idref="fl-a7"/>
      </object_component>
      <object_component id="oc-b3">
         <name>.debug_info</name>
         <load_address>0x17446</load_address>
         <run_address>0x17446</run_address>
         <size>0x72e</size>
         <input_file_ref idref="fl-a8"/>
      </object_component>
      <object_component id="oc-b6">
         <name>.debug_info</name>
         <load_address>0x17b74</load_address>
         <run_address>0x17b74</run_address>
         <size>0x618</size>
         <input_file_ref idref="fl-a9"/>
      </object_component>
      <object_component id="oc-b9">
         <name>.debug_info</name>
         <load_address>0x1818c</load_address>
         <run_address>0x1818c</run_address>
         <size>0xefc</size>
         <input_file_ref idref="fl-aa"/>
      </object_component>
      <object_component id="oc-bd">
         <name>.debug_info</name>
         <load_address>0x19088</load_address>
         <run_address>0x19088</run_address>
         <size>0x8c9</size>
         <input_file_ref idref="fl-ab"/>
      </object_component>
      <object_component id="oc-c1">
         <name>.debug_info</name>
         <load_address>0x19951</load_address>
         <run_address>0x19951</run_address>
         <size>0x75a</size>
         <input_file_ref idref="fl-ac"/>
      </object_component>
      <object_component id="oc-c4">
         <name>.debug_info</name>
         <load_address>0x1a0ab</load_address>
         <run_address>0x1a0ab</run_address>
         <size>0x5cc</size>
         <input_file_ref idref="fl-ad"/>
      </object_component>
      <object_component id="oc-c7">
         <name>.debug_info</name>
         <load_address>0x1a677</load_address>
         <run_address>0x1a677</run_address>
         <size>0x781</size>
         <input_file_ref idref="fl-ae"/>
      </object_component>
      <object_component id="oc-ca">
         <name>.debug_info</name>
         <load_address>0x1adf8</load_address>
         <run_address>0x1adf8</run_address>
         <size>0x7b9</size>
         <input_file_ref idref="fl-af"/>
      </object_component>
      <object_component id="oc-cd">
         <name>.debug_info</name>
         <load_address>0x1b5b1</load_address>
         <run_address>0x1b5b1</run_address>
         <size>0x813</size>
         <input_file_ref idref="fl-b0"/>
      </object_component>
      <object_component id="oc-d0">
         <name>.debug_info</name>
         <load_address>0x1bdc4</load_address>
         <run_address>0x1bdc4</run_address>
         <size>0x883</size>
         <input_file_ref idref="fl-b1"/>
      </object_component>
      <object_component id="oc-d5">
         <name>.debug_info</name>
         <load_address>0x1c647</load_address>
         <run_address>0x1c647</run_address>
         <size>0xb38</size>
         <input_file_ref idref="fl-b2"/>
      </object_component>
      <object_component id="oc-db">
         <name>.debug_info</name>
         <load_address>0x1d17f</load_address>
         <run_address>0x1d17f</run_address>
         <size>0x806</size>
         <input_file_ref idref="fl-b3"/>
      </object_component>
      <object_component id="oc-de">
         <name>.debug_info</name>
         <load_address>0x1d985</load_address>
         <run_address>0x1d985</run_address>
         <size>0x664</size>
         <input_file_ref idref="fl-b4"/>
      </object_component>
      <object_component id="oc-e4">
         <name>.debug_info</name>
         <load_address>0x1dfe9</load_address>
         <run_address>0x1dfe9</run_address>
         <size>0xbdc</size>
         <input_file_ref idref="fl-b5"/>
      </object_component>
      <object_component id="oc-ea">
         <name>.debug_info</name>
         <load_address>0x1ebc5</load_address>
         <run_address>0x1ebc5</run_address>
         <size>0xc2b</size>
         <input_file_ref idref="fl-b6"/>
      </object_component>
      <object_component id="oc-ef">
         <name>.debug_info</name>
         <load_address>0x1f7f0</load_address>
         <run_address>0x1f7f0</run_address>
         <size>0xc15</size>
         <input_file_ref idref="fl-b7"/>
      </object_component>
      <object_component id="oc-f5">
         <name>.debug_info</name>
         <load_address>0x20405</load_address>
         <run_address>0x20405</run_address>
         <size>0x8a7</size>
         <input_file_ref idref="fl-b8"/>
      </object_component>
      <object_component id="oc-fb">
         <name>.debug_info</name>
         <load_address>0x20cac</load_address>
         <run_address>0x20cac</run_address>
         <size>0x89f</size>
         <input_file_ref idref="fl-b9"/>
      </object_component>
      <object_component id="oc-101">
         <name>.debug_info</name>
         <load_address>0x2154b</load_address>
         <run_address>0x2154b</run_address>
         <size>0x929</size>
         <input_file_ref idref="fl-ba"/>
      </object_component>
      <object_component id="oc-107">
         <name>.debug_info</name>
         <load_address>0x21e74</load_address>
         <run_address>0x21e74</run_address>
         <size>0x5b3</size>
         <input_file_ref idref="fl-bb"/>
      </object_component>
      <object_component id="oc-10c">
         <name>.debug_info</name>
         <load_address>0x22427</load_address>
         <run_address>0x22427</run_address>
         <size>0x60b</size>
         <input_file_ref idref="fl-bc"/>
      </object_component>
      <object_component id="oc-19b">
         <name>.debug_info</name>
         <load_address>0x22a32</load_address>
         <run_address>0x22a32</run_address>
         <size>0x6d</size>
      </object_component>
      <object_component id="oc-1c">
         <name>.debug_frame</name>
         <load_address>0x0</load_address>
         <run_address>0x0</run_address>
         <size>0x2af</size>
         <input_file_ref idref="fl-2"/>
      </object_component>
      <object_component id="oc-23">
         <name>.debug_frame</name>
         <load_address>0x2af</load_address>
         <run_address>0x2af</run_address>
         <size>0x30c</size>
         <input_file_ref idref="fl-3"/>
      </object_component>
      <object_component id="oc-2a">
         <name>.debug_frame</name>
         <load_address>0x5bb</load_address>
         <run_address>0x5bb</run_address>
         <size>0x3bc</size>
         <input_file_ref idref="fl-4"/>
      </object_component>
      <object_component id="oc-1d">
         <name>.debug_line</name>
         <load_address>0x0</load_address>
         <run_address>0x0</run_address>
         <size>0xc9</size>
         <input_file_ref idref="fl-2"/>
      </object_component>
      <object_component id="oc-24">
         <name>.debug_line</name>
         <load_address>0xc9</load_address>
         <run_address>0xc9</run_address>
         <size>0x1db</size>
         <input_file_ref idref="fl-3"/>
      </object_component>
      <object_component id="oc-2b">
         <name>.debug_line</name>
         <load_address>0x2a4</load_address>
         <run_address>0x2a4</run_address>
         <size>0x290</size>
         <input_file_ref idref="fl-4"/>
      </object_component>
      <object_component id="oc-2f">
         <name>.debug_line</name>
         <load_address>0x534</load_address>
         <run_address>0x534</run_address>
         <size>0xb9</size>
         <input_file_ref idref="fl-5"/>
      </object_component>
      <object_component id="oc-32">
         <name>.debug_line</name>
         <load_address>0x5ed</load_address>
         <run_address>0x5ed</run_address>
         <size>0x3a</size>
         <input_file_ref idref="fl-82"/>
      </object_component>
      <object_component id="oc-36">
         <name>.debug_line</name>
         <load_address>0x627</load_address>
         <run_address>0x627</run_address>
         <size>0x3d</size>
         <input_file_ref idref="fl-83"/>
      </object_component>
      <object_component id="oc-3b">
         <name>.debug_line</name>
         <load_address>0x664</load_address>
         <run_address>0x664</run_address>
         <size>0x54</size>
         <input_file_ref idref="fl-84"/>
      </object_component>
      <object_component id="oc-3e">
         <name>.debug_line</name>
         <load_address>0x6b8</load_address>
         <run_address>0x6b8</run_address>
         <size>0x3c</size>
         <input_file_ref idref="fl-85"/>
      </object_component>
      <object_component id="oc-47">
         <name>.debug_line</name>
         <load_address>0x6f4</load_address>
         <run_address>0x6f4</run_address>
         <size>0x4f</size>
         <input_file_ref idref="fl-87"/>
      </object_component>
      <object_component id="oc-4a">
         <name>.debug_line</name>
         <load_address>0x743</load_address>
         <run_address>0x743</run_address>
         <size>0x3e</size>
         <input_file_ref idref="fl-88"/>
      </object_component>
      <object_component id="oc-4d">
         <name>.debug_line</name>
         <load_address>0x781</load_address>
         <run_address>0x781</run_address>
         <size>0x38</size>
         <input_file_ref idref="fl-89"/>
      </object_component>
      <object_component id="oc-50">
         <name>.debug_line</name>
         <load_address>0x7b9</load_address>
         <run_address>0x7b9</run_address>
         <size>0x56</size>
         <input_file_ref idref="fl-8a"/>
      </object_component>
      <object_component id="oc-53">
         <name>.debug_line</name>
         <load_address>0x80f</load_address>
         <run_address>0x80f</run_address>
         <size>0x37</size>
         <input_file_ref idref="fl-8b"/>
      </object_component>
      <object_component id="oc-56">
         <name>.debug_line</name>
         <load_address>0x846</load_address>
         <run_address>0x846</run_address>
         <size>0x3d</size>
         <input_file_ref idref="fl-8c"/>
      </object_component>
      <object_component id="oc-59">
         <name>.debug_line</name>
         <load_address>0x883</load_address>
         <run_address>0x883</run_address>
         <size>0x6a</size>
         <input_file_ref idref="fl-8d"/>
      </object_component>
      <object_component id="oc-5c">
         <name>.debug_line</name>
         <load_address>0x8ed</load_address>
         <run_address>0x8ed</run_address>
         <size>0x38</size>
         <input_file_ref idref="fl-8e"/>
      </object_component>
      <object_component id="oc-61">
         <name>.debug_line</name>
         <load_address>0x925</load_address>
         <run_address>0x925</run_address>
         <size>0x54</size>
         <input_file_ref idref="fl-8f"/>
      </object_component>
      <object_component id="oc-64">
         <name>.debug_line</name>
         <load_address>0x979</load_address>
         <run_address>0x979</run_address>
         <size>0x6a</size>
         <input_file_ref idref="fl-90"/>
      </object_component>
      <object_component id="oc-67">
         <name>.debug_line</name>
         <load_address>0x9e3</load_address>
         <run_address>0x9e3</run_address>
         <size>0x38</size>
         <input_file_ref idref="fl-91"/>
      </object_component>
      <object_component id="oc-6c">
         <name>.debug_line</name>
         <load_address>0xa1b</load_address>
         <run_address>0xa1b</run_address>
         <size>0x36</size>
         <input_file_ref idref="fl-92"/>
      </object_component>
      <object_component id="oc-70">
         <name>.debug_line</name>
         <load_address>0xa51</load_address>
         <run_address>0xa51</run_address>
         <size>0x345</size>
         <input_file_ref idref="fl-93"/>
      </object_component>
      <object_component id="oc-73">
         <name>.debug_line</name>
         <load_address>0xd96</load_address>
         <run_address>0xd96</run_address>
         <size>0x41</size>
         <input_file_ref idref="fl-94"/>
      </object_component>
      <object_component id="oc-78">
         <name>.debug_line</name>
         <load_address>0xdd7</load_address>
         <run_address>0xdd7</run_address>
         <size>0x53</size>
         <input_file_ref idref="fl-95"/>
      </object_component>
      <object_component id="oc-7b">
         <name>.debug_line</name>
         <load_address>0xe2a</load_address>
         <run_address>0xe2a</run_address>
         <size>0x41</size>
         <input_file_ref idref="fl-96"/>
      </object_component>
      <object_component id="oc-7e">
         <name>.debug_line</name>
         <load_address>0xe6b</load_address>
         <run_address>0xe6b</run_address>
         <size>0x47</size>
         <input_file_ref idref="fl-97"/>
      </object_component>
      <object_component id="oc-81">
         <name>.debug_line</name>
         <load_address>0xeb2</load_address>
         <run_address>0xeb2</run_address>
         <size>0x45</size>
         <input_file_ref idref="fl-98"/>
      </object_component>
      <object_component id="oc-84">
         <name>.debug_line</name>
         <load_address>0xef7</load_address>
         <run_address>0xef7</run_address>
         <size>0x44</size>
         <input_file_ref idref="fl-99"/>
[...]
      </symbol>
      <symbol id="sm-188">
         <name>_virClockTransmitCenterVerifyBuffer</name>
         <value>0x12756</value>
         <object_component_ref idref="oc-28"/>
      </symbol>
      <symbol id="sm-189">
         <name>_vclock_counter</name>
         <value>0x11744</value>
         <object_component_ref idref="oc-28"/>
      </symbol>
      <symbol id="sm-18a">
         <name>_SetupReceiveTrigonometricMatchedFilters</name>
         <value>0x9f4</value>
         <object_component_ref idref="oc-113"/>
      </symbol>
      <symbol id="sm-1ab">
         <name>_atan2</name>
         <value>0x9220</value>
         <object_component_ref idref="oc-138"/>
      </symbol>
      <symbol id="sm-1b7">
         <name>_c_int00</name>
         <value>0xc360</value>
         <object_component_ref idref="oc-18"/>
      </symbol>
      <symbol id="sm-1b8">
         <name>__stack</name>
         <value>0x134b0</value>
         <object_component_ref idref="oc-35"/>
      </symbol>
      <symbol id="sm-1c6">
         <name>_cos</name>
         <value>0x5f00</value>
         <object_component_ref idref="oc-132"/>
      </symbol>
      <symbol id="sm-1d0">
         <name>__divd</name>
         <value>0x1ce0</value>
         <object_component_ref idref="oc-131"/>
      </symbol>
      <symbol id="sm-1da">
         <name>_errno</name>
         <value>0x12ee0</value>
         <object_component_ref idref="oc-42"/>
      </symbol>
      <symbol id="sm-1ea">
         <name>C$$EXIT</name>
         <value>0xc880</value>
         <object_component_ref idref="oc-123"/>
      </symbol>
      <symbol id="sm-1eb">
         <name>_exit</name>
         <value>0xb500</value>
         <object_component_ref idref="oc-110"/>
      </symbol>
      <symbol id="sm-1ec">
         <name>___TI_enable_exit_profile_output</name>
         <value>0x12ebc</value>
         <object_component_ref idref="oc-46"/>
      </symbol>
      <symbol id="sm-1ed">
         <name>_abort</name>
         <value>0xc880</value>
         <object_component_ref idref="oc-123"/>
      </symbol>
      <symbol id="sm-1ee">
         <name>__cleanup_ptr</name>
         <value>0x12eb4</value>
         <object_component_ref idref="oc-46"/>
      </symbol>
      <symbol id="sm-1ef">
         <name>__dtors_ptr</name>
         <value>0x12eb8</value>
         <object_component_ref idref="oc-46"/>
      </symbol>
      <symbol id="sm-1f9">
         <name>__frcmpyd_div</name>
         <value>0x97c0</value>
         <object_component_ref idref="oc-13e"/>
      </symbol>
      <symbol id="sm-203">
         <name>_frexp</name>
         <value>0xa280</value>
         <object_component_ref idref="oc-13f"/>
      </symbol>
      <symbol id="sm-20f">
         <name>__llshl</name>
         <value>0xc2e0</value>
         <object_component_ref idref="oc-175"/>
      </symbol>
      <symbol id="sm-210">
         <name>__llshru</name>
         <value>0xc520</value>
         <object_component_ref idref="oc-13d"/>
      </symbol>
      <symbol id="sm-21a">
         <name>_modf</name>
         <value>0xb6c0</value>
         <object_component_ref idref="oc-13c"/>
      </symbol>
      <symbol id="sm-224">
         <name>__mpyll</name>
         <value>0xbda0</value>
         <object_component_ref idref="oc-144"/>
      </symbol>
      <symbol id="sm-232">
         <name>_printf</name>
         <value>0xadc0</value>
         <object_component_ref idref="oc-139"/>
      </symbol>
      <symbol id="sm-23c">
         <name>__nround</name>
         <value>0xb340</value>
         <object_component_ref idref="oc-13b"/>
      </symbol>
      <symbol id="sm-24a">
         <name>_sin</name>
         <value>0x6840</value>
         <object_component_ref idref="oc-130"/>
      </symbol>
      <symbol id="sm-254">
         <name>__c6xabi_strasgi</name>
         <value>0x9900</value>
         <object_component_ref idref="oc-124"/>
      </symbol>
      <symbol id="sm-255">
         <name>__strasg</name>
         <value>0xb420</value>
         <object_component_ref idref="oc-11d"/>
      </symbol>
      <symbol id="sm-256">
         <name>__strasgi</name>
         <value>0x9900</value>
         <object_component_ref idref="oc-124"/>
      </symbol>
      <symbol id="sm-260">
         <name>__trunc</name>
         <value>0xc720</value>
         <object_component_ref idref="oc-13a"/>
      </symbol>
      <symbol id="sm-26e">
         <name>__unlock</name>
         <value>0x12ecc</value>
         <object_component_ref idref="oc-6b"/>
      </symbol>
      <symbol id="sm-26f">
         <name>__lock</name>
         <value>0x12ec8</value>
         <object_component_ref idref="oc-6b"/>
      </symbol>
      <symbol id="sm-270">
         <name>__nop</name>
         <value>0xc820</value>
         <object_component_ref idref="oc-115"/>
      </symbol>
      <symbol id="sm-2a0">
         <name>__printfi</name>
         <value>0x3680</value>
         <object_component_ref idref="oc-143"/>
      </symbol>
      <symbol id="sm-2aa">
         <name>__args_main</name>
         <value>0xc6e0</value>
         <object_component_ref idref="oc-10f"/>
      </symbol>
      <symbol id="sm-2ab">
         <name>__TI_args_main</name>
         <value>0x1</value>
      </symbol>
      <symbol id="sm-2b9">
         <name>_atan</name>
         <value>0x7d20</value>
         <object_component_ref idref="oc-140"/>
      </symbol>
      <symbol id="sm-2c3">
         <name>_atoi</name>
         <value>0x9a40</value>
         <object_component_ref idref="oc-14f"/>
      </symbol>
      <symbol id="sm-2cd">
         <name>__auto_init</name>
         <value>0xa8c0</value>
         <object_component_ref idref="oc-10e"/>
      </symbol>
      <symbol id="sm-2d7">
         <name>___TI_cpp_init</name>
         <value>0xc1e0</value>
         <object_component_ref idref="oc-122"/>
      </symbol>
      <symbol id="sm-2e1">
         <name>_copy_in</name>
         <value>0xbac0</value>
         <object_component_ref idref="oc-120"/>
      </symbol>
      <symbol id="sm-2e9">
         <name>__ctypes_</name>
         <value>0x13cb0</value>
         <object_component_ref idref="oc-155"/>
      </symbol>
      <symbol id="sm-2f3">
         <name>__tmpnams</name>
         <value>0x129d8</value>
         <object_component_ref idref="oc-8a"/>
      </symbol>
      <symbol id="sm-2f4">
         <name>__ft_end</name>
         <value>0x12b18</value>
         <object_component_ref idref="oc-8a"/>
      </symbol>
      <symbol id="sm-2f5">
         <name>__ftable</name>
         <value>0x127f8</value>
         <object_component_ref idref="oc-8a"/>
      </symbol>
      <symbol id="sm-2fd">
         <name>__c6xabi_divu</name>
         <value>0xba00</value>
         <object_component_ref idref="oc-16e"/>
      </symbol>
      <symbol id="sm-2fe">
         <name>__divu</name>
         <value>0xba00</value>
         <object_component_ref idref="oc-16e"/>
      </symbol>
      <symbol id="sm-308">
         <name>__fixdli</name>
         <value>0xbd00</value>
         <object_component_ref idref="oc-16b"/>
      </symbol>
      <symbol id="sm-312">
         <name>__fltlid</name>
         <value>0xc260</value>
         <object_component_ref idref="oc-16d"/>
      </symbol>
      <symbol id="sm-31c">
         <name>_putc</name>
         <value>0x7340</value>
         <object_component_ref idref="oc-146"/>
      </symbol>
      <symbol id="sm-31d">
         <name>_fputc</name>
         <value>0x7340</value>
         <object_component_ref idref="oc-146"/>
      </symbol>
      <symbol id="sm-329">
         <name>_fputs</name>
         <value>0x3be0</value>
         <object_component_ref idref="oc-145"/>
      </symbol>
      <symbol id="sm-337">
         <name>__divul</name>
         <value>0x7880</value>
         <object_component_ref idref="oc-16f"/>
      </symbol>
      <symbol id="sm-338">
         <name>__remli</name>
         <value>0xbe40</value>
         <object_component_ref idref="oc-173"/>
      </symbol>
      <symbol id="sm-339">
         <name>__divli</name>
         <value>0xaac0</value>
         <object_component_ref idref="oc-174"/>
      </symbol>
      <symbol id="sm-345">
         <name>__subcull</name>
         <value>0xc580</value>
         <object_component_ref idref="oc-176"/>
      </symbol>
      <symbol id="sm-346">
         <name>__divull</name>
         <value>0x5140</value>
         <object_component_ref idref="oc-170"/>
      </symbol>
      <symbol id="sm-350">
         <name>___isinf</name>
         <value>0xc4c0</value>
         <object_component_ref idref="oc-157"/>
      </symbol>
      <symbol id="sm-368">
         <name>_unlink</name>
         <value>0xc020</value>
         <object_component_ref idref="oc-177"/>
      </symbol>
      <symbol id="sm-369">
         <name>_lseek</name>
         <value>0xacc0</value>
         <object_component_ref idref="oc-15e"/>
      </symbol>
      <symbol id="sm-36a">
         <name>_close</name>
         <value>0xa160</value>
         <object_component_ref idref="oc-171"/>
      </symbol>
      <symbol id="sm-36b">
         <name>_write</name>
         <value>0xaec0</value>
         <object_component_ref idref="oc-14d"/>
      </symbol>
      <symbol id="sm-375">
         <name>_ltoa</name>
         <value>0x9b80</value>
         <object_component_ref idref="oc-16c"/>
      </symbol>
      <symbol id="sm-37f">
         <name>_memccpy</name>
         <value>0xc3e0</value>
         <object_component_ref idref="oc-152"/>
      </symbol>
      <symbol id="sm-389">
         <name>_memcpy</name>
         <value>0x81a0</value>
         <object_component_ref idref="oc-121"/>
      </symbol>
      <symbol id="sm-393">
         <name>_memset</name>
         <value>0xa3a0</value>
         <object_component_ref idref="oc-14e"/>
      </symbol>
      <symbol id="sm-39d">
         <name>__negll</name>
         <value>0xc800</value>
         <object_component_ref idref="oc-15c"/>
      </symbol>
      <symbol id="sm-3b5">
         <name>_HOSTopen</name>
         <value>0x9e00</value>
         <object_component_ref idref="oc-116"/>
      </symbol>
      <symbol id="sm-3b6">
         <name>_HOSTread</name>
         <value>0x9680</value>
         <object_component_ref idref="oc-118"/>
      </symbol>
      <symbol id="sm-3b7">
         <name>_HOSTrename</name>
         <value>0x83e0</value>
         <object_component_ref idref="oc-11c"/>
      </symbol>
      <symbol id="sm-3b8">
         <name>_HOSTwrite</name>
         <value>0x9f20</value>
         <object_component_ref idref="oc-119"/>
      </symbol>
      <symbol id="sm-3b9">
         <name>_HOSTlseek</name>
         <value>0x93c0</value>
         <object_component_ref idref="oc-11a"/>
      </symbol>
      <symbol id="sm-3ba">
         <name>_HOSTunlink</name>
         <value>0xa5c0</value>
         <object_component_ref idref="oc-11b"/>
      </symbol>
      <symbol id="sm-3bb">
         <name>_HOSTclose</name>
         <value>0xa4c0</value>
         <object_component_ref idref="oc-117"/>
      </symbol>
      <symbol id="sm-3c9">
         <name>C$$IO$$</name>
         <value>0xc138</value>
         <object_component_ref idref="oc-133"/>
      </symbol>
      <symbol id="sm-3ca">
         <name>__CIOBUF_</name>
         <value>0x13e5c</value>
         <object_component_ref idref="oc-be"/>
      </symbol>
      <symbol id="sm-3cb">
         <name>_readmsg</name>
         <value>0xbee0</value>
         <object_component_ref idref="oc-134"/>
      </symbol>
      <symbol id="sm-3cc">
         <name>_writemsg</name>
         <value>0xc0c0</value>
         <object_component_ref idref="oc-133"/>
      </symbol>
      <symbol id="sm-3d6">
         <name>__wrt_ok</name>
         <value>0xa040</value>
         <object_component_ref idref="oc-14b"/>
      </symbol>
      <symbol id="sm-3e7">
         <name>__doflush</name>
         <value>0xb0a0</value>
         <object_component_ref idref="oc-14c"/>
      </symbol>
      <symbol id="sm-3f1">
         <name>_fseek</name>
         <value>0x8b80</value>
         <object_component_ref idref="oc-153"/>
      </symbol>
      <symbol id="sm-3fb">
         <name>_setvbuf</name>
         <value>0x6de0</value>
         <object_component_ref idref="oc-154"/>
      </symbol>
      <symbol id="sm-409">
         <name>__cleanup</name>
         <value>0xafc0</value>
         <object_component_ref idref="oc-161"/>
      </symbol>
      <symbol id="sm-41f">
         <name>__sys_memory</name>
         <value>0x138b0</value>
         <object_component_ref idref="oc-d8"/>
      </symbol>
      <symbol id="sm-420">
         <name>_free</name>
         <value>0x54c0</value>
         <object_component_ref idref="oc-15f"/>
      </symbol>
      <symbol id="sm-421">
         <name>_malloc</name>
         <value>0x7f60</value>
         <object_component_ref idref="oc-160"/>
      </symbol>
      <symbol id="sm-42b">
         <name>__closefile</name>
         <value>0x9520</value>
         <object_component_ref idref="oc-16a"/>
      </symbol>
      <symbol id="sm-435">
         <name>_remove</name>
         <value>0xc8a0</value>
         <object_component_ref idref="oc-172"/>
      </symbol>
      <symbol id="sm-44d">
         <name>_GPIO_open</name>
         <value>0xb880</value>
         <object_component_ref idref="oc-125"/>
      </symbol>
      <symbol id="sm-44e">
         <name>_GPIO_pinEnable</name>
         <value>0xc5e0</value>
         <object_component_ref idref="oc-127"/>
      </symbol>
      <symbol id="sm-44f">
         <name>__GPIO_intTable</name>
         <value>0x12e7c</value>
         <object_component_ref idref="oc-e2"/>
      </symbol>
      <symbol id="sm-450">
         <name>_GPIO_pinDirection</name>
         <value>0xc460</value>
         <object_component_ref idref="oc-128"/>
      </symbol>
      <symbol id="sm-451">
         <name>__hGpioDev0</name>
         <value>0x12e90</value>
         <object_component_ref idref="oc-e2"/>
      </symbol>
      <symbol id="sm-452">
         <name>_GPIO_reset</name>
         <value>0xb940</value>
         <object_component_ref idref="oc-136"/>
      </symbol>
      <symbol id="sm-453">
         <name>_GPIO_config</name>
         <value>0xc160</value>
         <object_component_ref idref="oc-126"/>
      </symbol>
      <symbol id="sm-454">
         <name>_GPIO_pinWrite</name>
         <value>0xc620</value>
         <object_component_ref idref="oc-129"/>
      </symbol>
      <symbol id="sm-46e">
         <name>__IRQ_eventTable</name>
         <value>0x12c60</value>
         <object_component_ref idref="oc-e8"/>
      </symbol>
      <symbol id="sm-46f">
         <name>_IRQ_nmiEnable</name>
         <value>0xc7a0</value>
         <object_component_ref idref="oc-12b"/>
      </symbol>
      <symbol id="sm-470">
         <name>__IRQ_intTable</name>
         <value>0x12ce4</value>
         <object_component_ref idref="oc-e8"/>
      </symbol>
      <symbol id="sm-471">
         <name>_IRQ_globalEnable</name>
         <value>0xc780</value>
         <object_component_ref idref="oc-12e"/>
      </symbol>
      <symbol id="sm-472">
         <name>_IRQ_globalDisable</name>
         <value>0xc760</value>
         <object_component_ref idref="oc-12a"/>
      </symbol>
      <symbol id="sm-473">
         <name>_IRQ_map</name>
         <value>0x89c0</value>
         <object_component_ref idref="oc-12c"/>
      </symbol>
      <symbol id="sm-474">
         <name>_IRQ_enable</name>
         <value>0xc660</value>
         <object_component_ref idref="oc-12d"/>
      </symbol>
      <symbol id="sm-475">
         <name>__IRQ_dispatchTable</name>
         <value>0x12d24</value>
         <object_component_ref idref="oc-e8"/>
      </symbol>
      <symbol id="sm-476">
         <name>__IRQ_hookFetchPacket</name>
         <value>0xc8c0</value>
         <object_component_ref idref="oc-e6"/>
      </symbol>
      <symbol id="sm-48c">
         <name>_MCBSP_reset</name>
         <value>0x8d40</value>
         <object_component_ref idref="oc-135"/>
      </symbol>
      <symbol id="sm-48d">
         <name>_MCBSP_read</name>
         <value>0xc7c0</value>
         <object_component_ref idref="oc-111"/>
      </symbol>
      <symbol id="sm-48e">
         <name>_MCBSP_open</name>
         <value>0xa6c0</value>
         <object_component_ref idref="oc-11e"/>
      </symbol>
      <symbol id="sm-48f">
         <name>__MCBSP_hDev0</name>
         <value>0x12e40</value>
         <object_component_ref idref="oc-ed"/>
      </symbol>
      <symbol id="sm-490">
         <name>__MCBSP_hDev1</name>
         <value>0x12e44</value>
         <object_component_ref idref="oc-ed"/>
      </symbol>
      <symbol id="sm-491">
         <name>_MCBSP_start</name>
         <value>0xa7c0</value>
         <object_component_ref idref="oc-11f"/>
      </symbol>
      <symbol id="sm-492">
         <name>_MCBSP_write</name>
         <value>0xc7e0</value>
         <object_component_ref idref="oc-114"/>
      </symbol>
      <symbol id="sm-4a0">
         <name>_DSK6713_init</name>
         <value>0x40ec</value>
         <object_component_ref idref="oc-f1"/>
      </symbol>
      <symbol id="sm-4a1">
         <name>_DSK6713_version</name>
         <value>0x12ee8</value>
         <object_component_ref idref="oc-f2"/>
      </symbol>
      <symbol id="sm-4a2">
         <name>_DSK6713_rget</name>
         <value>0x4408</value>
         <object_component_ref idref="oc-f1"/>
      </symbol>
      <symbol id="sm-4a3">
         <name>_DSK6713_wait</name>
         <value>0x4430</value>
         <object_component_ref idref="oc-f1"/>
      </symbol>
      <symbol id="sm-4a4">
         <name>_DSK6713_rset</name>
         <value>0x441c</value>
         <object_component_ref idref="oc-f1"/>
      </symbol>
      <symbol id="sm-4a5">
         <name>_DSK6713_waitusec</name>
         <value>0x4488</value>
         <object_component_ref idref="oc-f1"/>
      </symbol>
      <symbol id="sm-4a6">
         <name>_DSK6713_getVersion</name>
         <value>0x44b4</value>
         <object_component_ref idref="oc-f1"/>
      </symbol>
      <symbol id="sm-4b4">
         <name>_DSK6713_AIC23_codeccontrolhandle</name>
         <value>0x12ec0</value>
         <object_component_ref idref="oc-f8"/>
      </symbol>
      <symbol id="sm-4b5">
         <name>_DSK6713_AIC23_codecdatahandle</name>
         <value>0x12ec4</value>
         <object_component_ref idref="oc-f8"/>
      </symbol>
      <symbol id="sm-4b6">
         <name>_DSK6713_AIC23_openCodec</name>
         <value>0x6540</value>
         <object_component_ref idref="oc-f7"/>
      </symbol>
      <symbol id="sm-4c4">
         <name>_DSK6713_AIC23_config</name>
         <value>0x9d80</value>
         <object_component_ref idref="oc-fd"/>
      </symbol>
      <symbol id="sm-4c5">
         <name>_DSK6713_AIC23_rget</name>
         <value>0x9d58</value>
         <object_component_ref idref="oc-fd"/>
      </symbol>
      <symbol id="sm-4c6">
         <name>_DSK6713_AIC23_rset</name>
         <value>0x9cc0</value>
         <object_component_ref idref="oc-fd"/>
      </symbol>
      <symbol id="sm-4d4">
         <name>_DSK6713_AIC23_setFreq</name>
         <value>0xbc40</value>
         <object_component_ref idref="oc-103"/>
      </symbol>
      <symbol id="sm-4e0">
         <name>_DSK6713_LED_init</name>
         <value>0x87e0</value>
         <object_component_ref idref="oc-109"/>
      </symbol>
      <symbol id="sm-4e1">
         <name>_DSK6713_LED_on</name>
         <value>0x8890</value>
         <object_component_ref idref="oc-109"/>
      </symbol>
      <symbol id="sm-4e2">
         <name>_DSK6713_LED_toggle</name>
         <value>0x8900</value>
         <object_component_ref idref="oc-109"/>
      </symbol>
      <symbol id="sm-4e3">
         <name>_DSK6713_LED_off</name>
         <value>0x8820</value>
         <object_component_ref idref="oc-109"/>
      </symbol>
   </symbol_table>
</link_info>
