******************************************************************************
               TMS320C6x Linker PC v7.4.8                      
******************************************************************************
>> Linked Mon Mar 16 06:51:01 2015

OUTPUT FILE NAME:   <time_stamper_master.out>
ENTRY POINT SYMBOL: "_c_int00"  address: 0000c2c0


MEMORY CONFIGURATION

         name            origin    length      used     unused   attr    fill
----------------------  --------  ---------  --------  --------  ----  --------
  VECS                  00000000   00000200  00000200  00000000  RWIX
  IRAM                  00000200   0002fe00  00013500  0001c900  RWIX
  L2RAM                 00030000   00010000  00000000  00010000  RWIX
  EMIFCE0               80000000   10000000  00000000  10000000  RWIX
  EMIFCE1               90000000   10000000  00000000  10000000  RWIX
  EMIFCE2               a0000000   10000000  00000000  10000000  RWIX
  EMIFCE3               b0000000   10000000  00000000  10000000  RWIX


SECTION ALLOCATION MAP

 output                                  attributes/
section   page    origin      length       input sections
--------  ----  ----------  ----------   ----------------
vectors    0    00000000    00000200     
                  00000000    00000200     vectors.obj (vectors)

.pinit     0    00000200    00000000     UNINITIALIZED

.text      0    00000200    0000c640     
                  00000200    00001fc0     time_stamper_master.obj (.text)
                  000021c0    00000720     rts6700.lib : divd.obj (.text:__divd)
                  000028e0    000006c0                 : _printfi.obj (.text:__getarg_diouxp)
                  00002fa0    00000640                 : _printfi.obj (.text:__setfield)
                  000035e0    00000560                 : _printfi.obj (.text:__printfi)
                  00003b40    000004c0                 : fputs.obj (.text:_fputs)
                  00004000    00000480     dsk6713bsl.lib : dsk6713.obj (.text)
                  00004480    00000420     rts6700.lib : _printfi.obj (.text:_fcvt)
                  000048a0    00000400                 : _printfi.obj (.text:__pproc_fge)
                  00004ca0    00000400                 : _printfi.obj (.text:_ecvt)
                  000050a0    00000380                 : imath64.obj (.text:__divull)
                  00005420    00000380                 : memory.obj (.text:_free)
                  000057a0    00000360                 : _printfi.obj (.text:__pconv_e)
                  00005b00    00000360                 : _printfi.obj (.text:__pproc_fwp)
                  00005e60    00000340                 : cos.obj (.text:_cos)
                  000061a0    00000300                 : _printfi.obj (.text:__pproc_diouxp)
                  000064a0    00000300     dsk6713bsl.lib : dsk6713_aic23_opencodec.obj (.text)
                  000067a0    000002e0     rts6700.lib : sin.obj (.text:_sin)
                  00006a80    000002c0                 : _printfi.obj (.text:__pproc_str)
                  00006d40    000002c0                 : setvbuf.obj (.text:_setvbuf)
                  00007000    000002a0                 : _printfi.obj (.text:__pconv_g)
                  000072a0    000002a0                 : fputc.obj (.text:_fputc)
                  00007540    000002a0     time_stamper_master.obj (.text:retain)
                  000077e0    00000260     rts6700.lib : imath40.obj (.text:__divul)
                  00007a40    00000240                 : _printfi.obj (.text:__mcpy)
                  00007c80    00000240                 : atan.obj (.text:_atan)
                  00007ec0    00000240                 : memory.obj (.text:_malloc)
                  00008100    00000240                 : memcpy62.obj (.text:_memcpy)
                  00008340    00000220                 : trgdrv.obj (.text:_HOSTrename)
                  00008560    000001e0                 : lowlev.obj (.text:_getdevice)
                  00008740    000001e0     dsk6713bsl.lib : dsk6713_led.obj (.text)
                  00008920    000001c0     csl6713.lib : csl_irq.obj (.text:_IRQ_map)
                  00008ae0    000001c0     rts6700.lib : fseek.obj (.text:_fseek)
                  00008ca0    000001a0     csl6713.lib : csl_mcbsp.obj (.text:_MCBSP_reset)
                  00008e40    000001a0     rts6700.lib : _printfi.obj (.text:__ltostr)
                  00008fe0    000001a0                 : _printfi.obj (.text:__pproc_fflags)
                  00009180    000001a0                 : atan2.obj (.text:_atan2)
                  00009320    00000160                 : trgdrv.obj (.text:_HOSTlseek)
                  00009480    00000160                 : fclose.obj (.text:__closefile)
                  000095e0    00000140                 : trgdrv.obj (.text:_HOSTread)
                  00009720    00000140                 : frcmpyd_div.obj (.text:__frcmpyd_div)
                  00009860    00000140                 : strasg.obj (.text:__strasgi)
                  000099a0    00000140                 : atoi.obj (.text:_atoi)
                  00009ae0    00000140                 : ltoa.obj (.text:_ltoa)
                  00009c20    00000140     dsk6713bsl.lib : dsk6713_aic23_registers.obj (.text)
                  00009d60    00000120     rts6700.lib : trgdrv.obj (.text:_HOSTopen)
                  00009e80    00000120                 : trgdrv.obj (.text:_HOSTwrite)
                  00009fa0    00000120                 : _io_perm.obj (.text:__wrt_ok)
                  0000a0c0    00000120                 : lowlev.obj (.text:_close)
                  0000a1e0    00000120                 : frexp.obj (.text:_frexp)
                  0000a300    00000120                 : memset.obj (.text:_memset)
                  0000a420    00000100                 : trgdrv.obj (.text:_HOSTclose)
                  0000a520    00000100                 : trgdrv.obj (.text:_HOSTunlink)
                  0000a620    00000100     csl6713.lib : csl_mcbsp.obj (.text:_MCBSP_open)
                  0000a720    00000100                 : csl_mcbsp.obj (.text:_MCBSP_start)
                  0000a820    00000100     rts6700.lib : autoinit.obj (.text:__auto_init)
                  0000a920    00000100                 : _printfi.obj (.text:__div)
                  0000aa20    00000100                 : imath40.obj (.text:__divli)
                  0000ab20    00000100                 : _printfi.obj (.text:__pconv_f)
                  0000ac20    00000100                 : lowlev.obj (.text:_lseek)
                  0000ad20    00000100                 : printf.obj (.text:_printf)
                  0000ae20    00000100                 : lowlev.obj (.text:_write)
                  0000af20    000000e0                 : fopen.obj (.text:__cleanup)
                  0000b000    000000e0                 : fflush.obj (.text:__doflush)
                  0000b0e0    000000e0                 : _printfi.obj (.text:__ecpy)
                  0000b1c0    000000e0                 : _printfi.obj (.text:__fcpy)
                  0000b2a0    000000e0                 : round.obj (.text:__nround)
                  0000b380    000000e0                 : strasg.obj (.text:__strasg)
                  0000b460    000000e0                 : exit.obj (.text:_exit)
                  0000b540    000000e0                 : memory.obj (.text:_minsert)
                  0000b620    000000e0                 : modf.obj (.text:_modf)
                  0000b700    000000e0                 : memory.obj (.text:_mremove)
                  0000b7e0    000000c0     csl6713.lib : csl_gpio.obj (.text:_GPIO_open)
                  0000b8a0    000000c0                 : csl_gpio.obj (.text:_GPIO_reset)
                  0000b960    000000c0     rts6700.lib : divu.obj (.text:__divu)
                  0000ba20    000000c0                 : cpy_tbl.obj (.text:_copy_in)
                  0000bae0    000000c0                 : lowlev.obj (.text:_finddevice)
                  0000bba0    000000c0     dsk6713bsl.lib : dsk6713_aic23_setfreq.obj (.text)
                  0000bc60    000000a0     rts6700.lib : fixdli.obj (.text:__fixdli)
                  0000bd00    000000a0                 : mpyll.obj (.text:__mpyll)
                  0000bda0    000000a0                 : imath40.obj (.text:__remli)
                  0000be40    000000a0                 : trgmsg.obj (.text:_readmsg)
                  0000bee0    000000a0     csl6713.lib : csl_irq.obj (.text:_setMux)
                  0000bf80    000000a0     rts6700.lib : lowlev.obj (.text:_unlink)
                  0000c020    000000a0                 : trgmsg.obj (.text:_writemsg)
                  0000c0c0    00000080     csl6713.lib : csl_gpio.obj (.text:_GPIO_config)
                  0000c140    00000080     rts6700.lib : cpp_init.obj (.text:___TI_cpp_init)
                  0000c1c0    00000080                 : fltlid.obj (.text:__fltlid)
                  0000c240    00000080                 : llshift.obj (.text:__llshl)
                  0000c2c0    00000080                 : boot.obj (.text:_c_int00)
                  0000c340    00000080                 : memccpy.obj (.text:_memccpy)
                  0000c3c0    00000060     csl6713.lib : csl_gpio.obj (.text:_GPIO_pinDirection)
                  0000c420    00000060     rts6700.lib : isinf.obj (.text:___isinf)
                  0000c480    00000060                 : llshift.obj (.text:__llshru)
                  0000c4e0    00000060                 : imath64.obj (.text:__subcull)
                  0000c540    00000040     csl6713.lib : csl_gpio.obj (.text:_GPIO_pinEnable)
                  0000c580    00000040                 : csl_gpio.obj (.text:_GPIO_pinWrite)
                  0000c5c0    00000040                 : csl_irq.obj (.text:_IRQ_enable)
                  0000c600    00000040     rts6700.lib : _printfi.obj (.text:___isnan)
                  0000c640    00000040                 : args_main.obj (.text:__args_main)
                  0000c680    00000040                 : trunc.obj (.text:__trunc)
                  0000c6c0    00000020     csl6713.lib : csl_irq.obj (.text:_IRQ_globalDisable)
                  0000c6e0    00000020                 : csl_irq.obj (.text:_IRQ_globalEnable)
                  0000c700    00000020                 : csl_irq.obj (.text:_IRQ_nmiEnable)
                  0000c720    00000020                 : csl_mcbsp.obj (.text:_MCBSP_read)
                  0000c740    00000020                 : csl_mcbsp.obj (.text:_MCBSP_write)
                  0000c760    00000020     rts6700.lib : negll.obj (.text:__negll)
                  0000c780    00000020                 : _lock.obj (.text:__nop)
                  0000c7a0    00000020                 : printf.obj (.text:__outc)
                  0000c7c0    00000020                 : printf.obj (.text:__outs)
                  0000c7e0    00000020                 : exit.obj (.text:_abort)
                  0000c800    00000020                 : remove.obj (.text:_remove)
                  0000c820    00000020     csl6713.lib : csl_irq.obj (.text)

.bss       0    00000200    00000000     UNINITIALIZED

.data      0    00000200    00000000     UNINITIALIZED

.far       0    0000c840    00005e18     UNINITIALIZED
                  0000c840    00005728     time_stamper_master.obj (.far)
                  00011f68    00000324     rts6700.lib : defs.obj (.far)
                  0001228c    0000011c                 : lowlev.obj (.far)
                  000123a8    000000f4     csl6713.lib : csl_irq.obj (.far)
                  0001249c    00000004     rts6700.lib : errno.obj (.far)
                  000124a0    00000060                 : atan.obj (.far)
                  00012500    00000040                 : cos.obj (.far)
                  00012540    00000040                 : sin.obj (.far)
                  00012580    00000038     csl6713.lib : csl_mcbsp.obj (.far)
                  000125b8    00000028     dsk6713bsl.lib : dsk6713_aic23_registers.obj (.far)
                  000125e0    00000024     csl6713.lib : csl_gpio.obj (.far)
                  00012604    00000020     dsk6713bsl.lib : dsk6713_aic23_setfreq.obj (.far)
                  00012624    0000000c     rts6700.lib : exit.obj (.far)
                  00012630    00000008     dsk6713bsl.lib : dsk6713_aic23_opencodec.obj (.far)
                  00012638    00000008     rts6700.lib : _lock.obj (.far)
                  00012640    00000008                 : memory.obj (.far)
                  00012648    00000008                 : trgdrv.obj (.far)
                  00012650    00000004                 : fopen.obj (.far)
                  00012654    00000002     dsk6713bsl.lib : dsk6713.obj (.far)
                  00012656    00000002                    : dsk6713_led.obj (.far)

.cinit     0    00012658    000005dc     
                  00012658    00000150     time_stamper_master.obj (.cinit)
                  000127a8    0000012c     csl6713.lib : csl_irq.obj (.cinit)
                  000128d4    00000004     --HOLE-- [fill = 0]
                  000128d8    00000070     rts6700.lib : atan.obj (.cinit)
                  00012948    0000005c                 : defs.obj (.cinit)
                  000129a4    00000004     --HOLE-- [fill = 0]
                  000129a8    0000005c                 : lowlev.obj (.cinit)
                  00012a04    00000004     --HOLE-- [fill = 0]
                  00012a08    00000054     csl6713.lib : csl_mcbsp.obj (.cinit)
                  00012a5c    00000004     --HOLE-- [fill = 0]
                  00012a60    00000048     rts6700.lib : cos.obj (.cinit)
                  00012aa8    00000048                 : sin.obj (.cinit)
                  00012af0    00000044     csl6713.lib : csl_gpio.obj (.cinit)
                  00012b34    00000004     --HOLE-- [fill = 0]
                  00012b38    00000030     dsk6713bsl.lib : dsk6713_aic23_registers.obj (.cinit)
                  00012b68    0000002c     rts6700.lib : exit.obj (.cinit)
                  00012b94    00000004     --HOLE-- [fill = 0]
                  00012b98    0000002c                 : memory.obj (.cinit)
                  00012bc4    00000004     --HOLE-- [fill = 0]
                  00012bc8    00000028     dsk6713bsl.lib : dsk6713_aic23_setfreq.obj (.cinit)
                  00012bf0    0000001c     rts6700.lib : _lock.obj (.cinit)
                  00012c0c    00000004     --HOLE-- [fill = 0]
                  00012c10    0000000c                 : errno.obj (.cinit)
                  00012c1c    00000004     --HOLE-- [fill = 0]
                  00012c20    0000000c                 : fopen.obj (.cinit)
                  00012c2c    00000004     --HOLE-- [fill = 0]
                  00012c30    00000004     (.pad.cinit) [fill = 0]

.stack     0    00012c38    00000400     UNINITIALIZED
                  00012c38    00000008     rts6700.lib : boot.obj (.stack)
                  00012c40    000003f8     --HOLE--

.sysmem    0    00013038    00000400     UNINITIALIZED
                  00013038    00000008     rts6700.lib : memory.obj (.sysmem)
                  00013040    000003f8     --HOLE--

.const     0    00013438    000001ac     
                  00013438    00000101     rts6700.lib : ctype.obj (.const:.string:__ctypes_)
                  00013539    00000002                 : fputs.obj (.const:.string)
                  0001353b    00000001     --HOLE-- [fill = 0]
                  0001353c    00000040     dsk6713bsl.lib : dsk6713_aic23_opencodec.obj (.const)
                  0001357c    00000023     rts6700.lib : _printfi.obj (.const:.string)
                  0001359f    00000001     --HOLE-- [fill = 0]
                  000135a0    00000020     dsk6713bsl.lib : dsk6713.obj (.const)
                  000135c0    0000001c     time_stamper_master.obj (.const)
                  000135dc    00000008     time_stamper_master.obj (.const:.string)

.cio       0    000135e4    00000120     UNINITIALIZED
                  000135e4    00000120     rts6700.lib : trgmsg.obj (.cio)


GLOBAL SYMBOLS: SORTED ALPHABETICALLY BY Name 

address    name
--------   ----
00000200   $bss
00000200   .bss
00000200   .data
00000200   .text
0000c7e0   C$$EXIT
0000c098   C$$IO$$
00011f24   _ClockPulse
00011714   _CurTime
00012630   _DSK6713_AIC23_codeccontrolhandle
00012634   _DSK6713_AIC23_codecdatahandle
00009ce0   _DSK6713_AIC23_config
000064a0   _DSK6713_AIC23_openCodec
00009cb8   _DSK6713_AIC23_rget
00009c20   _DSK6713_AIC23_rset
0000bba0   _DSK6713_AIC23_setFreq
00008740   _DSK6713_LED_init
00008780   _DSK6713_LED_off
000087f0   _DSK6713_LED_on
00008860   _DSK6713_LED_toggle
00004414   _DSK6713_getVersion
0000404c   _DSK6713_init
00004368   _DSK6713_rget
0000437c   _DSK6713_rset
00012654   _DSK6713_version
00004390   _DSK6713_wait
000043e8   _DSK6713_waitusec
0000c0c0   _GPIO_config
0000b7e0   _GPIO_open
0000c3c0   _GPIO_pinDirection
0000c540   _GPIO_pinEnable
0000c580   _GPIO_pinWrite
0000b8a0   _GPIO_reset
00002150   _GoodToSendIndex
0000a420   _HOSTclose
00009320   _HOSTlseek
00009d60   _HOSTopen
000095e0   _HOSTread
00008340   _HOSTrename
0000a520   _HOSTunlink
00009e80   _HOSTwrite
0000c5c0   _IRQ_enable
0000c6c0   _IRQ_globalDisable
0000c6e0   _IRQ_globalEnable
00008920   _IRQ_map
0000c700   _IRQ_nmiEnable
0000a620   _MCBSP_open
0000c720   _MCBSP_read
00008ca0   _MCBSP_reset
0000a720   _MCBSP_start
0000c740   _MCBSP_write
00000a70   _SetupReceiveBasebandSincPulseBuffer
00000c00   _SetupReceiveTrigonometricMatchedFilters
00000838   _SetupTransmitModulatedSincPulseBuffer
000135e4   __CIOBUF_
000125ec   __GPIO_intTable
00012494   __IRQ_dispatchTable
000123d0   __IRQ_eventTable
0000c820   __IRQ_hookFetchPacket
00012454   __IRQ_intTable
000125b0   __MCBSP_hDev0
000125b4   __MCBSP_hDev1
00013038   __STACK_END
00000400   __STACK_SIZE
00000400   __SYSMEM_SIZE
00000001   __TI_args_main
0000c140   ___TI_cpp_init
0001262c   ___TI_enable_exit_profile_output
ffffffff   ___TI_pprof_out_hndl
ffffffff   ___TI_prof_data_size
ffffffff   ___TI_prof_data_start
ffffffff   ___binit__
00000200   ___bss__
ffffffff   ___c_args__
00012658   ___cinit__
00000200   ___data__
00000200   ___edata__
00000200   ___end__
0000c840   ___etext__
0000c420   ___isinf
ffffffff   ___pinit__
00000200   ___text__
0000c640   __args_main
0000a820   __auto_init
0000b960   __c6xabi_divu
00009860   __c6xabi_strasgi
0000af20   __cleanup
00012624   __cleanup_ptr
00009480   __closefile
00013438   __ctypes_
000021c0   __divd
0000aa20   __divli
0000b960   __divu
000077e0   __divul
000050a0   __divull
0000b000   __doflush
00012628   __dtors_ptr
0000bc60   __fixdli
0000c1c0   __fltlid
00009720   __frcmpyd_div
00012288   __ft_end
00011f68   __ftable
00012600   __hGpioDev0
0000c240   __llshl
0000c480   __llshru
00012638   __lock
0000bd00   __mpyll
0000c760   __negll
0000c780   __nop
0000b2a0   __nround
000035e0   __printfi
0000bda0   __remli
00012c38   __stack
0000b380   __strasg
00009860   __strasgi
0000c4e0   __subcull
00013038   __sys_memory
00012148   __tmpnams
0000c680   __trunc
0001263c   __unlock
00009fa0   __wrt_ok
0000c7e0   _abort
00011f1c   _amSending
00007c80   _atan
00009180   _atan2
000099a0   _atoi
0000d0f0   _basebandSincRef
0000c840   _buf
0000d0be   _bufindex
0000c2c0   _c_int00
00002190   _calculateNewResponseTimeMaster
000021a8   _calculateNewSynchronizationTimeSlave
00011700   _cde_index
0000a0c0   _close
000116a0   _coarse_delay_estimate
00011f3c   _config
0000ba20   _copy_in
0000d0c0   _corrSumCosine
0000d0c8   _corrSumIncoherent
0000d0c4   _corrSumSine
0000cb1c   _corr_c
0000cb10   _corr_max
0000cb18   _corr_max_c
0000d0bc   _corr_max_lag
0000cb14   _corr_max_s
0000ccfc   _corr_s
00005e60   _cos
0000f2d4   _downMixedCosine
000104b4   _downMixedSine
0001249c   _errno
0000b460   _exit
00011702   _fde_index
000116c0   _fine_delay_estimate
000072a0   _fputc
00003b40   _fputs
00005420   _free
0000a1e0   _frexp
00008ae0   _fseek
00001c08   _gpioInit
00001dc0   _gpioToggle
00011f38   _hCodec
00011f64   _hGpio
00011716   _halfSinc
0000d0cc   _i
0000d0ce   _j
0000d0d0   _k
00011704   _local_carrier_phase
0000ac20   _lseek
00009ae0   _ltoa
000004a0   _main
00007ec0   _malloc
0000c930   _matchedFilterCosine
0000ca20   _matchedFilterSine
00011710   _max_samp
0000c340   _memccpy
00008100   _memcpy
0000a300   _memset
0000b620   _modf
00011f2c   _numberOfTimesVerificationPulseSentWithoutUpdate
00011708   _phase_correction_factor
0000ad20   _printf
000072a0   _putc
00011705   _r
0000be40   _readmsg
0000e0f4   _recbuf
0001169e   _recbuf_start_clock
00011694   _recbufindex
0000c800   _remove
00011f1a   _response_done
000011a4   _runCalculationStateCodeISR
00001918   _runReceivedPulseBufferDownmixing
000011ac   _runReceviedSincPulseTimingAnalysis
000010fc   _runRecordingStateCodeISR
00000d9c   _runSearchingStateCodeISR
00002004   _runSincPulseTransmitISR
000020bc   _runVerifyPulseTransmitISR
0000cedc   _s
00007540   _serialPortRcvISR
00006d40   _setvbuf
000067a0   _sin
00011f1e   _sinc_launch
00011f20   _sinc_roundtrip_time
00011698   _state
00001ec8   _sumFloatArray
00001f64   _sumIntArray
0000d0d8   _t
00011718   _tModulatedSincPulse
00011f34   _tempInput
00011f30   _tempOutput
0000bf80   _unlink
0001169c   _vclock_counter
00011f22   _vclock_offset
00011f26   _virClockTransmitCenterSinc
00011f28   _virClockTransmitCenterVerify
00011f2a   _virClockTransmitCenterVerifyBuffer
00011712   _vir_clock_start
0000ae20   _write
0000c020   _writemsg
0000d0e0   _x
0000d0e8   _y
ffffffff   binit
00012658   cinit
00000200   edata
00000200   end
0000c840   etext
ffffffff   pinit


GLOBAL SYMBOLS: SORTED BY Symbol Address 

address    name
--------   ----
00000001   __TI_args_main
00000200   $bss
00000200   .bss
00000200   .data
00000200   .text
00000200   ___bss__
00000200   ___data__
00000200   ___edata__
00000200   ___end__
00000200   ___text__
00000200   edata
00000200   end
00000400   __STACK_SIZE
00000400   __SYSMEM_SIZE
000004a0   _main
00000838   _SetupTransmitModulatedSincPulseBuffer
00000a70   _SetupReceiveBasebandSincPulseBuffer
00000c00   _SetupReceiveTrigonometricMatchedFilters
00000d9c   _runSearchingStateCodeISR
000010fc   _runRecordingStateCodeISR
000011a4   _runCalculationStateCodeISR
000011ac   _runReceviedSincPulseTimingAnalysis
00001918   _runReceivedPulseBufferDownmixing
00001c08   _gpioInit
00001dc0   _gpioToggle
00001ec8   _sumFloatArray
00001f64   _sumIntArray
00002004   _runSincPulseTransmitISR
000020bc   _runVerifyPulseTransmitISR
00002150   _GoodToSendIndex
00002190   _calculateNewResponseTimeMaster
000021a8   _calculateNewSynchronizationTimeSlave
000021c0   __divd
000035e0   __printfi
00003b40   _fputs
0000404c   _DSK6713_init
00004368   _DSK6713_rget
0000437c   _DSK6713_rset
00004390   _DSK6713_wait
000043e8   _DSK6713_waitusec
00004414   _DSK6713_getVersion
000050a0   __divull
00005420   _free
00005e60   _cos
000064a0   _DSK6713_AIC23_openCodec
000067a0   _sin
00006d40   _setvbuf
000072a0   _fputc
000072a0   _putc
00007540   _serialPortRcvISR
000077e0   __divul
00007c80   _atan
00007ec0   _malloc
00008100   _memcpy
00008340   _HOSTrename
00008740   _DSK6713_LED_init
00008780   _DSK6713_LED_off
000087f0   _DSK6713_LED_on
00008860   _DSK6713_LED_toggle
00008920   _IRQ_map
00008ae0   _fseek
00008ca0   _MCBSP_reset
00009180   _atan2
00009320   _HOSTlseek
00009480   __closefile
000095e0   _HOSTread
00009720   __frcmpyd_div
00009860   __c6xabi_strasgi
00009860   __strasgi
000099a0   _atoi
00009ae0   _ltoa
00009c20   _DSK6713_AIC23_rset
00009cb8   _DSK6713_AIC23_rget
00009ce0   _DSK6713_AIC23_config
00009d60   _HOSTopen
00009e80   _HOSTwrite
00009fa0   __wrt_ok
0000a0c0   _close
0000a1e0   _frexp
0000a300   _memset
0000a420   _HOSTclose
0000a520   _HOSTunlink
0000a620   _MCBSP_open
0000a720   _MCBSP_start
0000a820   __auto_init
0000aa20   __divli
0000ac20   _lseek
0000ad20   _printf
0000ae20   _write
0000af20   __cleanup
0000b000   __doflush
0000b2a0   __nround
0000b380   __strasg
0000b460   _exit
0000b620   _modf
0000b7e0   _GPIO_open
0000b8a0   _GPIO_reset
0000b960   __c6xabi_divu
0000b960   __divu
0000ba20   _copy_in
0000bba0   _DSK6713_AIC23_setFreq
0000bc60   __fixdli
0000bd00   __mpyll
0000bda0   __remli
0000be40   _readmsg
0000bf80   _unlink
0000c020   _writemsg
0000c098   C$$IO$$
0000c0c0   _GPIO_config
0000c140   ___TI_cpp_init
0000c1c0   __fltlid
0000c240   __llshl
0000c2c0   _c_int00
0000c340   _memccpy
0000c3c0   _GPIO_pinDirection
0000c420   ___isinf
0000c480   __llshru
0000c4e0   __subcull
0000c540   _GPIO_pinEnable
0000c580   _GPIO_pinWrite
0000c5c0   _IRQ_enable
0000c640   __args_main
0000c680   __trunc
0000c6c0   _IRQ_globalDisable
0000c6e0   _IRQ_globalEnable
0000c700   _IRQ_nmiEnable
0000c720   _MCBSP_read
0000c740   _MCBSP_write
0000c760   __negll
0000c780   __nop
0000c7e0   C$$EXIT
0000c7e0   _abort
0000c800   _remove
0000c820   __IRQ_hookFetchPacket
0000c840   ___etext__
0000c840   _buf
0000c840   etext
0000c930   _matchedFilterCosine
0000ca20   _matchedFilterSine
0000cb10   _corr_max
0000cb14   _corr_max_s
0000cb18   _corr_max_c
0000cb1c   _corr_c
0000ccfc   _corr_s
0000cedc   _s
0000d0bc   _corr_max_lag
0000d0be   _bufindex
0000d0c0   _corrSumCosine
0000d0c4   _corrSumSine
0000d0c8   _corrSumIncoherent
0000d0cc   _i
0000d0ce   _j
0000d0d0   _k
0000d0d8   _t
0000d0e0   _x
0000d0e8   _y
0000d0f0   _basebandSincRef
0000e0f4   _recbuf
0000f2d4   _downMixedCosine
000104b4   _downMixedSine
00011694   _recbufindex
00011698   _state
0001169c   _vclock_counter
0001169e   _recbuf_start_clock
000116a0   _coarse_delay_estimate
000116c0   _fine_delay_estimate
00011700   _cde_index
00011702   _fde_index
00011704   _local_carrier_phase
00011705   _r
00011708   _phase_correction_factor
00011710   _max_samp
00011712   _vir_clock_start
00011714   _CurTime
00011716   _halfSinc
00011718   _tModulatedSincPulse
00011f1a   _response_done
00011f1c   _amSending
00011f1e   _sinc_launch
00011f20   _sinc_roundtrip_time
00011f22   _vclock_offset
00011f24   _ClockPulse
00011f26   _virClockTransmitCenterSinc
00011f28   _virClockTransmitCenterVerify
00011f2a   _virClockTransmitCenterVerifyBuffer
00011f2c   _numberOfTimesVerificationPulseSentWithoutUpdate
00011f30   _tempOutput
00011f34   _tempInput
00011f38   _hCodec
00011f3c   _config
00011f64   _hGpio
00011f68   __ftable
00012148   __tmpnams
00012288   __ft_end
000123d0   __IRQ_eventTable
00012454   __IRQ_intTable
00012494   __IRQ_dispatchTable
0001249c   _errno
000125b0   __MCBSP_hDev0
000125b4   __MCBSP_hDev1
000125ec   __GPIO_intTable
00012600   __hGpioDev0
00012624   __cleanup_ptr
00012628   __dtors_ptr
0001262c   ___TI_enable_exit_profile_output
00012630   _DSK6713_AIC23_codeccontrolhandle
00012634   _DSK6713_AIC23_codecdatahandle
00012638   __lock
0001263c   __unlock
00012654   _DSK6713_version
00012658   ___cinit__
00012658   cinit
00012c38   __stack
00013038   __STACK_END
00013038   __sys_memory
00013438   __ctypes_
000135e4   __CIOBUF_
ffffffff   ___TI_pprof_out_hndl
ffffffff   ___TI_prof_data_size
ffffffff   ___TI_prof_data_start
ffffffff   ___binit__
ffffffff   ___c_args__
ffffffff   ___pinit__
ffffffff   binit
ffffffff   pinit

[225 symbols]
