******************************************************************************
               TMS320C6x Linker PC v7.4.8                      
******************************************************************************
>> Linked Mon Mar 16 11:25:57 2015

OUTPUT FILE NAME:   <time_stamper_master.out>
ENTRY POINT SYMBOL: "_c_int00"  address: 0000c360


MEMORY CONFIGURATION

         name            origin    length      used     unused   attr    fill
----------------------  --------  ---------  --------  --------  ----  --------
  VECS                  00000000   00000200  00000200  00000000  RWIX
  IRAM                  00000200   0002fe00  00013d74  0001c08c  RWIX
  L2RAM                 00030000   00010000  00000000  00010000  RWIX
  EMIFCE0               80000000   10000000  00000000  10000000  RWIX
  EMIFCE1               90000000   10000000  00000000  10000000  RWIX
  EMIFCE2               a0000000   10000000  00000000  10000000  RWIX
  EMIFCE3               b0000000   10000000  00000000  10000000  RWIX


SECTION ALLOCATION MAP

 output                                  attributes/
section   page    origin      length       input sections
--------  ----  ----------  ----------   ----------------
vectors    0    00000000    00000200     
                  00000000    00000200     vectors.obj (vectors)

.pinit     0    00000200    00000000     UNINITIALIZED

.text      0    00000200    0000c6e0     
                  00000200    00000ee0     time_stamper_master.obj (.text)
                  000010e0    00000c00     MathCalculations.obj (.text)
                  00001ce0    00000720     rts6700.lib : divd.obj (.text:__divd)
                  00002400    000006c0                 : _printfi.obj (.text:__getarg_diouxp)
                  00002ac0    00000640                 : _printfi.obj (.text:__setfield)
                  00003100    00000580     DebugTools.obj (.text)
                  00003680    00000560     rts6700.lib : _printfi.obj (.text:__printfi)
                  00003be0    000004c0                 : fputs.obj (.text:_fputs)
                  000040a0    00000480     dsk6713bsl.lib : dsk6713.obj (.text)
                  00004520    00000420     rts6700.lib : _printfi.obj (.text:_fcvt)
                  00004940    00000400                 : _printfi.obj (.text:__pproc_fge)
                  00004d40    00000400                 : _printfi.obj (.text:_ecvt)
                  00005140    00000380                 : imath64.obj (.text:__divull)
                  000054c0    00000380                 : memory.obj (.text:_free)
                  00005840    00000360                 : _printfi.obj (.text:__pconv_e)
                  00005ba0    00000360                 : _printfi.obj (.text:__pproc_fwp)
                  00005f00    00000340                 : cos.obj (.text:_cos)
                  00006240    00000300                 : _printfi.obj (.text:__pproc_diouxp)
                  00006540    00000300     dsk6713bsl.lib : dsk6713_aic23_opencodec.obj (.text)
                  00006840    000002e0     rts6700.lib : sin.obj (.text:_sin)
                  00006b20    000002c0                 : _printfi.obj (.text:__pproc_str)
                  00006de0    000002c0                 : setvbuf.obj (.text:_setvbuf)
                  000070a0    000002a0                 : _printfi.obj (.text:__pconv_g)
                  00007340    000002a0                 : fputc.obj (.text:_fputc)
                  000075e0    000002a0     time_stamper_master.obj (.text:retain)
                  00007880    00000260     rts6700.lib : imath40.obj (.text:__divul)
                  00007ae0    00000240                 : _printfi.obj (.text:__mcpy)
                  00007d20    00000240                 : atan.obj (.text:_atan)
                  00007f60    00000240                 : memory.obj (.text:_malloc)
                  000081a0    00000240                 : memcpy62.obj (.text:_memcpy)
                  000083e0    00000220                 : trgdrv.obj (.text:_HOSTrename)
                  00008600    000001e0                 : lowlev.obj (.text:_getdevice)
                  000087e0    000001e0     dsk6713bsl.lib : dsk6713_led.obj (.text)
                  000089c0    000001c0     csl6713.lib : csl_irq.obj (.text:_IRQ_map)
                  00008b80    000001c0     rts6700.lib : fseek.obj (.text:_fseek)
                  00008d40    000001a0     csl6713.lib : csl_mcbsp.obj (.text:_MCBSP_reset)
                  00008ee0    000001a0     rts6700.lib : _printfi.obj (.text:__ltostr)
                  00009080    000001a0                 : _printfi.obj (.text:__pproc_fflags)
                  00009220    000001a0                 : atan2.obj (.text:_atan2)
                  000093c0    00000160                 : trgdrv.obj (.text:_HOSTlseek)
                  00009520    00000160                 : fclose.obj (.text:__closefile)
                  00009680    00000140                 : trgdrv.obj (.text:_HOSTread)
                  000097c0    00000140                 : frcmpyd_div.obj (.text:__frcmpyd_div)
                  00009900    00000140                 : strasg.obj (.text:__strasgi)
                  00009a40    00000140                 : atoi.obj (.text:_atoi)
                  00009b80    00000140                 : ltoa.obj (.text:_ltoa)
                  00009cc0    00000140     dsk6713bsl.lib : dsk6713_aic23_registers.obj (.text)
                  00009e00    00000120     rts6700.lib : trgdrv.obj (.text:_HOSTopen)
                  00009f20    00000120                 : trgdrv.obj (.text:_HOSTwrite)
                  0000a040    00000120                 : _io_perm.obj (.text:__wrt_ok)
                  0000a160    00000120                 : lowlev.obj (.text:_close)
                  0000a280    00000120                 : frexp.obj (.text:_frexp)
                  0000a3a0    00000120                 : memset.obj (.text:_memset)
                  0000a4c0    00000100                 : trgdrv.obj (.text:_HOSTclose)
                  0000a5c0    00000100                 : trgdrv.obj (.text:_HOSTunlink)
                  0000a6c0    00000100     csl6713.lib : csl_mcbsp.obj (.text:_MCBSP_open)
                  0000a7c0    00000100                 : csl_mcbsp.obj (.text:_MCBSP_start)
                  0000a8c0    00000100     rts6700.lib : autoinit.obj (.text:__auto_init)
                  0000a9c0    00000100                 : _printfi.obj (.text:__div)
                  0000aac0    00000100                 : imath40.obj (.text:__divli)
                  0000abc0    00000100                 : _printfi.obj (.text:__pconv_f)
                  0000acc0    00000100                 : lowlev.obj (.text:_lseek)
                  0000adc0    00000100                 : printf.obj (.text:_printf)
                  0000aec0    00000100                 : lowlev.obj (.text:_write)
                  0000afc0    000000e0                 : fopen.obj (.text:__cleanup)
                  0000b0a0    000000e0                 : fflush.obj (.text:__doflush)
                  0000b180    000000e0                 : _printfi.obj (.text:__ecpy)
                  0000b260    000000e0                 : _printfi.obj (.text:__fcpy)
                  0000b340    000000e0                 : round.obj (.text:__nround)
                  0000b420    000000e0                 : strasg.obj (.text:__strasg)
                  0000b500    000000e0                 : exit.obj (.text:_exit)
                  0000b5e0    000000e0                 : memory.obj (.text:_minsert)
                  0000b6c0    000000e0                 : modf.obj (.text:_modf)
                  0000b7a0    000000e0                 : memory.obj (.text:_mremove)
                  0000b880    000000c0     csl6713.lib : csl_gpio.obj (.text:_GPIO_open)
                  0000b940    000000c0                 : csl_gpio.obj (.text:_GPIO_reset)
                  0000ba00    000000c0     rts6700.lib : divu.obj (.text:__divu)
                  0000bac0    000000c0                 : cpy_tbl.obj (.text:_copy_in)
                  0000bb80    000000c0                 : lowlev.obj (.text:_finddevice)
                  0000bc40    000000c0     dsk6713bsl.lib : dsk6713_aic23_setfreq.obj (.text)
                  0000bd00    000000a0     rts6700.lib : fixdli.obj (.text:__fixdli)
                  0000bda0    000000a0                 : mpyll.obj (.text:__mpyll)
                  0000be40    000000a0                 : imath40.obj (.text:__remli)
                  0000bee0    000000a0                 : trgmsg.obj (.text:_readmsg)
                  0000bf80    000000a0     csl6713.lib : csl_irq.obj (.text:_setMux)
                  0000c020    000000a0     rts6700.lib : lowlev.obj (.text:_unlink)
                  0000c0c0    000000a0                 : trgmsg.obj (.text:_writemsg)
                  0000c160    00000080     csl6713.lib : csl_gpio.obj (.text:_GPIO_config)
                  0000c1e0    00000080     rts6700.lib : cpp_init.obj (.text:___TI_cpp_init)
                  0000c260    00000080                 : fltlid.obj (.text:__fltlid)
                  0000c2e0    00000080                 : llshift.obj (.text:__llshl)
                  0000c360    00000080                 : boot.obj (.text:_c_int00)
                  0000c3e0    00000080                 : memccpy.obj (.text:_memccpy)
                  0000c460    00000060     csl6713.lib : csl_gpio.obj (.text:_GPIO_pinDirection)
                  0000c4c0    00000060     rts6700.lib : isinf.obj (.text:___isinf)
                  0000c520    00000060                 : llshift.obj (.text:__llshru)
                  0000c580    00000060                 : imath64.obj (.text:__subcull)
                  0000c5e0    00000040     csl6713.lib : csl_gpio.obj (.text:_GPIO_pinEnable)
                  0000c620    00000040                 : csl_gpio.obj (.text:_GPIO_pinWrite)
                  0000c660    00000040                 : csl_irq.obj (.text:_IRQ_enable)
                  0000c6a0    00000040     rts6700.lib : _printfi.obj (.text:___isnan)
                  0000c6e0    00000040                 : args_main.obj (.text:__args_main)
                  0000c720    00000040                 : trunc.obj (.text:__trunc)
                  0000c760    00000020     csl6713.lib : csl_irq.obj (.text:_IRQ_globalDisable)
                  0000c780    00000020                 : csl_irq.obj (.text:_IRQ_globalEnable)
                  0000c7a0    00000020                 : csl_irq.obj (.text:_IRQ_nmiEnable)
                  0000c7c0    00000020                 : csl_mcbsp.obj (.text:_MCBSP_read)
                  0000c7e0    00000020                 : csl_mcbsp.obj (.text:_MCBSP_write)
                  0000c800    00000020     rts6700.lib : negll.obj (.text:__negll)
                  0000c820    00000020                 : _lock.obj (.text:__nop)
                  0000c840    00000020                 : printf.obj (.text:__outc)
                  0000c860    00000020                 : printf.obj (.text:__outs)
                  0000c880    00000020                 : exit.obj (.text:_abort)
                  0000c8a0    00000020                 : remove.obj (.text:_remove)
                  0000c8c0    00000020     csl6713.lib : csl_irq.obj (.text)

.bss       0    00000200    00000000     UNINITIALIZED

.data      0    00000200    00000000     UNINITIALIZED

.far       0    0000c8e0    0000660c     UNINITIALIZED
                  0000c8e0    00004e64     MathCalculations.obj (.far)
                  00011744    000010b4     time_stamper_master.obj (.far)
                  000127f8    00000324     rts6700.lib : defs.obj (.far)
                  00012b1c    0000011c                 : lowlev.obj (.far)
                  00012c38    000000f4     csl6713.lib : csl_irq.obj (.far)
                  00012d2c    00000004     DebugTools.obj (.far)
                  00012d30    00000060     rts6700.lib : atan.obj (.far)
                  00012d90    00000040                 : cos.obj (.far)
                  00012dd0    00000040                 : sin.obj (.far)
                  00012e10    00000038     csl6713.lib : csl_mcbsp.obj (.far)
                  00012e48    00000028     dsk6713bsl.lib : dsk6713_aic23_registers.obj (.far)
                  00012e70    00000024     csl6713.lib : csl_gpio.obj (.far)
                  00012e94    00000020     dsk6713bsl.lib : dsk6713_aic23_setfreq.obj (.far)
                  00012eb4    0000000c     rts6700.lib : exit.obj (.far)
                  00012ec0    00000008     dsk6713bsl.lib : dsk6713_aic23_opencodec.obj (.far)
                  00012ec8    00000008     rts6700.lib : _lock.obj (.far)
                  00012ed0    00000008                 : memory.obj (.far)
                  00012ed8    00000008                 : trgdrv.obj (.far)
                  00012ee0    00000004                 : errno.obj (.far)
                  00012ee4    00000004                 : fopen.obj (.far)
                  00012ee8    00000002     dsk6713bsl.lib : dsk6713.obj (.far)
                  00012eea    00000002                    : dsk6713_led.obj (.far)

.cinit     0    00012ef0    000005bc     
                  00012ef0    0000012c     csl6713.lib : csl_irq.obj (.cinit)
                  0001301c    00000004     --HOLE-- [fill = 0]
                  00013020    000000d0     time_stamper_master.obj (.cinit)
                  000130f0    00000070     rts6700.lib : atan.obj (.cinit)
                  00013160    0000005c                 : defs.obj (.cinit)
                  000131bc    00000004     --HOLE-- [fill = 0]
                  000131c0    0000005c                 : lowlev.obj (.cinit)
                  0001321c    00000004     --HOLE-- [fill = 0]
                  00013220    0000005a     MathCalculations.obj (.cinit)
                  0001327a    00000006     --HOLE-- [fill = 0]
                  00013280    00000054     csl6713.lib : csl_mcbsp.obj (.cinit)
                  000132d4    00000004     --HOLE-- [fill = 0]
                  000132d8    00000048     rts6700.lib : cos.obj (.cinit)
                  00013320    00000048                 : sin.obj (.cinit)
                  00013368    00000044     csl6713.lib : csl_gpio.obj (.cinit)
                  000133ac    00000004     --HOLE-- [fill = 0]
                  000133b0    00000030     dsk6713bsl.lib : dsk6713_aic23_registers.obj (.cinit)
                  000133e0    0000002c     rts6700.lib : exit.obj (.cinit)
                  0001340c    00000004     --HOLE-- [fill = 0]
                  00013410    0000002c                 : memory.obj (.cinit)
                  0001343c    00000004     --HOLE-- [fill = 0]
                  00013440    00000028     dsk6713bsl.lib : dsk6713_aic23_setfreq.obj (.cinit)
                  00013468    0000001c     rts6700.lib : _lock.obj (.cinit)
                  00013484    00000004     --HOLE-- [fill = 0]
                  00013488    0000000c                 : errno.obj (.cinit)
                  00013494    00000004     --HOLE-- [fill = 0]
                  00013498    0000000c                 : fopen.obj (.cinit)
                  000134a4    00000004     --HOLE-- [fill = 0]
                  000134a8    00000004     (.pad.cinit) [fill = 0]

.stack     0    000134b0    00000400     UNINITIALIZED
                  000134b0    00000008     rts6700.lib : boot.obj (.stack)
                  000134b8    000003f8     --HOLE--

.sysmem    0    000138b0    00000400     UNINITIALIZED
                  000138b0    00000008     rts6700.lib : memory.obj (.sysmem)
                  000138b8    000003f8     --HOLE--

.const     0    00013cb0    000001ac     
                  00013cb0    00000101     rts6700.lib : ctype.obj (.const:.string:__ctypes_)
                  00013db1    00000002                 : fputs.obj (.const:.string)
                  00013db3    00000001     --HOLE-- [fill = 0]
                  00013db4    00000040     dsk6713bsl.lib : dsk6713_aic23_opencodec.obj (.const)
                  00013df4    00000023     rts6700.lib : _printfi.obj (.const:.string)
                  00013e17    00000001     --HOLE-- [fill = 0]
                  00013e18    00000020     dsk6713bsl.lib : dsk6713.obj (.const)
                  00013e38    0000001c     DebugTools.obj (.const)
                  00013e54    00000008     MathCalculations.obj (.const:.string)

.cio       0    00013e5c    00000120     UNINITIALIZED
                  00013e5c    00000120     rts6700.lib : trgmsg.obj (.cio)


GLOBAL SYMBOLS: SORTED ALPHABETICALLY BY Name 

address    name
--------   ----
00000200   $bss
00000200   .bss
00000200   .data
00000200   .text
0000c880   C$$EXIT
0000c138   C$$IO$$
00012ec0   _DSK6713_AIC23_codeccontrolhandle
00012ec4   _DSK6713_AIC23_codecdatahandle
00009d80   _DSK6713_AIC23_config
00006540   _DSK6713_AIC23_openCodec
00009d58   _DSK6713_AIC23_rget
00009cc0   _DSK6713_AIC23_rset
0000bc40   _DSK6713_AIC23_setFreq
000087e0   _DSK6713_LED_init
00008820   _DSK6713_LED_off
00008890   _DSK6713_LED_on
00008900   _DSK6713_LED_toggle
000044b4   _DSK6713_getVersion
000040ec   _DSK6713_init
00004408   _DSK6713_rget
0000441c   _DSK6713_rset
00012ee8   _DSK6713_version
00004430   _DSK6713_wait
00004488   _DSK6713_waitusec
0000c160   _GPIO_config
0000b880   _GPIO_open
0000c460   _GPIO_pinDirection
0000c5e0   _GPIO_pinEnable
0000c620   _GPIO_pinWrite
0000b940   _GPIO_reset
00001b80   _GetSincPulseIndex
00001b88   _GetVerifPulseIndex
0000a4c0   _HOSTclose
000093c0   _HOSTlseek
00009e00   _HOSTopen
00009680   _HOSTread
000083e0   _HOSTrename
0000a5c0   _HOSTunlink
00009f20   _HOSTwrite
0000c660   _IRQ_enable
0000c760   _IRQ_globalDisable
0000c780   _IRQ_globalEnable
000089c0   _IRQ_map
0000c7a0   _IRQ_nmiEnable
0000a6c0   _MCBSP_open
0000c7c0   _MCBSP_read
00008d40   _MCBSP_reset
0000a7c0   _MCBSP_start
0000c7e0   _MCBSP_write
00000868   _SetupReceiveBasebandSincPulseBuffer
000009f4   _SetupReceiveTrigonometricMatchedFilters
000005e4   _SetupTransmitModulatedSincPulseBuffer
000033c8   _ToggleDebugGPIO
00013e5c   __CIOBUF_
00012e7c   __GPIO_intTable
00012d24   __IRQ_dispatchTable
00012c60   __IRQ_eventTable
0000c8c0   __IRQ_hookFetchPacket
00012ce4   __IRQ_intTable
00012e40   __MCBSP_hDev0
00012e44   __MCBSP_hDev1
000138b0   __STACK_END
00000400   __STACK_SIZE
00000400   __SYSMEM_SIZE
00000001   __TI_args_main
0000c1e0   ___TI_cpp_init
00012ebc   ___TI_enable_exit_profile_output
ffffffff   ___TI_pprof_out_hndl
ffffffff   ___TI_prof_data_size
ffffffff   ___TI_prof_data_start
ffffffff   ___binit__
00000200   ___bss__
ffffffff   ___c_args__
00012ef0   ___cinit__
00000200   ___data__
00000200   ___edata__
00000200   ___end__
0000c8e0   ___etext__
0000c4c0   ___isinf
ffffffff   ___pinit__
00000200   ___text__
0000c6e0   __args_main
0000a8c0   __auto_init
0000ba00   __c6xabi_divu
00009900   __c6xabi_strasgi
0000afc0   __cleanup
00012eb4   __cleanup_ptr
00009520   __closefile
00013cb0   __ctypes_
00001ce0   __divd
0000aac0   __divli
0000ba00   __divu
00007880   __divul
00005140   __divull
0000b0a0   __doflush
00012eb8   __dtors_ptr
0000bd00   __fixdli
0000c260   __fltlid
000097c0   __frcmpyd_div
00012b18   __ft_end
000127f8   __ftable
00012e90   __hGpioDev0
0000c2e0   __llshl
0000c520   __llshru
00012ec8   __lock
0000bda0   __mpyll
0000c800   __negll
0000c820   __nop
0000b340   __nround
00003680   __printfi
0000be40   __remli
000134b0   __stack
0000b420   __strasg
00009900   __strasgi
0000c580   __subcull
000138b0   __sys_memory
000129d8   __tmpnams
0000c720   __trunc
00012ecc   __unlock
0000a040   __wrt_ok
0000c880   _abort
00007d20   _atan
00009220   _atan2
00009a40   _atoi
0000d190   _basebandSincRef
0000c8e0   _buf
0000d15e   _bufindex
0000c360   _c_int00
00001b48   _calculateNewResponseTimeMaster
00001b64   _calculateNewSynchronizationTimeSlave
000127bc   _cde_index
0000a160   _close
0001275c   _coarse_delay_estimate
000127d0   _config
0000bac0   _copy_in
0000d160   _corrSumCosine
0000d168   _corrSumIncoherent
0000d164   _corrSumSine
0000cbbc   _corr_c
0000cbb0   _corr_max
0000cbb8   _corr_max_c
0000d15c   _corr_max_lag
0000cbb4   _corr_max_s
0000cd9c   _corr_s
00005f00   _cos
0000f374   _downMixedCosine
00010554   _downMixedSine
00012ee0   _errno
0000b500   _exit
000127be   _fde_index
0001277c   _fine_delay_estimate
00007340   _fputc
00003be0   _fputs
000054c0   _free
0000a280   _frexp
00008b80   _fseek
00003100   _gpioInit
000032c0   _gpioToggle
000127cc   _hCodec
00012d2c   _hGpio
0000d16c   _i
0000d16e   _j
0000d170   _k
00011736   _local_carrier_phase
0000acc0   _lseek
00009b80   _ltoa
00000200   _main
00007f60   _malloc
0000c9d0   _matchedFilterCosine
0000cac0   _matchedFilterSine
00011740   _max_samp
0000c3e0   _memccpy
000081a0   _memcpy
0000a3a0   _memset
0000b6c0   _modf
00012758   _numberOfTimesVerificationPulseSentWithoutUpdate
00011738   _phase_correction_factor
0000adc0   _printf
00007340   _putc
00011737   _r
0000bee0   _readmsg
0000e194   _recbuf
00011742   _recbuf_start_clock
00011734   _recbufindex
0000c8a0   _remove
00000f6c   _runCalculationStateCodeISR
00001858   _runReceivedPulseBufferDownmixing
000010e0   _runReceviedSincPulseTimingAnalysis
00000ee4   _runRecordingStateCodeISR
00000b94   _runSearchingStateCodeISR
00000f74   _runSincPulseTransmitISR
0000102c   _runVerifyPulseTransmitISR
0000cf7c   _s
000075e0   _serialPortRcvISR
00006de0   _setvbuf
00006840   _sin
000127c0   _state
00001b90   _sumFloatArray
00001c2c   _sumIntArray
0000d178   _t
00011748   _tClockSincPulse
00011f4c   _tVerifSincPulse
000127c8   _tempInput
000127c4   _tempOutput
0000c020   _unlink
00011744   _vclock_counter
0001274e   _virClockTransmitCenterSinc
00012752   _virClockTransmitCenterSincIndex
00012750   _virClockTransmitCenterVerify
00012756   _virClockTransmitCenterVerifyBuffer
00012754   _virClockTransmitCenterVerifyIndex
0000aec0   _write
0000c0c0   _writemsg
0000d180   _x
0000d188   _y
ffffffff   binit
00012ef0   cinit
00000200   edata
00000200   end
0000c8e0   etext
ffffffff   pinit


GLOBAL SYMBOLS: SORTED BY Symbol Address 

address    name
--------   ----
00000001   __TI_args_main
00000200   $bss
00000200   .bss
00000200   .data
00000200   .text
00000200   ___bss__
00000200   ___data__
00000200   ___edata__
00000200   ___end__
00000200   ___text__
00000200   _main
00000200   edata
00000200   end
00000400   __STACK_SIZE
00000400   __SYSMEM_SIZE
000005e4   _SetupTransmitModulatedSincPulseBuffer
00000868   _SetupReceiveBasebandSincPulseBuffer
000009f4   _SetupReceiveTrigonometricMatchedFilters
00000b94   _runSearchingStateCodeISR
00000ee4   _runRecordingStateCodeISR
00000f6c   _runCalculationStateCodeISR
00000f74   _runSincPulseTransmitISR
0000102c   _runVerifyPulseTransmitISR
000010e0   _runReceviedSincPulseTimingAnalysis
00001858   _runReceivedPulseBufferDownmixing
00001b48   _calculateNewResponseTimeMaster
00001b64   _calculateNewSynchronizationTimeSlave
00001b80   _GetSincPulseIndex
00001b88   _GetVerifPulseIndex
00001b90   _sumFloatArray
00001c2c   _sumIntArray
00001ce0   __divd
00003100   _gpioInit
000032c0   _gpioToggle
000033c8   _ToggleDebugGPIO
00003680   __printfi
00003be0   _fputs
000040ec   _DSK6713_init
00004408   _DSK6713_rget
0000441c   _DSK6713_rset
00004430   _DSK6713_wait
00004488   _DSK6713_waitusec
000044b4   _DSK6713_getVersion
00005140   __divull
000054c0   _free
00005f00   _cos
00006540   _DSK6713_AIC23_openCodec
00006840   _sin
00006de0   _setvbuf
00007340   _fputc
00007340   _putc
000075e0   _serialPortRcvISR
00007880   __divul
00007d20   _atan
00007f60   _malloc
000081a0   _memcpy
000083e0   _HOSTrename
000087e0   _DSK6713_LED_init
00008820   _DSK6713_LED_off
00008890   _DSK6713_LED_on
00008900   _DSK6713_LED_toggle
000089c0   _IRQ_map
00008b80   _fseek
00008d40   _MCBSP_reset
00009220   _atan2
000093c0   _HOSTlseek
00009520   __closefile
00009680   _HOSTread
000097c0   __frcmpyd_div
00009900   __c6xabi_strasgi
00009900   __strasgi
00009a40   _atoi
00009b80   _ltoa
00009cc0   _DSK6713_AIC23_rset
00009d58   _DSK6713_AIC23_rget
00009d80   _DSK6713_AIC23_config
00009e00   _HOSTopen
00009f20   _HOSTwrite
0000a040   __wrt_ok
0000a160   _close
0000a280   _frexp
0000a3a0   _memset
0000a4c0   _HOSTclose
0000a5c0   _HOSTunlink
0000a6c0   _MCBSP_open
0000a7c0   _MCBSP_start
0000a8c0   __auto_init
0000aac0   __divli
0000acc0   _lseek
0000adc0   _printf
0000aec0   _write
0000afc0   __cleanup
0000b0a0   __doflush
0000b340   __nround
0000b420   __strasg
0000b500   _exit
0000b6c0   _modf
0000b880   _GPIO_open
0000b940   _GPIO_reset
0000ba00   __c6xabi_divu
0000ba00   __divu
0000bac0   _copy_in
0000bc40   _DSK6713_AIC23_setFreq
0000bd00   __fixdli
0000bda0   __mpyll
0000be40   __remli
0000bee0   _readmsg
0000c020   _unlink
0000c0c0   _writemsg
0000c138   C$$IO$$
0000c160   _GPIO_config
0000c1e0   ___TI_cpp_init
0000c260   __fltlid
0000c2e0   __llshl
0000c360   _c_int00
0000c3e0   _memccpy
0000c460   _GPIO_pinDirection
0000c4c0   ___isinf
0000c520   __llshru
0000c580   __subcull
0000c5e0   _GPIO_pinEnable
0000c620   _GPIO_pinWrite
0000c660   _IRQ_enable
0000c6e0   __args_main
0000c720   __trunc
0000c760   _IRQ_globalDisable
0000c780   _IRQ_globalEnable
0000c7a0   _IRQ_nmiEnable
0000c7c0   _MCBSP_read
0000c7e0   _MCBSP_write
0000c800   __negll
0000c820   __nop
0000c880   C$$EXIT
0000c880   _abort
0000c8a0   _remove
0000c8c0   __IRQ_hookFetchPacket
0000c8e0   ___etext__
0000c8e0   _buf
0000c8e0   etext
0000c9d0   _matchedFilterCosine
0000cac0   _matchedFilterSine
0000cbb0   _corr_max
0000cbb4   _corr_max_s
0000cbb8   _corr_max_c
0000cbbc   _corr_c
0000cd9c   _corr_s
0000cf7c   _s
0000d15c   _corr_max_lag
0000d15e   _bufindex
0000d160   _corrSumCosine
0000d164   _corrSumSine
0000d168   _corrSumIncoherent
0000d16c   _i
0000d16e   _j
0000d170   _k
0000d178   _t
0000d180   _x
0000d188   _y
0000d190   _basebandSincRef
0000e194   _recbuf
0000f374   _downMixedCosine
00010554   _downMixedSine
00011734   _recbufindex
00011736   _local_carrier_phase
00011737   _r
00011738   _phase_correction_factor
00011740   _max_samp
00011742   _recbuf_start_clock
00011744   _vclock_counter
00011748   _tClockSincPulse
00011f4c   _tVerifSincPulse
0001274e   _virClockTransmitCenterSinc
00012750   _virClockTransmitCenterVerify
00012752   _virClockTransmitCenterSincIndex
00012754   _virClockTransmitCenterVerifyIndex
00012756   _virClockTransmitCenterVerifyBuffer
00012758   _numberOfTimesVerificationPulseSentWithoutUpdate
0001275c   _coarse_delay_estimate
0001277c   _fine_delay_estimate
000127bc   _cde_index
000127be   _fde_index
000127c0   _state
000127c4   _tempOutput
000127c8   _tempInput
000127cc   _hCodec
000127d0   _config
000127f8   __ftable
000129d8   __tmpnams
00012b18   __ft_end
00012c60   __IRQ_eventTable
00012ce4   __IRQ_intTable
00012d24   __IRQ_dispatchTable
00012d2c   _hGpio
00012e40   __MCBSP_hDev0
00012e44   __MCBSP_hDev1
00012e7c   __GPIO_intTable
00012e90   __hGpioDev0
00012eb4   __cleanup_ptr
00012eb8   __dtors_ptr
00012ebc   ___TI_enable_exit_profile_output
00012ec0   _DSK6713_AIC23_codeccontrolhandle
00012ec4   _DSK6713_AIC23_codecdatahandle
00012ec8   __lock
00012ecc   __unlock
00012ee0   _errno
00012ee8   _DSK6713_version
00012ef0   ___cinit__
00012ef0   cinit
000134b0   __stack
000138b0   __STACK_END
000138b0   __sys_memory
00013cb0   __ctypes_
00013e5c   __CIOBUF_
ffffffff   ___TI_pprof_out_hndl
ffffffff   ___TI_prof_data_size
ffffffff   ___TI_prof_data_start
ffffffff   ___binit__
ffffffff   ___c_args__
ffffffff   ___pinit__
ffffffff   binit
ffffffff   pinit

[221 symbols]
