<?xml version="1.0"?>
<link_info>
   <banner>TMS320C6x Linker PC v7.4.8</banner>
   <copyright>Copyright (c) 1996-2014 Texas Instruments Incorporated</copyright>
   <link_time>0x5515c486</link_time>
   <output_file>time_stamper_master.out</output_file>
   <entry_point>
      <name>_c_int00</name>
      <address>0xd080</address>
   </entry_point>
   <input_file_list>
      <input_file id="fl-2">
         <path>.\</path>
         <kind>object</kind>
         <file>vectors.obj</file>
         <name>vectors.obj</name>
      </input_file>
      <input_file id="fl-3">
         <path>.\</path>
         <kind>object</kind>
         <file>time_stamper_master.obj</file>
         <name>time_stamper_master.obj</name>
      </input_file>
      <input_file id="fl-4">
         <path>.\</path>
         <kind>object</kind>
         <file>MathCalculations.obj</file>
         <name>MathCalculations.obj</name>
      </input_file>
      <input_file id="fl-5">
         <path>.\</path>
         <kind>object</kind>
         <file>DebugTools.obj</file>
         <name>DebugTools.obj</name>
      </input_file>
      <input_file id="fl-82">
         <path>C:\ti\ccsv6\tools\compiler\c6000_7.4.8\lib\</path>
         <kind>archive</kind>
         <file>rts6700.lib</file>
         <name>atan2.obj</name>
      </input_file>
      <input_file id="fl-83">
         <path>C:\ti\ccsv6\tools\compiler\c6000_7.4.8\lib\</path>
         <kind>archive</kind>
         <file>rts6700.lib</file>
         <name>boot.obj</name>
      </input_file>
      <input_file id="fl-84">
         <path>C:\ti\ccsv6\tools\compiler\c6000_7.4.8\lib\</path>
         <kind>archive</kind>
         <file>rts6700.lib</file>
         <name>cos.obj</name>
      </input_file>
      <input_file id="fl-85">
         <path>C:\ti\ccsv6\tools\compiler\c6000_7.4.8\lib\</path>
         <kind>archive</kind>
         <file>rts6700.lib</file>
         <name>divd.obj</name>
      </input_file>
      <input_file id="fl-86">
         <path>C:\ti\ccsv6\tools\compiler\c6000_7.4.8\lib\</path>
         <kind>archive</kind>
         <file>rts6700.lib</file>
         <name>errno.obj</name>
      </input_file>
      <input_file id="fl-87">
         <path>C:\ti\ccsv6\tools\compiler\c6000_7.4.8\lib\</path>
         <kind>archive</kind>
         <file>rts6700.lib</file>
         <name>exit.obj</name>
      </input_file>
      <input_file id="fl-88">
         <path>C:\ti\ccsv6\tools\compiler\c6000_7.4.8\lib\</path>
         <kind>archive</kind>
         <file>rts6700.lib</file>
         <name>frcmpyd_div.obj</name>
      </input_file>
      <input_file id="fl-89">
         <path>C:\ti\ccsv6\tools\compiler\c6000_7.4.8\lib\</path>
         <kind>archive</kind>
         <file>rts6700.lib</file>
         <name>frexp.obj</name>
      </input_file>
      <input_file id="fl-8a">
         <path>C:\ti\ccsv6\tools\compiler\c6000_7.4.8\lib\</path>
         <kind>archive</kind>
         <file>rts6700.lib</file>
         <name>llshift.obj</name>
      </input_file>
      <input_file id="fl-8b">
         <path>C:\ti\ccsv6\tools\compiler\c6000_7.4.8\lib\</path>
         <kind>archive</kind>
         <file>rts6700.lib</file>
         <name>modf.obj</name>
      </input_file>
      <input_file id="fl-8c">
         <path>C:\ti\ccsv6\tools\compiler\c6000_7.4.8\lib\</path>
         <kind>archive</kind>
         <file>rts6700.lib</file>
         <name>mpyll.obj</name>
      </input_file>
      <input_file id="fl-8d">
         <path>C:\ti\ccsv6\tools\compiler\c6000_7.4.8\lib\</path>
         <kind>archive</kind>
         <file>rts6700.lib</file>
         <name>printf.obj</name>
      </input_file>
      <input_file id="fl-8e">
         <path>C:\ti\ccsv6\tools\compiler\c6000_7.4.8\lib\</path>
         <kind>archive</kind>
         <file>rts6700.lib</file>
         <name>round.obj</name>
      </input_file>
      <input_file id="fl-8f">
         <path>C:\ti\ccsv6\tools\compiler\c6000_7.4.8\lib\</path>
         <kind>archive</kind>
         <file>rts6700.lib</file>
         <name>sin.obj</name>
      </input_file>
      <input_file id="fl-90">
         <path>C:\ti\ccsv6\tools\compiler\c6000_7.4.8\lib\</path>
         <kind>archive</kind>
         <file>rts6700.lib</file>
         <name>strasg.obj</name>
      </input_file>
      <input_file id="fl-91">
         <path>C:\ti\ccsv6\tools\compiler\c6000_7.4.8\lib\</path>
         <kind>archive</kind>
         <file>rts6700.lib</file>
         <name>trunc.obj</name>
      </input_file>
      <input_file id="fl-92">
         <path>C:\ti\ccsv6\tools\compiler\c6000_7.4.8\lib\</path>
         <kind>archive</kind>
         <file>rts6700.lib</file>
         <name>_lock.obj</name>
      </input_file>
      <input_file id="fl-93">
         <path>C:\ti\ccsv6\tools\compiler\c6000_7.4.8\lib\</path>
         <kind>archive</kind>
         <file>rts6700.lib</file>
         <name>_printfi.obj</name>
      </input_file>
      <input_file id="fl-94">
         <path>C:\ti\ccsv6\tools\compiler\c6000_7.4.8\lib\</path>
         <kind>archive</kind>
         <file>rts6700.lib</file>
         <name>args_main.obj</name>
      </input_file>
      <input_file id="fl-95">
         <path>C:\ti\ccsv6\tools\compiler\c6000_7.4.8\lib\</path>
         <kind>archive</kind>
         <file>rts6700.lib</file>
         <name>atan.obj</name>
      </input_file>
      <input_file id="fl-96">
         <path>C:\ti\ccsv6\tools\compiler\c6000_7.4.8\lib\</path>
         <kind>archive</kind>
         <file>rts6700.lib</file>
         <name>atoi.obj</name>
      </input_file>
      <input_file id="fl-97">
         <path>C:\ti\ccsv6\tools\compiler\c6000_7.4.8\lib\</path>
         <kind>archive</kind>
         <file>rts6700.lib</file>
         <name>autoinit.obj</name>
      </input_file>
      <input_file id="fl-98">
         <path>C:\ti\ccsv6\tools\compiler\c6000_7.4.8\lib\</path>
         <kind>archive</kind>
         <file>rts6700.lib</file>
         <name>cpp_init.obj</name>
      </input_file>
      <input_file id="fl-99">
         <path>C:\ti\ccsv6\tools\compiler\c6000_7.4.8\lib\</path>
         <kind>archive</kind>
         <file>rts6700.lib</file>
         <name>cpy_tbl.obj</name>
      </input_file>
      <input_file id="fl-9a">
         <path>C:\ti\ccsv6\tools\compiler\c6000_7.4.8\lib\</path>
         <kind>archive</kind>
         <file>rts6700.lib</file>
         <name>ctype.obj</name>
      </input_file>
      <input_file id="fl-9b">
         <path>C:\ti\ccsv6\tools\compiler\c6000_7.4.8\lib\</path>
         <kind>archive</kind>
         <file>rts6700.lib</file>
         <name>defs.obj</name>
      </input_file>
      <input_file id="fl-9c">
         <path>C:\ti\ccsv6\tools\compiler\c6000_7.4.8\lib\</path>
         <kind>archive</kind>
         <file>rts6700.lib</file>
         <name>divu.obj</name>
      </input_file>
      <input_file id="fl-9d">
         <path>C:\ti\ccsv6\tools\compiler\c6000_7.4.8\lib\</path>
         <kind>archive</kind>
         <file>rts6700.lib</file>
         <name>fixdli.obj</name>
      </input_file>
      <input_file id="fl-9e">
         <path>C:\ti\ccsv6\tools\compiler\c6000_7.4.8\lib\</path>
         <kind>archive</kind>
         <file>rts6700.lib</file>
         <name>fltlid.obj</name>
      </input_file>
      <input_file id="fl-9f">
         <path>C:\ti\ccsv6\tools\compiler\c6000_7.4.8\lib\</path>
         <kind>archive</kind>
         <file>rts6700.lib</file>
         <name>fputc.obj</name>
      </input_file>
      <input_file id="fl-a0">
         <path>C:\ti\ccsv6\tools\compiler\c6000_7.4.8\lib\</path>
         <kind>archive</kind>
         <file>rts6700.lib</file>
         <name>fputs.obj</name>
      </input_file>
      <input_file id="fl-a1">
         <path>C:\ti\ccsv6\tools\compiler\c6000_7.4.8\lib\</path>
         <kind>archive</kind>
         <file>rts6700.lib</file>
         <name>imath40.obj</name>
      </input_file>
      <input_file id="fl-a2">
         <path>C:\ti\ccsv6\tools\compiler\c6000_7.4.8\lib\</path>
         <kind>archive</kind>
         <file>rts6700.lib</file>
         <name>imath64.obj</name>
      </input_file>
      <input_file id="fl-a3">
         <path>C:\ti\ccsv6\tools\compiler\c6000_7.4.8\lib\</path>
         <kind>archive</kind>
         <file>rts6700.lib</file>
         <name>isinf.obj</name>
      </input_file>
      <input_file id="fl-a4">
         <path>C:\ti\ccsv6\tools\compiler\c6000_7.4.8\lib\</path>
         <kind>archive</kind>
         <file>rts6700.lib</file>
         <name>lowlev.obj</name>
      </input_file>
      <input_file id="fl-a5">
         <path>C:\ti\ccsv6\tools\compiler\c6000_7.4.8\lib\</path>
         <kind>archive</kind>
         <file>rts6700.lib</file>
         <name>ltoa.obj</name>
      </input_file>
      <input_file id="fl-a6">
         <path>C:\ti\ccsv6\tools\compiler\c6000_7.4.8\lib\</path>
         <kind>archive</kind>
         <file>rts6700.lib</file>
         <name>memccpy.obj</name>
      </input_file>
      <input_file id="fl-a7">
         <path>C:\ti\ccsv6\tools\compiler\c6000_7.4.8\lib\</path>
         <kind>archive</kind>
         <file>rts6700.lib</file>
         <name>memcpy62.obj</name>
      </input_file>
      <input_file id="fl-a8">
         <path>C:\ti\ccsv6\tools\compiler\c6000_7.4.8\lib\</path>
         <kind>archive</kind>
         <file>rts6700.lib</file>
         <name>memset.obj</name>
      </input_file>
      <input_file id="fl-a9">
         <path>C:\ti\ccsv6\tools\compiler\c6000_7.4.8\lib\</path>
         <kind>archive</kind>
         <file>rts6700.lib</file>
         <name>negll.obj</name>
      </input_file>
      <input_file id="fl-aa">
         <path>C:\ti\ccsv6\tools\compiler\c6000_7.4.8\lib\</path>
         <kind>archive</kind>
         <file>rts6700.lib</file>
         <name>trgdrv.obj</name>
      </input_file>
      <input_file id="fl-ab">
         <path>C:\ti\ccsv6\tools\compiler\c6000_7.4.8\lib\</path>
         <kind>archive</kind>
         <file>rts6700.lib</file>
         <name>trgmsg.obj</name>
      </input_file>
      <input_file id="fl-ac">
         <path>C:\ti\ccsv6\tools\compiler\c6000_7.4.8\lib\</path>
         <kind>archive</kind>
         <file>rts6700.lib</file>
         <name>_io_perm.obj</name>
      </input_file>
      <input_file id="fl-ad">
         <path>C:\ti\ccsv6\tools\compiler\c6000_7.4.8\lib\</path>
         <kind>archive</kind>
         <file>rts6700.lib</file>
         <name>abs.obj</name>
      </input_file>
      <input_file id="fl-ae">
         <path>C:\ti\ccsv6\tools\compiler\c6000_7.4.8\lib\</path>
         <kind>archive</kind>
         <file>rts6700.lib</file>
         <name>fflush.obj</name>
      </input_file>
      <input_file id="fl-af">
         <path>C:\ti\ccsv6\tools\compiler\c6000_7.4.8\lib\</path>
         <kind>archive</kind>
         <file>rts6700.lib</file>
         <name>fseek.obj</name>
      </input_file>
      <input_file id="fl-b0">
         <path>C:\ti\ccsv6\tools\compiler\c6000_7.4.8\lib\</path>
         <kind>archive</kind>
         <file>rts6700.lib</file>
         <name>setvbuf.obj</name>
      </input_file>
      <input_file id="fl-b1">
         <path>C:\ti\ccsv6\tools\compiler\c6000_7.4.8\lib\</path>
         <kind>archive</kind>
         <file>rts6700.lib</file>
         <name>fopen.obj</name>
      </input_file>
      <input_file id="fl-b2">
         <path>C:\ti\ccsv6\tools\compiler\c6000_7.4.8\lib\</path>
         <kind>archive</kind>
         <file>rts6700.lib</file>
         <name>memory.obj</name>
      </input_file>
      <input_file id="fl-b3">
         <path>C:\ti\ccsv6\tools\compiler\c6000_7.4.8\lib\</path>
         <kind>archive</kind>
         <file>rts6700.lib</file>
         <name>fclose.obj</name>
      </input_file>
      <input_file id="fl-b4">
         <path>C:\ti\ccsv6\tools\compiler\c6000_7.4.8\lib\</path>
         <kind>archive</kind>
         <file>rts6700.lib</file>
         <name>remove.obj</name>
      </input_file>
      <input_file id="fl-b5">
         <path>C:\Program Files\C6xCSL\lib_3x\</path>
         <kind>archive</kind>
         <file>csl6713.lib</file>
         <name>csl_gpio.obj</name>
      </input_file>
      <input_file id="fl-b6">
         <path>C:\Program Files\C6xCSL\lib_3x\</path>
         <kind>archive</kind>
         <file>csl6713.lib</file>
         <name>csl_irq.obj</name>
      </input_file>
      <input_file id="fl-b7">
         <path>C:\Program Files\C6xCSL\lib_3x\</path>
         <kind>archive</kind>
         <file>csl6713.lib</file>
         <name>csl_mcbsp.obj</name>
      </input_file>
      <input_file id="fl-b8">
         <path>C:\TI_DSK\dsk6713revc_files\CCStudio\c6000\dsk6713\lib\</path>
         <kind>archive</kind>
         <file>dsk6713bsl.lib</file>
         <name>dsk6713.obj</name>
      </input_file>
      <input_file id="fl-b9">
         <path>C:\TI_DSK\dsk6713revc_files\CCStudio\c6000\dsk6713\lib\</path>
         <kind>archive</kind>
         <file>dsk6713bsl.lib</file>
         <name>dsk6713_aic23_opencodec.obj</name>
      </input_file>
      <input_file id="fl-ba">
         <path>C:\TI_DSK\dsk6713revc_files\CCStudio\c6000\dsk6713\lib\</path>
         <kind>archive</kind>
         <file>dsk6713bsl.lib</file>
         <name>dsk6713_aic23_registers.obj</name>
      </input_file>
      <input_file id="fl-bb">
         <path>C:\TI_DSK\dsk6713revc_files\CCStudio\c6000\dsk6713\lib\</path>
         <kind>archive</kind>
         <file>dsk6713bsl.lib</file>
         <name>dsk6713_aic23_setfreq.obj</name>
      </input_file>
      <input_file id="fl-bc">
         <path>C:\TI_DSK\dsk6713revc_files\CCStudio\c6000\dsk6713\lib\</path>
         <kind>archive</kind>
         <file>dsk6713bsl.lib</file>
         <name>dsk6713_led.obj</name>
      </input_file>
   </input_file_list>
   <object_component_list>
      <object_component id="oc-19">
         <name>vectors</name>
         <load_address>0x0</load_address>
         <run_address>0x0</run_address>
         <size>0x200</size>
         <input_file_ref idref="fl-2"/>
      </object_component>
      <object_component id="oc-123">
         <name>.text</name>
         <load_address>0x200</load_address>
         <run_address>0x200</run_address>
         <size>0x1e80</size>
         <input_file_ref idref="fl-4"/>
      </object_component>
      <object_component id="oc-112">
         <name>.text</name>
         <load_address>0x2080</load_address>
         <run_address>0x2080</run_address>
         <size>0x9a0</size>
         <input_file_ref idref="fl-3"/>
      </object_component>
      <object_component id="oc-130">
         <name>.text:__divd</name>
         <load_address>0x2a20</load_address>
         <run_address>0x2a20</run_address>
         <size>0x720</size>
         <input_file_ref idref="fl-85"/>
      </object_component>
      <object_component id="oc-15b">
         <name>.text:__getarg_diouxp</name>
         <load_address>0x3140</load_address>
         <run_address>0x3140</run_address>
         <size>0x6c0</size>
         <input_file_ref idref="fl-93"/>
      </object_component>
      <object_component id="oc-148">
         <name>.text:__setfield</name>
         <load_address>0x3800</load_address>
         <run_address>0x3800</run_address>
         <size>0x640</size>
         <input_file_ref idref="fl-93"/>
      </object_component>
      <object_component id="oc-124">
         <name>.text</name>
         <load_address>0x3e40</load_address>
         <run_address>0x3e40</run_address>
         <size>0x580</size>
         <input_file_ref idref="fl-5"/>
      </object_component>
      <object_component id="oc-13d">
         <name>.text:__printfi</name>
         <load_address>0x43c0</load_address>
         <run_address>0x43c0</run_address>
         <size>0x560</size>
         <input_file_ref idref="fl-93"/>
      </object_component>
      <object_component id="oc-144">
         <name>.text:_fputs</name>
         <load_address>0x4920</load_address>
         <run_address>0x4920</run_address>
         <size>0x4c0</size>
         <input_file_ref idref="fl-a0"/>
      </object_component>
      <object_component id="oc-f1">
         <name>.text</name>
         <load_address>0x4de0</load_address>
         <run_address>0x4de0</run_address>
         <size>0x480</size>
         <input_file_ref idref="fl-b8"/>
      </object_component>
      <object_component id="oc-165">
         <name>.text:_fcvt</name>
         <load_address>0x5260</load_address>
         <run_address>0x5260</run_address>
         <size>0x420</size>
         <input_file_ref idref="fl-93"/>
      </object_component>
      <object_component id="oc-150">
         <name>.text:__pproc_fge</name>
         <load_address>0x5680</load_address>
         <run_address>0x5680</run_address>
         <size>0x400</size>
         <input_file_ref idref="fl-93"/>
      </object_component>
      <object_component id="oc-162">
         <name>.text:_ecvt</name>
         <load_address>0x5a80</load_address>
         <run_address>0x5a80</run_address>
         <size>0x400</size>
         <input_file_ref idref="fl-93"/>
      </object_component>
      <object_component id="oc-170">
         <name>.text:__divull</name>
         <load_address>0x5e80</load_address>
         <run_address>0x5e80</run_address>
         <size>0x380</size>
         <input_file_ref idref="fl-a2"/>
      </object_component>
      <object_component id="oc-15f">
         <name>.text:_free</name>
         <load_address>0x6200</load_address>
         <run_address>0x6200</run_address>
         <size>0x380</size>
         <input_file_ref idref="fl-b2"/>
      </object_component>
      <object_component id="oc-15a">
         <name>.text:__pconv_e</name>
         <load_address>0x6580</load_address>
         <run_address>0x6580</run_address>
         <size>0x360</size>
         <input_file_ref idref="fl-93"/>
      </object_component>
      <object_component id="oc-147">
         <name>.text:__pproc_fwp</name>
         <load_address>0x68e0</load_address>
         <run_address>0x68e0</run_address>
         <size>0x360</size>
         <input_file_ref idref="fl-93"/>
      </object_component>
      <object_component id="oc-131">
         <name>.text:_cos</name>
         <load_address>0x6c40</load_address>
         <run_address>0x6c40</run_address>
         <size>0x340</size>
         <input_file_ref idref="fl-84"/>
      </object_component>
      <object_component id="oc-151">
         <name>.text:__pproc_diouxp</name>
         <load_address>0x6f80</load_address>
         <run_address>0x6f80</run_address>
         <size>0x300</size>
         <input_file_ref idref="fl-93"/>
      </object_component>
      <object_component id="oc-f7">
         <name>.text</name>
         <load_address>0x7280</load_address>
         <run_address>0x7280</run_address>
         <size>0x300</size>
         <input_file_ref idref="fl-b9"/>
      </object_component>
      <object_component id="oc-12f">
         <name>.text:_sin</name>
         <load_address>0x7580</load_address>
         <run_address>0x7580</run_address>
         <size>0x2e0</size>
         <input_file_ref idref="fl-8f"/>
      </object_component>
      <object_component id="oc-149">
         <name>.text:__pproc_str</name>
         <load_address>0x7860</load_address>
         <run_address>0x7860</run_address>
         <size>0x2c0</size>
         <input_file_ref idref="fl-93"/>
      </object_component>
      <object_component id="oc-154">
         <name>.text:_setvbuf</name>
         <load_address>0x7b20</load_address>
         <run_address>0x7b20</run_address>
         <size>0x2c0</size>
         <input_file_ref idref="fl-b0"/>
      </object_component>
      <object_component id="oc-158">
         <name>.text:__pconv_g</name>
         <load_address>0x7de0</load_address>
         <run_address>0x7de0</run_address>
         <size>0x2a0</size>
         <input_file_ref idref="fl-93"/>
      </object_component>
      <object_component id="oc-145">
         <name>.text:_fputc</name>
         <load_address>0x8080</load_address>
         <run_address>0x8080</run_address>
         <size>0x2a0</size>
         <input_file_ref idref="fl-9f"/>
      </object_component>
      <object_component id="oc-20">
         <name>.text:retain</name>
         <load_address>0x8320</load_address>
         <run_address>0x8320</run_address>
         <size>0x280</size>
         <input_file_ref idref="fl-3"/>
      </object_component>
      <object_component id="oc-16f">
         <name>.text:__divul</name>
         <load_address>0x85a0</load_address>
         <run_address>0x85a0</run_address>
         <size>0x260</size>
         <input_file_ref idref="fl-a1"/>
      </object_component>
      <object_component id="oc-164">
         <name>.text:__mcpy</name>
         <load_address>0x8800</load_address>
         <run_address>0x8800</run_address>
         <size>0x240</size>
         <input_file_ref idref="fl-93"/>
      </object_component>
      <object_component id="oc-13a">
         <name>.text:_atan</name>
         <load_address>0x8a40</load_address>
         <run_address>0x8a40</run_address>
         <size>0x240</size>
         <input_file_ref idref="fl-95"/>
      </object_component>
      <object_component id="oc-160">
         <name>.text:_malloc</name>
         <load_address>0x8c80</load_address>
         <run_address>0x8c80</run_address>
         <size>0x240</size>
         <input_file_ref idref="fl-b2"/>
      </object_component>
      <object_component id="oc-120">
         <name>.text:_memcpy</name>
         <load_address>0x8ec0</load_address>
         <run_address>0x8ec0</run_address>
         <size>0x240</size>
         <input_file_ref idref="fl-a7"/>
      </object_component>
      <object_component id="oc-11b">
         <name>.text:_HOSTrename</name>
         <load_address>0x9100</load_address>
         <run_address>0x9100</run_address>
         <size>0x220</size>
         <input_file_ref idref="fl-aa"/>
      </object_component>
      <object_component id="oc-178">
         <name>.text:_getdevice</name>
         <load_address>0x9320</load_address>
         <run_address>0x9320</run_address>
         <size>0x1e0</size>
         <input_file_ref idref="fl-a4"/>
      </object_component>
      <object_component id="oc-109">
         <name>.text</name>
         <load_address>0x9500</load_address>
         <run_address>0x9500</run_address>
         <size>0x1e0</size>
         <input_file_ref idref="fl-bc"/>
      </object_component>
      <object_component id="oc-127">
         <name>.text:_IRQ_map</name>
         <load_address>0x96e0</load_address>
         <run_address>0x96e0</run_address>
         <size>0x1c0</size>
         <input_file_ref idref="fl-b6"/>
      </object_component>
      <object_component id="oc-153">
         <name>.text:_fseek</name>
         <load_address>0x98a0</load_address>
         <run_address>0x98a0</run_address>
         <size>0x1c0</size>
         <input_file_ref idref="fl-af"/>
      </object_component>
      <object_component id="oc-12c">
         <name>.text:_MCBSP_reset</name>
         <load_address>0x9a60</load_address>
         <run_address>0x9a60</run_address>
         <size>0x1a0</size>
         <input_file_ref idref="fl-b7"/>
      </object_component>
      <object_component id="oc-15d">
         <name>.text:__ltostr</name>
         <load_address>0x9c00</load_address>
         <run_address>0x9c00</run_address>
         <size>0x1a0</size>
         <input_file_ref idref="fl-93"/>
      </object_component>
      <object_component id="oc-146">
         <name>.text:__pproc_fflags</name>
         <load_address>0x9da0</load_address>
         <run_address>0x9da0</run_address>
         <size>0x1a0</size>
         <input_file_ref idref="fl-93"/>
      </object_component>
      <object_component id="oc-12d">
         <name>.text:_atan2</name>
         <load_address>0x9f40</load_address>
         <run_address>0x9f40</run_address>
         <size>0x1a0</size>
         <input_file_ref idref="fl-82"/>
      </object_component>
      <object_component id="oc-119">
         <name>.text:_HOSTlseek</name>
         <load_address>0xa0e0</load_address>
         <run_address>0xa0e0</run_address>
         <size>0x160</size>
         <input_file_ref idref="fl-aa"/>
      </object_component>
      <object_component id="oc-16a">
         <name>.text:__closefile</name>
         <load_address>0xa240</load_address>
         <run_address>0xa240</run_address>
         <size>0x160</size>
         <input_file_ref idref="fl-b3"/>
      </object_component>
      <object_component id="oc-117">
         <name>.text:_HOSTread</name>
         <load_address>0xa3a0</load_address>
         <run_address>0xa3a0</run_address>
         <size>0x140</size>
         <input_file_ref idref="fl-aa"/>
      </object_component>
      <object_component id="oc-142">
         <name>.text:__frcmpyd_div</name>
         <load_address>0xa4e0</load_address>
         <run_address>0xa4e0</run_address>
         <size>0x140</size>
         <input_file_ref idref="fl-88"/>
      </object_component>
      <object_component id="oc-132">
         <name>.text:__strasgi</name>
         <load_address>0xa620</load_address>
         <run_address>0xa620</run_address>
         <size>0x140</size>
         <input_file_ref idref="fl-90"/>
      </object_component>
      <object_component id="oc-14f">
         <name>.text:_atoi</name>
         <load_address>0xa760</load_address>
         <run_address>0xa760</run_address>
         <size>0x140</size>
         <input_file_ref idref="fl-96"/>
      </object_component>
      <object_component id="oc-16c">
         <name>.text:_ltoa</name>
         <load_address>0xa8a0</load_address>
         <run_address>0xa8a0</run_address>
         <size>0x140</size>
         <input_file_ref idref="fl-a5"/>
      </object_component>
      <object_component id="oc-fd">
         <name>.text</name>
         <load_address>0xa9e0</load_address>
         <run_address>0xa9e0</run_address>
         <size>0x140</size>
         <input_file_ref idref="fl-ba"/>
      </object_component>
      <object_component id="oc-115">
         <name>.text:_HOSTopen</name>
         <load_address>0xab20</load_address>
         <run_address>0xab20</run_address>
         <size>0x120</size>
         <input_file_ref idref="fl-aa"/>
      </object_component>
      <object_component id="oc-118">
         <name>.text:_HOSTwrite</name>
         <load_address>0xac40</load_address>
         <run_address>0xac40</run_address>
         <size>0x120</size>
         <input_file_ref idref="fl-aa"/>
      </object_component>
      <object_component id="oc-14b">
         <name>.text:__wrt_ok</name>
         <load_address>0xad60</load_address>
         <run_address>0xad60</run_address>
         <size>0x120</size>
         <input_file_ref idref="fl-ac"/>
      </object_component>
      <object_component id="oc-171">
         <name>.text:_close</name>
         <load_address>0xae80</load_address>
         <run_address>0xae80</run_address>
         <size>0x120</size>
         <input_file_ref idref="fl-a4"/>
      </object_component>
      <object_component id="oc-139">
         <name>.text:_frexp</name>
         <load_address>0xafa0</load_address>
         <run_address>0xafa0</run_address>
         <size>0x120</size>
         <input_file_ref idref="fl-89"/>
      </object_component>
      <object_component id="oc-14e">
         <name>.text:_memset</name>
         <load_address>0xb0c0</load_address>
         <run_address>0xb0c0</run_address>
         <size>0x120</size>
         <input_file_ref idref="fl-a8"/>
      </object_component>
      <object_component id="oc-116">
         <name>.text:_HOSTclose</name>
         <load_address>0xb1e0</load_address>
         <run_address>0xb1e0</run_address>
         <size>0x100</size>
         <input_file_ref idref="fl-aa"/>
      </object_component>
      <object_component id="oc-11a">
         <name>.text:_HOSTunlink</name>
         <load_address>0xb2e0</load_address>
         <run_address>0xb2e0</run_address>
         <size>0x100</size>
         <input_file_ref idref="fl-aa"/>
      </object_component>
      <object_component id="oc-11d">
         <name>.text:_MCBSP_open</name>
         <load_address>0xb3e0</load_address>
         <run_address>0xb3e0</run_address>
         <size>0x100</size>
         <input_file_ref idref="fl-b7"/>
      </object_component>
      <object_component id="oc-11e">
         <name>.text:_MCBSP_start</name>
         <load_address>0xb4e0</load_address>
         <run_address>0xb4e0</run_address>
         <size>0x100</size>
         <input_file_ref idref="fl-b7"/>
      </object_component>
      <object_component id="oc-10e">
         <name>.text:__auto_init</name>
         <load_address>0xb5e0</load_address>
         <run_address>0xb5e0</run_address>
         <size>0x100</size>
         <input_file_ref idref="fl-97"/>
      </object_component>
      <object_component id="oc-167">
         <name>.text:__div</name>
         <load_address>0xb6e0</load_address>
         <run_address>0xb6e0</run_address>
         <size>0x100</size>
         <input_file_ref idref="fl-93"/>
      </object_component>
      <object_component id="oc-174">
         <name>.text:__divli</name>
         <load_address>0xb7e0</load_address>
         <run_address>0xb7e0</run_address>
         <size>0x100</size>
         <input_file_ref idref="fl-a1"/>
      </object_component>
      <object_component id="oc-159">
         <name>.text:__pconv_f</name>
         <load_address>0xb8e0</load_address>
         <run_address>0xb8e0</run_address>
         <size>0x100</size>
         <input_file_ref idref="fl-93"/>
      </object_component>
      <object_component id="oc-15e">
         <name>.text:_lseek</name>
         <load_address>0xb9e0</load_address>
         <run_address>0xb9e0</run_address>
         <size>0x100</size>
         <input_file_ref idref="fl-a4"/>
      </object_component>
      <object_component id="oc-12e">
         <name>.text:_printf</name>
         <load_address>0xbae0</load_address>
         <run_address>0xbae0</run_address>
         <size>0x100</size>
         <input_file_ref idref="fl-8d"/>
      </object_component>
      <object_component id="oc-14d">
         <name>.text:_write</name>
         <load_address>0xbbe0</load_address>
         <run_address>0xbbe0</run_address>
         <size>0x100</size>
         <input_file_ref idref="fl-a4"/>
      </object_component>
      <object_component id="oc-161">
         <name>.text:__cleanup</name>
         <load_address>0xbce0</load_address>
         <run_address>0xbce0</run_address>
         <size>0xe0</size>
         <input_file_ref idref="fl-b1"/>
      </object_component>
      <object_component id="oc-14c">
         <name>.text:__doflush</name>
         <load_address>0xbdc0</load_address>
         <run_address>0xbdc0</run_address>
         <size>0xe0</size>
         <input_file_ref idref="fl-ae"/>
      </object_component>
      <object_component id="oc-163">
         <name>.text:__ecpy</name>
         <load_address>0xbea0</load_address>
         <run_address>0xbea0</run_address>
         <size>0xe0</size>
         <input_file_ref idref="fl-93"/>
      </object_component>
      <object_component id="oc-166">
         <name>.text:__fcpy</name>
         <load_address>0xbf80</load_address>
         <run_address>0xbf80</run_address>
         <size>0xe0</size>
         <input_file_ref idref="fl-93"/>
      </object_component>
      <object_component id="oc-13f">
         <name>.text:__nround</name>
         <load_address>0xc060</load_address>
         <run_address>0xc060</run_address>
         <size>0xe0</size>
         <input_file_ref idref="fl-8e"/>
      </object_component>
      <object_component id="oc-11c">
         <name>.text:__strasg</name>
         <load_address>0xc140</load_address>
         <run_address>0xc140</run_address>
         <size>0xe0</size>
         <input_file_ref idref="fl-90"/>
      </object_component>
      <object_component id="oc-110">
         <name>.text:_exit</name>
         <load_address>0xc220</load_address>
         <run_address>0xc220</run_address>
         <size>0xe0</size>
         <input_file_ref idref="fl-87"/>
      </object_component>
      <object_component id="oc-169">
         <name>.text:_minsert</name>
         <load_address>0xc300</load_address>
         <run_address>0xc300</run_address>
         <size>0xe0</size>
         <input_file_ref idref="fl-b2"/>
      </object_component>
      <object_component id="oc-140">
         <name>.text:_modf</name>
         <load_address>0xc3e0</load_address>
         <run_address>0xc3e0</run_address>
         <size>0xe0</size>
         <input_file_ref idref="fl-8b"/>
      </object_component>
      <object_component id="oc-168">
         <name>.text:_mremove</name>
         <load_address>0xc4c0</load_address>
         <run_address>0xc4c0</run_address>
         <size>0xe0</size>
         <input_file_ref idref="fl-b2"/>
      </object_component>
      <object_component id="oc-133">
         <name>.text:_GPIO_open</name>
         <load_address>0xc5a0</load_address>
         <run_address>0xc5a0</run_address>
         <size>0xc0</size>
         <input_file_ref idref="fl-b5"/>
      </object_component>
      <object_component id="oc-143">
         <name>.text:_GPIO_reset</name>
         <load_address>0xc660</load_address>
         <run_address>0xc660</run_address>
         <size>0xc0</size>
         <input_file_ref idref="fl-b5"/>
      </object_component>
      <object_component id="oc-16e">
         <name>.text:__divu</name>
         <load_address>0xc720</load_address>
         <run_address>0xc720</run_address>
         <size>0xc0</size>
         <input_file_ref idref="fl-9c"/>
      </object_component>
      <object_component id="oc-11f">
         <name>.text:_copy_in</name>
         <load_address>0xc7e0</load_address>
         <run_address>0xc7e0</run_address>
         <size>0xc0</size>
         <input_file_ref idref="fl-99"/>
      </object_component>
      <object_component id="oc-179">
         <name>.text:_finddevice</name>
         <load_address>0xc8a0</load_address>
         <run_address>0xc8a0</run_address>
         <size>0xc0</size>
         <input_file_ref idref="fl-a4"/>
      </object_component>
      <object_component id="oc-103">
         <name>.text</name>
         <load_address>0xc960</load_address>
         <run_address>0xc960</run_address>
         <size>0xc0</size>
         <input_file_ref idref="fl-bb"/>
      </object_component>
      <object_component id="oc-16b">
         <name>.text:__fixdli</name>
         <load_address>0xca20</load_address>
         <run_address>0xca20</run_address>
         <size>0xa0</size>
         <input_file_ref idref="fl-9d"/>
      </object_component>
      <object_component id="oc-14a">
         <name>.text:__mpyll</name>
         <load_address>0xcac0</load_address>
         <run_address>0xcac0</run_address>
         <size>0xa0</size>
         <input_file_ref idref="fl-8c"/>
      </object_component>
      <object_component id="oc-173">
         <name>.text:__remli</name>
         <load_address>0xcb60</load_address>
         <run_address>0xcb60</run_address>
         <size>0xa0</size>
         <input_file_ref idref="fl-a1"/>
      </object_component>
      <object_component id="oc-12b">
         <name>.text:_readmsg</name>
         <load_address>0xcc00</load_address>
         <run_address>0xcc00</run_address>
         <size>0xa0</size>
         <input_file_ref idref="fl-ab"/>
      </object_component>
      <object_component id="oc-138">
         <name>.text:_setMux</name>
         <load_address>0xcca0</load_address>
         <run_address>0xcca0</run_address>
         <size>0xa0</size>
         <input_file_ref idref="fl-b6"/>
      </object_component>
      <object_component id="oc-177">
         <name>.text:_unlink</name>
         <load_address>0xcd40</load_address>
         <run_address>0xcd40</run_address>
         <size>0xa0</size>
         <input_file_ref idref="fl-a4"/>
      </object_component>
      <object_component id="oc-12a">
         <name>.text:_writemsg</name>
         <load_address>0xcde0</load_address>
         <run_address>0xcde0</run_address>
         <size>0xa0</size>
         <input_file_ref idref="fl-ab"/>
      </object_component>
      <object_component id="oc-134">
         <name>.text:_GPIO_config</name>
         <load_address>0xce80</load_address>
         <run_address>0xce80</run_address>
         <size>0x80</size>
         <input_file_ref idref="fl-b5"/>
      </object_component>
      <object_component id="oc-121">
         <name>.text:___TI_cpp_init</name>
         <load_address>0xcf00</load_address>
         <run_address>0xcf00</run_address>
         <size>0x80</size>
         <input_file_ref idref="fl-98"/>
      </object_component>
      <object_component id="oc-16d">
         <name>.text:__fltlid</name>
         <load_address>0xcf80</load_address>
         <run_address>0xcf80</run_address>
         <size>0x80</size>
         <input_file_ref idref="fl-9e"/>
      </object_component>
      <object_component id="oc-175">
         <name>.text:__llshl</name>
         <load_address>0xd000</load_address>
         <run_address>0xd000</run_address>
         <size>0x80</size>
         <input_file_ref idref="fl-8a"/>
      </object_component>
      <object_component id="oc-18">
         <name>.text:_c_int00</name>
         <load_address>0xd080</load_address>
         <run_address>0xd080</run_address>
         <size>0x80</size>
         <input_file_ref idref="fl-83"/>
      </object_component>
      <object_component id="oc-152">
         <name>.text:_memccpy</name>
         <load_address>0xd100</load_address>
         <run_address>0xd100</run_address>
         <size>0x80</size>
         <input_file_ref idref="fl-a6"/>
      </object_component>
      <object_component id="oc-136">
         <name>.text:_GPIO_pinDirection</name>
         <load_address>0xd180</load_address>
         <run_address>0xd180</run_address>
         <size>0x60</size>
         <input_file_ref idref="fl-b5"/>
      </object_component>
      <object_component id="oc-157">
         <name>.text:___isinf</name>
         <load_address>0xd1e0</load_address>
         <run_address>0xd1e0</run_address>
         <size>0x60</size>
         <input_file_ref idref="fl-a3"/>
      </object_component>
      <object_component id="oc-141">
         <name>.text:__llshru</name>
         <load_address>0xd240</load_address>
         <run_address>0xd240</run_address>
         <size>0x60</size>
         <input_file_ref idref="fl-8a"/>
      </object_component>
      <object_component id="oc-176">
         <name>.text:__subcull</name>
         <load_address>0xd2a0</load_address>
         <run_address>0xd2a0</run_address>
         <size>0x60</size>
         <input_file_ref idref="fl-a2"/>
      </object_component>
      <object_component id="oc-135">
         <name>.text:_GPIO_pinEnable</name>
         <load_address>0xd300</load_address>
         <run_address>0xd300</run_address>
         <size>0x40</size>
         <input_file_ref idref="fl-b5"/>
      </object_component>
      <object_component id="oc-137">
         <name>.text:_GPIO_pinWrite</name>
         <load_address>0xd340</load_address>
         <run_address>0xd340</run_address>
         <size>0x40</size>
         <input_file_ref idref="fl-b5"/>
      </object_component>
      <object_component id="oc-128">
         <name>.text:_IRQ_enable</name>
         <load_address>0xd380</load_address>
         <run_address>0xd380</run_address>
         <size>0x40</size>
         <input_file_ref idref="fl-b6"/>
      </object_component>
      <object_component id="oc-156">
         <name>.text:___isnan</name>
         <load_address>0xd3c0</load_address>
         <run_address>0xd3c0</run_address>
         <size>0x40</size>
         <input_file_ref idref="fl-93"/>
      </object_component>
      <object_component id="oc-10f">
         <name>.text:__args_main</name>
         <load_address>0xd400</load_address>
         <run_address>0xd400</run_address>
         <size>0x40</size>
         <input_file_ref idref="fl-94"/>
      </object_component>
      <object_component id="oc-13e">
         <name>.text:__trunc</name>
         <load_address>0xd440</load_address>
         <run_address>0xd440</run_address>
         <size>0x40</size>
         <input_file_ref idref="fl-91"/>
      </object_component>
      <object_component id="oc-125">
         <name>.text:_IRQ_globalDisable</name>
         <load_address>0xd480</load_address>
         <run_address>0xd480</run_address>
         <size>0x20</size>
         <input_file_ref idref="fl-b6"/>
      </object_component>
      <object_component id="oc-129">
         <name>.text:_IRQ_globalEnable</name>
         <load_address>0xd4a0</load_address>
         <run_address>0xd4a0</run_address>
         <size>0x20</size>
         <input_file_ref idref="fl-b6"/>
      </object_component>
      <object_component id="oc-126">
         <name>.text:_IRQ_nmiEnable</name>
         <load_address>0xd4c0</load_address>
         <run_address>0xd4c0</run_address>
         <size>0x20</size>
         <input_file_ref idref="fl-b6"/>
      </object_component>
      <object_component id="oc-111">
         <name>.text:_MCBSP_read</name>
         <load_address>0xd4e0</load_address>
         <run_address>0xd4e0</run_address>
         <size>0x20</size>
         <input_file_ref idref="fl-b7"/>
      </object_component>
      <object_component id="oc-113">
         <name>.text:_MCBSP_write</name>
         <load_address>0xd500</load_address>
         <run_address>0xd500</run_address>
         <size>0x20</size>
         <input_file_ref idref="fl-b7"/>
      </object_component>
      <object_component id="oc-15c">
         <name>.text:__negll</name>
         <load_address>0xd520</load_address>
         <run_address>0xd520</run_address>
         <size>0x20</size>
         <input_file_ref idref="fl-a9"/>
      </object_component>
      <object_component id="oc-114">
         <name>.text:__nop</name>
         <load_address>0xd540</load_address>
         <run_address>0xd540</run_address>
         <size>0x20</size>
         <input_file_ref idref="fl-92"/>
      </object_component>
      <object_component id="oc-13c">
         <name>.text:__outc</name>
         <load_address>0xd560</load_address>
         <run_address>0xd560</run_address>
         <size>0x20</size>
         <input_file_ref idref="fl-8d"/>
      </object_component>
      <object_component id="oc-13b">
         <name>.text:__outs</name>
         <load_address>0xd580</load_address>
         <run_address>0xd580</run_address>
         <size>0x20</size>
         <input_file_ref idref="fl-8d"/>
      </object_component>
      <object_component id="oc-122">
         <name>.text:_abort</name>
         <load_address>0xd5a0</load_address>
         <run_address>0xd5a0</run_address>
         <size>0x20</size>
         <input_file_ref idref="fl-87"/>
      </object_component>
      <object_component id="oc-172">
         <name>.text:_remove</name>
         <load_address>0xd5c0</load_address>
         <run_address>0xd5c0</run_address>
         <size>0x20</size>
         <input_file_ref idref="fl-b4"/>
      </object_component>
      <object_component id="oc-e6">
         <name>.text</name>
         <load_address>0xd5e0</load_address>
         <run_address>0xd5e0</run_address>
         <size>0x20</size>
         <input_file_ref idref="fl-b6"/>
      </object_component>
      <object_component id="oc-35">
         <name>.stack</name>
         <uninitialized>true</uninitialized>
         <run_address>0x149d0</run_address>
         <size>0x8</size>
         <input_file_ref idref="fl-83"/>
      </object_component>
      <object_component id="oc-199">
         <name>.stack</name>
         <uninitialized>true</uninitialized>
         <run_address>0x149d0</run_address>
         <size>0x0</size>
      </object_component>
      <object_component id="oc-be">
         <name>.cio</name>
         <uninitialized>true</uninitialized>
         <run_address>0x1537c</run_address>
         <size>0x120</size>
         <input_file_ref idref="fl-ab"/>
      </object_component>
      <object_component id="oc-155">
         <name>.const:.string:__ctypes_</name>
         <load_address>0x151d0</load_address>
         <run_address>0x151d0</run_address>
         <size>0x101</size>
         <input_file_ref idref="fl-9a"/>
      </object_component>
      <object_component id="oc-99">
         <name>.const:.string</name>
         <load_address>0x152d1</load_address>
         <run_address>0x152d1</run_address>
         <size>0x2</size>
         <input_file_ref idref="fl-a0"/>
      </object_component>
      <object_component id="oc-f9">
         <name>.const</name>
         <load_address>0x152d4</load_address>
         <run_address>0x152d4</run_address>
         <size>0x40</size>
         <input_file_ref idref="fl-b9"/>
      </object_component>
      <object_component id="oc-6f">
         <name>.const:.string</name>
         <load_address>0x15314</load_address>
         <run_address>0x15314</run_address>
         <size>0x23</size>
         <input_file_ref idref="fl-93"/>
      </object_component>
      <object_component id="oc-f3">
         <name>.const</name>
         <load_address>0x15338</load_address>
         <run_address>0x15338</run_address>
         <size>0x20</size>
         <input_file_ref idref="fl-b8"/>
      </object_component>
      <object_component id="oc-2d">
         <name>.const</name>
         <load_address>0x15358</load_address>
         <run_address>0x15358</run_address>
         <size>0x1c</size>
         <input_file_ref idref="fl-5"/>
      </object_component>
      <object_component id="oc-27">
         <name>.const:.string</name>
         <load_address>0x15374</load_address>
         <run_address>0x15374</run_address>
         <size>0x8</size>
         <input_file_ref idref="fl-4"/>
      </object_component>
      <object_component id="oc-d8">
         <name>.sysmem</name>
         <uninitialized>true</uninitialized>
         <run_address>0x14dd0</run_address>
         <size>0x8</size>
         <input_file_ref idref="fl-b2"/>
      </object_component>
      <object_component id="oc-19a">
         <name>.sysmem</name>
         <uninitialized>true</uninitialized>
         <run_address>0x14dd0</run_address>
         <size>0x0</size>
      </object_component>
      <object_component id="oc-1f">
         <name>.far</name>
         <uninitialized>true</uninitialized>
         <run_address>0x12468</run_address>
         <size>0x18d4</size>
         <input_file_ref idref="fl-3"/>
      </object_component>
      <object_component id="oc-26">
         <name>.far</name>
         <uninitialized>true</uninitialized>
         <run_address>0xd600</run_address>
         <size>0x4e68</size>
         <input_file_ref idref="fl-4"/>
      </object_component>
      <object_component id="oc-2c">
         <name>.far</name>
         <uninitialized>true</uninitialized>
         <run_address>0x14420</run_address>
         <size>0x4</size>
         <input_file_ref idref="fl-5"/>
      </object_component>
      <object_component id="oc-3a">
         <name>.far</name>
         <uninitialized>true</uninitialized>
         <run_address>0x142d0</run_address>
         <size>0x40</size>
         <input_file_ref idref="fl-84"/>
      </object_component>
      <object_component id="oc-42">
         <name>.far</name>
         <uninitialized>true</uninitialized>
         <run_address>0x14424</run_address>
         <size>0x4</size>
         <input_file_ref idref="fl-86"/>
      </object_component>
      <object_component id="oc-46">
         <name>.far</name>
         <uninitialized>true</uninitialized>
         <run_address>0x143f4</run_address>
         <size>0xc</size>
         <input_file_ref idref="fl-87"/>
      </object_component>
      <object_component id="oc-60">
         <name>.far</name>
         <uninitialized>true</uninitialized>
         <run_address>0x14310</run_address>
         <size>0x40</size>
         <input_file_ref idref="fl-8f"/>
      </object_component>
      <object_component id="oc-6b">
         <name>.far</name>
         <uninitialized>true</uninitialized>
         <run_address>0x14408</run_address>
         <size>0x8</size>
         <input_file_ref idref="fl-92"/>
      </object_component>
      <object_component id="oc-77">
         <name>.far</name>
         <uninitialized>true</uninitialized>
         <run_address>0x14270</run_address>
         <size>0x60</size>
         <input_file_ref idref="fl-95"/>
      </object_component>
      <object_component id="oc-8a">
         <name>.far</name>
         <uninitialized>true</uninitialized>
         <run_address>0x13d3c</run_address>
         <size>0x324</size>
         <input_file_ref idref="fl-9b"/>
      </object_component>
      <object_component id="oc-a7">
         <name>.far</name>
         <uninitialized>true</uninitialized>
         <run_address>0x14060</run_address>
         <size>0x11c</size>
         <input_file_ref idref="fl-a4"/>
      </object_component>
      <object_component id="oc-ba">
         <name>.far</name>
         <uninitialized>true</uninitialized>
         <run_address>0x14418</run_address>
         <size>0x8</size>
         <input_file_ref idref="fl-aa"/>
      </object_component>
      <object_component id="oc-d2">
         <name>.far</name>
         <uninitialized>true</uninitialized>
         <run_address>0x14428</run_address>
         <size>0x4</size>
         <input_file_ref idref="fl-b1"/>
      </object_component>
      <object_component id="oc-d7">
         <name>.far</name>
         <uninitialized>true</uninitialized>
         <run_address>0x14410</run_address>
         <size>0x8</size>
         <input_file_ref idref="fl-b2"/>
      </object_component>
      <object_component id="oc-e2">
         <name>.far</name>
         <uninitialized>true</uninitialized>
         <run_address>0x143b0</run_address>
         <size>0x24</size>
         <input_file_ref idref="fl-b5"/>
      </object_component>
      <object_component id="oc-e8">
         <name>.far</name>
         <uninitialized>true</uninitialized>
         <run_address>0x1417c</run_address>
         <size>0xf4</size>
         <input_file_ref idref="fl-b6"/>
      </object_component>
      <object_component id="oc-ed">
         <name>.far</name>
         <uninitialized>true</uninitialized>
         <run_address>0x14350</run_address>
         <size>0x38</size>
         <input_file_ref idref="fl-b7"/>
      </object_component>
      <object_component id="oc-f2">
         <name>.far</name>
         <uninitialized>true</uninitialized>
         <run_address>0x1442c</run_address>
         <size>0x2</size>
         <input_file_ref idref="fl-b8"/>
      </object_component>
      <object_component id="oc-f8">
         <name>.far</name>
         <uninitialized>true</uninitialized>
         <run_address>0x14400</run_address>
         <size>0x8</size>
         <input_file_ref idref="fl-b9"/>
      </object_component>
      <object_component id="oc-ff">
         <name>.far</name>
         <uninitialized>true</uninitialized>
         <run_address>0x14388</run_address>
         <size>0x28</size>
         <input_file_ref idref="fl-ba"/>
      </object_component>
      <object_component id="oc-105">
         <name>.far</name>
         <uninitialized>true</uninitialized>
         <run_address>0x143d4</run_address>
         <size>0x20</size>
         <input_file_ref idref="fl-bb"/>
      </object_component>
      <object_component id="oc-10a">
         <name>.far</name>
         <uninitialized>true</uninitialized>
         <run_address>0x1442e</run_address>
         <size>0x2</size>
         <input_file_ref idref="fl-bc"/>
      </object_component>
      <object_component id="oc-e7">
         <name>.cinit</name>
         <load_address>0x14430</load_address>
         <run_address>0x14430</run_address>
         <size>0x12c</size>
         <input_file_ref idref="fl-b6"/>
      </object_component>
      <object_component id="oc-1e">
         <name>.cinit</name>
         <load_address>0x14560</load_address>
         <run_address>0x14560</run_address>
         <size>0xb0</size>
         <input_file_ref idref="fl-3"/>
      </object_component>
      <object_component id="oc-76">
         <name>.cinit</name>
         <load_address>0x14610</load_address>
         <run_address>0x14610</run_address>
         <size>0x70</size>
         <input_file_ref idref="fl-95"/>
      </object_component>
      <object_component id="oc-25">
         <name>.cinit</name>
         <load_address>0x14680</load_address>
         <run_address>0x14680</run_address>
         <size>0x5c</size>
         <input_file_ref idref="fl-4"/>
      </object_component>
      <object_component id="oc-89">
         <name>.cinit</name>
         <load_address>0x146e0</load_address>
         <run_address>0x146e0</run_address>
         <size>0x5c</size>
         <input_file_ref idref="fl-9b"/>
      </object_component>
      <object_component id="oc-a6">
         <name>.cinit</name>
         <load_address>0x14740</load_address>
         <run_address>0x14740</run_address>
         <size>0x5c</size>
         <input_file_ref idref="fl-a4"/>
      </object_component>
      <object_component id="oc-ec">
         <name>.cinit</name>
         <load_address>0x147a0</load_address>
         <run_address>0x147a0</run_address>
         <size>0x54</size>
         <input_file_ref idref="fl-b7"/>
      </object_component>
      <object_component id="oc-39">
         <name>.cinit</name>
         <load_address>0x147f8</load_address>
         <run_address>0x147f8</run_address>
         <size>0x48</size>
         <input_file_ref idref="fl-84"/>
      </object_component>
      <object_component id="oc-5f">
         <name>.cinit</name>
         <load_address>0x14840</load_address>
         <run_address>0x14840</run_address>
         <size>0x48</size>
         <input_file_ref idref="fl-8f"/>
      </object_component>
      <object_component id="oc-e1">
         <name>.cinit</name>
         <load_address>0x14888</load_address>
         <run_address>0x14888</run_address>
         <size>0x44</size>
         <input_file_ref idref="fl-b5"/>
      </object_component>
      <object_component id="oc-fe">
         <name>.cinit</name>
         <load_address>0x148d0</load_address>
         <run_address>0x148d0</run_address>
         <size>0x30</size>
         <input_file_ref idref="fl-ba"/>
      </object_component>
      <object_component id="oc-45">
         <name>.cinit</name>
         <load_address>0x14900</load_address>
         <run_address>0x14900</run_address>
         <size>0x2c</size>
         <input_file_ref idref="fl-87"/>
      </object_component>
      <object_component id="oc-d6">
         <name>.cinit</name>
         <load_address>0x14930</load_address>
         <run_address>0x14930</run_address>
         <size>0x2c</size>
         <input_file_ref idref="fl-b2"/>
      </object_component>
      <object_component id="oc-104">
         <name>.cinit</name>
         <load_address>0x14960</load_address>
         <run_address>0x14960</run_address>
         <size>0x28</size>
         <input_file_ref idref="fl-bb"/>
      </object_component>
      <object_component id="oc-6a">
         <name>.cinit</name>
         <load_address>0x14988</load_address>
         <run_address>0x14988</run_address>
         <size>0x1c</size>
         <input_file_ref idref="fl-92"/>
      </object_component>
      <object_component id="oc-41">
         <name>.cinit</name>
         <load_address>0x149a8</load_address>
         <run_address>0x149a8</run_address>
         <size>0xc</size>
         <input_file_ref idref="fl-86"/>
      </object_component>
      <object_component id="oc-d1">
         <name>.cinit</name>
         <load_address>0x149b8</load_address>
         <run_address>0x149b8</run_address>
         <size>0xc</size>
         <input_file_ref idref="fl-b1"/>
      </object_component>
      <object_component id="oc-1a">
         <name>.debug_info</name>
         <load_address>0x0</load_address>
         <run_address>0x0</run_address>
         <size>0xda</size>
         <input_file_ref idref="fl-2"/>
      </object_component>
      <object_component id="oc-1d">
         <name>.debug_info</name>
         <load_address>0xda</load_address>
         <run_address>0xda</run_address>
         <size>0x1b4a</size>
         <input_file_ref idref="fl-3"/>
      </object_component>
      <object_component id="oc-24">
         <name>.debug_info</name>
         <load_address>0x1c24</load_address>
         <run_address>0x1c24</run_address>
         <size>0x300e</size>
         <input_file_ref idref="fl-4"/>
      </object_component>
      <object_component id="oc-2b">
         <name>.debug_info</name>
         <load_address>0x4c32</load_address>
         <run_address>0x4c32</run_address>
         <size>0xc7f</size>
         <input_file_ref idref="fl-5"/>
      </object_component>
      <object_component id="oc-31">
         <name>.debug_info</name>
         <load_address>0x58b1</load_address>
         <run_address>0x58b1</run_address>
         <size>0x6b7</size>
         <input_file_ref idref="fl-82"/>
      </object_component>
      <object_component id="oc-34">
         <name>.debug_info</name>
         <load_address>0x5f68</load_address>
         <run_address>0x5f68</run_address>
         <size>0x70c</size>
         <input_file_ref idref="fl-83"/>
      </object_component>
      <object_component id="oc-38">
         <name>.debug_info</name>
         <load_address>0x6674</load_address>
         <run_address>0x6674</run_address>
         <size>0x717</size>
         <input_file_ref idref="fl-84"/>
      </object_component>
      <object_component id="oc-3d">
         <name>.debug_info</name>
         <load_address>0x6d8b</load_address>
         <run_address>0x6d8b</run_address>
         <size>0x983</size>
         <input_file_ref idref="fl-85"/>
      </object_component>
      <object_component id="oc-40">
         <name>.debug_info</name>
         <load_address>0x770e</load_address>
         <run_address>0x770e</run_address>
         <size>0x5e3</size>
         <input_file_ref idref="fl-86"/>
      </object_component>
      <object_component id="oc-44">
         <name>.debug_info</name>
         <load_address>0x7cf1</load_address>
         <run_address>0x7cf1</run_address>
         <size>0x7ff</size>
         <input_file_ref idref="fl-87"/>
      </object_component>
      <object_component id="oc-49">
         <name>.debug_info</name>
         <load_address>0x84f0</load_address>
         <run_address>0x84f0</run_address>
         <size>0x6a5</size>
         <input_file_ref idref="fl-88"/>
      </object_component>
      <object_component id="oc-4c">
         <name>.debug_info</name>
         <load_address>0x8b95</load_address>
         <run_address>0x8b95</run_address>
         <size>0x69c</size>
         <input_file_ref idref="fl-89"/>
      </object_component>
      <object_component id="oc-4f">
         <name>.debug_info</name>
         <load_address>0x9231</load_address>
         <run_address>0x9231</run_address>
         <size>0x702</size>
         <input_file_ref idref="fl-8a"/>
      </object_component>
      <object_component id="oc-52">
         <name>.debug_info</name>
         <load_address>0x9933</load_address>
         <run_address>0x9933</run_address>
         <size>0x681</size>
         <input_file_ref idref="fl-8b"/>
      </object_component>
      <object_component id="oc-55">
         <name>.debug_info</name>
         <load_address>0x9fb4</load_address>
         <run_address>0x9fb4</run_address>
         <size>0x6b8</size>
         <input_file_ref idref="fl-8c"/>
      </object_component>
      <object_component id="oc-58">
         <name>.debug_info</name>
         <load_address>0xa66c</load_address>
         <run_address>0xa66c</run_address>
         <size>0x903</size>
         <input_file_ref idref="fl-8d"/>
      </object_component>
      <object_component id="oc-5b">
         <name>.debug_info</name>
         <load_address>0xaf6f</load_address>
         <run_address>0xaf6f</run_address>
         <size>0x65a</size>
         <input_file_ref idref="fl-8e"/>
      </object_component>
      <object_component id="oc-5e">
         <name>.debug_info</name>
         <load_address>0xb5c9</load_address>
         <run_address>0xb5c9</run_address>
         <size>0x717</size>
         <input_file_ref idref="fl-8f"/>
      </object_component>
      <object_component id="oc-63">
         <name>.debug_info</name>
         <load_address>0xbce0</load_address>
         <run_address>0xbce0</run_address>
         <size>0x111</size>
         <input_file_ref idref="fl-90"/>
      </object_component>
      <object_component id="oc-66">
         <name>.debug_info</name>
         <load_address>0xbdf1</load_address>
         <run_address>0xbdf1</run_address>
         <size>0x652</size>
         <input_file_ref idref="fl-91"/>
      </object_component>
      <object_component id="oc-69">
         <name>.debug_info</name>
         <load_address>0xc443</load_address>
         <run_address>0xc443</run_address>
         <size>0x64d</size>
         <input_file_ref idref="fl-92"/>
      </object_component>
      <object_component id="oc-6e">
         <name>.debug_info</name>
         <load_address>0xca90</load_address>
         <run_address>0xca90</run_address>
         <size>0x2bd4</size>
         <input_file_ref idref="fl-93"/>
      </object_component>
      <object_component id="oc-72">
         <name>.debug_info</name>
         <load_address>0xf664</load_address>
         <run_address>0xf664</run_address>
         <size>0x6e2</size>
         <input_file_ref idref="fl-94"/>
      </object_component>
      <object_component id="oc-75">
         <name>.debug_info</name>
         <load_address>0xfd46</load_address>
         <run_address>0xfd46</run_address>
         <size>0x6a9</size>
         <input_file_ref idref="fl-95"/>
      </object_component>
      <object_component id="oc-7a">
         <name>.debug_info</name>
         <load_address>0x103ef</load_address>
         <run_address>0x103ef</run_address>
         <size>0x721</size>
         <input_file_ref idref="fl-96"/>
      </object_component>
      <object_component id="oc-7d">
         <name>.debug_info</name>
         <load_address>0x10b10</load_address>
         <run_address>0x10b10</run_address>
         <size>0x871</size>
         <input_file_ref idref="fl-97"/>
      </object_component>
      <object_component id="oc-80">
         <name>.debug_info</name>
         <load_address>0x11381</load_address>
         <run_address>0x11381</run_address>
         <size>0x6e9</size>
         <input_file_ref idref="fl-98"/>
      </object_component>
      <object_component id="oc-83">
         <name>.debug_info</name>
         <load_address>0x11a6a</load_address>
         <run_address>0x11a6a</run_address>
         <size>0x7df</size>
         <input_file_ref idref="fl-99"/>
      </object_component>
      <object_component id="oc-86">
         <name>.debug_info</name>
         <load_address>0x12249</load_address>
         <run_address>0x12249</run_address>
         <size>0x5fb</size>
         <input_file_ref idref="fl-9a"/>
      </object_component>
      <object_component id="oc-88">
         <name>.debug_info</name>
         <load_address>0x12844</load_address>
         <run_address>0x12844</run_address>
         <size>0x6e8</size>
         <input_file_ref idref="fl-9b"/>
      </object_component>
      <object_component id="oc-8c">
         <name>.debug_info</name>
         <load_address>0x12f2c</load_address>
         <run_address>0x12f2c</run_address>
         <size>0xd3</size>
         <input_file_ref idref="fl-9c"/>
      </object_component>
      <object_component id="oc-8f">
         <name>.debug_info</name>
         <load_address>0x12fff</load_address>
         <run_address>0x12fff</run_address>
         <size>0x692</size>
         <input_file_ref idref="fl-9d"/>
      </object_component>
      <object_component id="oc-92">
         <name>.debug_info</name>
         <load_address>0x13691</load_address>
         <run_address>0x13691</run_address>
         <size>0x6ab</size>
         <input_file_ref idref="fl-9e"/>
      </object_component>
      <object_component id="oc-95">
         <name>.debug_info</name>
         <load_address>0x13d3c</load_address>
         <run_address>0x13d3c</run_address>
         <size>0x82b</size>
         <input_file_ref idref="fl-9f"/>
      </object_component>
      <object_component id="oc-98">
         <name>.debug_info</name>
         <load_address>0x14567</load_address>
         <run_address>0x14567</run_address>
         <size>0xb92</size>
         <input_file_ref idref="fl-a0"/>
      </object_component>
      <object_component id="oc-9c">
         <name>.debug_info</name>
         <load_address>0x150f9</load_address>
         <run_address>0x150f9</run_address>
         <size>0x7bd</size>
         <input_file_ref idref="fl-a1"/>
      </object_component>
      <object_component id="oc-9f">
         <name>.debug_info</name>
         <load_address>0x158b6</load_address>
         <run_address>0x158b6</run_address>
         <size>0x7b8</size>
         <input_file_ref idref="fl-a2"/>
      </object_component>
      <object_component id="oc-a2">
         <name>.debug_info</name>
         <load_address>0x1606e</load_address>
         <run_address>0x1606e</run_address>
         <size>0x817</size>
         <input_file_ref idref="fl-a3"/>
      </object_component>
      <object_component id="oc-a5">
         <name>.debug_info</name>
         <load_address>0x16885</load_address>
         <run_address>0x16885</run_address>
         <size>0xf6b</size>
         <input_file_ref idref="fl-a4"/>
      </object_component>
      <object_component id="oc-aa">
         <name>.debug_info</name>
         <load_address>0x177f0</load_address>
         <run_address>0x177f0</run_address>
         <size>0x748</size>
         <input_file_ref idref="fl-a5"/>
      </object_component>
      <object_component id="oc-ad">
         <name>.debug_info</name>
         <load_address>0x17f38</load_address>
         <run_address>0x17f38</run_address>
         <size>0x6ec</size>
         <input_file_ref idref="fl-a6"/>
      </object_component>
      <object_component id="oc-b0">
         <name>.debug_info</name>
         <load_address>0x18624</load_address>
         <run_address>0x18624</run_address>
         <size>0x791</size>
         <input_file_ref idref="fl-a7"/>
      </object_component>
      <object_component id="oc-b3">
         <name>.debug_info</name>
         <load_address>0x18db5</load_address>
         <run_address>0x18db5</run_address>
         <size>0x730</size>
         <input_file_ref idref="fl-a8"/>
      </object_component>
      <object_component id="oc-b6">
         <name>.debug_info</name>
         <load_address>0x194e5</load_address>
         <run_address>0x194e5</run_address>
         <size>0x619</size>
         <input_file_ref idref="fl-a9"/>
      </object_component>
      <object_component id="oc-b9">
         <name>.debug_info</name>
         <load_address>0x19afe</load_address>
         <run_address>0x19afe</run_address>
         <size>0xf09</size>
         <input_file_ref idref="fl-aa"/>
      </object_component>
      <object_component id="oc-bd">
         <name>.debug_info</name>
         <load_address>0x1aa07</load_address>
         <run_address>0x1aa07</run_address>
         <size>0x8ce</size>
         <input_file_ref idref="fl-ab"/>
      </object_component>
      <object_component id="oc-c1">
         <name>.debug_info</name>
         <load_address>0x1b2d5</load_address>
         <run_address>0x1b2d5</run_address>
         <size>0x75b</size>
         <input_file_ref idref="fl-ac"/>
      </object_component>
      <object_component id="oc-c4">
         <name>.debug_info</name>
         <load_address>0x1ba30</load_address>
         <run_address>0x1ba30</run_address>
         <size>0x5cd</size>
         <input_file_ref idref="fl-ad"/>
      </object_component>
      <object_component id="oc-c7">
         <name>.debug_info</name>
         <load_address>0x1bffd</load_address>
         <run_address>0x1bffd</run_address>
         <size>0x782</size>
         <input_file_ref idref="fl-ae"/>
      </object_component>
      <object_component id="oc-ca">
         <name>.debug_info</name>
         <load_address>0x1c77f</load_address>
         <run_address>0x1c77f</run_address>
         <size>0x7ba</size>
         <input_file_ref idref="fl-af"/>
      </object_component>
      <object_component id="oc-cd">
         <name>.debug_info</name>
         <load_address>0x1cf39</load_address>
         <run_address>0x1cf39</run_address>
         <size>0x814</size>
         <input_file_ref idref="fl-b0"/>
      </object_component>
      <object_component id="oc-d0">
         <name>.debug_info</name>
         <load_address>0x1d74d</load_address>
         <run_address>0x1d74d</run_address>
         <size>0x885</size>
         <input_file_ref idref="fl-b1"/>
      </object_component>
      <object_component id="oc-d5">
         <name>.debug_info</name>
         <load_address>0x1dfd2</load_address>
         <run_address>0x1dfd2</run_address>
         <size>0xb3d</size>
         <input_file_ref idref="fl-b2"/>
      </object_component>
      <object_component id="oc-db">
         <name>.debug_info</name>
         <load_address>0x1eb0f</load_address>
         <run_address>0x1eb0f</run_address>
         <size>0x807</size>
         <input_file_ref idref="fl-b3"/>
      </object_component>
      <object_component id="oc-de">
         <name>.debug_info</name>
         <load_address>0x1f316</load_address>
         <run_address>0x1f316</run_address>
         <size>0x665</size>
         <input_file_ref idref="fl-b4"/>
      </object_component>
      <object_component id="oc-e4">
         <name>.debug_info</name>
         <load_address>0x1f97b</load_address>
         <run_address>0x1f97b</run_address>
         <size>0xbdc</size>
         <input_file_ref idref="fl-b5"/>
      </object_component>
      <object_component id="oc-ea">
         <name>.debug_info</name>
         <load_address>0x20557</load_address>
         <run_address>0x20557</run_address>
         <size>0xc2b</size>
         <input_file_ref idref="fl-b6"/>
      </object_component>
      <object_component id="oc-ef">
         <name>.debug_info</name>
         <load_address>0x21182</load_address>
         <run_address>0x21182</run_address>
         <size>0xc15</size>
         <input_file_ref idref="fl-b7"/>
      </object_component>
      <object_component id="oc-f5">
         <name>.debug_info</name>
         <load_address>0x21d97</load_address>
         <run_address>0x21d97</run_address>
         <size>0x8a7</size>
         <input_file_ref idref="fl-b8"/>
      </object_component>
      <object_component id="oc-fb">
         <name>.debug_info</name>
         <load_address>0x2263e</load_address>
         <run_address>0x2263e</run_address>
         <size>0x89f</size>
         <input_file_ref idref="fl-b9"/>
      </object_component>
      <object_component id="oc-101">
         <name>.debug_info</name>
         <load_address>0x22edd</load_address>
         <run_address>0x22edd</run_address>
         <size>0x929</size>
         <input_file_ref idref="fl-ba"/>
      </object_component>
      <object_component id="oc-107">
         <name>.debug_info</name>
         <load_address>0x23806</load_address>
         <run_address>0x23806</run_address>
         <size>0x5b3</size>
         <input_file_ref idref="fl-bb"/>
      </object_component>
      <object_component id="oc-10c">
         <name>.debug_info</name>
         <load_address>0x23db9</load_address>
         <run_address>0x23db9</run_address>
         <size>0x60b</size>
         <input_file_ref idref="fl-bc"/>
      </object_component>
      <object_component id="oc-19b">
         <name>.debug_info</name>
         <load_address>0x243c4</load_address>
         <run_address>0x243c4</run_address>
         <size>0x6d</size>
      </object_component>
      <object_component id="oc-1b">
         <name>.debug_line</name>
         <load_address>0x0</load_address>
         <run_address>0x0</run_address>
         <size>0xb9</size>
         <input_file_ref idref="fl-2"/>
      </object_component>
      <object_component id="oc-22">
         <name>.debug_line</name>
         <load_address>0xb9</load_address>
         <run_address>0xb9</run_address>
         <size>0x207</size>
         <input_file_ref idref="fl-3"/>
      </object_component>
      <object_component id="oc-29">
         <name>.debug_line</name>
         <load_address>0x2c0</load_address>
         <run_address>0x2c0</run_address>
         <size>0x471</size>
         <input_file_ref idref="fl-4"/>
      </object_component>
      <object_component id="oc-2f">
         <name>.debug_line</name>
         <load_address>0x731</load_address>
         <run_address>0x731</run_address>
         <size>0xc9</size>
         <input_file_ref idref="fl-5"/>
      </object_component>
      <object_component id="oc-32">
         <name>.debug_line</name>
         <load_address>0x7fa</load_address>
         <run_address>0x7fa</run_address>
         <size>0x3a</size>
         <input_file_ref idref="fl-82"/>
      </object_component>
      <object_component id="oc-36">
         <name>.debug_line</name>
         <load_address>0x834</load_address>
         <run_address>0x834</run_address>
         <size>0x3d</size>
         <input_file_ref idref="fl-83"/>
      </object_component>
      <object_component id="oc-3b">
         <name>.debug_line</name>
         <load_address>0x871</load_address>
         <run_address>0x871</run_address>
         <size>0x54</size>
         <input_file_ref idref="fl-84"/>
      </object_component>
      <object_component id="oc-3e">
         <name>.debug_line</name>
         <load_address>0x8c5</load_address>
         <run_address>0x8c5</run_address>
         <size>0x3c</size>
         <input_file_ref idref="fl-85"/>
      </object_component>
      <object_component id="oc-47">
         <name>.debug_line</name>
         <load_address>0x901</load_address>
         <run_address>0x901</run_address>
         <size>0x4f</size>
         <input_file_ref idref="fl-87"/>
      </object_component>
      <object_component id="oc-4a">
         <name>.debug_line</name>
         <load_address>0x950</load_address>
         <run_address>0x950</run_address>
         <size>0x3e</size>
         <input_file_ref idref="fl-88"/>
      </object_component>
      <object_component id="oc-4d">
         <name>.debug_line</name>
         <load_address>0x98e</load_address>
         <run_address>0x98e</run_address>
         <size>0x38</size>
         <input_file_ref idref="fl-89"/>
      </object_component>
      <object_component id="oc-50">
         <name>.debug_line</name>
         <load_address>0x9c6</load_address>
         <run_address>0x9c6</run_address>
         <size>0x56</size>
         <input_file_ref idref="fl-8a"/>
      </object_component>
      <object_component id="oc-53">
         <name>.debug_line</name>
         <load_address>0xa1c</load_address>
         <run_address>0xa1c</run_address>
         <size>0x37</size>
         <input_file_ref idref="fl-8b"/>
      </object_component>
      <object_component id="oc-56">
         <name>.debug_line</name>
         <load_address>0xa53</load_address>
         <run_address>0xa53</run_address>
         <size>0x3d</size>
         <input_file_ref idref="fl-8c"/>
      </object_component>
      <object_component id="oc-59">
         <name>.debug_line</name>
         <load_address>0xa90</load_address>
         <run_address>0xa90</run_address>
         <size>0x6a</size>
         <input_file_ref idref="fl-8d"/>
      </object_component>
      <object_component id="oc-5c">
         <name>.debug_line</name>
         <load_address>0xafa</load_address>
         <run_address>0xafa</run_address>
         <size>0x38</size>
         <input_file_ref idref="fl-8e"/>
      </object_component>
      <object_component id="oc-61">
         <name>.debug_line</name>
         <load_address>0xb32</load_address>
         <run_address>0xb32</run_address>
         <size>0x54</size>
         <input_file_ref idref="fl-8f"/>
      </object_component>
      <object_component id="oc-64">
         <name>.debug_line</name>
         <load_address>0xb86</load_address>
         <run_address>0xb86</run_address>
         <size>0x6a</size>
         <input_file_ref idref="fl-90"/>
      </object_component>
      <object_component id="oc-67">
         <name>.debug_line</name>
         <load_address>0xbf0</load_address>
         <run_address>0xbf0</run_address>
         <size>0x38</size>
         <input_file_ref idref="fl-91"/>
      </object_component>
      <object_component id="oc-6c">
         <name>.debug_line</name>
         <load_address>0xc28</load_address>
         <run_address>0xc28</run_address>
         <size>0x36</size>
         <input_file_ref idref="fl-92"/>
      </object_component>
      <object_component id="oc-70">
         <name>.debug_line</name>
         <load_address>0xc5e</load_address>
         <run_address>0xc5e</run_address>
         <size>0x347</size>
         <input_file_ref idref="fl-93"/>
      </object_component>
      <object_component id="oc-73">
         <name>.debug_line</name>
         <load_address>0xfa5</load_address>
         <run_address>0xfa5</run_address>
         <size>0x41</size>
         <input_file_ref idref="fl-94"/>
      </object_component>
      <object_component id="oc-78">
         <name>.debug_line</name>
         <load_address>0xfe6</load_address>
         <run_address>0xfe6</run_address>
         <size>0x53</size>
         <input_file_ref idref="fl-95"/>
      </object_component>
      <object_component id="oc-7b">
         <name>.debug_line</name>
         <load_address>0x1039</load_address>
         <run_address>0x1039</run_address>
         <size>0x41</size>
         <input_file_ref idref="fl-96"/>
      </object_component>
      <object_component id="oc-7e">
         <name>.debug_line</name>
         <load_address>0x107a</load_address>
         <run_address>0x107a</run_address>
         <size>0x47</size>
         <input_file_ref idref="fl-97"/>
      </object_component>
      <object_component id="oc-81">
         <name>.debug_line</name>
         <load_address>0x10c1</load_address>
         <run_address>0x10c1</run_address>
         <size>0x45</size>
         <input_file_ref idref="fl-98"/>
      </object_component>
      <object_component id="oc-84">
         <name>.debug_line</name>
         <load_address>0x1106</load_address>
         <run_address>0x1106</run_address>
         <size>0x44</size>
         <input_file_ref idref="fl-99"/>
      </object_component>
      <object_component id="oc-8d">
         <name>.debug_line</name>
         <load_address>0x114a</load_address>
         <run_address>0x114a</run_address>
         <size>0x44</size>
         <input_file_ref idref="fl-9c"/>
      </object_component>
      <object_component id="oc-90">
         <name>.debug_line</name>
         <load_address>0x118e</load_address>
         <run_address>0x118e</run_address>
         <size>0x3d</size>
         <input_file_ref idref="fl-9d"/>
      </object_component>
      <object_component id="oc-93">
         <name>.debug_line</name>
         <load_address>0x11cb</load_address>
         <run_address>0x11cb</run_address>
         <size>0x3d</size>
         <input_file_ref idref="fl-9e"/>
      </object_component>
      <object_component id="oc-96">
         <name>.debug_line</name>
         <load_address>0x1208</load_address>
         <run_address>0x1208</run_address>
[...]
         <object_component_ref idref="oc-124"/>
      </symbol>
      <symbol id="sm-1e6">
         <name>_gpioToggle</name>
         <value>0x4000</value>
         <object_component_ref idref="oc-124"/>
      </symbol>
      <symbol id="sm-1e7">
         <name>_gpioInit</name>
         <value>0x3e40</value>
         <object_component_ref idref="oc-124"/>
      </symbol>
      <symbol id="sm-1e8">
         <name>_hGpio</name>
         <value>0x14420</value>
         <object_component_ref idref="oc-2c"/>
      </symbol>
      <symbol id="sm-1f2">
         <name>_atan2</name>
         <value>0x9f40</value>
         <object_component_ref idref="oc-12d"/>
      </symbol>
      <symbol id="sm-1fe">
         <name>_c_int00</name>
         <value>0xd080</value>
         <object_component_ref idref="oc-18"/>
      </symbol>
      <symbol id="sm-1ff">
         <name>__stack</name>
         <value>0x149d0</value>
         <object_component_ref idref="oc-35"/>
      </symbol>
      <symbol id="sm-20d">
         <name>_cos</name>
         <value>0x6c40</value>
         <object_component_ref idref="oc-131"/>
      </symbol>
      <symbol id="sm-217">
         <name>__divd</name>
         <value>0x2a20</value>
         <object_component_ref idref="oc-130"/>
      </symbol>
      <symbol id="sm-221">
         <name>_errno</name>
         <value>0x14424</value>
         <object_component_ref idref="oc-42"/>
      </symbol>
      <symbol id="sm-231">
         <name>C$$EXIT</name>
         <value>0xd5a0</value>
         <object_component_ref idref="oc-122"/>
      </symbol>
      <symbol id="sm-232">
         <name>_exit</name>
         <value>0xc220</value>
         <object_component_ref idref="oc-110"/>
      </symbol>
      <symbol id="sm-233">
         <name>___TI_enable_exit_profile_output</name>
         <value>0x143fc</value>
         <object_component_ref idref="oc-46"/>
      </symbol>
      <symbol id="sm-234">
         <name>_abort</name>
         <value>0xd5a0</value>
         <object_component_ref idref="oc-122"/>
      </symbol>
      <symbol id="sm-235">
         <name>__cleanup_ptr</name>
         <value>0x143f4</value>
         <object_component_ref idref="oc-46"/>
      </symbol>
      <symbol id="sm-236">
         <name>__dtors_ptr</name>
         <value>0x143f8</value>
         <object_component_ref idref="oc-46"/>
      </symbol>
      <symbol id="sm-240">
         <name>__frcmpyd_div</name>
         <value>0xa4e0</value>
         <object_component_ref idref="oc-142"/>
      </symbol>
      <symbol id="sm-24a">
         <name>_frexp</name>
         <value>0xafa0</value>
         <object_component_ref idref="oc-139"/>
      </symbol>
      <symbol id="sm-256">
         <name>__llshl</name>
         <value>0xd000</value>
         <object_component_ref idref="oc-175"/>
      </symbol>
      <symbol id="sm-257">
         <name>__llshru</name>
         <value>0xd240</value>
         <object_component_ref idref="oc-141"/>
      </symbol>
      <symbol id="sm-261">
         <name>_modf</name>
         <value>0xc3e0</value>
         <object_component_ref idref="oc-140"/>
      </symbol>
      <symbol id="sm-26b">
         <name>__mpyll</name>
         <value>0xcac0</value>
         <object_component_ref idref="oc-14a"/>
      </symbol>
      <symbol id="sm-279">
         <name>_printf</name>
         <value>0xbae0</value>
         <object_component_ref idref="oc-12e"/>
      </symbol>
      <symbol id="sm-283">
         <name>__nround</name>
         <value>0xc060</value>
         <object_component_ref idref="oc-13f"/>
      </symbol>
      <symbol id="sm-291">
         <name>_sin</name>
         <value>0x7580</value>
         <object_component_ref idref="oc-12f"/>
      </symbol>
      <symbol id="sm-29b">
         <name>__c6xabi_strasgi</name>
         <value>0xa620</value>
         <object_component_ref idref="oc-132"/>
      </symbol>
      <symbol id="sm-29c">
         <name>__strasg</name>
         <value>0xc140</value>
         <object_component_ref idref="oc-11c"/>
      </symbol>
      <symbol id="sm-29d">
         <name>__strasgi</name>
         <value>0xa620</value>
         <object_component_ref idref="oc-132"/>
      </symbol>
      <symbol id="sm-2a7">
         <name>__trunc</name>
         <value>0xd440</value>
         <object_component_ref idref="oc-13e"/>
      </symbol>
      <symbol id="sm-2b5">
         <name>__unlock</name>
         <value>0x1440c</value>
         <object_component_ref idref="oc-6b"/>
      </symbol>
      <symbol id="sm-2b6">
         <name>__lock</name>
         <value>0x14408</value>
         <object_component_ref idref="oc-6b"/>
      </symbol>
      <symbol id="sm-2b7">
         <name>__nop</name>
         <value>0xd540</value>
         <object_component_ref idref="oc-114"/>
      </symbol>
      <symbol id="sm-2e7">
         <name>__printfi</name>
         <value>0x43c0</value>
         <object_component_ref idref="oc-13d"/>
      </symbol>
      <symbol id="sm-2f1">
         <name>__args_main</name>
         <value>0xd400</value>
         <object_component_ref idref="oc-10f"/>
      </symbol>
      <symbol id="sm-2f2">
         <name>__TI_args_main</name>
         <value>0x1</value>
      </symbol>
      <symbol id="sm-300">
         <name>_atan</name>
         <value>0x8a40</value>
         <object_component_ref idref="oc-13a"/>
      </symbol>
      <symbol id="sm-30a">
         <name>_atoi</name>
         <value>0xa760</value>
         <object_component_ref idref="oc-14f"/>
      </symbol>
      <symbol id="sm-314">
         <name>__auto_init</name>
         <value>0xb5e0</value>
         <object_component_ref idref="oc-10e"/>
      </symbol>
      <symbol id="sm-31e">
         <name>___TI_cpp_init</name>
         <value>0xcf00</value>
         <object_component_ref idref="oc-121"/>
      </symbol>
      <symbol id="sm-328">
         <name>_copy_in</name>
         <value>0xc7e0</value>
         <object_component_ref idref="oc-11f"/>
      </symbol>
      <symbol id="sm-330">
         <name>__ctypes_</name>
         <value>0x151d0</value>
         <object_component_ref idref="oc-155"/>
      </symbol>
      <symbol id="sm-33a">
         <name>__tmpnams</name>
         <value>0x13f1c</value>
         <object_component_ref idref="oc-8a"/>
      </symbol>
      <symbol id="sm-33b">
         <name>__ft_end</name>
         <value>0x1405c</value>
         <object_component_ref idref="oc-8a"/>
      </symbol>
      <symbol id="sm-33c">
         <name>__ftable</name>
         <value>0x13d3c</value>
         <object_component_ref idref="oc-8a"/>
      </symbol>
      <symbol id="sm-344">
         <name>__c6xabi_divu</name>
         <value>0xc720</value>
         <object_component_ref idref="oc-16e"/>
      </symbol>
      <symbol id="sm-345">
         <name>__divu</name>
         <value>0xc720</value>
         <object_component_ref idref="oc-16e"/>
      </symbol>
      <symbol id="sm-34f">
         <name>__fixdli</name>
         <value>0xca20</value>
         <object_component_ref idref="oc-16b"/>
      </symbol>
      <symbol id="sm-359">
         <name>__fltlid</name>
         <value>0xcf80</value>
         <object_component_ref idref="oc-16d"/>
      </symbol>
      <symbol id="sm-363">
         <name>_putc</name>
         <value>0x8080</value>
         <object_component_ref idref="oc-145"/>
      </symbol>
      <symbol id="sm-364">
         <name>_fputc</name>
         <value>0x8080</value>
         <object_component_ref idref="oc-145"/>
      </symbol>
      <symbol id="sm-370">
         <name>_fputs</name>
         <value>0x4920</value>
         <object_component_ref idref="oc-144"/>
      </symbol>
      <symbol id="sm-37e">
         <name>__divul</name>
         <value>0x85a0</value>
         <object_component_ref idref="oc-16f"/>
      </symbol>
      <symbol id="sm-37f">
         <name>__remli</name>
         <value>0xcb60</value>
         <object_component_ref idref="oc-173"/>
      </symbol>
      <symbol id="sm-380">
         <name>__divli</name>
         <value>0xb7e0</value>
         <object_component_ref idref="oc-174"/>
      </symbol>
      <symbol id="sm-38c">
         <name>__subcull</name>
         <value>0xd2a0</value>
         <object_component_ref idref="oc-176"/>
      </symbol>
      <symbol id="sm-38d">
         <name>__divull</name>
         <value>0x5e80</value>
         <object_component_ref idref="oc-170"/>
      </symbol>
      <symbol id="sm-397">
         <name>___isinf</name>
         <value>0xd1e0</value>
         <object_component_ref idref="oc-157"/>
      </symbol>
      <symbol id="sm-3af">
         <name>_unlink</name>
         <value>0xcd40</value>
         <object_component_ref idref="oc-177"/>
      </symbol>
      <symbol id="sm-3b0">
         <name>_lseek</name>
         <value>0xb9e0</value>
         <object_component_ref idref="oc-15e"/>
      </symbol>
      <symbol id="sm-3b1">
         <name>_close</name>
         <value>0xae80</value>
         <object_component_ref idref="oc-171"/>
      </symbol>
      <symbol id="sm-3b2">
         <name>_write</name>
         <value>0xbbe0</value>
         <object_component_ref idref="oc-14d"/>
      </symbol>
      <symbol id="sm-3bc">
         <name>_ltoa</name>
         <value>0xa8a0</value>
         <object_component_ref idref="oc-16c"/>
      </symbol>
      <symbol id="sm-3c6">
         <name>_memccpy</name>
         <value>0xd100</value>
         <object_component_ref idref="oc-152"/>
      </symbol>
      <symbol id="sm-3d0">
         <name>_memcpy</name>
         <value>0x8ec0</value>
         <object_component_ref idref="oc-120"/>
      </symbol>
      <symbol id="sm-3da">
         <name>_memset</name>
         <value>0xb0c0</value>
         <object_component_ref idref="oc-14e"/>
      </symbol>
      <symbol id="sm-3e4">
         <name>__negll</name>
         <value>0xd520</value>
         <object_component_ref idref="oc-15c"/>
      </symbol>
      <symbol id="sm-3fc">
         <name>_HOSTopen</name>
         <value>0xab20</value>
         <object_component_ref idref="oc-115"/>
      </symbol>
      <symbol id="sm-3fd">
         <name>_HOSTread</name>
         <value>0xa3a0</value>
         <object_component_ref idref="oc-117"/>
      </symbol>
      <symbol id="sm-3fe">
         <name>_HOSTrename</name>
         <value>0x9100</value>
         <object_component_ref idref="oc-11b"/>
      </symbol>
      <symbol id="sm-3ff">
         <name>_HOSTwrite</name>
         <value>0xac40</value>
         <object_component_ref idref="oc-118"/>
      </symbol>
      <symbol id="sm-400">
         <name>_HOSTlseek</name>
         <value>0xa0e0</value>
         <object_component_ref idref="oc-119"/>
      </symbol>
      <symbol id="sm-401">
         <name>_HOSTunlink</name>
         <value>0xb2e0</value>
         <object_component_ref idref="oc-11a"/>
      </symbol>
      <symbol id="sm-402">
         <name>_HOSTclose</name>
         <value>0xb1e0</value>
         <object_component_ref idref="oc-116"/>
      </symbol>
      <symbol id="sm-410">
         <name>C$$IO$$</name>
         <value>0xce58</value>
         <object_component_ref idref="oc-12a"/>
      </symbol>
      <symbol id="sm-411">
         <name>__CIOBUF_</name>
         <value>0x1537c</value>
         <object_component_ref idref="oc-be"/>
      </symbol>
      <symbol id="sm-412">
         <name>_readmsg</name>
         <value>0xcc00</value>
         <object_component_ref idref="oc-12b"/>
      </symbol>
      <symbol id="sm-413">
         <name>_writemsg</name>
         <value>0xcde0</value>
         <object_component_ref idref="oc-12a"/>
      </symbol>
      <symbol id="sm-41d">
         <name>__wrt_ok</name>
         <value>0xad60</value>
         <object_component_ref idref="oc-14b"/>
      </symbol>
      <symbol id="sm-42e">
         <name>__doflush</name>
         <value>0xbdc0</value>
         <object_component_ref idref="oc-14c"/>
      </symbol>
      <symbol id="sm-438">
         <name>_fseek</name>
         <value>0x98a0</value>
         <object_component_ref idref="oc-153"/>
      </symbol>
      <symbol id="sm-442">
         <name>_setvbuf</name>
         <value>0x7b20</value>
         <object_component_ref idref="oc-154"/>
      </symbol>
      <symbol id="sm-450">
         <name>__cleanup</name>
         <value>0xbce0</value>
         <object_component_ref idref="oc-161"/>
      </symbol>
      <symbol id="sm-466">
         <name>__sys_memory</name>
         <value>0x14dd0</value>
         <object_component_ref idref="oc-d8"/>
      </symbol>
      <symbol id="sm-467">
         <name>_free</name>
         <value>0x6200</value>
         <object_component_ref idref="oc-15f"/>
      </symbol>
      <symbol id="sm-468">
         <name>_malloc</name>
         <value>0x8c80</value>
         <object_component_ref idref="oc-160"/>
      </symbol>
      <symbol id="sm-472">
         <name>__closefile</name>
         <value>0xa240</value>
         <object_component_ref idref="oc-16a"/>
      </symbol>
      <symbol id="sm-47c">
         <name>_remove</name>
         <value>0xd5c0</value>
         <object_component_ref idref="oc-172"/>
      </symbol>
      <symbol id="sm-494">
         <name>_GPIO_open</name>
         <value>0xc5a0</value>
         <object_component_ref idref="oc-133"/>
      </symbol>
      <symbol id="sm-495">
         <name>_GPIO_pinEnable</name>
         <value>0xd300</value>
         <object_component_ref idref="oc-135"/>
      </symbol>
      <symbol id="sm-496">
         <name>__GPIO_intTable</name>
         <value>0x143bc</value>
         <object_component_ref idref="oc-e2"/>
      </symbol>
      <symbol id="sm-497">
         <name>_GPIO_pinDirection</name>
         <value>0xd180</value>
         <object_component_ref idref="oc-136"/>
      </symbol>
      <symbol id="sm-498">
         <name>__hGpioDev0</name>
         <value>0x143d0</value>
         <object_component_ref idref="oc-e2"/>
      </symbol>
      <symbol id="sm-499">
         <name>_GPIO_reset</name>
         <value>0xc660</value>
         <object_component_ref idref="oc-143"/>
      </symbol>
      <symbol id="sm-49a">
         <name>_GPIO_config</name>
         <value>0xce80</value>
         <object_component_ref idref="oc-134"/>
      </symbol>
      <symbol id="sm-49b">
         <name>_GPIO_pinWrite</name>
         <value>0xd340</value>
         <object_component_ref idref="oc-137"/>
      </symbol>
      <symbol id="sm-4b5">
         <name>__IRQ_eventTable</name>
         <value>0x141a4</value>
         <object_component_ref idref="oc-e8"/>
      </symbol>
      <symbol id="sm-4b6">
         <name>_IRQ_nmiEnable</name>
         <value>0xd4c0</value>
         <object_component_ref idref="oc-126"/>
      </symbol>
      <symbol id="sm-4b7">
         <name>__IRQ_intTable</name>
         <value>0x14228</value>
         <object_component_ref idref="oc-e8"/>
      </symbol>
      <symbol id="sm-4b8">
         <name>_IRQ_globalEnable</name>
         <value>0xd4a0</value>
         <object_component_ref idref="oc-129"/>
      </symbol>
      <symbol id="sm-4b9">
         <name>_IRQ_globalDisable</name>
         <value>0xd480</value>
         <object_component_ref idref="oc-125"/>
      </symbol>
      <symbol id="sm-4ba">
         <name>_IRQ_map</name>
         <value>0x96e0</value>
         <object_component_ref idref="oc-127"/>
      </symbol>
      <symbol id="sm-4bb">
         <name>_IRQ_enable</name>
         <value>0xd380</value>
         <object_component_ref idref="oc-128"/>
      </symbol>
      <symbol id="sm-4bc">
         <name>__IRQ_dispatchTable</name>
         <value>0x14268</value>
         <object_component_ref idref="oc-e8"/>
      </symbol>
      <symbol id="sm-4bd">
         <name>__IRQ_hookFetchPacket</name>
         <value>0xd5e0</value>
         <object_component_ref idref="oc-e6"/>
      </symbol>
      <symbol id="sm-4d3">
         <name>_MCBSP_reset</name>
         <value>0x9a60</value>
         <object_component_ref idref="oc-12c"/>
      </symbol>
      <symbol id="sm-4d4">
         <name>_MCBSP_read</name>
         <value>0xd4e0</value>
         <object_component_ref idref="oc-111"/>
      </symbol>
      <symbol id="sm-4d5">
         <name>_MCBSP_open</name>
         <value>0xb3e0</value>
         <object_component_ref idref="oc-11d"/>
      </symbol>
      <symbol id="sm-4d6">
         <name>__MCBSP_hDev0</name>
         <value>0x14380</value>
         <object_component_ref idref="oc-ed"/>
      </symbol>
      <symbol id="sm-4d7">
         <name>__MCBSP_hDev1</name>
         <value>0x14384</value>
         <object_component_ref idref="oc-ed"/>
      </symbol>
      <symbol id="sm-4d8">
         <name>_MCBSP_start</name>
         <value>0xb4e0</value>
         <object_component_ref idref="oc-11e"/>
      </symbol>
      <symbol id="sm-4d9">
         <name>_MCBSP_write</name>
         <value>0xd500</value>
         <object_component_ref idref="oc-113"/>
      </symbol>
      <symbol id="sm-4e7">
         <name>_DSK6713_init</name>
         <value>0x4e2c</value>
         <object_component_ref idref="oc-f1"/>
      </symbol>
      <symbol id="sm-4e8">
         <name>_DSK6713_version</name>
         <value>0x1442c</value>
         <object_component_ref idref="oc-f2"/>
      </symbol>
      <symbol id="sm-4e9">
         <name>_DSK6713_rget</name>
         <value>0x5148</value>
         <object_component_ref idref="oc-f1"/>
      </symbol>
      <symbol id="sm-4ea">
         <name>_DSK6713_wait</name>
         <value>0x5170</value>
         <object_component_ref idref="oc-f1"/>
      </symbol>
      <symbol id="sm-4eb">
         <name>_DSK6713_rset</name>
         <value>0x515c</value>
         <object_component_ref idref="oc-f1"/>
      </symbol>
      <symbol id="sm-4ec">
         <name>_DSK6713_waitusec</name>
         <value>0x51c8</value>
         <object_component_ref idref="oc-f1"/>
      </symbol>
      <symbol id="sm-4ed">
         <name>_DSK6713_getVersion</name>
         <value>0x51f4</value>
         <object_component_ref idref="oc-f1"/>
      </symbol>
      <symbol id="sm-4fb">
         <name>_DSK6713_AIC23_codeccontrolhandle</name>
         <value>0x14400</value>
         <object_component_ref idref="oc-f8"/>
      </symbol>
      <symbol id="sm-4fc">
         <name>_DSK6713_AIC23_codecdatahandle</name>
         <value>0x14404</value>
         <object_component_ref idref="oc-f8"/>
      </symbol>
      <symbol id="sm-4fd">
         <name>_DSK6713_AIC23_openCodec</name>
         <value>0x7280</value>
         <object_component_ref idref="oc-f7"/>
      </symbol>
      <symbol id="sm-50b">
         <name>_DSK6713_AIC23_config</name>
         <value>0xaaa0</value>
         <object_component_ref idref="oc-fd"/>
      </symbol>
      <symbol id="sm-50c">
         <name>_DSK6713_AIC23_rget</name>
         <value>0xaa78</value>
         <object_component_ref idref="oc-fd"/>
      </symbol>
      <symbol id="sm-50d">
         <name>_DSK6713_AIC23_rset</name>
         <value>0xa9e0</value>
         <object_component_ref idref="oc-fd"/>
      </symbol>
      <symbol id="sm-51b">
         <name>_DSK6713_AIC23_setFreq</name>
         <value>0xc960</value>
         <object_component_ref idref="oc-103"/>
      </symbol>
      <symbol id="sm-527">
         <name>_DSK6713_LED_init</name>
         <value>0x9500</value>
         <object_component_ref idref="oc-109"/>
      </symbol>
      <symbol id="sm-528">
         <name>_DSK6713_LED_on</name>
         <value>0x95b0</value>
         <object_component_ref idref="oc-109"/>
      </symbol>
      <symbol id="sm-529">
         <name>_DSK6713_LED_toggle</name>
         <value>0x9620</value>
         <object_component_ref idref="oc-109"/>
      </symbol>
      <symbol id="sm-52a">
         <name>_DSK6713_LED_off</name>
         <value>0x9540</value>
         <object_component_ref idref="oc-109"/>
      </symbol>
   </symbol_table>
</link_info>
