******************************************************************************
               TMS320C6x Linker PC v7.4.8                      
******************************************************************************
>> Linked Mon Mar 02 09:14:47 2015

OUTPUT FILE NAME:   <time_stamper_master.out>
ENTRY POINT SYMBOL: "_c_int00"  address: 0000ba60


MEMORY CONFIGURATION

         name            origin    length      used     unused   attr    fill
----------------------  --------  ---------  --------  --------  ----  --------
  VECS                  00000000   00000200  00000200  00000000  RWIX
  IRAM                  00000200   0002fe00  00012bc8  0001d238  RWIX
  L2RAM                 00030000   00010000  00000000  00010000  RWIX
  EMIFCE0               80000000   10000000  00000000  10000000  RWIX
  EMIFCE1               90000000   10000000  00000000  10000000  RWIX
  EMIFCE2               a0000000   10000000  00000000  10000000  RWIX
  EMIFCE3               b0000000   10000000  00000000  10000000  RWIX


SECTION ALLOCATION MAP

 output                                  attributes/
section   page    origin      length       input sections
--------  ----  ----------  ----------   ----------------
vectors    0    00000000    00000200     
                  00000000    00000200     vectors.obj (vectors)

.pinit     0    00000200    00000000     UNINITIALIZED

.text      0    00000200    0000bd00     
                  00000200    00001600     time_stamper_master.obj (.text)
                  00001800    00000740     time_stamper_master.obj (.text:retain)
                  00001f40    00000720     rts6700.lib : divd.obj (.text:__divd)
                  00002660    000006c0                 : _printfi.obj (.text:__getarg_diouxp)
                  00002d20    00000640                 : _printfi.obj (.text:__setfield)
                  00003360    00000560                 : _printfi.obj (.text:__printfi)
                  000038c0    000004c0                 : fputs.obj (.text:_fputs)
                  00003d80    00000480     dsk6713bsl.lib : dsk6713.obj (.text)
                  00004200    00000420     rts6700.lib : _printfi.obj (.text:_fcvt)
                  00004620    00000400                 : _printfi.obj (.text:__pproc_fge)
                  00004a20    00000400                 : _printfi.obj (.text:_ecvt)
                  00004e20    00000380                 : imath64.obj (.text:__divull)
                  000051a0    00000380                 : memory.obj (.text:_free)
                  00005520    00000360                 : _printfi.obj (.text:__pconv_e)
                  00005880    00000360                 : _printfi.obj (.text:__pproc_fwp)
                  00005be0    00000340                 : cos.obj (.text:_cos)
                  00005f20    00000300                 : _printfi.obj (.text:__pproc_diouxp)
                  00006220    00000300     dsk6713bsl.lib : dsk6713_aic23_opencodec.obj (.text)
                  00006520    000002e0     rts6700.lib : sin.obj (.text:_sin)
                  00006800    000002c0                 : _printfi.obj (.text:__pproc_str)
                  00006ac0    000002c0                 : setvbuf.obj (.text:_setvbuf)
                  00006d80    000002a0                 : _printfi.obj (.text:__pconv_g)
                  00007020    000002a0                 : fputc.obj (.text:_fputc)
                  000072c0    00000260                 : imath40.obj (.text:__divul)
                  00007520    00000240                 : _printfi.obj (.text:__mcpy)
                  00007760    00000240                 : atan.obj (.text:_atan)
                  000079a0    00000240                 : memory.obj (.text:_malloc)
                  00007be0    00000240                 : memcpy62.obj (.text:_memcpy)
                  00007e20    00000220                 : trgdrv.obj (.text:_HOSTrename)
                  00008040    000001e0                 : lowlev.obj (.text:_getdevice)
                  00008220    000001e0     dsk6713bsl.lib : dsk6713_led.obj (.text)
                  00008400    000001c0     csl6713.lib : csl_irq.obj (.text:_IRQ_map)
                  000085c0    000001c0     rts6700.lib : fseek.obj (.text:_fseek)
                  00008780    000001a0     csl6713.lib : csl_mcbsp.obj (.text:_MCBSP_reset)
                  00008920    000001a0     rts6700.lib : _printfi.obj (.text:__ltostr)
                  00008ac0    000001a0                 : _printfi.obj (.text:__pproc_fflags)
                  00008c60    000001a0                 : atan2.obj (.text:_atan2)
                  00008e00    00000160                 : trgdrv.obj (.text:_HOSTlseek)
                  00008f60    00000160                 : fclose.obj (.text:__closefile)
                  000090c0    00000140                 : trgdrv.obj (.text:_HOSTread)
                  00009200    00000140                 : frcmpyd_div.obj (.text:__frcmpyd_div)
                  00009340    00000140                 : atoi.obj (.text:_atoi)
                  00009480    00000140                 : ltoa.obj (.text:_ltoa)
                  000095c0    00000140     dsk6713bsl.lib : dsk6713_aic23_registers.obj (.text)
                  00009700    00000120     rts6700.lib : trgdrv.obj (.text:_HOSTopen)
                  00009820    00000120                 : trgdrv.obj (.text:_HOSTwrite)
                  00009940    00000120                 : _io_perm.obj (.text:__wrt_ok)
                  00009a60    00000120                 : lowlev.obj (.text:_close)
                  00009b80    00000120                 : frexp.obj (.text:_frexp)
                  00009ca0    00000120                 : memset.obj (.text:_memset)
                  00009dc0    00000100                 : trgdrv.obj (.text:_HOSTclose)
                  00009ec0    00000100                 : trgdrv.obj (.text:_HOSTunlink)
                  00009fc0    00000100     csl6713.lib : csl_mcbsp.obj (.text:_MCBSP_open)
                  0000a0c0    00000100                 : csl_mcbsp.obj (.text:_MCBSP_start)
                  0000a1c0    00000100     rts6700.lib : autoinit.obj (.text:__auto_init)
                  0000a2c0    00000100                 : _printfi.obj (.text:__div)
                  0000a3c0    00000100                 : imath40.obj (.text:__divli)
                  0000a4c0    00000100                 : _printfi.obj (.text:__pconv_f)
                  0000a5c0    00000100                 : lowlev.obj (.text:_lseek)
                  0000a6c0    00000100                 : printf.obj (.text:_printf)
                  0000a7c0    00000100                 : lowlev.obj (.text:_write)
                  0000a8c0    000000e0                 : fopen.obj (.text:__cleanup)
                  0000a9a0    000000e0                 : fflush.obj (.text:__doflush)
                  0000aa80    000000e0                 : _printfi.obj (.text:__ecpy)
                  0000ab60    000000e0                 : _printfi.obj (.text:__fcpy)
                  0000ac40    000000e0                 : round.obj (.text:__nround)
                  0000ad20    000000e0                 : strasg.obj (.text:__strasg)
                  0000ae00    000000e0                 : exit.obj (.text:_exit)
                  0000aee0    000000e0                 : memory.obj (.text:_minsert)
                  0000afc0    000000e0                 : modf.obj (.text:_modf)
                  0000b0a0    000000e0                 : memory.obj (.text:_mremove)
                  0000b180    000000c0                 : divu.obj (.text:__divu)
                  0000b240    000000c0                 : cpy_tbl.obj (.text:_copy_in)
                  0000b300    000000c0                 : lowlev.obj (.text:_finddevice)
                  0000b3c0    000000c0     dsk6713bsl.lib : dsk6713_aic23_setfreq.obj (.text)
                  0000b480    000000a0     rts6700.lib : fixdli.obj (.text:__fixdli)
                  0000b520    000000a0                 : mpyll.obj (.text:__mpyll)
                  0000b5c0    000000a0                 : imath40.obj (.text:__remli)
                  0000b660    000000a0                 : trgmsg.obj (.text:_readmsg)
                  0000b700    000000a0     csl6713.lib : csl_irq.obj (.text:_setMux)
                  0000b7a0    000000a0     rts6700.lib : lowlev.obj (.text:_unlink)
                  0000b840    000000a0                 : trgmsg.obj (.text:_writemsg)
                  0000b8e0    00000080                 : cpp_init.obj (.text:___TI_cpp_init)
                  0000b960    00000080                 : fltlid.obj (.text:__fltlid)
                  0000b9e0    00000080                 : llshift.obj (.text:__llshl)
                  0000ba60    00000080                 : boot.obj (.text:_c_int00)
                  0000bae0    00000080                 : memccpy.obj (.text:_memccpy)
                  0000bb60    00000060                 : isinf.obj (.text:___isinf)
                  0000bbc0    00000060                 : llshift.obj (.text:__llshru)
                  0000bc20    00000060                 : imath64.obj (.text:__subcull)
                  0000bc80    00000040     csl6713.lib : csl_irq.obj (.text:_IRQ_enable)
                  0000bcc0    00000040     rts6700.lib : _printfi.obj (.text:___isnan)
                  0000bd00    00000040                 : args_main.obj (.text:__args_main)
                  0000bd40    00000040                 : trunc.obj (.text:__trunc)
                  0000bd80    00000020     csl6713.lib : csl_irq.obj (.text:_IRQ_globalDisable)
                  0000bda0    00000020                 : csl_irq.obj (.text:_IRQ_globalEnable)
                  0000bdc0    00000020                 : csl_irq.obj (.text:_IRQ_nmiEnable)
                  0000bde0    00000020                 : csl_mcbsp.obj (.text:_MCBSP_read)
                  0000be00    00000020                 : csl_mcbsp.obj (.text:_MCBSP_write)
                  0000be20    00000020     rts6700.lib : negll.obj (.text:__negll)
                  0000be40    00000020                 : _lock.obj (.text:__nop)
                  0000be60    00000020                 : printf.obj (.text:__outc)
                  0000be80    00000020                 : printf.obj (.text:__outs)
                  0000bea0    00000020                 : exit.obj (.text:_abort)
                  0000bec0    00000020                 : remove.obj (.text:_remove)
                  0000bee0    00000020     csl6713.lib : csl_irq.obj (.text)

.bss       0    00000200    00000000     UNINITIALIZED

.data      0    00000200    00000000     UNINITIALIZED

.far       0    0000bf00    00005eb4     UNINITIALIZED
                  0000bf00    000057e8     time_stamper_master.obj (.far)
                  000116e8    00000324     rts6700.lib : defs.obj (.far)
                  00011a0c    0000011c                 : lowlev.obj (.far)
                  00011b28    000000f4     csl6713.lib : csl_irq.obj (.far)
                  00011c1c    00000004     rts6700.lib : errno.obj (.far)
                  00011c20    00000060                 : atan.obj (.far)
                  00011c80    00000040                 : cos.obj (.far)
                  00011cc0    00000040                 : sin.obj (.far)
                  00011d00    00000038     csl6713.lib : csl_mcbsp.obj (.far)
                  00011d38    00000028     dsk6713bsl.lib : dsk6713_aic23_registers.obj (.far)
                  00011d60    00000020                    : dsk6713_aic23_setfreq.obj (.far)
                  00011d80    0000000c     rts6700.lib : exit.obj (.far)
                  00011d8c    00000008     dsk6713bsl.lib : dsk6713_aic23_opencodec.obj (.far)
                  00011d94    00000008     rts6700.lib : _lock.obj (.far)
                  00011d9c    00000008                 : memory.obj (.far)
                  00011da4    00000008                 : trgdrv.obj (.far)
                  00011dac    00000004                 : fopen.obj (.far)
                  00011db0    00000002     dsk6713bsl.lib : dsk6713.obj (.far)
                  00011db2    00000002                    : dsk6713_led.obj (.far)

.cinit     0    00011db8    00000564     
                  00011db8    0000012c     csl6713.lib : csl_irq.obj (.cinit)
                  00011ee4    00000004     --HOLE-- [fill = 0]
                  00011ee8    00000120     time_stamper_master.obj (.cinit)
                  00012008    00000070     rts6700.lib : atan.obj (.cinit)
                  00012078    0000005c                 : defs.obj (.cinit)
                  000120d4    00000004     --HOLE-- [fill = 0]
                  000120d8    0000005c                 : lowlev.obj (.cinit)
                  00012134    00000004     --HOLE-- [fill = 0]
                  00012138    00000054     csl6713.lib : csl_mcbsp.obj (.cinit)
                  0001218c    00000004     --HOLE-- [fill = 0]
                  00012190    00000048     rts6700.lib : cos.obj (.cinit)
                  000121d8    00000048                 : sin.obj (.cinit)
                  00012220    00000030     dsk6713bsl.lib : dsk6713_aic23_registers.obj (.cinit)
                  00012250    0000002c     rts6700.lib : exit.obj (.cinit)
                  0001227c    00000004     --HOLE-- [fill = 0]
                  00012280    0000002c                 : memory.obj (.cinit)
                  000122ac    00000004     --HOLE-- [fill = 0]
                  000122b0    00000028     dsk6713bsl.lib : dsk6713_aic23_setfreq.obj (.cinit)
                  000122d8    0000001c     rts6700.lib : _lock.obj (.cinit)
                  000122f4    00000004     --HOLE-- [fill = 0]
                  000122f8    0000000c                 : errno.obj (.cinit)
                  00012304    00000004     --HOLE-- [fill = 0]
                  00012308    0000000c                 : fopen.obj (.cinit)
                  00012314    00000004     --HOLE-- [fill = 0]
                  00012318    00000004     (.pad.cinit) [fill = 0]

.stack     0    00012320    00000400     UNINITIALIZED
                  00012320    00000008     rts6700.lib : boot.obj (.stack)
                  00012328    000003f8     --HOLE--

.sysmem    0    00012720    00000400     UNINITIALIZED
                  00012720    00000008     rts6700.lib : memory.obj (.sysmem)
                  00012728    000003f8     --HOLE--

.const     0    00012b20    00000190     
                  00012b20    00000101     rts6700.lib : ctype.obj (.const:.string:__ctypes_)
                  00012c21    00000002                 : fputs.obj (.const:.string)
                  00012c23    00000001     --HOLE-- [fill = 0]
                  00012c24    00000040     dsk6713bsl.lib : dsk6713_aic23_opencodec.obj (.const)
                  00012c64    00000023     rts6700.lib : _printfi.obj (.const:.string)
                  00012c87    00000001     --HOLE-- [fill = 0]
                  00012c88    00000020     dsk6713bsl.lib : dsk6713.obj (.const)
                  00012ca8    00000008     time_stamper_master.obj (.const:.string)

.cio       0    00012cb0    00000120     UNINITIALIZED
                  00012cb0    00000120     rts6700.lib : trgmsg.obj (.cio)


GLOBAL SYMBOLS: SORTED ALPHABETICALLY BY Name 

address    name
--------   ----
00000200   $bss
00000200   .bss
00000200   .data
00000200   .text
0000bea0   C$$EXIT
0000b8b8   C$$IO$$
000116ae   _ClockPulse
00011d8c   _DSK6713_AIC23_codeccontrolhandle
00011d90   _DSK6713_AIC23_codecdatahandle
00009680   _DSK6713_AIC23_config
00006220   _DSK6713_AIC23_openCodec
00009658   _DSK6713_AIC23_rget
000095c0   _DSK6713_AIC23_rset
0000b3c0   _DSK6713_AIC23_setFreq
00008220   _DSK6713_LED_init
00008260   _DSK6713_LED_off
000082d0   _DSK6713_LED_on
00008340   _DSK6713_LED_toggle
00004194   _DSK6713_getVersion
00003dcc   _DSK6713_init
000040e8   _DSK6713_rget
000040fc   _DSK6713_rset
00011db0   _DSK6713_version
00004110   _DSK6713_wait
00004168   _DSK6713_waitusec
00009dc0   _HOSTclose
00008e00   _HOSTlseek
00009700   _HOSTopen
000090c0   _HOSTread
00007e20   _HOSTrename
00009ec0   _HOSTunlink
00009820   _HOSTwrite
0000bc80   _IRQ_enable
0000bd80   _IRQ_globalDisable
0000bda0   _IRQ_globalEnable
00008400   _IRQ_map
0000bdc0   _IRQ_nmiEnable
00009fc0   _MCBSP_open
0000bde0   _MCBSP_read
00008780   _MCBSP_reset
0000a0c0   _MCBSP_start
0000be00   _MCBSP_write
000116ac   _MasterResponseSendingHuh
000014cc   _SetupReceiveBasebandSincPulseBuffer
00001658   _SetupReceiveTrigonometricMatchedFilters
0000128c   _SetupTransmitModulatedSincPulseBuffer
00012cb0   __CIOBUF_
00011c14   __IRQ_dispatchTable
00011b50   __IRQ_eventTable
0000bee0   __IRQ_hookFetchPacket
00011bd4   __IRQ_intTable
00011d30   __MCBSP_hDev0
00011d34   __MCBSP_hDev1
00012720   __STACK_END
00000400   __STACK_SIZE
00000400   __SYSMEM_SIZE
00000001   __TI_args_main
0000b8e0   ___TI_cpp_init
00011d88   ___TI_enable_exit_profile_output
ffffffff   ___TI_pprof_out_hndl
ffffffff   ___TI_prof_data_size
ffffffff   ___TI_prof_data_start
ffffffff   ___binit__
00000200   ___bss__
ffffffff   ___c_args__
00011db8   ___cinit__
00000200   ___data__
00000200   ___edata__
00000200   ___end__
0000bf00   ___etext__
0000bb60   ___isinf
ffffffff   ___pinit__
00000200   ___text__
0000bd00   __args_main
0000a1c0   __auto_init
0000b180   __c6xabi_divu
0000a8c0   __cleanup
00011d80   __cleanup_ptr
00008f60   __closefile
00012b20   __ctypes_
00001f40   __divd
0000a3c0   __divli
0000b180   __divu
000072c0   __divul
00004e20   __divull
0000a9a0   __doflush
00011d84   __dtors_ptr
0000b480   __fixdli
0000b960   __fltlid
00009200   __frcmpyd_div
00011a08   __ft_end
000116e8   __ftable
0000b9e0   __llshl
0000bbc0   __llshru
00011d94   __lock
0000b520   __mpyll
0000be20   __negll
0000be40   __nop
0000ac40   __nround
00003360   __printfi
0000b5c0   __remli
00012320   __stack
0000ad20   __strasg
0000bc20   __subcull
00012720   __sys_memory
000118c8   __tmpnams
0000bd40   __trunc
00011d98   __unlock
00009940   __wrt_ok
0000bea0   _abort
00007760   _atan
00008c60   _atan2
00009340   _atoi
0000c7b0   _bbsinc
0000bf00   _buf
0000c77e   _bufindex
0000ba60   _c_int00
000116b0   _calculation_done
00010e8c   _cde_index
00009a60   _close
00010d60   _coarse_delay_estimate
000116c0   _config
0000b240   _copy_in
0000c1dc   _corr_c
0000c1d0   _corr_max
0000c1d8   _corr_max_c
0000c77c   _corr_max_lag
0000c1d4   _corr_max_s
0000c3bc   _corr_s
00005be0   _cos
00011c1c   _errno
0000ae00   _exit
00010e8e   _fde_index
00010dc4   _fine_delay_estimate
00007020   _fputc
000038c0   _fputs
000051a0   _free
00009b80   _frexp
000085c0   _fseek
000116bc   _hCodec
00010ea2   _halfSinc
0000c78c   _i
0000c78e   _j
0000c790   _k
00010e90   _local_carrier_phase
0000a5c0   _lseek
00009480   _ltoa
00000200   _main
000079a0   _malloc
0000bff0   _matchedFilterCosine
0000c0e0   _matchedFilterSine
0000bae0   _memccpy
00007be0   _memcpy
00009ca0   _memset
0000afc0   _modf
00010e98   _phase_correction_factor
0000a6c0   _printf
00007020   _putc
00010e91   _r
0000b660   _readmsg
0000d7b4   _recbuf
00010d5e   _recbuf_start_clock
00010d54   _recbufindex
0000bec0   _remove
000116a8   _response_buf_idx
000116aa   _response_buf_idx_max
000116a6   _response_done
0000c59c   _s
00001800   _serialPortRcvISR
00006ac0   _setvbuf
00006520   _sin
00010d58   _state
0000c798   _t
00010ea4   _transmitSincPulseBuffer
0000b7a0   _unlink
000116b4   _v_clk
00010d5c   _vclock_counter
00010ea0   _vir_clock_start
0000a7c0   _write
0000b840   _writemsg
0000c7a0   _x
0000c7a8   _y
0000e994   _yc
0000fb74   _ys
0000c788   _z
0000c780   _zc
0000c784   _zs
ffffffff   binit
00011db8   cinit
00000200   edata
00000200   end
0000bf00   etext
ffffffff   pinit


GLOBAL SYMBOLS: SORTED BY Symbol Address 

address    name
--------   ----
00000001   __TI_args_main
00000200   $bss
00000200   .bss
00000200   .data
00000200   .text
00000200   ___bss__
00000200   ___data__
00000200   ___edata__
00000200   ___end__
00000200   ___text__
00000200   _main
00000200   edata
00000200   end
00000400   __STACK_SIZE
00000400   __SYSMEM_SIZE
0000128c   _SetupTransmitModulatedSincPulseBuffer
000014cc   _SetupReceiveBasebandSincPulseBuffer
00001658   _SetupReceiveTrigonometricMatchedFilters
00001800   _serialPortRcvISR
00001f40   __divd
00003360   __printfi
000038c0   _fputs
00003dcc   _DSK6713_init
000040e8   _DSK6713_rget
000040fc   _DSK6713_rset
00004110   _DSK6713_wait
00004168   _DSK6713_waitusec
00004194   _DSK6713_getVersion
00004e20   __divull
000051a0   _free
00005be0   _cos
00006220   _DSK6713_AIC23_openCodec
00006520   _sin
00006ac0   _setvbuf
00007020   _fputc
00007020   _putc
000072c0   __divul
00007760   _atan
000079a0   _malloc
00007be0   _memcpy
00007e20   _HOSTrename
00008220   _DSK6713_LED_init
00008260   _DSK6713_LED_off
000082d0   _DSK6713_LED_on
00008340   _DSK6713_LED_toggle
00008400   _IRQ_map
000085c0   _fseek
00008780   _MCBSP_reset
00008c60   _atan2
00008e00   _HOSTlseek
00008f60   __closefile
000090c0   _HOSTread
00009200   __frcmpyd_div
00009340   _atoi
00009480   _ltoa
000095c0   _DSK6713_AIC23_rset
00009658   _DSK6713_AIC23_rget
00009680   _DSK6713_AIC23_config
00009700   _HOSTopen
00009820   _HOSTwrite
00009940   __wrt_ok
00009a60   _close
00009b80   _frexp
00009ca0   _memset
00009dc0   _HOSTclose
00009ec0   _HOSTunlink
00009fc0   _MCBSP_open
0000a0c0   _MCBSP_start
0000a1c0   __auto_init
0000a3c0   __divli
0000a5c0   _lseek
0000a6c0   _printf
0000a7c0   _write
0000a8c0   __cleanup
0000a9a0   __doflush
0000ac40   __nround
0000ad20   __strasg
0000ae00   _exit
0000afc0   _modf
0000b180   __c6xabi_divu
0000b180   __divu
0000b240   _copy_in
0000b3c0   _DSK6713_AIC23_setFreq
0000b480   __fixdli
0000b520   __mpyll
0000b5c0   __remli
0000b660   _readmsg
0000b7a0   _unlink
0000b840   _writemsg
0000b8b8   C$$IO$$
0000b8e0   ___TI_cpp_init
0000b960   __fltlid
0000b9e0   __llshl
0000ba60   _c_int00
0000bae0   _memccpy
0000bb60   ___isinf
0000bbc0   __llshru
0000bc20   __subcull
0000bc80   _IRQ_enable
0000bd00   __args_main
0000bd40   __trunc
0000bd80   _IRQ_globalDisable
0000bda0   _IRQ_globalEnable
0000bdc0   _IRQ_nmiEnable
0000bde0   _MCBSP_read
0000be00   _MCBSP_write
0000be20   __negll
0000be40   __nop
0000bea0   C$$EXIT
0000bea0   _abort
0000bec0   _remove
0000bee0   __IRQ_hookFetchPacket
0000bf00   ___etext__
0000bf00   _buf
0000bf00   etext
0000bff0   _matchedFilterCosine
0000c0e0   _matchedFilterSine
0000c1d0   _corr_max
0000c1d4   _corr_max_s
0000c1d8   _corr_max_c
0000c1dc   _corr_c
0000c3bc   _corr_s
0000c59c   _s
0000c77c   _corr_max_lag
0000c77e   _bufindex
0000c780   _zc
0000c784   _zs
0000c788   _z
0000c78c   _i
0000c78e   _j
0000c790   _k
0000c798   _t
0000c7a0   _x
0000c7a8   _y
0000c7b0   _bbsinc
0000d7b4   _recbuf
0000e994   _yc
0000fb74   _ys
00010d54   _recbufindex
00010d58   _state
00010d5c   _vclock_counter
00010d5e   _recbuf_start_clock
00010d60   _coarse_delay_estimate
00010dc4   _fine_delay_estimate
00010e8c   _cde_index
00010e8e   _fde_index
00010e90   _local_carrier_phase
00010e91   _r
00010e98   _phase_correction_factor
00010ea0   _vir_clock_start
00010ea2   _halfSinc
00010ea4   _transmitSincPulseBuffer
000116a6   _response_done
000116a8   _response_buf_idx
000116aa   _response_buf_idx_max
000116ac   _MasterResponseSendingHuh
000116ae   _ClockPulse
000116b0   _calculation_done
000116b4   _v_clk
000116bc   _hCodec
000116c0   _config
000116e8   __ftable
000118c8   __tmpnams
00011a08   __ft_end
00011b50   __IRQ_eventTable
00011bd4   __IRQ_intTable
00011c14   __IRQ_dispatchTable
00011c1c   _errno
00011d30   __MCBSP_hDev0
00011d34   __MCBSP_hDev1
00011d80   __cleanup_ptr
00011d84   __dtors_ptr
00011d88   ___TI_enable_exit_profile_output
00011d8c   _DSK6713_AIC23_codeccontrolhandle
00011d90   _DSK6713_AIC23_codecdatahandle
00011d94   __lock
00011d98   __unlock
00011db0   _DSK6713_version
00011db8   ___cinit__
00011db8   cinit
00012320   __stack
00012720   __STACK_END
00012720   __sys_memory
00012b20   __ctypes_
00012cb0   __CIOBUF_
ffffffff   ___TI_pprof_out_hndl
ffffffff   ___TI_prof_data_size
ffffffff   ___TI_prof_data_start
ffffffff   ___binit__
ffffffff   ___c_args__
ffffffff   ___pinit__
ffffffff   binit
ffffffff   pinit

[193 symbols]
